Microchip MPLAB XC8 Compiler V2.10 ()

Linker command line:

-W-3 --edf=C:\Program Files (x86)\Microchip\xc8\v2.10\pic\dat\en_msgs.txt \
  -cs \
  -h+dist/default/production\Liofilizador_-_Placa_Filha.X.production.sym \
  --cmf=dist/default/production\Liofilizador_-_Placa_Filha.X.production.cmf \
  -z -Q16F886 -oC:\Users\Dell\AppData\Local\Temp\s5m8.2 \
  --defsym=__MPLAB_BUILD=1 \
  -Mdist/default/production/Liofilizador_-_Placa_Filha.X.production.map -E1 \
  -ver=XC8 --acfsm=1493 -ASTACK=0130h-016Fh -pstack=STACK \
  -ACODE=00h-07FFhx4 -ASTRCODE=00h-01FFFh -ASTRING=00h-0FFhx32 \
  -ACONST=00h-0FFhx32 -AENTRY=00h-0FFhx32 -ACOMMON=070h-07Fh \
  -ABANK0=020h-06Fh -ABANK1=0A0h-0EFh -ABANK2=0110h-016Fh \
  -ABANK3=0190h-01EFh -ARAM=020h-06Fh,0A0h-0EFh,0110h-016Fh,0190h-01EFh \
  -AABS1=020h-07Fh,0A0h-0EFh,0110h-016Fh,0190h-01EFh -ASFR0=00h-01Fh \
  -ASFR1=080h-09Fh -ASFR2=0100h-010Fh -ASFR3=0180h-018Fh \
  -preset_vec=00h,intentry=04h,init,end_init -ppowerup=CODE -pcinit=CODE \
  -pfunctab=ENTRY -ACONFIG=02007h-02008h -pconfig=CONFIG -DCONFIG=2 \
  -AIDLOC=02000h-02003h -pidloc=IDLOC -DIDLOC=2 -AEEDATA=00h-0FFh/02100h \
  -peeprom_data=EEDATA -DEEDATA=2 -DCODE=2 -DSTRCODE=2 -DSTRING=2 -DCONST=2 \
  -DENTRY=2 -k C:\Users\Dell\AppData\Local\Temp\s5m8.o \
  dist/default/production\Liofilizador_-_Placa_Filha.X.production.o 

Object code version is 3.11

Machine type is 16F886



                Name                               Link     Load   Length Selector   Space Scale
C:\Users\Dell\AppData\Local\Temp\s5m8.o
                end_init                             12       12        3        8       0
                reset_vec                             0        0        3        0       0
                config                             2007     2007        2     400E       0
dist/default/production\Liofilizador_-_Placa_Filha.X.production.o
                cinit                                15       15       21        8       0
                intentry                              4        4        E        8       0
                text63                             125A     125A       EB     24B4       0
                text62                             1902     1902        B     3204       0
                text61                             1A9D     1A9D       21     353A       0
                text60                             1923     1923       10     3246       0
                text59                             18EF     18EF        9     31DE       0
                text58                             190D     190D        B     321A       0
                text57                             1D29     1D29       38     3A52       0
                text56                             1527     1527      168     2A4E       0
                text55                             1A3D     1A3D       20     347A       0
                text54                             1003     1003       3F     2006       0
                text53                             1CBD     1CBD       35     397A       0
                text52                             1918     1918        B     3230       0
                text51                              823      823      178     1046       0
                text50                             19B2     19B2       19     3364       0
                text49                             1B26     1B26       28     364C       0
                text48                             168F     168F      171     2D1E       0
                text47                             1958     1958       16     32B0       0
                text46                             1434     1434       F3     2868       0
                text45                             1ABE     1ABE       22     357C       0
                text44                             1B76     1B76       2A     36EC       0
                text43                             1A5D     1A5D       20     34BA       0
                text42                             1D99     1D99       3C     3B32       0
                text41                             1C26     1C26       32     384C       0
                text40                             1BA0     1BA0       2B     3740       0
                text39                             19E4     19E4       1D     33C8       0
                text38                             1933     1933       10     3266       0
                text37                             196E     196E       16     32DC       0
                text36                             1D61     1D61       38     3AC2       0
                text35                             1DD5     1DD5       3C     3BAA       0
                text34                             1AE0     1AE0       22     35C0       0
                text33                             1943     1943       15     3286       0
                text32                              7B0      7B0       47        8       0
                text31                             19CB     19CB       19     3396       0
                text30                             1984     1984       17     3308       0
                text29                              800      800       23     1000       0
                text28                              4BB      4BB      2F5        8       0
                text27                             1042     1042       6B     2084       0
                text26                             10AD     10AD       77     215A       0
                text25                             1C8A     1C8A       33     3914       0
                text24                              7F7      7F7        9        8       0
                text23                             1B4E     1B4E       28     369C       0
                text22                             1B02     1B02       24     3604       0
                text21                             1EE1     1EE1       5D     3DC2       0
                text20                             1C58     1C58       32     38B0       0
                text19                             1F9C     1F9C       64     3F38       0
                text18                             1A7D     1A7D       20     34FA       0
                text17                             1BCB     1BCB       2C     3796       0
                text16                             1A01     1A01       1E     3402       0
                text15                               36       36      485        8       0
                text14                             1F3E     1F3E       5E     3E7C       0
                text13                             1BF7     1BF7       2F     37EE       0
                text12                             18F8     18F8        A     31F0       0
                text11                             1CF2     1CF2       37     39E4       0
                text10                             1E4D     1E4D       3E     3C9A       0
                text9                              11B7     11B7       A3     236E       0
                text8                              1E8B     1E8B       56     3D16       0
                text7                              199B     199B       17     3336       0
                text6                               99B      99B      1A1     1336       0
                text5                              1124     1124       93     2248       0
                text4                               B3C      B3C      22D     1678       0
                text3                              1A1F     1A1F       1E     343E       0
                text2                               D69      D69      297     1AD2       0
                text1                              1E11     1E11       3C     3C22       0
                maintext                           1345     1345       EF     268A       0
                cstackBANK0                          20       20       4F       20       1
                cstackCOMMON                         70       70        8       70       1
                cstackBANK1                          A0       A0       2D       A0       1
                clrtext                            18E7     18E7        8     31CE       0
                bssBANK2                            110      110       20      110       1
                bssBANK3                            190      190       4A      190       1
                bssBANK1                             CD       CD       1D       A0       1
                bssCOMMON                            78       78        5       70       1
                strings                            1800     1800       5F     3000       0

TOTAL           Name                               Link     Load   Length     Space
        CLASS   STACK          

        CLASS   CODE           
                end_init                             12       12        3         0
                cinit                                15       15       21         0
                intentry                              4        4        E         0
                reset_vec                             0        0        3         0
                text63                             125A     125A       EB         0
                text62                             1902     1902        B         0
                text61                             1A9D     1A9D       21         0
                text60                             1923     1923       10         0
                text59                             18EF     18EF        9         0
                text58                             190D     190D        B         0
                text57                             1D29     1D29       38         0
                text56                             1527     1527      168         0
                text55                             1A3D     1A3D       20         0
                text54                             1003     1003       3F         0
                text53                             1CBD     1CBD       35         0
                text52                             1918     1918        B         0
                text51                              823      823      178         0
                text50                             19B2     19B2       19         0
                text49                             1B26     1B26       28         0
                text48                             168F     168F      171         0
                text47                             1958     1958       16         0
                text46                             1434     1434       F3         0
                text45                             1ABE     1ABE       22         0
                text44                             1B76     1B76       2A         0
                text43                             1A5D     1A5D       20         0
                text42                             1D99     1D99       3C         0
                text41                             1C26     1C26       32         0
                text40                             1BA0     1BA0       2B         0
                text39                             19E4     19E4       1D         0
                text38                             1933     1933       10         0
                text37                             196E     196E       16         0
                text36                             1D61     1D61       38         0
                text35                             1DD5     1DD5       3C         0
                text34                             1AE0     1AE0       22         0
                text33                             1943     1943       15         0
                text32                              7B0      7B0       47         0
                text31                             19CB     19CB       19         0
                text30                             1984     1984       17         0
                text29                              800      800       23         0
                text28                              4BB      4BB      2F5         0
                text27                             1042     1042       6B         0
                text26                             10AD     10AD       77         0
                text25                             1C8A     1C8A       33         0
                text24                              7F7      7F7        9         0
                text23                             1B4E     1B4E       28         0
                text22                             1B02     1B02       24         0
                text21                             1EE1     1EE1       5D         0
                text20                             1C58     1C58       32         0
                text19                             1F9C     1F9C       64         0
                text18                             1A7D     1A7D       20         0
                text17                             1BCB     1BCB       2C         0
                text16                             1A01     1A01       1E         0
                text15                               36       36      485         0
                text14                             1F3E     1F3E       5E         0
                text13                             1BF7     1BF7       2F         0
                text12                             18F8     18F8        A         0
                text11                             1CF2     1CF2       37         0
                text10                             1E4D     1E4D       3E         0
                text9                              11B7     11B7       A3         0
                text8                              1E8B     1E8B       56         0
                text7                              199B     199B       17         0
                text6                               99B      99B      1A1         0
                text5                              1124     1124       93         0
                text4                               B3C      B3C      22D         0
                text3                              1A1F     1A1F       1E         0
                text2                               D69      D69      297         0
                text1                              1E11     1E11       3C         0
                maintext                           1345     1345       EF         0
                clrtext                            18E7     18E7        8         0

        CLASS   STRCODE        

        CLASS   STRING         
                strings                            1800     1800       5F         0

        CLASS   CONST          

        CLASS   ENTRY          

        CLASS   COMMON         
                cstackCOMMON                         70       70        8         1
                bssCOMMON                            78       78        5         1

        CLASS   BANK0          
                cstackBANK0                          20       20       4F         1

        CLASS   BANK1          
                cstackBANK1                          A0       A0       2D         1
                bssBANK1                             CD       CD       1D         1

        CLASS   BANK2          
                bssBANK2                            110      110       20         1

        CLASS   BANK3          
                bssBANK3                            190      190       4A         1

        CLASS   RAM            

        CLASS   ABS1           
                abs_s1                               7E       7E        2         1

        CLASS   SFR0           

        CLASS   SFR1           

        CLASS   SFR2           

        CLASS   SFR3           

        CLASS   CONFIG         
                config                             2007     2007        2         0

        CLASS   IDLOC          

        CLASS   EEDATA         



SEGMENTS        Name                           Load    Length   Top    Selector   Space  Class     Delta

                reset_vec                      000000  000003  000003         0       0  CODE        2
                intentry                       000004  0007FC  000800         8       0  CODE        2
                cstackBANK0                    000020  00004F  00006F        20       1  BANK0       1
                cstackCOMMON                   000070  00000D  00007D        70       1  COMMON      1
                cstackBANK1                    0000A0  00004A  0000EA        A0       1  BANK1       1
                bssBANK2                       000110  000020  000130       110       1  BANK2       1
                bssBANK3                       000190  00004A  0001DA       190       1  BANK3       1
                text29                         000800  000023  000823      1000       0  CODE        2
                text51                         000823  000178  00099B      1046       0  CODE        2
                text6                          00099B  0001A1  000B3C      1336       0  CODE        2
                text4                          000B3C  00022D  000D69      1678       0  CODE        2
                text2                          000D69  000297  001000      1AD2       0  CODE        2
                text54                         001003  00003F  001042      2006       0  CODE        2
                text27                         001042  00006B  0010AD      2084       0  CODE        2
                text26                         0010AD  000077  001124      215A       0  CODE        2
                text5                          001124  000093  0011B7      2248       0  CODE        2
                text9                          0011B7  0000A3  00125A      236E       0  CODE        2
                text63                         00125A  0000EB  001345      24B4       0  CODE        2
                maintext                       001345  0000EF  001434      268A       0  CODE        2
                text46                         001434  0000F3  001527      2868       0  CODE        2
                text56                         001527  000168  00168F      2A4E       0  CODE        2
                text48                         00168F  000171  001800      2D1E       0  CODE        2
                strings                        001800  00005F  00185F      3000       0  STRING      2
                clrtext                        0018E7  000008  0018EF      31CE       0  CODE        2
                text59                         0018EF  000009  0018F8      31DE       0  CODE        2
                text12                         0018F8  00000A  001902      31F0       0  CODE        2
                text62                         001902  00000B  00190D      3204       0  CODE        2
                text58                         00190D  00000B  001918      321A       0  CODE        2
                text52                         001918  00000B  001923      3230       0  CODE        2
                text60                         001923  000010  001933      3246       0  CODE        2
                text38                         001933  000010  001943      3266       0  CODE        2
                text33                         001943  000015  001958      3286       0  CODE        2
                text47                         001958  000016  00196E      32B0       0  CODE        2
                text37                         00196E  000016  001984      32DC       0  CODE        2
                text30                         001984  000017  00199B      3308       0  CODE        2
                text7                          00199B  000017  0019B2      3336       0  CODE        2
                text50                         0019B2  000019  0019CB      3364       0  CODE        2
                text31                         0019CB  000019  0019E4      3396       0  CODE        2
                text39                         0019E4  00001D  001A01      33C8       0  CODE        2
                text16                         001A01  00001E  001A1F      3402       0  CODE        2
                text3                          001A1F  00001E  001A3D      343E       0  CODE        2
                text55                         001A3D  000020  001A5D      347A       0  CODE        2
                text43                         001A5D  000020  001A7D      34BA       0  CODE        2
                text18                         001A7D  000020  001A9D      34FA       0  CODE        2
                text61                         001A9D  000021  001ABE      353A       0  CODE        2
                text45                         001ABE  000022  001AE0      357C       0  CODE        2
                text34                         001AE0  000022  001B02      35C0       0  CODE        2
                text22                         001B02  000024  001B26      3604       0  CODE        2
                text49                         001B26  000028  001B4E      364C       0  CODE        2
                text23                         001B4E  000028  001B76      369C       0  CODE        2
                text44                         001B76  00002A  001BA0      36EC       0  CODE        2
                text40                         001BA0  00002B  001BCB      3740       0  CODE        2
                text17                         001BCB  00002C  001BF7      3796       0  CODE        2
                text13                         001BF7  00002F  001C26      37EE       0  CODE        2
                text41                         001C26  000032  001C58      384C       0  CODE        2
                text20                         001C58  000032  001C8A      38B0       0  CODE        2
                text25                         001C8A  000033  001CBD      3914       0  CODE        2
                text53                         001CBD  000035  001CF2      397A       0  CODE        2
                text11                         001CF2  000037  001D29      39E4       0  CODE        2
                text57                         001D29  000038  001D61      3A52       0  CODE        2
                text36                         001D61  000038  001D99      3AC2       0  CODE        2
                text42                         001D99  00003C  001DD5      3B32       0  CODE        2
                text35                         001DD5  00003C  001E11      3BAA       0  CODE        2
                text1                          001E11  00003C  001E4D      3C22       0  CODE        2
                text10                         001E4D  00003E  001E8B      3C9A       0  CODE        2
                text8                          001E8B  000056  001EE1      3D16       0  CODE        2
                text21                         001EE1  00005D  001F3E      3DC2       0  CODE        2
                text14                         001F3E  00005E  001F9C      3E7C       0  CODE        2
                text19                         001F9C  000064  002000      3F38       0  CODE        2
                config                         002007  000002  002009      400E       0  CONFIG      2


UNUSED ADDRESS RANGES

        Name                Unused          Largest block    Delta
        BANK0            006F-006F              1           1
        BANK1            00EA-00EF              6           1
        BANK2            0130-016F             40           1
        BANK3            01DA-01EF             16           1
        CODE             0003-0003              1           2
                         1000-1002              3
                         185F-18E6             88
        COMMON           007D-007D              1           1
        CONST            0003-0003              1           2
                         1000-1002              3
                         185F-18E6             88
        EEDATA           2100-21FF            100           2
        ENTRY            0003-0003              1           2
                         1000-1002              3
                         185F-18E6             88
        IDLOC            2000-2003              4           2
        RAM              006F-006F              1           1
                         00EA-00EF              6
                         0130-016F             40
                         01DA-01EF             16
        SFR0             0000-001F             20           1
        SFR1             0080-009F             20           1
        SFR2             0100-010F             10           1
        SFR3             0180-018F             10           1
        STACK            0130-016F             40           1
        STRCODE          0003-0003              1           2
                         1000-1002              3
                         185F-18E6             88
        STRING           0003-0003              1           2
                         1000-1002              3
                         185F-18E6             88

                                  Symbol Table

?_ADC_Max_10Bits                          cstackBANK0  002A
?_ADC_Media_10bits                        cstackBANK0  0041
?_EEPROM_24C1025_Read_Int                 cstackBANK0  0038
?_EEPROM_Read_Integer                     cstackBANK0  0023
?_I2C_Master_Read                         cstackBANK0  0023
?__Umul8_16                               cstackBANK0  0020
?___fladd                                 cstackBANK0  004A
?___fldiv                                 cstackBANK0  0041
?___flmul                                 cstackBANK0  0029
?___flsub                                 cstackBANK0  005E
?___fltol                                 cstackBANK0  0043
?___lldiv                                 cstackBANK0  0020
?___lwdiv                                 cstackBANK0  0020
?___lwmod                                 cstackBANK0  0020
?___xxtofl                                cstackBANK0  0033
?_captura                                 cstackBANK0  0020
?_strlen                                  cstackBANK0  0020
ADC_Max_10Bits@Temp                       cstackBANK0  002E
ADC_Max_10Bits@canal                      cstackBANK0  002D
ADC_Max_10Bits@i                          cstackBANK0  0032
ADC_Max_10Bits@value                      cstackBANK0  0030
ADC_Media_10bits@canal                    cstackBANK0  0046
ADC_Media_10bits@i                        cstackBANK0  0049
ADC_Media_10bits@value                    cstackBANK0  0047
Decodify_Command@OutPut                   cstackBANK1  00C3
Decodify_Command@add                      cstackBANK1  00C0
Decodify_Command@add_24LCxxxx             cstackBANK1  00C9
Decodify_Command@dados                    cstackBANK1  00BE
Decodify_Command@hh                       cstackBANK1  00A0
Decodify_Command@mm                       cstackBANK1  00AA
Decodify_Command@sizedata                 cstackBANK1  00C8
Decodify_Command@ss                       cstackBANK1  00B4
Decodify_Command@tempchar                 cstackBANK1  00C7
Decodify_Command@tempint                  cstackBANK1  00C1
EEPROM_24C1025_Fill_All@chip_add          cstackBANK0  005A
EEPROM_24C1025_Fill_All@mem_add           cstackBANK0  005B
EEPROM_24C1025_Fill_All@value             cstackBANK0  0058
EEPROM_24C1025_Read_Buffer@chip_add       cstackBANK0  0035
EEPROM_24C1025_Read_Buffer@cnt_103        cstackBANK0  0034
EEPROM_24C1025_Read_Buffer@ctrl           cstackBANK0  0037
EEPROM_24C1025_Read_Buffer@data           cstackBANK0  002F
EEPROM_24C1025_Read_Buffer@mem_add        cstackBANK0  002A
EEPROM_24C1025_Read_Buffer@range          cstackBANK0  0036
EEPROM_24C1025_Read_Buffer@sizedata       cstackBANK0  002E
EEPROM_24C1025_Read_Byte@chip_add         cstackBANK0  003C
EEPROM_24C1025_Read_Byte@data             cstackBANK0  003D
EEPROM_24C1025_Read_Byte@mem_add          cstackBANK0  0038
EEPROM_24C1025_Read_Int@chip_add          cstackBANK0  003E
EEPROM_24C1025_Read_Int@data              cstackBANK0  003F
EEPROM_24C1025_Read_Int@mem_add           cstackBANK0  0038
EEPROM_24C1025_Read_Str@chip_add          cstackBANK0  0032
EEPROM_24C1025_Read_Str@cnt               cstackBANK0  0031
EEPROM_24C1025_Read_Str@ctrl              cstackBANK0  0034
EEPROM_24C1025_Read_Str@mem_add           cstackBANK0  002A
EEPROM_24C1025_Read_Str@range             cstackBANK0  0033
EEPROM_24C1025_Read_Str@texto             cstackBANK0  002E
EEPROM_24C1025_Write_Buffer@chip_add      cstackBANK0  0034
EEPROM_24C1025_Write_Buffer@count         cstackBANK0  0033
EEPROM_24C1025_Write_Buffer@ctrl          cstackBANK0  0036
EEPROM_24C1025_Write_Buffer@data          cstackBANK0  002F
EEPROM_24C1025_Write_Buffer@mem_add       cstackBANK0  002A
EEPROM_24C1025_Write_Buffer@range         cstackBANK0  0035
EEPROM_24C1025_Write_Buffer@sizedata      cstackBANK0  002E
EEPROM_24C1025_Write_Byte@chip_add        cstackBANK0  003C
EEPROM_24C1025_Write_Byte@data            cstackBANK0  003B
EEPROM_24C1025_Write_Byte@mem_add         cstackBANK0  0037
EEPROM_24C1025_Write_Int@chip_add         cstackBANK0  0055
EEPROM_24C1025_Write_Int@data             cstackBANK0  0052
EEPROM_24C1025_Write_Int@local            cstackBANK0  0056
EEPROM_24C1025_Write_Int@mem_add          cstackBANK0  004E
EEPROM_24C1025_Write_Str@chip_add         cstackBANK0  0031
EEPROM_24C1025_Write_Str@ctrl             cstackBANK0  0033
EEPROM_24C1025_Write_Str@data             cstackBANK0  002E
EEPROM_24C1025_Write_Str@mem_add          cstackBANK0  002A
EEPROM_24C1025_Write_Str@range            cstackBANK0  0032
EEPROM_Read_Byte@addr                     cstackBANK0  0022
EEPROM_Read_Integer@addr                  cstackBANK0  0026
EEPROM_Read_Integer@i                     cstackBANK0  002A
EEPROM_Read_Integer@ptr                   cstackBANK0  0027
EEPROM_Read_Integer@result                cstackBANK0  0028
EEPROM_Read_String@addr                   cstackBANK0  0025
EEPROM_Read_String@c                      cstackBANK0  0026
EEPROM_Read_String@dado                   cstackBANK0  0023
EEPROM_Write_Byte@addr                    cstackBANK0  0023
EEPROM_Write_Byte@dado                    cstackBANK0  0020
EEPROM_Write_Byte@last_GIE                cstackBANK0  0024
EEPROM_Write_Integer@addr                 cstackBANK0  002B
EEPROM_Write_Integer@dado                 cstackBANK0  0025
EEPROM_Write_Integer@i                    cstackBANK0  002C
EEPROM_Write_Integer@ptr                  cstackBANK0  002A
EEPROM_Write_String@addr                  cstackBANK0  0027
EEPROM_Write_String@dado                  cstackBANK0  0025
I2C_Master_Init@c                         cstackBANK0  002E
I2C_Master_Read@a                         cstackBANK0  0023
I2C_Master_Read@temp                      cstackBANK0  0027
I2C_Master_Wait@tempo                     cstackBANK0  0022
I2C_Master_Write@d                        cstackBANK0  0023
MediaPlacaVaccum@Temp                     cstackBANK1  00A5
MediaPlacaVaccum@Valor                    cstackBANK1  00A0
MediaPlacaVaccum@canal                    cstackBANK1  00A4
MediaPlacaVaccum@i                        cstackBANK1  00A9
PROCULUS_Buzzer@time_ms_x_10              cstackBANK0  0056
PROCULUS_Buzzer@vetor                     cstackBANK0  0059
PROCULUS_Control_Register_Write@i         cstackBANK0  0055
PROCULUS_Control_Register_Write@size      cstackBANK0  0052
PROCULUS_Control_Register_Write@vetor     cstackBANK0  0054
PROCULUS_Delay@i                          cstackBANK0  0024
PROCULUS_Delay@tempo_ms                   cstackBANK0  0020
PROCULUS_Show_Screen@screen               cstackBANK0  0056
PROCULUS_Show_Screen@vetor                cstackBANK0  0059
PROCULUS_VP_Write@i                       cstackBANK0  0059
PROCULUS_VP_Write@size                    cstackBANK0  0056
PROCULUS_VP_Write@vetor                   cstackBANK0  0054
PROCULUS_VP_Write@vp                      cstackBANK0  0052
PROCULUS_VP_Write_String@text             cstackBANK0  005C
PROCULUS_VP_Write_String@vp               cstackBANK0  005A
Package_Usart_is_for_me@retorno           cstackBANK0  0020
Save_Log@add_datalog                      cstackBANK0  0058
Send_To_MB@size                           cstackBANK0  0021
USART_init@baudrate                       cstackBANK0  0020
USART_init@i                              cstackBANK0  0026
USART_put_buffer@loop                     cstackBANK0  0026
USART_put_buffer@ptr                      cstackBANK0  0027
USART_put_buffer@size                     cstackBANK0  0021
USART_put_buffer@vetor                    cstackBANK0  0025
USART_put_int@dado                        cstackBANK0  0051
USART_put_int@value                       cstackBANK0  004E
USART_put_string@ptr                      cstackBANK0  0023
USART_put_string@vetor                    cstackBANK0  0021
USART_putc@value                          cstackBANK0  0020
USART_to_Protocol@i                       cstackBANK0  0022
USART_to_Protocol@usart_protocol          cstackBANK0  0024
_ADCON0bits                               (abs)        001F
_ADCON1                                   (abs)        009F
_ADCON1bits                               (abs)        009F
_ADC_Max_10Bits                           text10       1E4D
_ADC_Media_10bits                         text8        1E8B
_ADC_init                                 text62       1902
_ADRESH                                   (abs)        001E
_ADRESL                                   (abs)        009E
_ANSEL                                    (abs)        0188
_ANSELH                                   (abs)        0189
_BAUDCTLbits                              (abs)        0187
_Board_Number                             bssBANK1     00E3
_CREN                                     (abs)        00C4
_Decodify_Command                         text15       0036
_Delay_Led_Memory                         bssCOMMON    007A
_Delay_Led_Tmr0                           bssCOMMON    0078
_Delay_Led_Usart                          bssBANK1     00DF
_EEADR                                    (abs)        010D
_EECON1bits                               (abs)        018C
_EECON2                                   (abs)        018D
_EEDATA                                   (abs)        010C
_EEPROM_24C1025_Fill_All                  text54       1003
_EEPROM_24C1025_Read_Buffer               text51       0823
_EEPROM_24C1025_Read_Byte                 text50       19B2
_EEPROM_24C1025_Read_Int                  text49       1B26
_EEPROM_24C1025_Read_Str                  text48       168F
_EEPROM_24C1025_Write_Buffer              text56       1527
_EEPROM_24C1025_Write_Byte                text47       1958
_EEPROM_24C1025_Write_Int                 text55       1A3D
_EEPROM_24C1025_Write_Str                 text46       1434
_EEPROM_Read_Byte                         text45       1ABE
_EEPROM_Read_Integer                      text44       1B76
_EEPROM_Read_String                       text43       1A5D
_EEPROM_Write_Byte                        text42       1D99
_EEPROM_Write_Integer                     text41       1C26
_EEPROM_Write_String                      text40       1BA0
_I2C_Master_Init                          text13       1BF7
_I2C_Master_Read                          text53       1CBD
_I2C_Master_RepeatedStart                 text52       1918
_I2C_Master_Start                         text60       1923
_I2C_Master_Stop                          text59       18EF
_I2C_Master_Wait                          text61       1A9D
_I2C_Master_Write                         text58       190D
_INTCONbits                               (abs)        000B
_MediaPlacaVaccum                         text2        0D69
_OPTION_REGbits                           (abs)        0081
_OSCCONbits                               (abs)        008F
_PIE1bits                                 (abs)        008C
_PIR1bits                                 (abs)        000C
_PORTA                                    (abs)        0005
_PORTAbits                                (abs)        0005
_PORTB                                    (abs)        0006
_PORTBbits                                (abs)        0006
_PORTC                                    (abs)        0007
_PORTCbits                                (abs)        0007
_PORTE                                    (abs)        0009
_PROCULUS_Buzzer                          text34       1AE0
_PROCULUS_Control_Register_Write          text36       1D61
_PROCULUS_Delay                           text39       19E4
_PROCULUS_Show_Screen                     text33       1943
_PROCULUS_VP_Write                        text32       07B0
_PROCULUS_VP_Write_String                 text30       1984
_Package_Usart_is_for_me                  text7        199B
_RCREG                                    (abs)        001A
_RCSTAbits                                (abs)        0018
_SPBRG                                    (abs)        0099
_SSPADD                                   (abs)        0093
_SSPBUF                                   (abs)        0013
_SSPCON2                                  (abs)        0091
_SSPCON2bits                              (abs)        0091
_SSPSTAT                                  (abs)        0094
_Save_Log                                 text26       10AD
_Send_Reply_OK                            text24       07F7
_Send_To_MB                               text23       1B4E
_T1CKPS0                                  (abs)        0084
_T1CKPS1                                  (abs)        0085
_T1CON                                    (abs)        0010
_TMR1CS                                   (abs)        0081
_TMR1H                                    (abs)        000F
_TMR1IE                                   (abs)        0460
_TMR1L                                    (abs)        000E
_TRISA                                    (abs)        0085
_TRISB                                    (abs)        0086
_TRISC                                    (abs)        0087
_TRISC6                                   (abs)        043E
_TRISC7                                   (abs)        043F
_TRISCbits                                (abs)        0087
_TRISE                                    (abs)        0089
_TXREG                                    (abs)        0019
_TXSTAbits                                (abs)        0098
_Tensao1                                  bssBANK1     00CD
_USART_init                               text1        1E11
_USART_put_buffer                         text22       1B02
_USART_put_int                            text37       196E
_USART_put_string                         text25       1C8A
_USART_putc                               text38       1933
_USART_to_Protocol                        text21       1EE1
_Vaccum0                                  bssBANK1     00D1
_WPUB                                     (abs)        0095
__CFG_BOR4V$BOR40V                        (abs)        0000
__CFG_BOREN$ON                            (abs)        0000
__CFG_CP$ON                               (abs)        0000
__CFG_CPD$OFF                             (abs)        0000
__CFG_FCMEN$ON                            (abs)        0000
__CFG_FOSC$INTRC_NOCLKOUT                 (abs)        0000
__CFG_IESO$ON                             (abs)        0000
__CFG_LVP$OFF                             (abs)        0000
__CFG_MCLRE$OFF                           (abs)        0000
__CFG_PWRTE$ON                            (abs)        0000
__CFG_WDTE$ON                             (abs)        0000
__CFG_WRT$OFF                             (abs)        0000
__Habs1                                   abs1         0000
__Hbank0                                  bank0        0000
__Hbank1                                  bank1        0000
__Hbank2                                  bank2        0000
__Hbank3                                  bank3        0000
__HbssBANK1                               bssBANK1     0000
__HbssBANK2                               bssBANK2     0000
__HbssBANK3                               bssBANK3     0000
__HbssCOMMON                              bssCOMMON    0000
__Hcinit                                  cinit        0036
__Hclrtext                                clrtext      0000
__Hcode                                   code         0000
__Hcommon                                 common       0000
__Hconfig                                 config       2009
__HcstackBANK0                            cstackBANK0  0000
__HcstackBANK1                            cstackBANK1  0000
__HcstackCOMMON                           cstackCOMMON 0000
__Heeprom_data                            eeprom_data  0000
__Hend_init                               end_init     0015
__Hfunctab                                functab      0000
__Hidloc                                  idloc        0000
__Hinit                                   init         0012
__Hintentry                               intentry     0012
__Hmaintext                               maintext     0000
__Hpowerup                                powerup      0000
__Hram                                    ram          0000
__Hreset_vec                              reset_vec    0003
__Hsfr0                                   sfr0         0000
__Hsfr1                                   sfr1         0000
__Hsfr2                                   sfr2         0000
__Hsfr3                                   sfr3         0000
__Hspace_0                                (abs)        2009
__Hspace_1                                (abs)        01DA
__Hspace_2                                (abs)        0000
__Hspace_3                                (abs)        0000
__Hstack                                  stack        0000
__Hstrings                                strings      0000
__Htext                                   text         0000
__Labs1                                   abs1         0000
__Lbank0                                  bank0        0000
__Lbank1                                  bank1        0000
__Lbank2                                  bank2        0000
__Lbank3                                  bank3        0000
__LbssBANK1                               bssBANK1     0000
__LbssBANK2                               bssBANK2     0000
__LbssBANK3                               bssBANK3     0000
__LbssCOMMON                              bssCOMMON    0000
__Lcinit                                  cinit        0015
__Lclrtext                                clrtext      0000
__Lcode                                   code         0000
__Lcommon                                 common       0000
__Lconfig                                 config       2007
__LcstackBANK0                            cstackBANK0  0000
__LcstackBANK1                            cstackBANK1  0000
__LcstackCOMMON                           cstackCOMMON 0000
__Leeprom_data                            eeprom_data  0000
__Lend_init                               end_init     0012
__Lfunctab                                functab      0000
__Lidloc                                  idloc        0000
__Linit                                   init         0012
__Lintentry                               intentry     0004
__Lmaintext                               maintext     0000
__Lpowerup                                powerup      0000
__Lram                                    ram          0000
__Lreset_vec                              reset_vec    0000
__Lsfr0                                   sfr0         0000
__Lsfr1                                   sfr1         0000
__Lsfr2                                   sfr2         0000
__Lsfr3                                   sfr3         0000
__Lspace_0                                (abs)        0000
__Lspace_1                                (abs)        0000
__Lspace_2                                (abs)        0000
__Lspace_3                                (abs)        0000
__Lstack                                  stack        0000
__Lstrings                                strings      0000
__Ltext                                   text         0000
__S0                                      (abs)        2009
__S1                                      (abs)        01DA
__S2                                      (abs)        0000
__S3                                      (abs)        0000
__Umul8_16                                text29       0800
__Umul8_16@multiplicand                   cstackBANK0  0020
__Umul8_16@multiplier                     cstackBANK0  0028
__Umul8_16@product                        cstackBANK0  0024
__Umul8_16@word_mpld                      cstackBANK0  0026
___fladd                                  text4        0B3C
___fladd@a                                cstackBANK0  004E
___fladd@aexp                             cstackBANK0  005B
___fladd@b                                cstackBANK0  004A
___fladd@bexp                             cstackBANK0  005C
___fladd@grs                              cstackBANK0  005D
___fladd@signs                            cstackBANK0  005A
___fldiv                                  text6        099B
___fldiv@a                                cstackBANK0  0041
___fldiv@aexp                             cstackBANK0  005A
___fldiv@b                                cstackBANK0  0045
___fldiv@bexp                             cstackBANK0  0059
___fldiv@grs                              cstackBANK0  0055
___fldiv@new_exp                          cstackBANK0  0053
___fldiv@rem                              cstackBANK0  004E
___fldiv@sign                             cstackBANK0  0052
___flge                                   text5        1124
___flge@ff1                               cstackBANK0  0020
___flge@ff2                               cstackBANK0  0024
___flmul                                  text28       04BB
___flmul@a                                cstackBANK0  002D
___flmul@aexp                             cstackBANK0  0037
___flmul@b                                cstackBANK0  0029
___flmul@bexp                             cstackBANK0  0038
___flmul@grs                              cstackBANK0  0039
___flmul@prod                             cstackBANK0  003D
___flmul@sign                             cstackBANK0  0036
___flmul@temp                             cstackBANK0  0041
___flsub                                  text3        1A1F
___flsub@a                                cstackBANK0  005E
___flsub@b                                cstackBANK0  0062
___fltol                                  text27       1042
___fltol@exp1                             cstackBANK0  004D
___fltol@f1                               cstackBANK0  0043
___fltol@sign1                            cstackBANK0  004C
___int_sp                                 stack        0000
___latbits                                (abs)        0002
___lldiv                                  text14       1F3E
___lldiv@counter                          cstackBANK0  002D
___lldiv@dividend                         cstackBANK0  0024
___lldiv@divisor                          cstackBANK0  0020
___lldiv@quotient                         cstackBANK0  0029
___lwdiv                                  text35       1DD5
___lwdiv@counter                          cstackBANK0  0025
___lwdiv@dividend                         cstackBANK0  0022
___lwdiv@divisor                          cstackBANK0  0020
___lwdiv@quotient                         cstackBANK0  0026
___lwmod                                  text20       1C58
___lwmod@counter                          cstackBANK0  0025
___lwmod@dividend                         cstackBANK0  0022
___lwmod@divisor                          cstackBANK0  0020
___sp                                     stack        0000
___stackhi                                (abs)        0000
___stacklo                                (abs)        0000
___xxtofl                                 text9        11B7
___xxtofl@arg                             cstackBANK0  003D
___xxtofl@exp                             cstackBANK0  003C
___xxtofl@sign                            cstackBANK0  003B
___xxtofl@val                             cstackBANK0  0033
__end_of_ADC_Max_10Bits                   text10       1E8B
__end_of_ADC_Media_10bits                 text8        1EE1
__end_of_ADC_init                         text62       190D
__end_of_BALANCE_RESISTOR                 strings      1850
__end_of_BETA                             strings      184C
__end_of_Decodify_Command                 text15       04BB
__end_of_EEPROM_24C1025_Fill_All          text54       1042
__end_of_EEPROM_24C1025_Read_Buffer       text51       099B
__end_of_EEPROM_24C1025_Read_Byte         text50       19CB
__end_of_EEPROM_24C1025_Read_Int          text49       1B4E
__end_of_EEPROM_24C1025_Read_Str          text48       1800
__end_of_EEPROM_24C1025_Write_Buffer      text56       168F
__end_of_EEPROM_24C1025_Write_Byte        text47       196E
__end_of_EEPROM_24C1025_Write_Int         text55       1A5D
__end_of_EEPROM_24C1025_Write_Str         text46       1527
__end_of_EEPROM_Read_Byte                 text45       1AE0
__end_of_EEPROM_Read_Integer              text44       1BA0
__end_of_EEPROM_Read_String               text43       1A7D
__end_of_EEPROM_Write_Byte                text42       1DD5
__end_of_EEPROM_Write_Integer             text41       1C58
__end_of_EEPROM_Write_String              text40       1BCB
__end_of_I2C_Master_Init                  text13       1C26
__end_of_I2C_Master_Read                  text53       1CF2
__end_of_I2C_Master_RepeatedStart         text52       1923
__end_of_I2C_Master_Start                 text60       1933
__end_of_I2C_Master_Stop                  text59       18F8
__end_of_I2C_Master_Wait                  text61       1ABE
__end_of_I2C_Master_Write                 text58       1918
__end_of_MAX_ADC                          strings      1824
__end_of_MediaPlacaVaccum                 text2        1000
__end_of_PROCULUS_Buzzer                  text34       1B02
__end_of_PROCULUS_Control_Register_Write  text36       1D99
__end_of_PROCULUS_Delay                   text39       1A01
__end_of_PROCULUS_Show_Screen             text33       1958
__end_of_PROCULUS_VP_Write                text32       07F7
__end_of_PROCULUS_VP_Write_String         text30       199B
__end_of_PT100_CONSTANT                   strings      1818
__end_of_PT100_TRANSLADA                  strings      1814
__end_of_Package_Usart_is_for_me          text7        19B2
__end_of_RESISTOR_ROOM_TEMP               strings      181C
__end_of_ROOM_TEMP                        strings      1820
__end_of_Save_Log                         text26       1124
__end_of_Send_Reply_OK                    text24       0800
__end_of_Send_To_MB                       text23       1B76
__end_of_USART_init                       text1        1E4D
__end_of_USART_put_buffer                 text22       1B26
__end_of_USART_put_int                    text37       1984
__end_of_USART_put_string                 text25       1CBD
__end_of_USART_putc                       text38       1943
__end_of_USART_to_Protocol                text21       1F3E
__end_of__Umul8_16                        text29       0823
__end_of___fladd                          text4        0D69
__end_of___fldiv                          text6        0B3C
__end_of___flge                           text5        11B7
__end_of___flmul                          text28       07B0
__end_of___flsub                          text3        1A3D
__end_of___fltol                          text27       10AD
__end_of___lldiv                          text14       1F9C
__end_of___lwdiv                          text35       1E11
__end_of___lwmod                          text20       1C8A
__end_of___xxtofl                         text9        125A
__end_of__initialization                  cinit        0032
__end_of__stringtab                       strings      1810
__end_of_captura                          text12       1902
__end_of_isr                              text63       1345
__end_of_itoa                             text18       1A9D
__end_of_main                             maintext     1434
__end_of_my_delay_ms                      text11       1D29
__end_of_my_delay_ms_WDT                  text57       1D61
__end_of_strcat                           text17       1BF7
__end_of_strcpy                           text16       1A1F
__end_of_strlen                           text31       19E4
__end_of_utoa                             text19       2000
__end_oflog@coeff                         strings      1848
__initialization                          cinit        0015
__pbssBANK1                               bssBANK1     00CD
__pbssBANK2                               bssBANK2     0110
__pbssBANK3                               bssBANK3     0190
__pbssCOMMON                              bssCOMMON    0078
__pcstackBANK0                            cstackBANK0  0020
__pcstackBANK1                            cstackBANK1  00A0
__pcstackCOMMON                           cstackCOMMON 0070
__pintentry                               intentry     0004
__pmaintext                               maintext     1345
__pstrings                                strings      1800
__ptext1                                  text1        1E11
__ptext10                                 text10       1E4D
__ptext11                                 text11       1CF2
__ptext12                                 text12       18F8
__ptext13                                 text13       1BF7
__ptext14                                 text14       1F3E
__ptext15                                 text15       0036
__ptext16                                 text16       1A01
__ptext17                                 text17       1BCB
__ptext18                                 text18       1A7D
__ptext19                                 text19       1F9C
__ptext2                                  text2        0D69
__ptext20                                 text20       1C58
__ptext21                                 text21       1EE1
__ptext22                                 text22       1B02
__ptext23                                 text23       1B4E
__ptext24                                 text24       07F7
__ptext25                                 text25       1C8A
__ptext26                                 text26       10AD
__ptext27                                 text27       1042
__ptext28                                 text28       04BB
__ptext29                                 text29       0800
__ptext3                                  text3        1A1F
__ptext30                                 text30       1984
__ptext31                                 text31       19CB
__ptext32                                 text32       07B0
__ptext33                                 text33       1943
__ptext34                                 text34       1AE0
__ptext35                                 text35       1DD5
__ptext36                                 text36       1D61
__ptext37                                 text37       196E
__ptext38                                 text38       1933
__ptext39                                 text39       19E4
__ptext4                                  text4        0B3C
__ptext40                                 text40       1BA0
__ptext41                                 text41       1C26
__ptext42                                 text42       1D99
__ptext43                                 text43       1A5D
__ptext44                                 text44       1B76
__ptext45                                 text45       1ABE
__ptext46                                 text46       1434
__ptext47                                 text47       1958
__ptext48                                 text48       168F
__ptext49                                 text49       1B26
__ptext5                                  text5        1124
__ptext50                                 text50       19B2
__ptext51                                 text51       0823
__ptext52                                 text52       1918
__ptext53                                 text53       1CBD
__ptext54                                 text54       1003
__ptext55                                 text55       1A3D
__ptext56                                 text56       1527
__ptext57                                 text57       1D29
__ptext58                                 text58       190D
__ptext59                                 text59       18EF
__ptext6                                  text6        099B
__ptext60                                 text60       1923
__ptext61                                 text61       1A9D
__ptext62                                 text62       1902
__ptext63                                 text63       125A
__ptext7                                  text7        199B
__ptext8                                  text8        1E8B
__ptext9                                  text9        11B7
__size_of_ADC_Max_10Bits                  (abs)        0000
__size_of_ADC_Media_10bits                (abs)        0000
__size_of_ADC_init                        (abs)        0000
__size_of_Decodify_Command                (abs)        0000
__size_of_EEPROM_24C1025_Fill_All         (abs)        0000
__size_of_EEPROM_24C1025_Read_Buffer      (abs)        0000
__size_of_EEPROM_24C1025_Read_Byte        (abs)        0000
__size_of_EEPROM_24C1025_Read_Int         (abs)        0000
__size_of_EEPROM_24C1025_Read_Str         (abs)        0000
__size_of_EEPROM_24C1025_Write_Buffer     (abs)        0000
__size_of_EEPROM_24C1025_Write_Byte       (abs)        0000
__size_of_EEPROM_24C1025_Write_Int        (abs)        0000
__size_of_EEPROM_24C1025_Write_Str        (abs)        0000
__size_of_EEPROM_Read_Byte                (abs)        0000
__size_of_EEPROM_Read_Integer             (abs)        0000
__size_of_EEPROM_Read_String              (abs)        0000
__size_of_EEPROM_Write_Byte               (abs)        0000
__size_of_EEPROM_Write_Integer            (abs)        0000
__size_of_EEPROM_Write_String             (abs)        0000
__size_of_I2C_Master_Init                 (abs)        0000
__size_of_I2C_Master_Read                 (abs)        0000
__size_of_I2C_Master_RepeatedStart        (abs)        0000
__size_of_I2C_Master_Start                (abs)        0000
__size_of_I2C_Master_Stop                 (abs)        0000
__size_of_I2C_Master_Wait                 (abs)        0000
__size_of_I2C_Master_Write                (abs)        0000
__size_of_MediaPlacaVaccum                (abs)        0000
__size_of_PROCULUS_Buzzer                 (abs)        0000
__size_of_PROCULUS_Control_Register_Write (abs)        0000
__size_of_PROCULUS_Delay                  (abs)        0000
__size_of_PROCULUS_Show_Screen            (abs)        0000
__size_of_PROCULUS_VP_Write               (abs)        0000
__size_of_PROCULUS_VP_Write_String        (abs)        0000
__size_of_Package_Usart_is_for_me         (abs)        0000
__size_of_Save_Log                        (abs)        0000
__size_of_Send_Reply_OK                   (abs)        0000
__size_of_Send_To_MB                      (abs)        0000
__size_of_USART_init                      (abs)        0000
__size_of_USART_put_buffer                (abs)        0000
__size_of_USART_put_int                   (abs)        0000
__size_of_USART_put_string                (abs)        0000
__size_of_USART_putc                      (abs)        0000
__size_of_USART_to_Protocol               (abs)        0000
__size_of__Umul8_16                       (abs)        0000
__size_of___fladd                         (abs)        0000
__size_of___fldiv                         (abs)        0000
__size_of___flge                          (abs)        0000
__size_of___flmul                         (abs)        0000
__size_of___flsub                         (abs)        0000
__size_of___fltol                         (abs)        0000
__size_of___lldiv                         (abs)        0000
__size_of___lwdiv                         (abs)        0000
__size_of___lwmod                         (abs)        0000
__size_of___xxtofl                        (abs)        0000
__size_of_captura                         (abs)        0000
__size_of_isr                             (abs)        0000
__size_of_itoa                            (abs)        0000
__size_of_main                            (abs)        0000
__size_of_my_delay_ms                     (abs)        0000
__size_of_my_delay_ms_WDT                 (abs)        0000
__size_of_strcat                          (abs)        0000
__size_of_strcpy                          (abs)        0000
__size_of_strlen                          (abs)        0000
__size_of_utoa                            (abs)        0000
__stringbase                              strings      180F
__stringtab                               strings      1800
_buffer                                   bssBANK2     0110
_canal                                    bssBANK1     00E4
_captura                                  text12       18F8
_count                                    bssBANK1     00D9
_destino                                  bssBANK1     00E2
_generic_status                           bssBANK1     00E9
_header                                   bssBANK1     00DB
_hora                                     bssBANK1     00E6
_isr                                      text63       125A
_itoa                                     text18       1A7D
_main                                     maintext     1345
_milisegundo                              bssBANK1     00DD
_minuto                                   bssBANK1     00E5
_my_delay_ms                              text11       1CF2
_my_delay_ms_WDT                          text57       1D29
_pointer                                  bssBANK1     00E1
_segundo                                  bssBANK1     00E7
_statuspower                              bssBANK1     00E8
_strcat                                   text17       1BCB
_strcpy                                   text16       1A01
_strlen                                   text31       19CB
_tempodecorrido                           bssBANK1     00D7
_texto                                    bssBANK3     01BA
_usart_buffer                             bssBANK3     0190
_usart_protocol                           bssBANK3     01CA
_utoa                                     text19       1F9C
btemp                                     (abs)        007E
clear_ram0                                clrtext      18E7
end_of_initialization                     cinit        0032
interrupt_function                        intentry     0004
intlevel0                                 functab      0000
intlevel1                                 functab      0000
intlevel2                                 functab      0000
intlevel3                                 functab      0000
intlevel4                                 functab      0000
intlevel5                                 functab      0000
isr@tempo                                 cstackCOMMON 0076
itoa@base                                 cstackBANK0  0033
itoa@buf                                  cstackBANK0  0037
itoa@val                                  cstackBANK0  0031
main@reset                                cstackBANK0  006D
my_delay_ms@i                             cstackBANK0  0026
my_delay_ms@time                          cstackBANK0  0020
my_delay_ms_WDT@i                         cstackBANK0  0026
my_delay_ms_WDT@time                      cstackBANK0  0020
reset_vec                                 reset_vec    0000
saved_w                                   (abs)        007E
start                                     init         0012
start_initialization                      cinit        0015
strcat@cp                                 cstackBANK0  0023
strcat@from                               cstackBANK0  0020
strcat@to                                 cstackBANK0  0024
strcpy@cp                                 cstackBANK0  0023
strcpy@from                               cstackBANK0  0020
strcpy@to                                 cstackBANK0  0022
strlen@cp                                 cstackBANK0  0023
strlen@s                                  cstackBANK0  0024
utoa@base                                 cstackBANK0  002A
utoa@buf                                  cstackBANK0  0030
utoa@c                                    cstackBANK0  002F
utoa@v                                    cstackBANK0  002D
utoa@val                                  cstackBANK0  0028
wtemp0                                    (abs)        007E


FUNCTION INFORMATION:

 *************** function _main *****************
 Defined at:
		line 145 in file "SlaveLiofilizadorVer1.c"
 Parameters:    Size  Location     Type
		None
 Auto vars:     Size  Location     Type
  reset           2   77[BANK0 ] unsigned int 
 Return value:  Size  Location     Type
                  1    wreg      void 
 Registers used:
		wreg, fsr0l, fsr0h, status,2, status,0, btemp+1, pclath, cstack
 Tracked objects:
		On entry : 
		On exit  : 
		Unchanged: 
 Data sizes:     COMMON   BANK0   BANK1   BANK3   BANK2
      Params:         0       0       0       0       0
      Locals:         0       2       0       0       0
      Temps:          0       3       0       0       0
      Totals:         0       5       0       0       0
Total ram usage:        5 bytes
 Hardware stack levels required when called:    7
 This function calls:
		_ADC_init
		_Decodify_Command
		_EEPROM_Read_Integer
		_EEPROM_Write_Integer
		_I2C_Master_Init
		_MediaPlacaVaccum
		_USART_init
		_my_delay_ms_WDT
 This function is called by:
		Startup code after reset
 This function uses a non-reentrant model


 *************** function _USART_init *****************
 Defined at:
		line 18 in file "usart.c"
 Parameters:    Size  Location     Type
  baudrate        4    0[BANK0 ] unsigned long 
 Auto vars:     Size  Location     Type
  i               1    6[BANK0 ] unsigned char 
  erro            1    0        unsigned char 
 Return value:  Size  Location     Type
                  1    wreg      void 
 Registers used:
		wreg, status,2, status,0
 Tracked objects:
		On entry : 
		On exit  : 
		Unchanged: 
 Data sizes:     COMMON   BANK0   BANK1   BANK3   BANK2
      Params:         0       4       0       0       0
      Locals:         0       2       0       0       0
      Temps:          0       1       0       0       0
      Totals:         0       7       0       0       0
Total ram usage:        7 bytes
 Hardware stack levels used:    1
 Hardware stack levels required when called:    1
 This function calls:
		Nothing
 This function is called by:
		_main
 This function uses a non-reentrant model


 *************** function _MediaPlacaVaccum *****************
 Defined at:
		line 789 in file "SlaveLiofilizadorVer1.c"
 Parameters:    Size  Location     Type
  canal           1    wreg     unsigned char 
 Auto vars:     Size  Location     Type
  canal           1    4[BANK1 ] unsigned char 
  Temp            4    5[BANK1 ] float 
  Valor           4    0[BANK1 ] float 
  i               2    9[BANK1 ] unsigned int 
 Return value:  Size  Location     Type
                  1    wreg      void 
 Registers used:
		wreg, status,2, status,0, btemp+1, pclath, cstack
 Tracked objects:
		On entry : 
		On exit  : 
		Unchanged: 
 Data sizes:     COMMON   BANK0   BANK1   BANK3   BANK2
      Params:         0       0       0       0       0
      Locals:         0       0      11       0       0
      Temps:          0       4       0       0       0
      Totals:         0       4      11       0       0
Total ram usage:       15 bytes
 Hardware stack levels used:    1
 Hardware stack levels required when called:    3
 This function calls:
		_ADC_Max_10Bits
		_ADC_Media_10bits
		_Package_Usart_is_for_me
		___fladd
		___fldiv
		___flge
		___flmul
		___flsub
		___xxtofl
		_my_delay_ms
 This function is called by:
		_main
 This function uses a non-reentrant model


 *************** function ___flsub *****************
 Defined at:
		line 242 in file "C:\Program Files (x86)\Microchip\xc8\v2.10\pic\sources\c90\common\sprcadd.c"
 Parameters:    Size  Location     Type
  a               4   62[BANK0 ] void 
  b               4   66[BANK0 ] void 
 Auto vars:     Size  Location     Type
		None
 Return value:  Size  Location     Type
                  4   62[BANK0 ] void 
 Registers used:
		wreg, status,2, status,0, btemp+1, pclath, cstack
 Tracked objects:
		On entry : 
		On exit  : 
		Unchanged: 
 Data sizes:     COMMON   BANK0   BANK1   BANK3   BANK2
      Params:         0       8       0       0       0
      Locals:         0       0       0       0       0
      Temps:          0       0       0       0       0
      Totals:         0       8       0       0       0
Total ram usage:        8 bytes
 Hardware stack levels used:    1
 Hardware stack levels required when called:    2
 This function calls:
		___fladd
 This function is called by:
		_MediaPlacaVaccum
 This function uses a non-reentrant model


 *************** function ___fladd *****************
 Defined at:
		line 10 in file "C:\Program Files (x86)\Microchip\xc8\v2.10\pic\sources\c90\common\sprcadd.c"
 Parameters:    Size  Location     Type
  b               4   42[BANK0 ] void 
  a               4   46[BANK0 ] void 
 Auto vars:     Size  Location     Type
  grs             1   61[BANK0 ] unsigned char 
  bexp            1   60[BANK0 ] unsigned char 
  aexp            1   59[BANK0 ] unsigned char 
  signs           1   58[BANK0 ] unsigned char 
 Return value:  Size  Location     Type
                  4   42[BANK0 ] unsigned char 
 Registers used:
		wreg, status,2, status,0, btemp+1
 Tracked objects:
		On entry : 
		On exit  : 
		Unchanged: 
 Data sizes:     COMMON   BANK0   BANK1   BANK3   BANK2
      Params:         0       8       0       0       0
      Locals:         0       4       0       0       0
      Temps:          0       8       0       0       0
      Totals:         0      20       0       0       0
Total ram usage:       20 bytes
 Hardware stack levels used:    1
 Hardware stack levels required when called:    1
 This function calls:
		Nothing
 This function is called by:
		_MediaPlacaVaccum
		___flsub
 This function uses a non-reentrant model


 *************** function ___flge *****************
 Defined at:
		line 4 in file "C:\Program Files (x86)\Microchip\xc8\v2.10\pic\sources\c90\common\flge.c"
 Parameters:    Size  Location     Type
  ff1             4    0[BANK0 ] unsigned char 
  ff2             4    4[BANK0 ] unsigned char 
 Auto vars:     Size  Location     Type
		None
 Return value:  Size  Location     Type
		None               void
 Registers used:
		wreg, status,2, status,0
 Tracked objects:
		On entry : 
		On exit  : 
		Unchanged: 
 Data sizes:     COMMON   BANK0   BANK1   BANK3   BANK2
      Params:         0       8       0       0       0
      Locals:         0       0       0       0       0
      Temps:          0       4       0       0       0
      Totals:         0      12       0       0       0
Total ram usage:       12 bytes
 Hardware stack levels used:    1
 Hardware stack levels required when called:    1
 This function calls:
		Nothing
 This function is called by:
		_MediaPlacaVaccum
 This function uses a non-reentrant model


 *************** function ___fldiv *****************
 Defined at:
		line 8 in file "C:\Program Files (x86)\Microchip\xc8\v2.10\pic\sources\c90\common\sprcdiv.c"
 Parameters:    Size  Location     Type
  a               4   33[BANK0 ] unsigned char 
  b               4   37[BANK0 ] unsigned char 
 Auto vars:     Size  Location     Type
  grs             4   53[BANK0 ] unsigned long 
  rem             4   46[BANK0 ] unsigned long 
  new_exp         2   51[BANK0 ] int 
  aexp            1   58[BANK0 ] unsigned char 
  bexp            1   57[BANK0 ] unsigned char 
  sign            1   50[BANK0 ] unsigned char 
 Return value:  Size  Location     Type
                  4   33[BANK0 ] unsigned char 
 Registers used:
		wreg, status,2, status,0, btemp+1
 Tracked objects:
		On entry : 
		On exit  : 
		Unchanged: 
 Data sizes:     COMMON   BANK0   BANK1   BANK3   BANK2
      Params:         0       8       0       0       0
      Locals:         0      13       0       0       0
      Temps:          0       5       0       0       0
      Totals:         0      26       0       0       0
Total ram usage:       26 bytes
 Hardware stack levels used:    1
 Hardware stack levels required when called:    1
 This function calls:
		Nothing
 This function is called by:
		_MediaPlacaVaccum
 This function uses a non-reentrant model


 *************** function _Package_Usart_is_for_me *****************
 Defined at:
		line 8 in file "protocolo.c"
 Parameters:    Size  Location     Type
		None
 Auto vars:     Size  Location     Type
  retorno         1    0[BANK0 ] unsigned char 
 Return value:  Size  Location     Type
                  1    wreg      unsigned char 
 Registers used:
		wreg, status,2, status,0
 Tracked objects:
		On entry : 
		On exit  : 
		Unchanged: 
 Data sizes:     COMMON   BANK0   BANK1   BANK3   BANK2
      Params:         0       0       0       0       0
      Locals:         0       1       0       0       0
      Temps:          0       0       0       0       0
      Totals:         0       1       0       0       0
Total ram usage:        1 bytes
 Hardware stack levels used:    1
 Hardware stack levels required when called:    1
 This function calls:
		Nothing
 This function is called by:
		_MediaPlacaVaccum
 This function uses a non-reentrant model


 *************** function _ADC_Media_10bits *****************
 Defined at:
		line 20 in file "adc.c"
 Parameters:    Size  Location     Type
  canal           1    wreg     unsigned char 
 Auto vars:     Size  Location     Type
  canal           1   38[BANK0 ] unsigned char 
  value           2   39[BANK0 ] unsigned int 
  i               1   41[BANK0 ] unsigned char 
 Return value:  Size  Location     Type
                  4   33[BANK0 ] float 
 Registers used:
		wreg, status,2, status,0, btemp+1, pclath, cstack
 Tracked objects:
		On entry : 
		On exit  : 
		Unchanged: 
 Data sizes:     COMMON   BANK0   BANK1   BANK3   BANK2
      Params:         0       4       0       0       0
      Locals:         0       4       0       0       0
      Temps:          0       1       0       0       0
      Totals:         0       9       0       0       0
Total ram usage:        9 bytes
 Hardware stack levels used:    1
 Hardware stack levels required when called:    2
 This function calls:
		___lwdiv
		___xxtofl
		_captura
		_my_delay_ms
 This function is called by:
		_MediaPlacaVaccum
 This function uses a non-reentrant model


 *************** function ___xxtofl *****************
 Defined at:
		line 10 in file "C:\Program Files (x86)\Microchip\xc8\v2.10\pic\sources\c90\common\xxtofl.c"
 Parameters:    Size  Location     Type
  sign            1    wreg     unsigned char 
  val             4   19[BANK0 ] long 
 Auto vars:     Size  Location     Type
  sign            1   27[BANK0 ] unsigned char 
  arg             4   29[BANK0 ] unsigned long 
  exp             1   28[BANK0 ] unsigned char 
 Return value:  Size  Location     Type
                  4   19[BANK0 ] unsigned char 
 Registers used:
		wreg, status,2, status,0
 Tracked objects:
		On entry : 
		On exit  : 
		Unchanged: 
 Data sizes:     COMMON   BANK0   BANK1   BANK3   BANK2
      Params:         0       4       0       0       0
      Locals:         0       6       0       0       0
      Temps:          0       4       0       0       0
      Totals:         0      14       0       0       0
Total ram usage:       14 bytes
 Hardware stack levels used:    1
 Hardware stack levels required when called:    1
 This function calls:
		Nothing
 This function is called by:
		_MediaPlacaVaccum
		_ADC_Media_10bits
 This function uses a non-reentrant model


 *************** function _ADC_Max_10Bits *****************
 Defined at:
		line 34 in file "adc.c"
 Parameters:    Size  Location     Type
  canal           1    wreg     unsigned char 
 Auto vars:     Size  Location     Type
  canal           1   13[BANK0 ] unsigned char 
  value           2   16[BANK0 ] unsigned int 
  Temp            2   14[BANK0 ] unsigned int 
  i               1   18[BANK0 ] unsigned char 
 Return value:  Size  Location     Type
                  2   10[BANK0 ] unsigned int 
 Registers used:
		wreg, status,2, status,0, btemp+1, pclath, cstack
 Tracked objects:
		On entry : 
		On exit  : 
		Unchanged: 
 Data sizes:     COMMON   BANK0   BANK1   BANK3   BANK2
      Params:         0       2       0       0       0
      Locals:         0       6       0       0       0
      Temps:          0       1       0       0       0
      Totals:         0       9       0       0       0
Total ram usage:        9 bytes
 Hardware stack levels used:    1
 Hardware stack levels required when called:    2
 This function calls:
		_captura
		_my_delay_ms
 This function is called by:
		_MediaPlacaVaccum
 This function uses a non-reentrant model


 *************** function _my_delay_ms *****************
 Defined at:
		line 5 in file "my_delay.c"
 Parameters:    Size  Location     Type
  time            4    0[BANK0 ] long 
 Auto vars:     Size  Location     Type
  i               4    6[BANK0 ] long 
 Return value:  Size  Location     Type
                  1    wreg      void 
 Registers used:
		wreg, btemp+1
 Tracked objects:
		On entry : 
		On exit  : 
		Unchanged: 
 Data sizes:     COMMON   BANK0   BANK1   BANK3   BANK2
      Params:         0       4       0       0       0
      Locals:         0       4       0       0       0
      Temps:          0       2       0       0       0
      Totals:         0      10       0       0       0
Total ram usage:       10 bytes
 Hardware stack levels used:    1
 Hardware stack levels required when called:    1
 This function calls:
		Nothing
 This function is called by:
		_MediaPlacaVaccum
		_ADC_Media_10bits
		_ADC_Max_10Bits
 This function uses a non-reentrant model


 *************** function _captura *****************
 Defined at:
		line 123 in file "adc.c"
 Parameters:    Size  Location     Type
		None
 Auto vars:     Size  Location     Type
		None
 Return value:  Size  Location     Type
                  2    0[BANK0 ] unsigned int 
 Registers used:
		wreg
 Tracked objects:
		On entry : 
		On exit  : 
		Unchanged: 
 Data sizes:     COMMON   BANK0   BANK1   BANK3   BANK2
      Params:         0       2       0       0       0
      Locals:         0       0       0       0       0
      Temps:          0       0       0       0       0
      Totals:         0       2       0       0       0
Total ram usage:        2 bytes
 Hardware stack levels used:    1
 Hardware stack levels required when called:    1
 This function calls:
		Nothing
 This function is called by:
		_ADC_Media_10bits
		_ADC_Max_10Bits
 This function uses a non-reentrant model


 *************** function _I2C_Master_Init *****************
 Defined at:
		line 8 in file "I2C.c"
 Parameters:    Size  Location     Type
  c               4   14[BANK0 ] const unsigned long 
 Auto vars:     Size  Location     Type
		None
 Return value:  Size  Location     Type
                  1    wreg      void 
 Registers used:
		wreg, status,2, status,0, pclath, cstack
 Tracked objects:
		On entry : 
[...]
 This function calls:
		_I2C_Master_Read
		_I2C_Master_RepeatedStart
		_I2C_Master_Start
		_I2C_Master_Stop
		_I2C_Master_Write
		_my_delay_ms_WDT
 This function is called by:
		_EEPROM_24C1025_Read_Byte
		_EEPROM_24C1025_Read_Int
		_Decodify_Command
 This function uses a non-reentrant model


 *************** function _I2C_Master_RepeatedStart *****************
 Defined at:
		line 66 in file "I2C.c"
 Parameters:    Size  Location     Type
		None
 Auto vars:     Size  Location     Type
		None
 Return value:  Size  Location     Type
                  1    wreg      void 
 Registers used:
		wreg, status,2, status,0, pclath, cstack
 Tracked objects:
		On entry : 
		On exit  : 
		Unchanged: 
 Data sizes:     COMMON   BANK0   BANK1   BANK3   BANK2
      Params:         0       0       0       0       0
      Locals:         0       0       0       0       0
      Temps:          0       0       0       0       0
      Totals:         0       0       0       0       0
Total ram usage:        0 bytes
 Hardware stack levels used:    1
 Hardware stack levels required when called:    2
 This function calls:
		_I2C_Master_Wait
 This function is called by:
		_EEPROM_24C1025_Read_Buffer
		_EEPROM_24C1025_Read_Str
 This function uses a non-reentrant model


 *************** function _I2C_Master_Read *****************
 Defined at:
		line 91 in file "I2C.c"
 Parameters:    Size  Location     Type
  a               2    3[BANK0 ] unsigned short 
 Auto vars:     Size  Location     Type
  temp            2    7[BANK0 ] unsigned short 
 Return value:  Size  Location     Type
                  2    3[BANK0 ] unsigned short 
 Registers used:
		wreg, status,2, status,0, pclath, cstack
 Tracked objects:
		On entry : 
		On exit  : 
		Unchanged: 
 Data sizes:     COMMON   BANK0   BANK1   BANK3   BANK2
      Params:         0       2       0       0       0
      Locals:         0       2       0       0       0
      Temps:          0       2       0       0       0
      Totals:         0       6       0       0       0
Total ram usage:        6 bytes
 Hardware stack levels used:    1
 Hardware stack levels required when called:    2
 This function calls:
		_I2C_Master_Wait
 This function is called by:
		_EEPROM_24C1025_Read_Buffer
		_EEPROM_24C1025_Read_Str
 This function uses a non-reentrant model


 *************** function _EEPROM_24C1025_Fill_All *****************
 Defined at:
		line 294 in file "EEPROM_24C1025.c"
 Parameters:    Size  Location     Type
  chip_add        1    wreg     unsigned char 
  value           2   56[BANK0 ] unsigned int 
 Auto vars:     Size  Location     Type
  chip_add        1   58[BANK0 ] unsigned char 
  mem_add         4   59[BANK0 ] unsigned long 
 Return value:  Size  Location     Type
                  1    wreg      void 
 Registers used:
		wreg, fsr0l, fsr0h, status,2, status,0, btemp+1, pclath, cstack
 Tracked objects:
		On entry : 
		On exit  : 
		Unchanged: 
 Data sizes:     COMMON   BANK0   BANK1   BANK3   BANK2
      Params:         0       2       0       0       0
      Locals:         0       5       0       0       0
      Temps:          0       0       0       0       0
      Totals:         0       7       0       0       0
Total ram usage:        7 bytes
 Hardware stack levels used:    1
 Hardware stack levels required when called:    5
 This function calls:
		_EEPROM_24C1025_Write_Int
 This function is called by:
		_Decodify_Command
 This function uses a non-reentrant model


 *************** function _EEPROM_24C1025_Write_Int *****************
 Defined at:
		line 279 in file "EEPROM_24C1025.c"
 Parameters:    Size  Location     Type
  chip_add        1    wreg     unsigned char 
  mem_add         4   46[BANK0 ] unsigned long 
  data            2   50[BANK0 ] int 
 Auto vars:     Size  Location     Type
  chip_add        1   53[BANK0 ] unsigned char 
  local           2   54[BANK0 ] unsigned char [2]
 Return value:  Size  Location     Type
                  1    wreg      void 
 Registers used:
		wreg, fsr0l, fsr0h, status,2, status,0, btemp+1, pclath, cstack
 Tracked objects:
		On entry : 
		On exit  : 
		Unchanged: 
 Data sizes:     COMMON   BANK0   BANK1   BANK3   BANK2
      Params:         0       6       0       0       0
      Locals:         0       3       0       0       0
      Temps:          0       1       0       0       0
      Totals:         0      10       0       0       0
Total ram usage:       10 bytes
 Hardware stack levels used:    1
 Hardware stack levels required when called:    4
 This function calls:
		_EEPROM_24C1025_Write_Buffer
 This function is called by:
		_EEPROM_24C1025_Fill_All
		_Decodify_Command
		_Save_Log
 This function uses a non-reentrant model


 *************** function _EEPROM_24C1025_Write_Buffer *****************
 Defined at:
		line 14 in file "EEPROM_24C1025.c"
 Parameters:    Size  Location     Type
  chip_add        1    wreg     unsigned char 
  mem_add         4   10[BANK0 ] unsigned long 
  sizedata        1   14[BANK0 ] unsigned char 
  data            2   15[BANK0 ] PTR unsigned char 
		 -> usart_protocol.value(10), usart_protocol(16), EEPROM_24C1025_Write_Int@local(2), EEPROM_24C1025_Write_Byte@data(1), 
 Auto vars:     Size  Location     Type
  chip_add        1   20[BANK0 ] unsigned char 
  ctrl            1   22[BANK0 ] unsigned char 
  range           1   21[BANK0 ] unsigned char 
  count           1   19[BANK0 ] unsigned char 
 Return value:  Size  Location     Type
                  1    wreg      void 
 Registers used:
		wreg, fsr0l, fsr0h, status,2, status,0, btemp+1, pclath, cstack
 Tracked objects:
		On entry : 
		On exit  : 
		Unchanged: 
 Data sizes:     COMMON   BANK0   BANK1   BANK3   BANK2
      Params:         0       7       0       0       0
      Locals:         0       4       0       0       0
      Temps:          0       2       0       0       0
      Totals:         0      13       0       0       0
Total ram usage:       13 bytes
 Hardware stack levels used:    1
 Hardware stack levels required when called:    3
 This function calls:
		_I2C_Master_Start
		_I2C_Master_Stop
		_I2C_Master_Write
		_my_delay_ms_WDT
 This function is called by:
		_EEPROM_24C1025_Write_Byte
		_EEPROM_24C1025_Write_Int
		_Decodify_Command
 This function uses a non-reentrant model


 *************** function _my_delay_ms_WDT *****************
 Defined at:
		line 13 in file "my_delay.c"
 Parameters:    Size  Location     Type
  time            4    0[BANK0 ] long 
 Auto vars:     Size  Location     Type
  i               4    6[BANK0 ] long 
 Return value:  Size  Location     Type
                  1    wreg      void 
 Registers used:
		wreg, btemp+1
 Tracked objects:
		On entry : 
		On exit  : 
		Unchanged: 
 Data sizes:     COMMON   BANK0   BANK1   BANK3   BANK2
      Params:         0       4       0       0       0
      Locals:         0       4       0       0       0
      Temps:          0       2       0       0       0
      Totals:         0      10       0       0       0
Total ram usage:       10 bytes
 Hardware stack levels used:    1
 Hardware stack levels required when called:    1
 This function calls:
		Nothing
 This function is called by:
		_EEPROM_24C1025_Write_Buffer
		_EEPROM_24C1025_Read_Buffer
		_EEPROM_24C1025_Write_Str
		_EEPROM_24C1025_Read_Str
		_main
 This function uses a non-reentrant model


 *************** function _I2C_Master_Write *****************
 Defined at:
		line 83 in file "I2C.c"
 Parameters:    Size  Location     Type
  d               2    3[BANK0 ] unsigned int 
 Auto vars:     Size  Location     Type
		None
 Return value:  Size  Location     Type
                  1    wreg      void 
 Registers used:
		wreg, status,2, status,0, pclath, cstack
 Tracked objects:
		On entry : 
		On exit  : 
		Unchanged: 
 Data sizes:     COMMON   BANK0   BANK1   BANK3   BANK2
      Params:         0       2       0       0       0
      Locals:         0       0       0       0       0
      Temps:          0       0       0       0       0
      Totals:         0       2       0       0       0
Total ram usage:        2 bytes
 Hardware stack levels used:    1
 Hardware stack levels required when called:    2
 This function calls:
		_I2C_Master_Wait
 This function is called by:
		_EEPROM_24C1025_Write_Buffer
		_EEPROM_24C1025_Read_Buffer
		_EEPROM_24C1025_Write_Str
		_EEPROM_24C1025_Read_Str
 This function uses a non-reentrant model


 *************** function _I2C_Master_Stop *****************
 Defined at:
		line 74 in file "I2C.c"
 Parameters:    Size  Location     Type
		None
 Auto vars:     Size  Location     Type
		None
 Return value:  Size  Location     Type
                  1    wreg      void 
 Registers used:
		wreg, status,2, status,0, pclath, cstack
 Tracked objects:
		On entry : 
		On exit  : 
		Unchanged: 
 Data sizes:     COMMON   BANK0   BANK1   BANK3   BANK2
      Params:         0       0       0       0       0
      Locals:         0       0       0       0       0
      Temps:          0       0       0       0       0
      Totals:         0       0       0       0       0
Total ram usage:        0 bytes
 Hardware stack levels used:    1
 Hardware stack levels required when called:    2
 This function calls:
		_I2C_Master_Wait
 This function is called by:
		_EEPROM_24C1025_Write_Buffer
		_EEPROM_24C1025_Read_Buffer
		_EEPROM_24C1025_Write_Str
		_EEPROM_24C1025_Read_Str
 This function uses a non-reentrant model


 *************** function _I2C_Master_Start *****************
 Defined at:
		line 56 in file "I2C.c"
 Parameters:    Size  Location     Type
		None
 Auto vars:     Size  Location     Type
		None
 Return value:  Size  Location     Type
                  1    wreg      void 
 Registers used:
		wreg, status,2, status,0, pclath, cstack
 Tracked objects:
		On entry : 
		On exit  : 
		Unchanged: 
 Data sizes:     COMMON   BANK0   BANK1   BANK3   BANK2
      Params:         0       0       0       0       0
      Locals:         0       0       0       0       0
      Temps:          0       0       0       0       0
      Totals:         0       0       0       0       0
Total ram usage:        0 bytes
 Hardware stack levels used:    1
 Hardware stack levels required when called:    2
 This function calls:
		_I2C_Master_Wait
 This function is called by:
		_EEPROM_24C1025_Write_Buffer
		_EEPROM_24C1025_Read_Buffer
		_EEPROM_24C1025_Write_Str
		_EEPROM_24C1025_Read_Str
 This function uses a non-reentrant model


 *************** function _I2C_Master_Wait *****************
 Defined at:
		line 41 in file "I2C.c"
 Parameters:    Size  Location     Type
		None
 Auto vars:     Size  Location     Type
  tempo           1    2[BANK0 ] unsigned char 
 Return value:  Size  Location     Type
                  1    wreg      unsigned char 
 Registers used:
		wreg, status,2, status,0
 Tracked objects:
		On entry : 
		On exit  : 
		Unchanged: 
 Data sizes:     COMMON   BANK0   BANK1   BANK3   BANK2
      Params:         0       0       0       0       0
      Locals:         0       1       0       0       0
      Temps:          0       2       0       0       0
      Totals:         0       3       0       0       0
Total ram usage:        3 bytes
 Hardware stack levels used:    1
 Hardware stack levels required when called:    1
 This function calls:
		Nothing
 This function is called by:
		_I2C_Master_Start
		_I2C_Master_RepeatedStart
		_I2C_Master_Stop
		_I2C_Master_Write
		_I2C_Master_Read
 This function uses a non-reentrant model


 *************** function _ADC_init *****************
 Defined at:
		line 10 in file "adc.c"
 Parameters:    Size  Location     Type
		None
 Auto vars:     Size  Location     Type
		None
 Return value:  Size  Location     Type
                  1    wreg      void 
 Registers used:
		wreg, status,2, status,0
 Tracked objects:
		On entry : 
		On exit  : 
		Unchanged: 
 Data sizes:     COMMON   BANK0   BANK1   BANK3   BANK2
      Params:         0       0       0       0       0
      Locals:         0       0       0       0       0
      Temps:          0       0       0       0       0
      Totals:         0       0       0       0       0
Total ram usage:        0 bytes
 Hardware stack levels used:    1
 Hardware stack levels required when called:    1
 This function calls:
		Nothing
 This function is called by:
		_main
 This function uses a non-reentrant model


 *************** function _isr *****************
 Defined at:
		line 29 in file "isr.c"
 Parameters:    Size  Location     Type
		None
 Auto vars:     Size  Location     Type
  tempo           2    6[COMMON] unsigned int 
 Return value:  Size  Location     Type
                  1    wreg      void 
 Registers used:
		wreg, fsr0l, fsr0h, status,2, status,0, btemp+1
 Tracked objects:
		On entry : 
		On exit  : 
		Unchanged: 
 Data sizes:     COMMON   BANK0   BANK1   BANK3   BANK2
      Params:         0       0       0       0       0
      Locals:         2       0       0       0       0
      Temps:          6       0       0       0       0
      Totals:         8       0       0       0       0
Total ram usage:        8 bytes
 Hardware stack levels used:    1
 This function calls:
		Nothing
 This function is called by:
		Interrupt level 1
 This function uses a non-reentrant model



MODULE INFORMATION

Module		Function		Class		Link	Load	Size
protocolo.c
		_Package_Usart_is_for_me		CODE           	199B	0000	24

protocolo.c estimated size: 24

C:\Program Files (x86)\Microchip\xc8\v2.10\pic\sources\c90\common\lwdiv.c
		___lwdiv       		CODE           	1DD5	0000	61

C:\Program Files (x86)\Microchip\xc8\v2.10\pic\sources\c90\common\lwdiv.c estimated size: 61

C:\Program Files (x86)\Microchip\xc8\v2.10\pic\sources\c90\common\fltol.c
		___fltol       		CODE           	1042	0000	108

C:\Program Files (x86)\Microchip\xc8\v2.10\pic\sources\c90\common\fltol.c estimated size: 108

my_delay.c
		_my_delay_ms_WDT		CODE           	1D29	0000	57
		_my_delay_ms   		CODE           	1CF2	0000	56

my_delay.c estimated size: 113

usart.c
		_USART_putc    		CODE           	1933	0000	17
		_USART_to_Protocol		CODE           	1EE1	0000	94
		_USART_put_string		CODE           	1C8A	0000	52
		_USART_put_int 		CODE           	196E	0000	23
		_USART_put_buffer		CODE           	1B02	0000	37
		_USART_init    		CODE           	1E11	0000	61

usart.c estimated size: 284

I2C.c
		_I2C_Master_Read		CODE           	1CBD	0000	54
		_I2C_Master_Wait		CODE           	1A9D	0000	34
		_I2C_Master_Init		CODE           	1BF7	0000	48
		_I2C_Master_Stop		CODE           	18EF	0000	10
		_I2C_Master_RepeatedStart		CODE           	1918	0000	12
		_I2C_Master_Write		CODE           	190D	0000	12
		_I2C_Master_Start		CODE           	1923	0000	17

I2C.c estimated size: 187

C:\Program Files (x86)\Microchip\xc8\v2.10\pic\sources\c90\common\itoa.c
		_itoa          		CODE           	1A7D	0000	33
		_utoa          		CODE           	1F9C	0000	101

C:\Program Files (x86)\Microchip\xc8\v2.10\pic\sources\c90\common\itoa.c estimated size: 134

C:\Program Files (x86)\Microchip\xc8\v2.10\pic\sources\c90\common\sprcmul.c
		___flmul       		CODE           	04BB	0000	758

C:\Program Files (x86)\Microchip\xc8\v2.10\pic\sources\c90\common\sprcmul.c estimated size: 758

proculus.c
		_PROCULUS_Control_Register_Write		CODE           	1D61	0000	57
		_PROCULUS_Show_Screen		CODE           	1943	0000	22
		_PROCULUS_VP_Write_String		CODE           	1984	0000	24
		_PROCULUS_VP_Write		CODE           	07B0	0000	72
		_PROCULUS_Delay		CODE           	19E4	0000	30
		_PROCULUS_Buzzer		CODE           	1AE0	0000	35

proculus.c estimated size: 240

C:\Program Files (x86)\Microchip\xc8\v2.10\pic\sources\c90\common\Umul8_16.c
		__Umul8_16     		CODE           	0800	0000	36

C:\Program Files (x86)\Microchip\xc8\v2.10\pic\sources\c90\common\Umul8_16.c estimated size: 36

C:\Program Files (x86)\Microchip\xc8\v2.10\pic\sources\c90\common\__lldiv.c
		___lldiv       		CODE           	1F3E	0000	95

C:\Program Files (x86)\Microchip\xc8\v2.10\pic\sources\c90\common\__lldiv.c estimated size: 95

eeprom.c
		_EEPROM_Write_String		CODE           	1BA0	0000	44
		_EEPROM_Read_Byte		CODE           	1ABE	0000	35
		_EEPROM_Write_Byte		CODE           	1D99	0000	61
		_EEPROM_Read_Integer		CODE           	1B76	0000	43
		_EEPROM_Read_String		CODE           	1A5D	0000	33
		_EEPROM_Write_Integer		CODE           	1C26	0000	51

eeprom.c estimated size: 267

C:\Program Files (x86)\Microchip\xc8\v2.10\pic\sources\c90\common\sprcdiv.c
		___fldiv       		CODE           	099B	0000	418

C:\Program Files (x86)\Microchip\xc8\v2.10\pic\sources\c90\common\sprcdiv.c estimated size: 418

adc.c
		_captura       		CODE           	18F8	0000	11
		_ADC_Media_10bits		CODE           	1E8B	0000	87
		_ADC_init      		CODE           	1902	0000	12
		_ADC_Max_10Bits		CODE           	1E4D	0000	63

adc.c estimated size: 173

SlaveLiofilizadorVer1.c
		_MediaPlacaVaccum		CODE           	0D69	0000	664
		_Send_To_MB    		CODE           	1B4E	0000	41
		_main          		CODE           	1345	0000	240
		_Decodify_Command		CODE           	0036	0000	1158
		_Send_Reply_OK 		CODE           	07F7	0000	10
		_Save_Log      		CODE           	10AD	0000	120

SlaveLiofilizadorVer1.c estimated size: 2233

C:\Program Files (x86)\Microchip\xc8\v2.10\pic\sources\c90\common\strcat.c
		_strcat        		CODE           	1BCB	0000	45

C:\Program Files (x86)\Microchip\xc8\v2.10\pic\sources\c90\common\strcat.c estimated size: 45

C:\Program Files (x86)\Microchip\xc8\v2.10\pic\sources\c90\common\flge.c
		___flge        		CODE           	1124	0000	148

C:\Program Files (x86)\Microchip\xc8\v2.10\pic\sources\c90\common\flge.c estimated size: 148

isr.c
		_isr           		CODE           	125A	0000	236

isr.c estimated size: 236

C:\Program Files (x86)\Microchip\xc8\v2.10\pic\sources\c90\common\xxtofl.c
		___xxtofl      		CODE           	11B7	0000	164

C:\Program Files (x86)\Microchip\xc8\v2.10\pic\sources\c90\common\xxtofl.c estimated size: 164

shared
		_PT100_TRANSLADA		STRING         	0000	0000	0
		__stringtab    		STRING         	1800	0000	17
		_RESISTOR_ROOM_TEMP		STRING         	0000	0000	0
		_PT100_CONSTANT		STRING         	0000	0000	0
		_ROOM_TEMP     		STRING         	0000	0000	0
		_BETA          		STRING         	0000	0000	0
		__initialization		CODE           	0015	0000	30
		log@coeff      		STRING         	0000	0000	0
		_BALANCE_RESISTOR		STRING         	0000	0000	0
		_MAX_ADC       		STRING         	0000	0000	0

shared estimated size: 47

C:\Program Files (x86)\Microchip\xc8\v2.10\pic\sources\c90\common\strlen.c
		_strlen        		CODE           	19CB	0000	26

C:\Program Files (x86)\Microchip\xc8\v2.10\pic\sources\c90\common\strlen.c estimated size: 26

C:\Program Files (x86)\Microchip\xc8\v2.10\pic\sources\c90\common\strcpy.c
		_strcpy        		CODE           	1A01	0000	31

C:\Program Files (x86)\Microchip\xc8\v2.10\pic\sources\c90\common\strcpy.c estimated size: 31

C:\Program Files (x86)\Microchip\xc8\v2.10\pic\sources\c90\common\lwmod.c
		___lwmod       		CODE           	1C58	0000	51

C:\Program Files (x86)\Microchip\xc8\v2.10\pic\sources\c90\common\lwmod.c estimated size: 51

EEPROM_24C1025.c
		_EEPROM_24C1025_Read_Str		CODE           	168F	0000	370
		_EEPROM_24C1025_Write_Int		CODE           	1A3D	0000	33
		_EEPROM_24C1025_Read_Byte		CODE           	19B2	0000	26
		_EEPROM_24C1025_Read_Buffer		CODE           	0823	0000	377
		_EEPROM_24C1025_Write_Byte		CODE           	1958	0000	23
		_EEPROM_24C1025_Write_Buffer		CODE           	1527	0000	361
		_EEPROM_24C1025_Fill_All		CODE           	1003	0000	64
		_EEPROM_24C1025_Read_Int		CODE           	1B26	0000	41
		_EEPROM_24C1025_Write_Str		CODE           	1434	0000	244

EEPROM_24C1025.c estimated size: 1539

C:\Program Files (x86)\Microchip\xc8\v2.10\pic\sources\c90\common\sprcadd.c
		___flsub       		CODE           	1A1F	0000	31
		___fladd       		CODE           	0B3C	0000	558

C:\Program Files (x86)\Microchip\xc8\v2.10\pic\sources\c90\common\sprcadd.c estimated size: 589

