Microchip MPLAB XC8 Compiler V2.10 ()

Linker command line:

-W-3 --edf=C:\Program Files (x86)\Microchip\xc8\v2.10\pic\dat\en_msgs.txt \
  -cs \
  -h+dist/default/production\Liofilizador_-_Placa_Filha.X.production.sym \
  --cmf=dist/default/production\Liofilizador_-_Placa_Filha.X.production.cmf \
  -z -Q16F886 -oC:\Users\Dell\AppData\Local\Temp\s9mk.2 \
  --defsym=__MPLAB_BUILD=1 \
  -Mdist/default/production/Liofilizador_-_Placa_Filha.X.production.map -E1 \
  -ver=XC8 --acfsm=1493 -ASTACK=0110h-016Fh -pstack=STACK \
  -ACODE=00h-07FFhx4 -ASTRCODE=00h-01FFFh -ASTRING=00h-0FFhx32 \
  -ACONST=00h-0FFhx32 -AENTRY=00h-0FFhx32 -ACOMMON=070h-07Fh \
  -ABANK0=020h-06Fh -ABANK1=0A0h-0EFh -ABANK2=0110h-016Fh \
  -ABANK3=0190h-01EFh -ARAM=020h-06Fh,0A0h-0EFh,0110h-016Fh,0190h-01EFh \
  -AABS1=020h-07Fh,0A0h-0EFh,0110h-016Fh,0190h-01EFh -ASFR0=00h-01Fh \
  -ASFR1=080h-09Fh -ASFR2=0100h-010Fh -ASFR3=0180h-018Fh \
  -preset_vec=00h,intentry=04h,init,end_init -ppowerup=CODE -pcinit=CODE \
  -pfunctab=ENTRY -ACONFIG=02007h-02008h -pconfig=CONFIG -DCONFIG=2 \
  -AIDLOC=02000h-02003h -pidloc=IDLOC -DIDLOC=2 -AEEDATA=00h-0FFh/02100h \
  -peeprom_data=EEDATA -DEEDATA=2 -DCODE=2 -DSTRCODE=2 -DSTRING=2 -DCONST=2 \
  -DENTRY=2 -k C:\Users\Dell\AppData\Local\Temp\s9mk.o \
  dist/default/production\Liofilizador_-_Placa_Filha.X.production.o 

Object code version is 3.11

Machine type is 16F886



                Name                               Link     Load   Length Selector   Space Scale
C:\Users\Dell\AppData\Local\Temp\s9mk.o
                end_init                             12       12        3        8       0
                reset_vec                             0        0        3        0       0
                config                             2007     2007        2     400E       0
dist/default/production\Liofilizador_-_Placa_Filha.X.production.o
                cinit                                15       15       22        8       0
                intentry                              4        4        E        8       0
                text62                             13DA     13DA       E9     27B4       0
                text61                             1B51     1B51        B     36A2       0
                text60                             1CDA     1CDA       21     39B4       0
                text59                             1B81     1B81       10     3702       0
                text58                             1B35     1B35        9     366A       0
                text57                             1B5C     1B5C        B     36B8       0
                text56                             1F55     1F55       38     3EAA       0
                text55                             16A3     16A3      15D     2D46       0
                text54                             1C7C     1C7C       1F     38F8       0
                text53                             10EA     10EA       3E     21D4       0
                text52                             1EE9     1EE9       35     3DD2       0
                text51                             1B67     1B67        B     36CE       0
                text50                              ABB      ABB      177     1576       0
                text49                             1BBC     1BBC       18     3778       0
                text48                              7D9      7D9       27        8       0
                text47                              94B      94B      170     1296       0
                text46                             1B91     1B91       15     3722       0
                text45                             15B1     15B1       F2     2B62       0
                text44                             1CFB     1CFB       21     39F6       0
                text43                             1DCE     1DCE       29     3B9C       0
                text42                             1C9B     1C9B       1F     3936       0
                text41                             1FC5     1FC5       3B     3F8A       0
                text40                             1E52     1E52       32     3CA4       0
                text39                             1DF7     1DF7       2A     3BEE       0
                text38                             1C23     1C23       1D     3846       0
                text37                             1B72     1B72        F     36E4       0
                text36                             1BA6     1BA6       16     374C       0
                text35                             1F8D     1F8D       38     3F1A       0
                text34                             1072     1072       3C     20E4       0
                text33                             1D3D     1D3D       22     3A7A       0
                text32                             105D     105D       15     20BA       0
                text31                             1128     1128       41     2250       0
                text30                             1C07     1C07       1C     380E       0
                text29                             1BED     1BED       1A     37DA       0
                text28                              76E      76E       6B        8       0
                text27                             1D1C     1D1C       21     3A38       0
                text26                             11BE     11BE       5A     237C       0
                text25                             1EB6     1EB6       33     3D6C       0
                text24                             1B3E     1B3E        9     367C       0
                text23                             1DA6     1DA6       28     3B4C       0
                text22                             1D82     1D82       24     3B04       0
                text21                             1218     1218       5D     2430       0
                text20                             1D5F     1D5F       23     3ABE       0
                text19                              479      479      2F5        8       0
                text18                             1E84     1E84       32     3D08       0
                text17                             12D3     12D3       64     25A6       0
                text16                             1CBA     1CBA       20     3974       0
                text15                              804      804       2C     1008       0
                text14                             1C40     1C40       1E     3880       0
                text13                               37       37      442        8       0
                text12                             1275     1275       5E     24EA       0
                text11                             1E21     1E21       31     3C42       0
                text10                             10AE     10AE       3C     215C       0
                text9                              1337     1337       A3     266E       0
                text8                              1B47     1B47        A     368E       0
                text7                              1F1E     1F1E       37     3E3C       0
                text6                              1169     1169       55     22D2       0
                text5                              1BD4     1BD4       19     37A8       0
                text4                               C32      C32      1A1     1864       0
                text3                               DD3      DD3      22D     1BA6       0
                text2                              1C5E     1C5E       1E     38BC       0
                text1                               830      830      11B     1060       0
                maintext                           14C3     14C3       EE     2986       0
                cstackBANK0                          20       20       46       20       1
                cstackCOMMON                         70       70        8       70       1
                cstackBANK1                          A0       A0       2D       A0       1
                clrtext                            1B2D     1B2D        8     365A       0
                bssBANK3                            190      190       5E      190       1
                bssBANK1                             CD       CD       22       A0       1
                bssBANK0                             66       66        7       20       1
                bssCOMMON                            78       78        5       70       1
                strings                            1000     1000       5D     2000       0

TOTAL           Name                               Link     Load   Length     Space
        CLASS   STACK          

        CLASS   CODE           
                end_init                             12       12        3         0
                cinit                                15       15       22         0
                intentry                              4        4        E         0
                reset_vec                             0        0        3         0
                text62                             13DA     13DA       E9         0
                text61                             1B51     1B51        B         0
                text60                             1CDA     1CDA       21         0
                text59                             1B81     1B81       10         0
                text58                             1B35     1B35        9         0
                text57                             1B5C     1B5C        B         0
                text56                             1F55     1F55       38         0
                text55                             16A3     16A3      15D         0
                text54                             1C7C     1C7C       1F         0
                text53                             10EA     10EA       3E         0
                text52                             1EE9     1EE9       35         0
                text51                             1B67     1B67        B         0
                text50                              ABB      ABB      177         0
                text49                             1BBC     1BBC       18         0
                text48                              7D9      7D9       27         0
                text47                              94B      94B      170         0
                text46                             1B91     1B91       15         0
                text45                             15B1     15B1       F2         0
                text44                             1CFB     1CFB       21         0
                text43                             1DCE     1DCE       29         0
                text42                             1C9B     1C9B       1F         0
                text41                             1FC5     1FC5       3B         0
                text40                             1E52     1E52       32         0
                text39                             1DF7     1DF7       2A         0
                text38                             1C23     1C23       1D         0
                text37                             1B72     1B72        F         0
                text36                             1BA6     1BA6       16         0
                text35                             1F8D     1F8D       38         0
                text34                             1072     1072       3C         0
                text33                             1D3D     1D3D       22         0
                text32                             105D     105D       15         0
                text31                             1128     1128       41         0
                text30                             1C07     1C07       1C         0
                text29                             1BED     1BED       1A         0
                text28                              76E      76E       6B         0
                text27                             1D1C     1D1C       21         0
                text26                             11BE     11BE       5A         0
                text25                             1EB6     1EB6       33         0
                text24                             1B3E     1B3E        9         0
                text23                             1DA6     1DA6       28         0
                text22                             1D82     1D82       24         0
                text21                             1218     1218       5D         0
                text20                             1D5F     1D5F       23         0
                text19                              479      479      2F5         0
                text18                             1E84     1E84       32         0
                text17                             12D3     12D3       64         0
                text16                             1CBA     1CBA       20         0
                text15                              804      804       2C         0
                text14                             1C40     1C40       1E         0
                text13                               37       37      442         0
                text12                             1275     1275       5E         0
                text11                             1E21     1E21       31         0
                text10                             10AE     10AE       3C         0
                text9                              1337     1337       A3         0
                text8                              1B47     1B47        A         0
                text7                              1F1E     1F1E       37         0
                text6                              1169     1169       55         0
                text5                              1BD4     1BD4       19         0
                text4                               C32      C32      1A1         0
                text3                               DD3      DD3      22D         0
                text2                              1C5E     1C5E       1E         0
                text1                               830      830      11B         0
                maintext                           14C3     14C3       EE         0
                clrtext                            1B2D     1B2D        8         0

        CLASS   STRCODE        

        CLASS   STRING         
                strings                            1000     1000       5D         0

        CLASS   CONST          

        CLASS   ENTRY          

        CLASS   COMMON         
                cstackCOMMON                         70       70        8         1
                bssCOMMON                            78       78        5         1

        CLASS   BANK0          
                cstackBANK0                          20       20       46         1
                bssBANK0                             66       66        7         1

        CLASS   BANK1          
                cstackBANK1                          A0       A0       2D         1
                bssBANK1                             CD       CD       22         1

        CLASS   BANK2          

        CLASS   BANK3          
                bssBANK3                            190      190       5E         1

        CLASS   RAM            

        CLASS   ABS1           
                abs_s1                               7E       7E        2         1

        CLASS   SFR0           

        CLASS   SFR1           

        CLASS   SFR2           

        CLASS   SFR3           

        CLASS   CONFIG         
                config                             2007     2007        2         0

        CLASS   IDLOC          

        CLASS   EEDATA         



SEGMENTS        Name                           Load    Length   Top    Selector   Space  Class     Delta

                reset_vec                      000000  000003  000003         0       0  CODE        2
                intentry                       000004  0007FC  000800         8       0  CODE        2
                cstackBANK0                    000020  00004D  00006D        20       1  BANK0       1
                cstackCOMMON                   000070  00000D  00007D        70       1  COMMON      1
                cstackBANK1                    0000A0  00004F  0000EF        A0       1  BANK1       1
                bssBANK3                       000190  00005E  0001EE       190       1  BANK3       1
                text15                         000804  00002C  000830      1008       0  CODE        2
                text1                          000830  00011B  00094B      1060       0  CODE        2
                text47                         00094B  000170  000ABB      1296       0  CODE        2
                text50                         000ABB  000177  000C32      1576       0  CODE        2
                text4                          000C32  0001A1  000DD3      1864       0  CODE        2
                text3                          000DD3  00022D  001000      1BA6       0  CODE        2
                strings                        001000  00005D  00105D      2000       0  STRING      2
                text32                         00105D  000015  001072      20BA       0  CODE        2
                text34                         001072  00003C  0010AE      20E4       0  CODE        2
                text10                         0010AE  00003C  0010EA      215C       0  CODE        2
                text53                         0010EA  00003E  001128      21D4       0  CODE        2
                text31                         001128  000041  001169      2250       0  CODE        2
                text6                          001169  000055  0011BE      22D2       0  CODE        2
                text26                         0011BE  00005A  001218      237C       0  CODE        2
                text21                         001218  00005D  001275      2430       0  CODE        2
                text12                         001275  00005E  0012D3      24EA       0  CODE        2
                text17                         0012D3  000064  001337      25A6       0  CODE        2
                text9                          001337  0000A3  0013DA      266E       0  CODE        2
                text62                         0013DA  0000E9  0014C3      27B4       0  CODE        2
                maintext                       0014C3  0000EE  0015B1      2986       0  CODE        2
                text45                         0015B1  0000F2  0016A3      2B62       0  CODE        2
                text55                         0016A3  00015D  001800      2D46       0  CODE        2
                clrtext                        001B2D  000008  001B35      365A       0  CODE        2
                text58                         001B35  000009  001B3E      366A       0  CODE        2
                text24                         001B3E  000009  001B47      367C       0  CODE        2
                text8                          001B47  00000A  001B51      368E       0  CODE        2
                text61                         001B51  00000B  001B5C      36A2       0  CODE        2
                text57                         001B5C  00000B  001B67      36B8       0  CODE        2
                text51                         001B67  00000B  001B72      36CE       0  CODE        2
                text37                         001B72  00000F  001B81      36E4       0  CODE        2
                text59                         001B81  000010  001B91      3702       0  CODE        2
                text46                         001B91  000015  001BA6      3722       0  CODE        2
                text36                         001BA6  000016  001BBC      374C       0  CODE        2
                text49                         001BBC  000018  001BD4      3778       0  CODE        2
                text5                          001BD4  000019  001BED      37A8       0  CODE        2
                text29                         001BED  00001A  001C07      37DA       0  CODE        2
                text30                         001C07  00001C  001C23      380E       0  CODE        2
                text38                         001C23  00001D  001C40      3846       0  CODE        2
                text14                         001C40  00001E  001C5E      3880       0  CODE        2
                text2                          001C5E  00001E  001C7C      38BC       0  CODE        2
                text54                         001C7C  00001F  001C9B      38F8       0  CODE        2
                text42                         001C9B  00001F  001CBA      3936       0  CODE        2
                text16                         001CBA  000020  001CDA      3974       0  CODE        2
                text60                         001CDA  000021  001CFB      39B4       0  CODE        2
                text44                         001CFB  000021  001D1C      39F6       0  CODE        2
                text27                         001D1C  000021  001D3D      3A38       0  CODE        2
                text33                         001D3D  000022  001D5F      3A7A       0  CODE        2
                text20                         001D5F  000023  001D82      3ABE       0  CODE        2
                text22                         001D82  000024  001DA6      3B04       0  CODE        2
                text23                         001DA6  000028  001DCE      3B4C       0  CODE        2
                text43                         001DCE  000029  001DF7      3B9C       0  CODE        2
                text39                         001DF7  00002A  001E21      3BEE       0  CODE        2
                text11                         001E21  000031  001E52      3C42       0  CODE        2
                text40                         001E52  000032  001E84      3CA4       0  CODE        2
                text18                         001E84  000032  001EB6      3D08       0  CODE        2
                text25                         001EB6  000033  001EE9      3D6C       0  CODE        2
                text52                         001EE9  000035  001F1E      3DD2       0  CODE        2
                text7                          001F1E  000037  001F55      3E3C       0  CODE        2
                text56                         001F55  000038  001F8D      3EAA       0  CODE        2
                text35                         001F8D  000038  001FC5      3F1A       0  CODE        2
                text41                         001FC5  00003B  002000      3F8A       0  CODE        2
                config                         002007  000002  002009      400E       0  CONFIG      2


UNUSED ADDRESS RANGES

        Name                Unused          Largest block    Delta
        BANK0            006D-006F              3           1
        BANK1            00EF-00EF              1           1
        BANK2            0110-016F             60           1
        BANK3            01EE-01EF              2           1
        CODE             0003-0003              1           2
                         0800-0803              4
                         1800-1B2C            32D
        COMMON           007D-007D              1           1
        CONST            0003-0003              1           2
                         0800-0803              4
                         1800-1B2C            100
        EEDATA           2100-21FF            100           2
        ENTRY            0003-0003              1           2
                         0800-0803              4
                         1800-1B2C            100
        IDLOC            2000-2003              4           2
        RAM              006D-006F              3           1
                         00EF-00EF              1
                         0110-016F             60
                         01EE-01EF              2
        SFR0             0000-001F             20           1
        SFR1             0080-009F             20           1
        SFR2             0100-010F             10           1
        SFR3             0180-018F             10           1
        STACK            0110-016F             60           1
        STRCODE          0003-0003              1           2
                         0800-0803              4
                         1800-1B2C            32D
        STRING           0003-0003              1           2
                         0800-0803              4
                         1800-1B2C            100

                                  Symbol Table

?_ADC_Media_10bits                        cstackBANK0  002E
?_EEPROM_24C1025_Read_Int                 cstackBANK0  0038
?_EEPROM_Read_Integer                     cstackBANK0  0023
?_I2C_Master_Read                         cstackBANK0  0023
?__Umul8_16                               cstackBANK0  0020
?___fladd                                 cstackBANK0  0037
?___fldiv                                 cstackBANK0  002E
?___flmul                                 cstackBANK0  0029
?___flsub                                 cstackBANK0  004B
?___fltol                                 cstackBANK0  0020
?___lldiv                                 cstackBANK0  0020
?___lwdiv                                 cstackBANK0  0020
?___lwmod                                 cstackBANK0  0020
?___wmul                                  cstackBANK0  002B
?___xxtofl                                cstackBANK0  0020
?_captura                                 cstackBANK0  0020
?_strlen                                  cstackBANK0  0020
ADC_Media_10bits@canal                    cstackBANK0  0033
ADC_Media_10bits@i                        cstackBANK0  0036
ADC_Media_10bits@value                    cstackBANK0  0034
Decodify_Command@OutPut                   cstackBANK1  00C3
Decodify_Command@add                      cstackBANK1  00C0
Decodify_Command@add_24LCxxxx             cstackBANK1  00C9
Decodify_Command@dados                    cstackBANK1  00BE
Decodify_Command@hh                       cstackBANK1  00A0
Decodify_Command@mm                       cstackBANK1  00AA
Decodify_Command@sizedata                 cstackBANK1  00C8
Decodify_Command@ss                       cstackBANK1  00B4
Decodify_Command@tempchar                 cstackBANK1  00C7
Decodify_Command@tempint                  cstackBANK1  00C1
EEPROM_24C1025_Fill_All@chip_add          cstackBANK0  0043
EEPROM_24C1025_Fill_All@mem_add           cstackBANK0  0044
EEPROM_24C1025_Fill_All@value             cstackBANK0  0041
EEPROM_24C1025_Read_Buffer@chip_add       cstackBANK0  0035
EEPROM_24C1025_Read_Buffer@cnt_103        cstackBANK0  0034
EEPROM_24C1025_Read_Buffer@ctrl           cstackBANK0  0037
EEPROM_24C1025_Read_Buffer@data           cstackBANK0  002F
EEPROM_24C1025_Read_Buffer@mem_add        cstackBANK0  002A
EEPROM_24C1025_Read_Buffer@range          cstackBANK0  0036
EEPROM_24C1025_Read_Buffer@sizedata       cstackBANK0  002E
EEPROM_24C1025_Read_Byte@chip_add         cstackBANK0  003C
EEPROM_24C1025_Read_Byte@data             cstackBANK0  003D
EEPROM_24C1025_Read_Byte@mem_add          cstackBANK0  0038
EEPROM_24C1025_Read_Int@chip_add          cstackBANK0  003E
EEPROM_24C1025_Read_Int@data              cstackBANK0  003F
EEPROM_24C1025_Read_Int@mem_add           cstackBANK0  0038
EEPROM_24C1025_Read_Str@chip_add          cstackBANK0  0032
EEPROM_24C1025_Read_Str@cnt               cstackBANK0  0031
EEPROM_24C1025_Read_Str@ctrl              cstackBANK0  0034
EEPROM_24C1025_Read_Str@mem_add           cstackBANK0  002A
EEPROM_24C1025_Read_Str@range             cstackBANK0  0033
EEPROM_24C1025_Read_Str@texto             cstackBANK0  002E
EEPROM_24C1025_Write_Buffer@chip_add      cstackBANK0  0033
EEPROM_24C1025_Write_Buffer@count         cstackBANK0  0032
EEPROM_24C1025_Write_Buffer@ctrl          cstackBANK0  0035
EEPROM_24C1025_Write_Buffer@data          cstackBANK0  002F
EEPROM_24C1025_Write_Buffer@mem_add       cstackBANK0  002A
EEPROM_24C1025_Write_Buffer@range         cstackBANK0  0034
EEPROM_24C1025_Write_Buffer@sizedata      cstackBANK0  002E
EEPROM_24C1025_Write_Byte@chip_add        cstackBANK0  003C
EEPROM_24C1025_Write_Byte@data            cstackBANK0  003A
EEPROM_24C1025_Write_Byte@mem_add         cstackBANK0  0036
EEPROM_24C1025_Write_Int@chip_add         cstackBANK0  003E
EEPROM_24C1025_Write_Int@data             cstackBANK0  003A
EEPROM_24C1025_Write_Int@local            cstackBANK0  003F
EEPROM_24C1025_Write_Int@mem_add          cstackBANK0  0036
EEPROM_24C1025_Write_Str@chip_add         cstackBANK0  0031
EEPROM_24C1025_Write_Str@ctrl             cstackBANK0  0033
EEPROM_24C1025_Write_Str@data             cstackBANK0  002E
EEPROM_24C1025_Write_Str@mem_add          cstackBANK0  002A
EEPROM_24C1025_Write_Str@range            cstackBANK0  0032
EEPROM_Read_Byte@addr                     cstackBANK0  0022
EEPROM_Read_Integer@addr                  cstackBANK0  0026
EEPROM_Read_Integer@i                     cstackBANK0  002A
EEPROM_Read_Integer@ptr                   cstackBANK0  0027
EEPROM_Read_Integer@result                cstackBANK0  0028
EEPROM_Read_String@addr                   cstackBANK0  0025
EEPROM_Read_String@c                      cstackBANK0  0026
EEPROM_Read_String@dado                   cstackBANK0  0023
EEPROM_Write_Byte@addr                    cstackBANK0  0023
EEPROM_Write_Byte@dado                    cstackBANK0  0020
EEPROM_Write_Byte@last_GIE                cstackBANK0  0024
EEPROM_Write_Integer@addr                 cstackBANK0  002B
EEPROM_Write_Integer@dado                 cstackBANK0  0025
EEPROM_Write_Integer@i                    cstackBANK0  002C
EEPROM_Write_Integer@ptr                  cstackBANK0  002A
EEPROM_Write_String@addr                  cstackBANK0  0027
EEPROM_Write_String@dado                  cstackBANK0  0025
I2C_Master_Init@c                         cstackBANK0  002E
I2C_Master_Read@a                         cstackBANK0  0023
I2C_Master_Read@temp                      cstackBANK0  0027
I2C_Master_Wait@tempo                     cstackBANK0  0022
I2C_Master_Write@d                        cstackBANK0  0023
PROCULUS_Buzzer@time_ms_x_10              cstackBANK0  0033
PROCULUS_Buzzer@vetor                     cstackBANK0  0036
PROCULUS_Control_Register_Write@i         cstackBANK0  0032
PROCULUS_Control_Register_Write@size      cstackBANK0  002F
PROCULUS_Control_Register_Write@vetor     cstackBANK0  0031
PROCULUS_Delay@i                          cstackBANK0  0024
PROCULUS_Delay@tempo_ms                   cstackBANK0  0020
PROCULUS_Show_Screen@screen               cstackBANK0  0033
PROCULUS_Show_Screen@vetor                cstackBANK0  0036
PROCULUS_VP_Write@i                       cstackBANK0  0034
PROCULUS_VP_Write@size                    cstackBANK0  0032
PROCULUS_VP_Write@vetor                   cstackBANK0  0031
PROCULUS_VP_Write@vp                      cstackBANK0  002F
PROCULUS_VP_Write_String@text             cstackBANK0  0037
PROCULUS_VP_Write_String@vp               cstackBANK0  0035
Package_Usart_is_for_me@retorno           cstackBANK0  0020
Save_Log@add_datalog                      cstackBANK0  0041
Send_To_MB@size                           cstackBANK0  0021
USART_init@baudrate                       cstackBANK0  0020
USART_init@i                              cstackBANK0  0026
USART_put_buffer@loop                     cstackBANK0  0025
USART_put_buffer@ptr                      cstackBANK0  0026
USART_put_buffer@size                     cstackBANK0  0021
USART_put_buffer@vetor                    cstackBANK0  0027
USART_put_int@dado                        cstackBANK0  002E
USART_put_int@value                       cstackBANK0  002B
USART_put_string@ptr                      cstackBANK0  0023
USART_put_string@vetor                    cstackBANK0  0021
USART_putc@value                          cstackBANK0  0020
USART_to_Protocol@i                       cstackBANK0  0022
USART_to_Protocol@usart_protocol          cstackBANK0  0024
_ADCON0bits                               (abs)        001F
_ADCON1                                   (abs)        009F
_ADCON1bits                               (abs)        009F
_ADC_Media_10bits                         text6        1169
_ADC_init                                 text61       1B51
_ADRESH                                   (abs)        001E
_ADRESL                                   (abs)        009E
_ANSEL                                    (abs)        0188
_ANSELH                                   (abs)        0189
_BAUDCTLbits                              (abs)        0187
_Board_Number                             bssBANK0     0069
_CREN                                     (abs)        00C4
_Decodify_Command                         text13       0037
_Delay_Led_Memory                         bssCOMMON    007A
_Delay_Led_Tmr0                           bssCOMMON    0078
_Delay_Led_Usart                          bssBANK0     0066
_EEADR                                    (abs)        010D
_EECON1bits                               (abs)        018C
_EECON2                                   (abs)        018D
_EEDATA                                   (abs)        010C
_EEPROM_24C1025_Fill_All                  text53       10EA
_EEPROM_24C1025_Read_Buffer               text50       0ABB
_EEPROM_24C1025_Read_Byte                 text49       1BBC
_EEPROM_24C1025_Read_Int                  text48       07D9
_EEPROM_24C1025_Read_Str                  text47       094B
_EEPROM_24C1025_Write_Buffer              text55       16A3
_EEPROM_24C1025_Write_Byte                text46       1B91
_EEPROM_24C1025_Write_Int                 text54       1C7C
_EEPROM_24C1025_Write_Str                 text45       15B1
_EEPROM_Read_Byte                         text44       1CFB
_EEPROM_Read_Integer                      text43       1DCE
_EEPROM_Read_String                       text42       1C9B
_EEPROM_Write_Byte                        text41       1FC5
_EEPROM_Write_Integer                     text40       1E52
_EEPROM_Write_String                      text39       1DF7
_I2C_Master_Init                          text11       1E21
_I2C_Master_Read                          text52       1EE9
_I2C_Master_RepeatedStart                 text51       1B67
_I2C_Master_Start                         text59       1B81
_I2C_Master_Stop                          text58       1B35
_I2C_Master_Wait                          text60       1CDA
_I2C_Master_Write                         text57       1B5C
_INTCONbits                               (abs)        000B
_OPTION_REGbits                           (abs)        0081
_OSCCONbits                               (abs)        008F
_PIE1bits                                 (abs)        008C
_PIR1bits                                 (abs)        000C
_PORTA                                    (abs)        0005
_PORTAbits                                (abs)        0005
_PORTB                                    (abs)        0006
_PORTBbits                                (abs)        0006
_PORTC                                    (abs)        0007
_PORTCbits                                (abs)        0007
_PORTE                                    (abs)        0009
_PROCULUS_Buzzer                          text33       1D3D
_PROCULUS_Control_Register_Write          text35       1F8D
_PROCULUS_Delay                           text38       1C23
_PROCULUS_Show_Screen                     text32       105D
_PROCULUS_VP_Write                        text31       1128
_PROCULUS_VP_Write_String                 text29       1BED
_Package_Usart_is_for_me                  text5        1BD4
_RCREG                                    (abs)        001A
_RCSTAbits                                (abs)        0018
_SPBRG                                    (abs)        0099
_SSPADD                                   (abs)        0093
_SSPBUF                                   (abs)        0013
_SSPCON                                   (abs)        0014
_SSPCON2                                  (abs)        0091
_SSPCON2bits                              (abs)        0091
_SSPSTAT                                  (abs)        0094
_Save_Log                                 text26       11BE
_Send_Reply_OK                            text24       1B3E
_Send_To_MB                               text23       1DA6
_T1CKPS0                                  (abs)        0084
_T1CKPS1                                  (abs)        0085
_T1CON                                    (abs)        0010
_TMR1CS                                   (abs)        0081
_TMR1H                                    (abs)        000F
_TMR1IE                                   (abs)        0460
_TMR1L                                    (abs)        000E
_TRISA                                    (abs)        0085
_TRISB                                    (abs)        0086
_TRISC                                    (abs)        0087
_TRISC3                                   (abs)        043B
_TRISC4                                   (abs)        043C
_TRISC6                                   (abs)        043E
_TRISC7                                   (abs)        043F
_TRISE                                    (abs)        0089
_TXREG                                    (abs)        0019
_TXSTAbits                                (abs)        0098
_Temperatura0                             bssBANK1     00D1
_USART_init                               text10       10AE
_USART_put_buffer                         text22       1D82
_USART_put_int                            text36       1BA6
_USART_put_string                         text25       1EB6
_USART_putc                               text37       1B72
_USART_to_Protocol                        text21       1218
_Umidade1                                 bssBANK1     00CD
_WPUB                                     (abs)        0095
__CFG_BOR4V$BOR40V                        (abs)        0000
__CFG_BOREN$ON                            (abs)        0000
__CFG_CP$ON                               (abs)        0000
__CFG_CPD$OFF                             (abs)        0000
__CFG_FCMEN$ON                            (abs)        0000
__CFG_FOSC$INTRC_NOCLKOUT                 (abs)        0000
__CFG_IESO$ON                             (abs)        0000
__CFG_LVP$OFF                             (abs)        0000
__CFG_MCLRE$OFF                           (abs)        0000
__CFG_PWRTE$ON                            (abs)        0000
__CFG_WDTE$ON                             (abs)        0000
__CFG_WRT$OFF                             (abs)        0000
__Habs1                                   abs1         0000
__Hbank0                                  bank0        0000
__Hbank1                                  bank1        0000
__Hbank2                                  bank2        0000
__Hbank3                                  bank3        0000
__HbssBANK0                               bssBANK0     0000
__HbssBANK1                               bssBANK1     0000
__HbssBANK3                               bssBANK3     0000
__HbssCOMMON                              bssCOMMON    0000
__Hcinit                                  cinit        0037
__Hclrtext                                clrtext      0000
__Hcode                                   code         0000
__Hcommon                                 common       0000
__Hconfig                                 config       2009
__HcstackBANK0                            cstackBANK0  0000
__HcstackBANK1                            cstackBANK1  0000
__HcstackCOMMON                           cstackCOMMON 0000
__Heeprom_data                            eeprom_data  0000
__Hend_init                               end_init     0015
__Hfunctab                                functab      0000
__Hidloc                                  idloc        0000
__Hinit                                   init         0012
__Hintentry                               intentry     0012
__Hmaintext                               maintext     0000
__Hpowerup                                powerup      0000
__Hram                                    ram          0000
__Hreset_vec                              reset_vec    0003
__Hsfr0                                   sfr0         0000
__Hsfr1                                   sfr1         0000
__Hsfr2                                   sfr2         0000
__Hsfr3                                   sfr3         0000
__Hspace_0                                (abs)        2009
__Hspace_1                                (abs)        01EE
__Hspace_2                                (abs)        0000
__Hspace_3                                (abs)        0000
__Hstack                                  stack        0000
__Hstrings                                strings      0000
__Htext                                   text         0000
__Labs1                                   abs1         0000
__Lbank0                                  bank0        0000
__Lbank1                                  bank1        0000
__Lbank2                                  bank2        0000
__Lbank3                                  bank3        0000
__LbssBANK0                               bssBANK0     0000
__LbssBANK1                               bssBANK1     0000
__LbssBANK3                               bssBANK3     0000
__LbssCOMMON                              bssCOMMON    0000
__Lcinit                                  cinit        0015
__Lclrtext                                clrtext      0000
__Lcode                                   code         0000
__Lcommon                                 common       0000
__Lconfig                                 config       2007
__LcstackBANK0                            cstackBANK0  0000
__LcstackBANK1                            cstackBANK1  0000
__LcstackCOMMON                           cstackCOMMON 0000
__Leeprom_data                            eeprom_data  0000
__Lend_init                               end_init     0012
__Lfunctab                                functab      0000
__Lidloc                                  idloc        0000
__Linit                                   init         0012
__Lintentry                               intentry     0004
__Lmaintext                               maintext     0000
__Lpowerup                                powerup      0000
__Lram                                    ram          0000
__Lreset_vec                              reset_vec    0000
__Lsfr0                                   sfr0         0000
__Lsfr1                                   sfr1         0000
__Lsfr2                                   sfr2         0000
__Lsfr3                                   sfr3         0000
__Lspace_0                                (abs)        0000
__Lspace_1                                (abs)        0000
__Lspace_2                                (abs)        0000
__Lspace_3                                (abs)        0000
__Lstack                                  stack        0000
__Lstrings                                strings      0000
__Ltext                                   text         0000
__S0                                      (abs)        2009
__S1                                      (abs)        01EE
__S2                                      (abs)        0000
__S3                                      (abs)        0000
__Umul8_16                                text20       1D5F
__Umul8_16@multiplicand                   cstackBANK0  0020
__Umul8_16@multiplier                     cstackBANK0  0028
__Umul8_16@product                        cstackBANK0  0024
__Umul8_16@word_mpld                      cstackBANK0  0026
___fladd                                  text3        0DD3
___fladd@a                                cstackBANK0  003B
___fladd@aexp                             cstackBANK0  0048
___fladd@b                                cstackBANK0  0037
___fladd@bexp                             cstackBANK0  0049
___fladd@grs                              cstackBANK0  004A
___fladd@signs                            cstackBANK0  0047
___fldiv                                  text4        0C32
___fldiv@a                                cstackBANK0  002E
___fldiv@aexp                             cstackBANK0  0047
___fldiv@b                                cstackBANK0  0032
___fldiv@bexp                             cstackBANK0  0046
___fldiv@grs                              cstackBANK0  0042
___fldiv@new_exp                          cstackBANK0  0040
___fldiv@rem                              cstackBANK0  003B
___fldiv@sign                             cstackBANK0  003F
___flmul                                  text19       0479
___flmul@a                                cstackBANK0  002D
___flmul@aexp                             cstackBANK0  0037
___flmul@b                                cstackBANK0  0029
___flmul@bexp                             cstackBANK0  003C
___flmul@grs                              cstackBANK0  0038
___flmul@prod                             cstackBANK0  003D
___flmul@sign                             cstackBANK0  0036
___flmul@temp                             cstackBANK0  0041
___flsub                                  text2        1C5E
___flsub@a                                cstackBANK0  004B
___flsub@b                                cstackBANK0  004F
___fltol                                  text28       076E
___fltol@exp1                             cstackBANK0  002A
___fltol@f1                               cstackBANK0  0020
___fltol@sign1                            cstackBANK0  0029
___int_sp                                 stack        0000
___latbits                                (abs)        0002
___lldiv                                  text12       1275
___lldiv@counter                          cstackBANK0  002D
___lldiv@dividend                         cstackBANK0  0024
___lldiv@divisor                          cstackBANK0  0020
___lldiv@quotient                         cstackBANK0  0029
___lwdiv                                  text34       1072
___lwdiv@counter                          cstackBANK0  0027
___lwdiv@dividend                         cstackBANK0  0022
___lwdiv@divisor                          cstackBANK0  0020
___lwdiv@quotient                         cstackBANK0  0025
___lwmod                                  text18       1E84
___lwmod@counter                          cstackBANK0  0025
___lwmod@dividend                         cstackBANK0  0022
___lwmod@divisor                          cstackBANK0  0020
___sp                                     stack        0000
___stackhi                                (abs)        0000
___stacklo                                (abs)        0000
___wmul                                   text27       1D1C
___wmul@multiplicand                      cstackBANK0  002D
___wmul@multiplier                        cstackBANK0  002B
___wmul@product                           cstackBANK0  002F
___xxtofl                                 text9        1337
___xxtofl@arg                             cstackBANK0  002A
___xxtofl@exp                             cstackBANK0  0029
___xxtofl@sign                            cstackBANK0  0028
___xxtofl@val                             cstackBANK0  0020
__end_of_ADC_Media_10bits                 text6        11BE
__end_of_ADC_init                         text61       1B5C
__end_of_BALANCE_RESISTOR                 strings      1050
__end_of_BETA                             strings      104C
__end_of_Decodify_Command                 text13       0479
__end_of_EEPROM_24C1025_Fill_All          text53       1128
__end_of_EEPROM_24C1025_Read_Buffer       text50       0C32
__end_of_EEPROM_24C1025_Read_Byte         text49       1BD4
__end_of_EEPROM_24C1025_Read_Int          text48       0800
__end_of_EEPROM_24C1025_Read_Str          text47       0ABB
__end_of_EEPROM_24C1025_Write_Buffer      text55       1800
__end_of_EEPROM_24C1025_Write_Byte        text46       1BA6
__end_of_EEPROM_24C1025_Write_Int         text54       1C9B
__end_of_EEPROM_24C1025_Write_Str         text45       16A3
__end_of_EEPROM_Read_Byte                 text44       1D1C
__end_of_EEPROM_Read_Integer              text43       1DF7
__end_of_EEPROM_Read_String               text42       1CBA
__end_of_EEPROM_Write_Byte                text41       2000
__end_of_EEPROM_Write_Integer             text40       1E84
__end_of_EEPROM_Write_String              text39       1E21
__end_of_I2C_Master_Init                  text11       1E52
__end_of_I2C_Master_Read                  text52       1F1E
__end_of_I2C_Master_RepeatedStart         text51       1B72
__end_of_I2C_Master_Start                 text59       1B91
__end_of_I2C_Master_Stop                  text58       1B3E
__end_of_I2C_Master_Wait                  text60       1CFB
__end_of_I2C_Master_Write                 text57       1B67
__end_of_MAX_ADC                          strings      1024
__end_of_PROCULUS_Buzzer                  text33       1D5F
__end_of_PROCULUS_Control_Register_Write  text35       1FC5
__end_of_PROCULUS_Delay                   text38       1C40
__end_of_PROCULUS_Show_Screen             text32       1072
__end_of_PROCULUS_VP_Write                text31       1169
__end_of_PROCULUS_VP_Write_String         text29       1C07
__end_of_PT100_CONSTANT                   strings      1018
__end_of_PT100_TRANSLADA                  strings      1014
__end_of_Package_Usart_is_for_me          text5        1BED
__end_of_RESISTOR_ROOM_TEMP               strings      101C
__end_of_ROOM_TEMP                        strings      1020
__end_of_Save_Log                         text26       1218
__end_of_Send_Reply_OK                    text24       1B47
__end_of_Send_To_MB                       text23       1DCE
__end_of_USART_init                       text10       10EA
__end_of_USART_put_buffer                 text22       1DA6
__end_of_USART_put_int                    text36       1BBC
__end_of_USART_put_string                 text25       1EE9
__end_of_USART_putc                       text37       1B81
__end_of_USART_to_Protocol                text21       1275
__end_of__Umul8_16                        text20       1D82
__end_of___fladd                          text3        1000
__end_of___fldiv                          text4        0DD3
__end_of___flmul                          text19       076E
__end_of___flsub                          text2        1C7C
__end_of___fltol                          text28       07D9
__end_of___lldiv                          text12       12D3
__end_of___lwdiv                          text34       10AE
__end_of___lwmod                          text18       1EB6
__end_of___wmul                           text27       1D3D
__end_of___xxtofl                         text9        13DA
__end_of__initialization                  cinit        0033
__end_of__stringtab                       strings      1010
__end_of_captura                          text8        1B51
__end_of_isr                              text62       14C3
__end_of_itoa                             text16       1CDA
__end_of_main                             maintext     15B1
__end_of_mediaLeituraPt100Umidadde        text1        094B
__end_of_my_delay_ms                      text7        1F55
__end_of_my_delay_ms_WDT                  text56       1F8D
__end_of_strcat                           text15       0830
__end_of_strcpy                           text14       1C5E
__end_of_strlen                           text30       1C23
__end_of_utoa                             text17       1337
__end_oflog@coeff                         strings      1048
__initialization                          cinit        0015
__pbssBANK0                               bssBANK0     0066
__pbssBANK1                               bssBANK1     00CD
__pbssBANK3                               bssBANK3     0190
__pbssCOMMON                              bssCOMMON    0078
__pcstackBANK0                            cstackBANK0  0020
__pcstackBANK1                            cstackBANK1  00A0
__pcstackCOMMON                           cstackCOMMON 0070
__pintentry                               intentry     0004
__pmaintext                               maintext     14C3
__pstrings                                strings      1000
__ptext1                                  text1        0830
__ptext10                                 text10       10AE
__ptext11                                 text11       1E21
__ptext12                                 text12       1275
__ptext13                                 text13       0037
__ptext14                                 text14       1C40
__ptext15                                 text15       0804
__ptext16                                 text16       1CBA
__ptext17                                 text17       12D3
__ptext18                                 text18       1E84
__ptext19                                 text19       0479
__ptext2                                  text2        1C5E
__ptext20                                 text20       1D5F
__ptext21                                 text21       1218
__ptext22                                 text22       1D82
__ptext23                                 text23       1DA6
__ptext24                                 text24       1B3E
__ptext25                                 text25       1EB6
__ptext26                                 text26       11BE
__ptext27                                 text27       1D1C
__ptext28                                 text28       076E
__ptext29                                 text29       1BED
__ptext3                                  text3        0DD3
__ptext30                                 text30       1C07
__ptext31                                 text31       1128
__ptext32                                 text32       105D
__ptext33                                 text33       1D3D
__ptext34                                 text34       1072
__ptext35                                 text35       1F8D
__ptext36                                 text36       1BA6
__ptext37                                 text37       1B72
__ptext38                                 text38       1C23
__ptext39                                 text39       1DF7
__ptext4                                  text4        0C32
__ptext40                                 text40       1E52
__ptext41                                 text41       1FC5
__ptext42                                 text42       1C9B
__ptext43                                 text43       1DCE
__ptext44                                 text44       1CFB
__ptext45                                 text45       15B1
__ptext46                                 text46       1B91
__ptext47                                 text47       094B
__ptext48                                 text48       07D9
__ptext49                                 text49       1BBC
__ptext5                                  text5        1BD4
__ptext50                                 text50       0ABB
__ptext51                                 text51       1B67
__ptext52                                 text52       1EE9
__ptext53                                 text53       10EA
__ptext54                                 text54       1C7C
__ptext55                                 text55       16A3
__ptext56                                 text56       1F55
__ptext57                                 text57       1B5C
__ptext58                                 text58       1B35
__ptext59                                 text59       1B81
__ptext6                                  text6        1169
__ptext60                                 text60       1CDA
__ptext61                                 text61       1B51
__ptext62                                 text62       13DA
__ptext7                                  text7        1F1E
__ptext8                                  text8        1B47
__ptext9                                  text9        1337
__size_of_ADC_Media_10bits                (abs)        0000
__size_of_ADC_init                        (abs)        0000
__size_of_Decodify_Command                (abs)        0000
__size_of_EEPROM_24C1025_Fill_All         (abs)        0000
__size_of_EEPROM_24C1025_Read_Buffer      (abs)        0000
__size_of_EEPROM_24C1025_Read_Byte        (abs)        0000
__size_of_EEPROM_24C1025_Read_Int         (abs)        0000
__size_of_EEPROM_24C1025_Read_Str         (abs)        0000
__size_of_EEPROM_24C1025_Write_Buffer     (abs)        0000
__size_of_EEPROM_24C1025_Write_Byte       (abs)        0000
__size_of_EEPROM_24C1025_Write_Int        (abs)        0000
__size_of_EEPROM_24C1025_Write_Str        (abs)        0000
__size_of_EEPROM_Read_Byte                (abs)        0000
__size_of_EEPROM_Read_Integer             (abs)        0000
__size_of_EEPROM_Read_String              (abs)        0000
__size_of_EEPROM_Write_Byte               (abs)        0000
__size_of_EEPROM_Write_Integer            (abs)        0000
__size_of_EEPROM_Write_String             (abs)        0000
__size_of_I2C_Master_Init                 (abs)        0000
__size_of_I2C_Master_Read                 (abs)        0000
__size_of_I2C_Master_RepeatedStart        (abs)        0000
__size_of_I2C_Master_Start                (abs)        0000
__size_of_I2C_Master_Stop                 (abs)        0000
__size_of_I2C_Master_Wait                 (abs)        0000
__size_of_I2C_Master_Write                (abs)        0000
__size_of_PROCULUS_Buzzer                 (abs)        0000
__size_of_PROCULUS_Control_Register_Write (abs)        0000
__size_of_PROCULUS_Delay                  (abs)        0000
__size_of_PROCULUS_Show_Screen            (abs)        0000
__size_of_PROCULUS_VP_Write               (abs)        0000
__size_of_PROCULUS_VP_Write_String        (abs)        0000
__size_of_Package_Usart_is_for_me         (abs)        0000
__size_of_Save_Log                        (abs)        0000
__size_of_Send_Reply_OK                   (abs)        0000
__size_of_Send_To_MB                      (abs)        0000
__size_of_USART_init                      (abs)        0000
__size_of_USART_put_buffer                (abs)        0000
__size_of_USART_put_int                   (abs)        0000
__size_of_USART_put_string                (abs)        0000
__size_of_USART_putc                      (abs)        0000
__size_of_USART_to_Protocol               (abs)        0000
__size_of__Umul8_16                       (abs)        0000
__size_of___fladd                         (abs)        0000
__size_of___fldiv                         (abs)        0000
__size_of___flmul                         (abs)        0000
__size_of___flsub                         (abs)        0000
__size_of___fltol                         (abs)        0000
__size_of___lldiv                         (abs)        0000
__size_of___lwdiv                         (abs)        0000
__size_of___lwmod                         (abs)        0000
__size_of___wmul                          (abs)        0000
__size_of___xxtofl                        (abs)        0000
__size_of_captura                         (abs)        0000
__size_of_isr                             (abs)        0000
__size_of_itoa                            (abs)        0000
__size_of_main                            (abs)        0000
__size_of_mediaLeituraPt100Umidadde       (abs)        0000
__size_of_my_delay_ms                     (abs)        0000
__size_of_my_delay_ms_WDT                 (abs)        0000
__size_of_strcat                          (abs)        0000
__size_of_strcpy                          (abs)        0000
__size_of_strlen                          (abs)        0000
__size_of_utoa                            (abs)        0000
__stringbase                              strings      100F
__stringtab                               strings      1000
_buffer                                   bssBANK3     01BE
_canal                                    bssBANK0     006A
_captura                                  text8        1B47
_count                                    bssBANK1     00D5
_destino                                  bssBANK0     0068
_generic_status                           bssBANK0     006C
_header                                   bssBANK1     00D7
_hora                                     bssBANK1     00DD
_isr                                      text62       13DA
_itoa                                     text16       1CBA
_main                                     maintext     14C3
_mediaLeituraPt100Umidadde                text1        0830
_milisegundo                              bssBANK1     00D9
_minuto                                   bssBANK1     00DC
_my_delay_ms                              text7        1F1E
_my_delay_ms_WDT                          text56       1F55
_pointer                                  bssBANK1     00DB
_segundo                                  bssBANK1     00DE
_statuspower                              bssBANK0     006B
_strcat                                   text15       0804
_strcpy                                   text14       1C40
_strlen                                   text30       1C07
_tempodecorrido                           bssBANK3     0192
_texto                                    bssBANK3     01DE
_usart_buffer                             bssBANK3     0194
_usart_protocol                           bssBANK1     00DF
_utoa                                     text17       12D3
btemp                                     (abs)        007E
clear_ram0                                clrtext      1B2D
end_of_initialization                     cinit        0033
interrupt_function                        intentry     0004
intlevel0                                 functab      0000
intlevel1                                 functab      0000
intlevel2                                 functab      0000
intlevel3                                 functab      0000
intlevel4                                 functab      0000
intlevel5                                 functab      0000
isr@tempo                                 cstackCOMMON 0076
itoa@base                                 cstackBANK0  0033
itoa@buf                                  cstackBANK0  0037
itoa@val                                  cstackBANK0  0031
main@reset                                cstackBANK0  0064
mediaLeituraPt100Umidadde@Temp            cstackBANK0  005D
mediaLeituraPt100Umidadde@canal           cstackBANK0  005B
mediaLeituraPt100Umidadde@i               cstackBANK0  005C
mediaLeituraPt100Umidadde@tensao          cstackBANK0  0057
my_delay_ms@i                             cstackBANK0  0026
my_delay_ms@time                          cstackBANK0  0020
my_delay_ms_WDT@i                         cstackBANK0  0026
my_delay_ms_WDT@time                      cstackBANK0  0020
reset_vec                                 reset_vec    0000
saved_w                                   (abs)        007E
start                                     init         0012
start_initialization                      cinit        0015
strcat@cp                                 cstackBANK0  0023
strcat@from                               cstackBANK0  0020
strcat@to                                 cstackBANK0  0024
strcpy@cp                                 cstackBANK0  0023
strcpy@from                               cstackBANK0  0020
strcpy@to                                 cstackBANK0  0022
strlen@cp                                 cstackBANK0  0022
strlen@s                                  cstackBANK0  0020
utoa@base                                 cstackBANK0  002A
utoa@buf                                  cstackBANK0  0030
utoa@c                                    cstackBANK0  002F
utoa@v                                    cstackBANK0  002D
utoa@val                                  cstackBANK0  0028
wtemp0                                    (abs)        007E


FUNCTION INFORMATION:

 *************** function _main *****************
 Defined at:
		line 145 in file "SlaveLiofilizadorVer1.c"
 Parameters:    Size  Location     Type
		None
 Auto vars:     Size  Location     Type
  reset           2   68[BANK0 ] unsigned int 
 Return value:  Size  Location     Type
                  1    wreg      void 
 Registers used:
		wreg, fsr0l, fsr0h, status,2, status,0, btemp+1, pclath, cstack
 Tracked objects:
		On entry : 
		On exit  : 
		Unchanged: 
 Data sizes:     COMMON   BANK0   BANK1   BANK3   BANK2
      Params:         0       0       0       0       0
      Locals:         0       2       0       0       0
      Temps:          0       3       0       0       0
      Totals:         0       5       0       0       0
Total ram usage:        5 bytes
 Hardware stack levels required when called:    7
 This function calls:
		_ADC_init
		_Decodify_Command
		_EEPROM_Read_Integer
		_EEPROM_Write_Integer
		_I2C_Master_Init
		_USART_init
		_mediaLeituraPt100Umidadde
		_my_delay_ms_WDT
 This function is called by:
		Startup code after reset
 This function uses a non-reentrant model


 *************** function _mediaLeituraPt100Umidadde *****************
 Defined at:
		line 733 in file "SlaveLiofilizadorVer1.c"
 Parameters:    Size  Location     Type
  canal           1    wreg     unsigned char 
 Auto vars:     Size  Location     Type
  canal           1   59[BANK0 ] unsigned char 
  Temp            4   61[BANK0 ] float 
  tensao          4   55[BANK0 ] float 
  i               1   60[BANK0 ] unsigned char 
 Return value:  Size  Location     Type
                  1    wreg      void 
 Registers used:
		wreg, status,2, status,0, btemp+1, pclath, cstack
 Tracked objects:
		On entry : 
		On exit  : 
		Unchanged: 
 Data sizes:     COMMON   BANK0   BANK1   BANK3   BANK2
      Params:         0       0       0       0       0
      Locals:         0      10       0       0       0
      Temps:          0       4       0       0       0
      Totals:         0      14       0       0       0
Total ram usage:       14 bytes
 Hardware stack levels used:    1
 Hardware stack levels required when called:    3
 This function calls:
		_ADC_Media_10bits
		_Package_Usart_is_for_me
		___fladd
		___fldiv
		___flmul
		___flsub
		___xxtofl
		_my_delay_ms
 This function is called by:
		_main
 This function uses a non-reentrant model


 *************** function ___flsub *****************
 Defined at:
		line 242 in file "C:\Program Files (x86)\Microchip\xc8\v2.10\pic\sources\c90\common\sprcadd.c"
 Parameters:    Size  Location     Type
  a               4   43[BANK0 ] void 
  b               4   47[BANK0 ] void 
 Auto vars:     Size  Location     Type
		None
 Return value:  Size  Location     Type
                  4   43[BANK0 ] void 
 Registers used:
		wreg, status,2, status,0, btemp+1, pclath, cstack
 Tracked objects:
		On entry : 
		On exit  : 
		Unchanged: 
 Data sizes:     COMMON   BANK0   BANK1   BANK3   BANK2
      Params:         0       8       0       0       0
      Locals:         0       0       0       0       0
      Temps:          0       0       0       0       0
      Totals:         0       8       0       0       0
Total ram usage:        8 bytes
 Hardware stack levels used:    1
 Hardware stack levels required when called:    2
 This function calls:
		___fladd
 This function is called by:
		_mediaLeituraPt100Umidadde
 This function uses a non-reentrant model


 *************** function ___fladd *****************
 Defined at:
		line 10 in file "C:\Program Files (x86)\Microchip\xc8\v2.10\pic\sources\c90\common\sprcadd.c"
 Parameters:    Size  Location     Type
  b               4   23[BANK0 ] void 
  a               4   27[BANK0 ] void 
 Auto vars:     Size  Location     Type
  grs             1   42[BANK0 ] unsigned char 
  bexp            1   41[BANK0 ] unsigned char 
  aexp            1   40[BANK0 ] unsigned char 
  signs           1   39[BANK0 ] unsigned char 
 Return value:  Size  Location     Type
                  4   23[BANK0 ] unsigned char 
 Registers used:
		wreg, status,2, status,0, btemp+1
 Tracked objects:
		On entry : 
		On exit  : 
		Unchanged: 
 Data sizes:     COMMON   BANK0   BANK1   BANK3   BANK2
      Params:         0       8       0       0       0
      Locals:         0       4       0       0       0
      Temps:          0       8       0       0       0
      Totals:         0      20       0       0       0
Total ram usage:       20 bytes
 Hardware stack levels used:    1
 Hardware stack levels required when called:    1
 This function calls:
		Nothing
 This function is called by:
		_mediaLeituraPt100Umidadde
		___flsub
 This function uses a non-reentrant model


 *************** function ___fldiv *****************
 Defined at:
		line 8 in file "C:\Program Files (x86)\Microchip\xc8\v2.10\pic\sources\c90\common\sprcdiv.c"
 Parameters:    Size  Location     Type
  a               4   14[BANK0 ] unsigned char 
  b               4   18[BANK0 ] unsigned char 
 Auto vars:     Size  Location     Type
  grs             4   34[BANK0 ] unsigned long 
  rem             4   27[BANK0 ] unsigned long 
  new_exp         2   32[BANK0 ] int 
  aexp            1   39[BANK0 ] unsigned char 
  bexp            1   38[BANK0 ] unsigned char 
  sign            1   31[BANK0 ] unsigned char 
 Return value:  Size  Location     Type
                  4   14[BANK0 ] unsigned char 
 Registers used:
		wreg, status,2, status,0, btemp+1
 Tracked objects:
		On entry : 
		On exit  : 
		Unchanged: 
 Data sizes:     COMMON   BANK0   BANK1   BANK3   BANK2
      Params:         0       8       0       0       0
      Locals:         0      13       0       0       0
      Temps:          0       5       0       0       0
      Totals:         0      26       0       0       0
Total ram usage:       26 bytes
 Hardware stack levels used:    1
 Hardware stack levels required when called:    1
 This function calls:
		Nothing
 This function is called by:
		_mediaLeituraPt100Umidadde
 This function uses a non-reentrant model


 *************** function _Package_Usart_is_for_me *****************
 Defined at:
		line 8 in file "protocolo.c"
 Parameters:    Size  Location     Type
		None
 Auto vars:     Size  Location     Type
  retorno         1    0[BANK0 ] unsigned char 
 Return value:  Size  Location     Type
                  1    wreg      unsigned char 
 Registers used:
		wreg, status,2, status,0
 Tracked objects:
		On entry : 
		On exit  : 
		Unchanged: 
 Data sizes:     COMMON   BANK0   BANK1   BANK3   BANK2
      Params:         0       0       0       0       0
      Locals:         0       1       0       0       0
      Temps:          0       0       0       0       0
      Totals:         0       1       0       0       0
Total ram usage:        1 bytes
 Hardware stack levels used:    1
 Hardware stack levels required when called:    1
 This function calls:
		Nothing
 This function is called by:
		_mediaLeituraPt100Umidadde
 This function uses a non-reentrant model


 *************** function _ADC_Media_10bits *****************
 Defined at:
		line 20 in file "adc.c"
 Parameters:    Size  Location     Type
  canal           1    wreg     unsigned char 
 Auto vars:     Size  Location     Type
  canal           1   19[BANK0 ] unsigned char 
  value           2   20[BANK0 ] unsigned int 
  i               1   22[BANK0 ] unsigned char 
 Return value:  Size  Location     Type
                  4   14[BANK0 ] float 
 Registers used:
		wreg, status,2, status,0, btemp+1, pclath, cstack
 Tracked objects:
		On entry : 
		On exit  : 
		Unchanged: 
 Data sizes:     COMMON   BANK0   BANK1   BANK3   BANK2
      Params:         0       4       0       0       0
      Locals:         0       4       0       0       0
      Temps:          0       1       0       0       0
      Totals:         0       9       0       0       0
Total ram usage:        9 bytes
 Hardware stack levels used:    1
 Hardware stack levels required when called:    2
 This function calls:
		___lwdiv
		___xxtofl
		_captura
		_my_delay_ms
 This function is called by:
		_mediaLeituraPt100Umidadde
 This function uses a non-reentrant model


 *************** function _my_delay_ms *****************
 Defined at:
		line 5 in file "my_delay.c"
 Parameters:    Size  Location     Type
  time            4    0[BANK0 ] long 
 Auto vars:     Size  Location     Type
  i               4    6[BANK0 ] long 
 Return value:  Size  Location     Type
                  1    wreg      void 
 Registers used:
		wreg, btemp+1
 Tracked objects:
		On entry : 
		On exit  : 
		Unchanged: 
 Data sizes:     COMMON   BANK0   BANK1   BANK3   BANK2
      Params:         0       4       0       0       0
      Locals:         0       4       0       0       0
      Temps:          0       2       0       0       0
      Totals:         0      10       0       0       0
Total ram usage:       10 bytes
 Hardware stack levels used:    1
 Hardware stack levels required when called:    1
 This function calls:
		Nothing
 This function is called by:
		_mediaLeituraPt100Umidadde
		_ADC_Media_10bits
 This function uses a non-reentrant model


 *************** function _captura *****************
 Defined at:
		line 123 in file "adc.c"
 Parameters:    Size  Location     Type
		None
 Auto vars:     Size  Location     Type
		None
 Return value:  Size  Location     Type
                  2    0[BANK0 ] unsigned int 
 Registers used:
		wreg
 Tracked objects:
		On entry : 
		On exit  : 
		Unchanged: 
 Data sizes:     COMMON   BANK0   BANK1   BANK3   BANK2
      Params:         0       2       0       0       0
      Locals:         0       0       0       0       0
      Temps:          0       0       0       0       0
      Totals:         0       2       0       0       0
Total ram usage:        2 bytes
 Hardware stack levels used:    1
 Hardware stack levels required when called:    1
 This function calls:
		Nothing
 This function is called by:
		_ADC_Media_10bits
 This function uses a non-reentrant model


 *************** function ___xxtofl *****************
 Defined at:
		line 10 in file "C:\Program Files (x86)\Microchip\xc8\v2.10\pic\sources\c90\common\xxtofl.c"
 Parameters:    Size  Location     Type
  sign            1    wreg     unsigned char 
  val             4    0[BANK0 ] long 
 Auto vars:     Size  Location     Type
  sign            1    8[BANK0 ] unsigned char 
  arg             4   10[BANK0 ] unsigned long 
  exp             1    9[BANK0 ] unsigned char 
 Return value:  Size  Location     Type
                  4    0[BANK0 ] unsigned char 
 Registers used:
		wreg, status,2, status,0
 Tracked objects:
		On entry : 
		On exit  : 
		Unchanged: 
 Data sizes:     COMMON   BANK0   BANK1   BANK3   BANK2
      Params:         0       4       0       0       0
      Locals:         0       6       0       0       0
      Temps:          0       4       0       0       0
      Totals:         0      14       0       0       0
Total ram usage:       14 bytes
 Hardware stack levels used:    1
 Hardware stack levels required when called:    1
 This function calls:
		Nothing
 This function is called by:
		_mediaLeituraPt100Umidadde
		_ADC_Media_10bits
 This function uses a non-reentrant model


 *************** function _USART_init *****************
 Defined at:
		line 18 in file "usart.c"
 Parameters:    Size  Location     Type
  baudrate        4    0[BANK0 ] unsigned long 
 Auto vars:     Size  Location     Type
  i               1    6[BANK0 ] unsigned char 
  erro            1    0        unsigned char 
 Return value:  Size  Location     Type
                  1    wreg      void 
 Registers used:
		wreg, status,2, status,0
 Tracked objects:
		On entry : 
		On exit  : 
		Unchanged: 
 Data sizes:     COMMON   BANK0   BANK1   BANK3   BANK2
      Params:         0       4       0       0       0
      Locals:         0       2       0       0       0
      Temps:          0       1       0       0       0
      Totals:         0       7       0       0       0
Total ram usage:        7 bytes
 Hardware stack levels used:    1
 Hardware stack levels required when called:    1
 This function calls:
		Nothing
 This function is called by:
		_main
 This function uses a non-reentrant model


 *************** function _I2C_Master_Init *****************
 Defined at:
		line 7 in file "I2C.c"
 Parameters:    Size  Location     Type
  c               4   14[BANK0 ] const unsigned long 
 Auto vars:     Size  Location     Type
		None
 Return value:  Size  Location     Type
                  1    wreg      void 
 Registers used:
		wreg, status,2, status,0, pclath, cstack
 Tracked objects:
		On entry : 
		On exit  : 
		Unchanged: 
 Data sizes:     COMMON   BANK0   BANK1   BANK3   BANK2
      Params:         0       4       0       0       0
      Locals:         0       0       0       0       0
      Temps:          0       4       0       0       0
      Totals:         0       8       0       0       0
Total ram usage:        8 bytes
 Hardware stack levels used:    1
 Hardware stack levels required when called:    2
 This function calls:
		___lldiv
 This function is called by:
		_main
 This function uses a non-reentrant model


 *************** function ___lldiv *****************
 Defined at:
		line 5 in file "C:\Program Files (x86)\Microchip\xc8\v2.10\pic\sources\c90\common\__lldiv.c"
 Parameters:    Size  Location     Type
  divisor         4    0[BANK0 ] unsigned long 
  dividend        4    4[BANK0 ] unsigned long 
 Auto vars:     Size  Location     Type
  quotient        4    9[BANK0 ] unsigned long 
  counter         1   13[BANK0 ] unsigned char 
 Return value:  Size  Location     Type
                  4    0[BANK0 ] unsigned long 
 Registers used:
		wreg, status,2, status,0
 Tracked objects:
		On entry : 
		On exit  : 
		Unchanged: 
 Data sizes:     COMMON   BANK0   BANK1   BANK3   BANK2
      Params:         0       8       0       0       0
      Locals:         0       5       0       0       0
      Temps:          0       1       0       0       0
      Totals:         0      14       0       0       0
Total ram usage:       14 bytes
 Hardware stack levels used:    1
 Hardware stack levels required when called:    1
 This function calls:
		Nothing
 This function is called by:
		_I2C_Master_Init
 This function uses a non-reentrant model


 *************** function _Decodify_Command *****************
 Defined at:
		line 305 in file "SlaveLiofilizadorVer1.c"
 Parameters:    Size  Location     Type
		None
 Auto vars:     Size  Location     Type
  ss             10   20[BANK1 ] unsigned char [10]
  mm             10   10[BANK1 ] unsigned char [10]
  hh             10    0[BANK1 ] unsigned char [10]
  sizedata        1   40[BANK1 ] unsigned char 
  add             1   32[BANK1 ] unsigned char 
  add_24LCxxxx    4   41[BANK1 ] unsigned long 
  OutPut          4   35[BANK1 ] float 
  tempint         2   33[BANK1 ] int 
  dados           2   30[BANK1 ] int 
  tempchar        1   39[BANK1 ] unsigned char 
 Return value:  Size  Location     Type
                  1    wreg      void 
 Registers used:
		wreg, fsr0l, fsr0h, status,2, status,0, btemp+1, pclath, cstack
 Tracked objects:
		On entry : 
		On exit  : 
		Unchanged: 
 Data sizes:     COMMON   BANK0   BANK1   BANK3   BANK2
      Params:         0       0       0       0       0
      Locals:         0       0      45       0       0
      Temps:          0       4       0       0       0
      Totals:         0       4      45       0       0
[...]
 Hardware stack levels required when called:    3
 This function calls:
		_I2C_Master_Read
		_I2C_Master_RepeatedStart
		_I2C_Master_Start
		_I2C_Master_Stop
		_I2C_Master_Write
		_my_delay_ms_WDT
 This function is called by:
		_EEPROM_24C1025_Read_Byte
		_EEPROM_24C1025_Read_Int
		_Decodify_Command
 This function uses a non-reentrant model


 *************** function _I2C_Master_RepeatedStart *****************
 Defined at:
		line 62 in file "I2C.c"
 Parameters:    Size  Location     Type
		None
 Auto vars:     Size  Location     Type
		None
 Return value:  Size  Location     Type
                  1    wreg      void 
 Registers used:
		wreg, status,2, status,0, pclath, cstack
 Tracked objects:
		On entry : 
		On exit  : 
		Unchanged: 
 Data sizes:     COMMON   BANK0   BANK1   BANK3   BANK2
      Params:         0       0       0       0       0
      Locals:         0       0       0       0       0
      Temps:          0       0       0       0       0
      Totals:         0       0       0       0       0
Total ram usage:        0 bytes
 Hardware stack levels used:    1
 Hardware stack levels required when called:    2
 This function calls:
		_I2C_Master_Wait
 This function is called by:
		_EEPROM_24C1025_Read_Buffer
		_EEPROM_24C1025_Read_Str
 This function uses a non-reentrant model


 *************** function _I2C_Master_Read *****************
 Defined at:
		line 87 in file "I2C.c"
 Parameters:    Size  Location     Type
  a               2    3[BANK0 ] unsigned short 
 Auto vars:     Size  Location     Type
  temp            2    7[BANK0 ] unsigned short 
 Return value:  Size  Location     Type
                  2    3[BANK0 ] unsigned short 
 Registers used:
		wreg, status,2, status,0, pclath, cstack
 Tracked objects:
		On entry : 
		On exit  : 
		Unchanged: 
 Data sizes:     COMMON   BANK0   BANK1   BANK3   BANK2
      Params:         0       2       0       0       0
      Locals:         0       2       0       0       0
      Temps:          0       2       0       0       0
      Totals:         0       6       0       0       0
Total ram usage:        6 bytes
 Hardware stack levels used:    1
 Hardware stack levels required when called:    2
 This function calls:
		_I2C_Master_Wait
 This function is called by:
		_EEPROM_24C1025_Read_Buffer
		_EEPROM_24C1025_Read_Str
 This function uses a non-reentrant model


 *************** function _EEPROM_24C1025_Fill_All *****************
 Defined at:
		line 294 in file "EEPROM_24C1025.c"
 Parameters:    Size  Location     Type
  chip_add        1    wreg     unsigned char 
  value           2   33[BANK0 ] unsigned int 
 Auto vars:     Size  Location     Type
  chip_add        1   35[BANK0 ] unsigned char 
  mem_add         4   36[BANK0 ] unsigned long 
 Return value:  Size  Location     Type
                  1    wreg      void 
 Registers used:
		wreg, fsr0l, fsr0h, status,2, status,0, btemp+1, pclath, cstack
 Tracked objects:
		On entry : 
		On exit  : 
		Unchanged: 
 Data sizes:     COMMON   BANK0   BANK1   BANK3   BANK2
      Params:         0       2       0       0       0
      Locals:         0       5       0       0       0
      Temps:          0       0       0       0       0
      Totals:         0       7       0       0       0
Total ram usage:        7 bytes
 Hardware stack levels used:    1
 Hardware stack levels required when called:    5
 This function calls:
		_EEPROM_24C1025_Write_Int
 This function is called by:
		_Decodify_Command
 This function uses a non-reentrant model


 *************** function _EEPROM_24C1025_Write_Int *****************
 Defined at:
		line 279 in file "EEPROM_24C1025.c"
 Parameters:    Size  Location     Type
  chip_add        1    wreg     unsigned char 
  mem_add         4   22[BANK0 ] unsigned long 
  data            2   26[BANK0 ] int 
 Auto vars:     Size  Location     Type
  chip_add        1   30[BANK0 ] unsigned char 
  local           2   31[BANK0 ] unsigned char [2]
 Return value:  Size  Location     Type
                  1    wreg      void 
 Registers used:
		wreg, fsr0l, fsr0h, status,2, status,0, btemp+1, pclath, cstack
 Tracked objects:
		On entry : 
		On exit  : 
		Unchanged: 
 Data sizes:     COMMON   BANK0   BANK1   BANK3   BANK2
      Params:         0       6       0       0       0
      Locals:         0       3       0       0       0
      Temps:          0       2       0       0       0
      Totals:         0      11       0       0       0
Total ram usage:       11 bytes
 Hardware stack levels used:    1
 Hardware stack levels required when called:    4
 This function calls:
		_EEPROM_24C1025_Write_Buffer
 This function is called by:
		_EEPROM_24C1025_Fill_All
		_Decodify_Command
		_Save_Log
 This function uses a non-reentrant model


 *************** function _EEPROM_24C1025_Write_Buffer *****************
 Defined at:
		line 14 in file "EEPROM_24C1025.c"
 Parameters:    Size  Location     Type
  chip_add        1    wreg     unsigned char 
  mem_add         4   10[BANK0 ] unsigned long 
  sizedata        1   14[BANK0 ] unsigned char 
  data            1   15[BANK0 ] PTR unsigned char 
		 -> usart_protocol.value(10), usart_protocol(16), EEPROM_24C1025_Write_Int@local(2), EEPROM_24C1025_Write_Byte@data(1), 
 Auto vars:     Size  Location     Type
  chip_add        1   19[BANK0 ] unsigned char 
  ctrl            1   21[BANK0 ] unsigned char 
  range           1   20[BANK0 ] unsigned char 
  count           1   18[BANK0 ] unsigned char 
 Return value:  Size  Location     Type
                  1    wreg      void 
 Registers used:
		wreg, fsr0l, fsr0h, status,2, status,0, btemp+1, pclath, cstack
 Tracked objects:
		On entry : 
		On exit  : 
		Unchanged: 
 Data sizes:     COMMON   BANK0   BANK1   BANK3   BANK2
      Params:         0       6       0       0       0
      Locals:         0       4       0       0       0
      Temps:          0       2       0       0       0
      Totals:         0      12       0       0       0
Total ram usage:       12 bytes
 Hardware stack levels used:    1
 Hardware stack levels required when called:    3
 This function calls:
		_I2C_Master_Start
		_I2C_Master_Stop
		_I2C_Master_Write
		_my_delay_ms_WDT
 This function is called by:
		_EEPROM_24C1025_Write_Byte
		_EEPROM_24C1025_Write_Int
		_Decodify_Command
 This function uses a non-reentrant model


 *************** function _my_delay_ms_WDT *****************
 Defined at:
		line 13 in file "my_delay.c"
 Parameters:    Size  Location     Type
  time            4    0[BANK0 ] long 
 Auto vars:     Size  Location     Type
  i               4    6[BANK0 ] long 
 Return value:  Size  Location     Type
                  1    wreg      void 
 Registers used:
		wreg, btemp+1
 Tracked objects:
		On entry : 
		On exit  : 
		Unchanged: 
 Data sizes:     COMMON   BANK0   BANK1   BANK3   BANK2
      Params:         0       4       0       0       0
      Locals:         0       4       0       0       0
      Temps:          0       2       0       0       0
      Totals:         0      10       0       0       0
Total ram usage:       10 bytes
 Hardware stack levels used:    1
 Hardware stack levels required when called:    1
 This function calls:
		Nothing
 This function is called by:
		_EEPROM_24C1025_Write_Buffer
		_EEPROM_24C1025_Read_Buffer
		_EEPROM_24C1025_Write_Str
		_EEPROM_24C1025_Read_Str
		_main
 This function uses a non-reentrant model


 *************** function _I2C_Master_Write *****************
 Defined at:
		line 79 in file "I2C.c"
 Parameters:    Size  Location     Type
  d               2    3[BANK0 ] unsigned int 
 Auto vars:     Size  Location     Type
		None
 Return value:  Size  Location     Type
                  1    wreg      void 
 Registers used:
		wreg, status,2, status,0, pclath, cstack
 Tracked objects:
		On entry : 
		On exit  : 
		Unchanged: 
 Data sizes:     COMMON   BANK0   BANK1   BANK3   BANK2
      Params:         0       2       0       0       0
      Locals:         0       0       0       0       0
      Temps:          0       0       0       0       0
      Totals:         0       2       0       0       0
Total ram usage:        2 bytes
 Hardware stack levels used:    1
 Hardware stack levels required when called:    2
 This function calls:
		_I2C_Master_Wait
 This function is called by:
		_EEPROM_24C1025_Write_Buffer
		_EEPROM_24C1025_Read_Buffer
		_EEPROM_24C1025_Write_Str
		_EEPROM_24C1025_Read_Str
 This function uses a non-reentrant model


 *************** function _I2C_Master_Stop *****************
 Defined at:
		line 70 in file "I2C.c"
 Parameters:    Size  Location     Type
		None
 Auto vars:     Size  Location     Type
		None
 Return value:  Size  Location     Type
                  1    wreg      void 
 Registers used:
		wreg, status,2, status,0, pclath, cstack
 Tracked objects:
		On entry : 
		On exit  : 
		Unchanged: 
 Data sizes:     COMMON   BANK0   BANK1   BANK3   BANK2
      Params:         0       0       0       0       0
      Locals:         0       0       0       0       0
      Temps:          0       0       0       0       0
      Totals:         0       0       0       0       0
Total ram usage:        0 bytes
 Hardware stack levels used:    1
 Hardware stack levels required when called:    2
 This function calls:
		_I2C_Master_Wait
 This function is called by:
		_EEPROM_24C1025_Write_Buffer
		_EEPROM_24C1025_Read_Buffer
		_EEPROM_24C1025_Write_Str
		_EEPROM_24C1025_Read_Str
 This function uses a non-reentrant model


 *************** function _I2C_Master_Start *****************
 Defined at:
		line 52 in file "I2C.c"
 Parameters:    Size  Location     Type
		None
 Auto vars:     Size  Location     Type
		None
 Return value:  Size  Location     Type
                  1    wreg      void 
 Registers used:
		wreg, status,2, status,0, pclath, cstack
 Tracked objects:
		On entry : 
		On exit  : 
		Unchanged: 
 Data sizes:     COMMON   BANK0   BANK1   BANK3   BANK2
      Params:         0       0       0       0       0
      Locals:         0       0       0       0       0
      Temps:          0       0       0       0       0
      Totals:         0       0       0       0       0
Total ram usage:        0 bytes
 Hardware stack levels used:    1
 Hardware stack levels required when called:    2
 This function calls:
		_I2C_Master_Wait
 This function is called by:
		_EEPROM_24C1025_Write_Buffer
		_EEPROM_24C1025_Read_Buffer
		_EEPROM_24C1025_Write_Str
		_EEPROM_24C1025_Read_Str
 This function uses a non-reentrant model


 *************** function _I2C_Master_Wait *****************
 Defined at:
		line 37 in file "I2C.c"
 Parameters:    Size  Location     Type
		None
 Auto vars:     Size  Location     Type
  tempo           1    2[BANK0 ] unsigned char 
 Return value:  Size  Location     Type
                  1    wreg      unsigned char 
 Registers used:
		wreg, status,2, status,0
 Tracked objects:
		On entry : 
		On exit  : 
		Unchanged: 
 Data sizes:     COMMON   BANK0   BANK1   BANK3   BANK2
      Params:         0       0       0       0       0
      Locals:         0       1       0       0       0
      Temps:          0       2       0       0       0
      Totals:         0       3       0       0       0
Total ram usage:        3 bytes
 Hardware stack levels used:    1
 Hardware stack levels required when called:    1
 This function calls:
		Nothing
 This function is called by:
		_I2C_Master_Start
		_I2C_Master_RepeatedStart
		_I2C_Master_Stop
		_I2C_Master_Write
		_I2C_Master_Read
 This function uses a non-reentrant model


 *************** function _ADC_init *****************
 Defined at:
		line 10 in file "adc.c"
 Parameters:    Size  Location     Type
		None
 Auto vars:     Size  Location     Type
		None
 Return value:  Size  Location     Type
                  1    wreg      void 
 Registers used:
		wreg, status,2, status,0
 Tracked objects:
		On entry : 
		On exit  : 
		Unchanged: 
 Data sizes:     COMMON   BANK0   BANK1   BANK3   BANK2
      Params:         0       0       0       0       0
      Locals:         0       0       0       0       0
      Temps:          0       0       0       0       0
      Totals:         0       0       0       0       0
Total ram usage:        0 bytes
 Hardware stack levels used:    1
 Hardware stack levels required when called:    1
 This function calls:
		Nothing
 This function is called by:
		_main
 This function uses a non-reentrant model


 *************** function _isr *****************
 Defined at:
		line 29 in file "isr.c"
 Parameters:    Size  Location     Type
		None
 Auto vars:     Size  Location     Type
  tempo           2    6[COMMON] unsigned int 
 Return value:  Size  Location     Type
                  1    wreg      void 
 Registers used:
		wreg, fsr0l, fsr0h, status,2, status,0, btemp+1
 Tracked objects:
		On entry : 
		On exit  : 
		Unchanged: 
 Data sizes:     COMMON   BANK0   BANK1   BANK3   BANK2
      Params:         0       0       0       0       0
      Locals:         2       0       0       0       0
      Temps:          6       0       0       0       0
      Totals:         8       0       0       0       0
Total ram usage:        8 bytes
 Hardware stack levels used:    1
 This function calls:
		Nothing
 This function is called by:
		Interrupt level 1
 This function uses a non-reentrant model



MODULE INFORMATION

Module		Function		Class		Link	Load	Size
protocolo.c
		_Package_Usart_is_for_me		CODE           	1BD4	0000	26

protocolo.c estimated size: 26

C:\Program Files (x86)\Microchip\xc8\v2.10\pic\sources\c90\common\lwdiv.c
		___lwdiv       		CODE           	1072	0000	61

C:\Program Files (x86)\Microchip\xc8\v2.10\pic\sources\c90\common\lwdiv.c estimated size: 61

C:\Program Files (x86)\Microchip\xc8\v2.10\pic\sources\c90\common\fltol.c
		___fltol       		CODE           	076E	0000	108

C:\Program Files (x86)\Microchip\xc8\v2.10\pic\sources\c90\common\fltol.c estimated size: 108

C:\Program Files (x86)\Microchip\xc8\v2.10\pic\sources\c90\common\Umul16.c
		___wmul        		CODE           	1D1C	0000	34

C:\Program Files (x86)\Microchip\xc8\v2.10\pic\sources\c90\common\Umul16.c estimated size: 34

my_delay.c
		_my_delay_ms_WDT		CODE           	1F55	0000	57
		_my_delay_ms   		CODE           	1F1E	0000	56

my_delay.c estimated size: 113

usart.c
		_USART_putc    		CODE           	1B72	0000	16
		_USART_to_Protocol		CODE           	1218	0000	94
		_USART_put_string		CODE           	1EB6	0000	52
		_USART_put_int 		CODE           	1BA6	0000	23
		_USART_put_buffer		CODE           	1D82	0000	37
		_USART_init    		CODE           	10AE	0000	61

usart.c estimated size: 283

I2C.c
		_I2C_Master_Read		CODE           	1EE9	0000	54
		_I2C_Master_Wait		CODE           	1CDA	0000	34
		_I2C_Master_Init		CODE           	1E21	0000	50
		_I2C_Master_Stop		CODE           	1B35	0000	10
		_I2C_Master_RepeatedStart		CODE           	1B67	0000	12
		_I2C_Master_Write		CODE           	1B5C	0000	12
		_I2C_Master_Start		CODE           	1B81	0000	17

I2C.c estimated size: 189

C:\Program Files (x86)\Microchip\xc8\v2.10\pic\sources\c90\common\itoa.c
		_itoa          		CODE           	1CBA	0000	33
		_utoa          		CODE           	12D3	0000	101

C:\Program Files (x86)\Microchip\xc8\v2.10\pic\sources\c90\common\itoa.c estimated size: 134

C:\Program Files (x86)\Microchip\xc8\v2.10\pic\sources\c90\common\sprcmul.c
		___flmul       		CODE           	0479	0000	758

C:\Program Files (x86)\Microchip\xc8\v2.10\pic\sources\c90\common\sprcmul.c estimated size: 758

proculus.c
		_PROCULUS_Control_Register_Write		CODE           	1F8D	0000	57
		_PROCULUS_Show_Screen		CODE           	105D	0000	22
		_PROCULUS_VP_Write_String		CODE           	1BED	0000	27
		_PROCULUS_VP_Write		CODE           	1128	0000	66
		_PROCULUS_Delay		CODE           	1C23	0000	30
		_PROCULUS_Buzzer		CODE           	1D3D	0000	35

proculus.c estimated size: 237

C:\Program Files (x86)\Microchip\xc8\v2.10\pic\sources\c90\common\Umul8_16.c
		__Umul8_16     		CODE           	1D5F	0000	36

C:\Program Files (x86)\Microchip\xc8\v2.10\pic\sources\c90\common\Umul8_16.c estimated size: 36

C:\Program Files (x86)\Microchip\xc8\v2.10\pic\sources\c90\common\__lldiv.c
		___lldiv       		CODE           	1275	0000	95

C:\Program Files (x86)\Microchip\xc8\v2.10\pic\sources\c90\common\__lldiv.c estimated size: 95

eeprom.c
		_EEPROM_Write_String		CODE           	1DF7	0000	43
		_EEPROM_Read_Byte		CODE           	1CFB	0000	34
		_EEPROM_Write_Byte		CODE           	1FC5	0000	60
		_EEPROM_Read_Integer		CODE           	1DCE	0000	42
		_EEPROM_Read_String		CODE           	1C9B	0000	32
		_EEPROM_Write_Integer		CODE           	1E52	0000	51

eeprom.c estimated size: 262

C:\Program Files (x86)\Microchip\xc8\v2.10\pic\sources\c90\common\sprcdiv.c
		___fldiv       		CODE           	0C32	0000	418

C:\Program Files (x86)\Microchip\xc8\v2.10\pic\sources\c90\common\sprcdiv.c estimated size: 418

adc.c
		_captura       		CODE           	1B47	0000	11
		_ADC_Media_10bits		CODE           	1169	0000	86
		_ADC_init      		CODE           	1B51	0000	12

adc.c estimated size: 109

SlaveLiofilizadorVer1.c
		_Send_To_MB    		CODE           	1DA6	0000	41
		_mediaLeituraPt100Umidadde		CODE           	0830	0000	284
		_main          		CODE           	14C3	0000	239
		_Decodify_Command		CODE           	0037	0000	1091
		_Send_Reply_OK 		CODE           	1B3E	0000	10
		_Save_Log      		CODE           	11BE	0000	91

SlaveLiofilizadorVer1.c estimated size: 1756

C:\Program Files (x86)\Microchip\xc8\v2.10\pic\sources\c90\common\strcat.c
		_strcat        		CODE           	0804	0000	45

C:\Program Files (x86)\Microchip\xc8\v2.10\pic\sources\c90\common\strcat.c estimated size: 45

isr.c
		_isr           		CODE           	13DA	0000	234

isr.c estimated size: 234

C:\Program Files (x86)\Microchip\xc8\v2.10\pic\sources\c90\common\xxtofl.c
		___xxtofl      		CODE           	1337	0000	164

C:\Program Files (x86)\Microchip\xc8\v2.10\pic\sources\c90\common\xxtofl.c estimated size: 164

shared
		_PT100_TRANSLADA		STRING         	0000	0000	0
		__stringtab    		STRING         	1000	0000	17
		_RESISTOR_ROOM_TEMP		STRING         	0000	0000	0
		_PT100_CONSTANT		STRING         	0000	0000	0
		_ROOM_TEMP     		STRING         	0000	0000	0
		_BETA          		STRING         	0000	0000	0
		__initialization		CODE           	0015	0000	31
		log@coeff      		STRING         	0000	0000	0
		_BALANCE_RESISTOR		STRING         	0000	0000	0
		_MAX_ADC       		STRING         	0000	0000	0

shared estimated size: 48

C:\Program Files (x86)\Microchip\xc8\v2.10\pic\sources\c90\common\strlen.c
		_strlen        		CODE           	1C07	0000	29

C:\Program Files (x86)\Microchip\xc8\v2.10\pic\sources\c90\common\strlen.c estimated size: 29

C:\Program Files (x86)\Microchip\xc8\v2.10\pic\sources\c90\common\strcpy.c
		_strcpy        		CODE           	1C40	0000	31

C:\Program Files (x86)\Microchip\xc8\v2.10\pic\sources\c90\common\strcpy.c estimated size: 31

C:\Program Files (x86)\Microchip\xc8\v2.10\pic\sources\c90\common\lwmod.c
		___lwmod       		CODE           	1E84	0000	51

C:\Program Files (x86)\Microchip\xc8\v2.10\pic\sources\c90\common\lwmod.c estimated size: 51

EEPROM_24C1025.c
		_EEPROM_24C1025_Read_Str		CODE           	094B	0000	369
		_EEPROM_24C1025_Write_Int		CODE           	1C7C	0000	32
		_EEPROM_24C1025_Read_Byte		CODE           	1BBC	0000	25
		_EEPROM_24C1025_Read_Buffer		CODE           	0ABB	0000	376
		_EEPROM_24C1025_Write_Byte		CODE           	1B91	0000	22
		_EEPROM_24C1025_Write_Buffer		CODE           	16A3	0000	350
		_EEPROM_24C1025_Fill_All		CODE           	10EA	0000	63
		_EEPROM_24C1025_Read_Int		CODE           	07D9	0000	40
		_EEPROM_24C1025_Write_Str		CODE           	15B1	0000	243

EEPROM_24C1025.c estimated size: 1520

C:\Program Files (x86)\Microchip\xc8\v2.10\pic\sources\c90\common\sprcadd.c
		___flsub       		CODE           	1C5E	0000	31
		___fladd       		CODE           	0DD3	0000	558

C:\Program Files (x86)\Microchip\xc8\v2.10\pic\sources\c90\common\sprcadd.c estimated size: 589

