Microchip MPLAB XC8 Compiler V2.10 ()

Linker command line:

-W-3 --edf=C:\Program Files (x86)\Microchip\xc8\v2.10\pic\dat\en_msgs.txt \
  -cs \
  -h+dist/default/production\Liofilizador_-_Placa_Filha.X.production.sym \
  --cmf=dist/default/production\Liofilizador_-_Placa_Filha.X.production.cmf \
  -z -Q16F886 -oC:\Users\Dell\AppData\Local\Temp\s45o.2 \
  --defsym=__MPLAB_BUILD=1 \
  -Mdist/default/production/Liofilizador_-_Placa_Filha.X.production.map -E1 \
  -ver=XC8 --acfsm=1493 -ASTACK=0144h-016Fh -pstack=STACK \
  -ACODE=00h-07FFhx4 -ASTRCODE=00h-01FFFh -ASTRING=00h-0FFhx32 \
  -ACONST=00h-0FFhx32 -AENTRY=00h-0FFhx32 -ACOMMON=070h-07Fh \
  -ABANK0=020h-06Fh -ABANK1=0A0h-0EFh -ABANK2=0110h-016Fh \
  -ABANK3=0190h-01EFh -ARAM=020h-06Fh,0A0h-0EFh,0110h-016Fh,0190h-01EFh \
  -AABS1=020h-07Fh,0A0h-0EFh,0110h-016Fh,0190h-01EFh -ASFR0=00h-01Fh \
  -ASFR1=080h-09Fh -ASFR2=0100h-010Fh -ASFR3=0180h-018Fh \
  -preset_vec=00h,intentry=04h,init,end_init -ppowerup=CODE -pcinit=CODE \
  -pfunctab=ENTRY -ACONFIG=02007h-02008h -pconfig=CONFIG -DCONFIG=2 \
  -AIDLOC=02000h-02003h -pidloc=IDLOC -DIDLOC=2 -AEEDATA=00h-0FFh/02100h \
  -peeprom_data=EEDATA -DEEDATA=2 -DCODE=2 -DSTRCODE=2 -DSTRING=2 -DCONST=2 \
  -DENTRY=2 -k C:\Users\Dell\AppData\Local\Temp\s45o.o \
  dist/default/production\Liofilizador_-_Placa_Filha.X.production.o 

Object code version is 3.11

Machine type is 16F886



                Name                               Link     Load   Length Selector   Space Scale
C:\Users\Dell\AppData\Local\Temp\s45o.o
                end_init                             12       12        3        8       0
                reset_vec                             0        0        3        0       0
                config                             2007     2007        2     400E       0
dist/default/production\Liofilizador_-_Placa_Filha.X.production.o
                cinit                                15       15       22        8       0
                intentry                              4        4        E        8       0
                text59                             1349     1349       EE     2692       0
                text58                             1A7B     1A7B        B     34F6       0
                text57                             1C1D     1C1D       21     383A       0
                text56                             1AAC     1AAC       11     3558       0
                text55                             1A5F     1A5F        9     34BE       0
                text54                             1A86     1A86        B     350C       0
                text53                             1E02     1E02       38     3C04       0
                text52                             152A     152A      16A     2A54       0
                text51                             1BDD     1BDD       20     37BA       0
                text50                              7BC      7BC       3F        8       0
                text49                             1D96     1D96       35     3B2C       0
                text48                             1A91     1A91        B     3522       0
                text47                              829      829      172     1052       0
                text46                             1AFE     1AFE       19     35FC       0
                text45                             1C83     1C83       28     3906       0
                text44                             1694     1694      16C     2D28       0
                text43                             1AD2     1AD2       16     35A4       0
                text42                             1437     1437       F3     286E       0
                text41                             1C3E     1C3E       22     387C       0
                text40                             1CAB     1CAB       2A     3956       0
                text39                             1BFD     1BFD       20     37FA       0
                text38                             1E72     1E72       3C     3CE4       0
                text37                             1D31     1D31       32     3A62       0
                text36                             1CD5     1CD5       2B     39AA       0
                text35                             1B67     1B67       1D     36CE       0
                text34                             1A9C     1A9C       10     3538       0
                text33                             1AE8     1AE8       16     35D0       0
                text32                             1E3A     1E3A       38     3C74       0
                text31                             1EAE     1EAE       3C     3D5C       0
                text30                             105B     105B       22     20B6       0
                text29                             1ABD     1ABD       15     357A       0
                text28                             1F64     1F64       47     3EC8       0
                text27                             1B4B     1B4B       1C     3696       0
                text26                             1B17     1B17       1A     362E       0
                text25                             1C60     1C60       23     38C0       0
                text24                              3D4      3D4      2F5        8       0
                text23                             1131     1131       6B     2262       0
                text22                             119C     119C       77     2338       0
                text21                             1D63     1D63       33     3AC6       0
                text20                             1A68     1A68        9     34D0       0
                text19                              801      801       28     1002       0
                text18                             1B84     1B84       1D     3708       0
                text17                             1FAB     1FAB       55     3F56       0
                text16                             1BA1     1BA1       1E     3742       0
                text15                               37       37      39D        8       0
                text14                             10D3     10D3       5E     21A6       0
                text13                             1D00     1D00       31     3A00       0
                text12                             1A71     1A71        A     34E2       0
                text11                             1DCB     1DCB       37     3B96       0
                text10                             1F26     1F26       3E     3E4C       0
                text9                              12A6     12A6       A3     254C       0
                text8                              107D     107D       56     20FA       0
                text7                              1B31     1B31       1A     3662       0
                text6                               99B      99B      1A1     1336       0
                text5                              1213     1213       93     2426       0
                text4                               B3C      B3C      22D     1678       0
                text3                              1BBF     1BBF       1E     377E       0
                text2                               D69      D69      297     1AD2       0
                text1                              1EEA     1EEA       3C     3DD4       0
                maintext                            6C9      6C9       F3        8       0
                cstackBANK0                          20       20       4F       20       1
                cstackCOMMON                         70       70        8       70       1
                cstackBANK1                          DD       DD        F       A0       1
                clrtext                            1A57     1A57        8     34AE       0
                bssBANK2                            110      110       34      110       1
                bssBANK3                            190      190       3A      190       1
                bssBANK1                             A0       A0       3D       A0       1
                bssCOMMON                            78       78        6       70       1
                strings                            1000     1000       5B     2000       0

TOTAL           Name                               Link     Load   Length     Space
        CLASS   STACK          

        CLASS   CODE           
                end_init                             12       12        3         0
                cinit                                15       15       22         0
                intentry                              4        4        E         0
                reset_vec                             0        0        3         0
                text59                             1349     1349       EE         0
                text58                             1A7B     1A7B        B         0
                text57                             1C1D     1C1D       21         0
                text56                             1AAC     1AAC       11         0
                text55                             1A5F     1A5F        9         0
                text54                             1A86     1A86        B         0
                text53                             1E02     1E02       38         0
                text52                             152A     152A      16A         0
                text51                             1BDD     1BDD       20         0
                text50                              7BC      7BC       3F         0
                text49                             1D96     1D96       35         0
                text48                             1A91     1A91        B         0
                text47                              829      829      172         0
                text46                             1AFE     1AFE       19         0
                text45                             1C83     1C83       28         0
                text44                             1694     1694      16C         0
                text43                             1AD2     1AD2       16         0
                text42                             1437     1437       F3         0
                text41                             1C3E     1C3E       22         0
                text40                             1CAB     1CAB       2A         0
                text39                             1BFD     1BFD       20         0
                text38                             1E72     1E72       3C         0
                text37                             1D31     1D31       32         0
                text36                             1CD5     1CD5       2B         0
                text35                             1B67     1B67       1D         0
                text34                             1A9C     1A9C       10         0
                text33                             1AE8     1AE8       16         0
                text32                             1E3A     1E3A       38         0
                text31                             1EAE     1EAE       3C         0
                text30                             105B     105B       22         0
                text29                             1ABD     1ABD       15         0
                text28                             1F64     1F64       47         0
                text27                             1B4B     1B4B       1C         0
                text26                             1B17     1B17       1A         0
                text25                             1C60     1C60       23         0
                text24                              3D4      3D4      2F5         0
                text23                             1131     1131       6B         0
                text22                             119C     119C       77         0
                text21                             1D63     1D63       33         0
                text20                             1A68     1A68        9         0
                text19                              801      801       28         0
                text18                             1B84     1B84       1D         0
                text17                             1FAB     1FAB       55         0
                text16                             1BA1     1BA1       1E         0
                text15                               37       37      39D         0
                text14                             10D3     10D3       5E         0
                text13                             1D00     1D00       31         0
                text12                             1A71     1A71        A         0
                text11                             1DCB     1DCB       37         0
                text10                             1F26     1F26       3E         0
                text9                              12A6     12A6       A3         0
                text8                              107D     107D       56         0
                text7                              1B31     1B31       1A         0
                text6                               99B      99B      1A1         0
                text5                              1213     1213       93         0
                text4                               B3C      B3C      22D         0
                text3                              1BBF     1BBF       1E         0
                text2                               D69      D69      297         0
                text1                              1EEA     1EEA       3C         0
                maintext                            6C9      6C9       F3         0
                clrtext                            1A57     1A57        8         0

        CLASS   STRCODE        

        CLASS   STRING         
                strings                            1000     1000       5B         0

        CLASS   CONST          

        CLASS   ENTRY          

        CLASS   COMMON         
                cstackCOMMON                         70       70        8         1
                bssCOMMON                            78       78        6         1

        CLASS   BANK0          
                cstackBANK0                          20       20       4F         1

        CLASS   BANK1          
                cstackBANK1                          DD       DD        F         1
                bssBANK1                             A0       A0       3D         1

        CLASS   BANK2          
                bssBANK2                            110      110       34         1

        CLASS   BANK3          
                bssBANK3                            190      190       3A         1

        CLASS   RAM            

        CLASS   ABS1           
                abs_s1                               7E       7E        2         1

        CLASS   SFR0           

        CLASS   SFR1           

        CLASS   SFR2           

        CLASS   SFR3           

        CLASS   CONFIG         
                config                             2007     2007        2         0

        CLASS   IDLOC          

        CLASS   EEDATA         



SEGMENTS        Name                           Load    Length   Top    Selector   Space  Class     Delta

                reset_vec                      000000  000003  000003         0       0  CODE        2
                intentry                       000004  0007F7  0007FB         8       0  CODE        2
                cstackBANK0                    000020  00004F  00006F        20       1  BANK0       1
                cstackCOMMON                   000070  00000E  00007E        70       1  COMMON      1
                bssBANK1                       0000A0  00004C  0000EC        A0       1  BANK1       1
                bssBANK2                       000110  000034  000144       110       1  BANK2       1
                bssBANK3                       000190  00003A  0001CA       190       1  BANK3       1
                text19                         000801  000028  000829      1002       0  CODE        2
                text47                         000829  000172  00099B      1052       0  CODE        2
                text6                          00099B  0001A1  000B3C      1336       0  CODE        2
                text4                          000B3C  00022D  000D69      1678       0  CODE        2
                text2                          000D69  000297  001000      1AD2       0  CODE        2
                strings                        001000  00005B  00105B      2000       0  STRING      2
                text30                         00105B  000022  00107D      20B6       0  CODE        2
                text8                          00107D  000056  0010D3      20FA       0  CODE        2
                text14                         0010D3  00005E  001131      21A6       0  CODE        2
                text23                         001131  00006B  00119C      2262       0  CODE        2
                text22                         00119C  000077  001213      2338       0  CODE        2
                text5                          001213  000093  0012A6      2426       0  CODE        2
                text9                          0012A6  0000A3  001349      254C       0  CODE        2
                text59                         001349  0000EE  001437      2692       0  CODE        2
                text42                         001437  0000F3  00152A      286E       0  CODE        2
                text52                         00152A  00016A  001694      2A54       0  CODE        2
                text44                         001694  00016C  001800      2D28       0  CODE        2
                clrtext                        001A57  000008  001A5F      34AE       0  CODE        2
                text55                         001A5F  000009  001A68      34BE       0  CODE        2
                text20                         001A68  000009  001A71      34D0       0  CODE        2
                text12                         001A71  00000A  001A7B      34E2       0  CODE        2
                text58                         001A7B  00000B  001A86      34F6       0  CODE        2
                text54                         001A86  00000B  001A91      350C       0  CODE        2
                text48                         001A91  00000B  001A9C      3522       0  CODE        2
                text34                         001A9C  000010  001AAC      3538       0  CODE        2
                text56                         001AAC  000011  001ABD      3558       0  CODE        2
                text29                         001ABD  000015  001AD2      357A       0  CODE        2
                text43                         001AD2  000016  001AE8      35A4       0  CODE        2
                text33                         001AE8  000016  001AFE      35D0       0  CODE        2
                text46                         001AFE  000019  001B17      35FC       0  CODE        2
                text26                         001B17  00001A  001B31      362E       0  CODE        2
                text7                          001B31  00001A  001B4B      3662       0  CODE        2
                text27                         001B4B  00001C  001B67      3696       0  CODE        2
                text35                         001B67  00001D  001B84      36CE       0  CODE        2
                text18                         001B84  00001D  001BA1      3708       0  CODE        2
                text16                         001BA1  00001E  001BBF      3742       0  CODE        2
                text3                          001BBF  00001E  001BDD      377E       0  CODE        2
                text51                         001BDD  000020  001BFD      37BA       0  CODE        2
                text39                         001BFD  000020  001C1D      37FA       0  CODE        2
                text57                         001C1D  000021  001C3E      383A       0  CODE        2
                text41                         001C3E  000022  001C60      387C       0  CODE        2
                text25                         001C60  000023  001C83      38C0       0  CODE        2
                text45                         001C83  000028  001CAB      3906       0  CODE        2
                text40                         001CAB  00002A  001CD5      3956       0  CODE        2
                text36                         001CD5  00002B  001D00      39AA       0  CODE        2
                text13                         001D00  000031  001D31      3A00       0  CODE        2
                text37                         001D31  000032  001D63      3A62       0  CODE        2
                text21                         001D63  000033  001D96      3AC6       0  CODE        2
                text49                         001D96  000035  001DCB      3B2C       0  CODE        2
                text11                         001DCB  000037  001E02      3B96       0  CODE        2
                text53                         001E02  000038  001E3A      3C04       0  CODE        2
                text32                         001E3A  000038  001E72      3C74       0  CODE        2
                text38                         001E72  00003C  001EAE      3CE4       0  CODE        2
                text31                         001EAE  00003C  001EEA      3D5C       0  CODE        2
                text1                          001EEA  00003C  001F26      3DD4       0  CODE        2
                text10                         001F26  00003E  001F64      3E4C       0  CODE        2
                text28                         001F64  000047  001FAB      3EC8       0  CODE        2
                text17                         001FAB  000055  002000      3F56       0  CODE        2
                config                         002007  000002  002009      400E       0  CONFIG      2


UNUSED ADDRESS RANGES

        Name                Unused          Largest block    Delta
        BANK0            006F-006F              1           1
        BANK1            00EC-00EF              4           1
        BANK2            0144-016F             2C           1
        BANK3            01CA-01EF             26           1
        CODE             0003-0003              1           2
                         07FB-0800              5
                         1800-1A56            257
        CONST            0003-0003              1           2
                         07FB-0800              5
                         1800-1A56            100
        EEDATA           2100-21FF            100           2
        ENTRY            0003-0003              1           2
                         07FB-0800              5
                         1800-1A56            100
        IDLOC            2000-2003              4           2
        RAM              006F-006F              1           1
                         00EC-00EF              4
                         0144-016F             2C
                         01CA-01EF             26
        SFR0             0000-001F             20           1
        SFR1             0080-009F             20           1
        SFR2             0100-010F             10           1
        SFR3             0180-018F             10           1
        STACK            0144-016F             2C           1
        STRCODE          0003-0003              1           2
                         07FB-0800              6
                         1800-1A56            257
        STRING           0003-0003              1           2
                         07FB-0800              5
                         1800-1A56            100

                                  Symbol Table

?_ADC_Max_10Bits                          cstackBANK0  002A
?_ADC_Media_10bits                        cstackBANK0  0041
?_EEPROM_24C1025_Read_Int                 cstackBANK0  0037
?_EEPROM_Read_Integer                     cstackBANK0  0023
?_I2C_Master_Read                         cstackBANK0  0023
?__Umul8_16                               cstackBANK0  0020
?___fladd                                 cstackBANK0  004A
?___fldiv                                 cstackBANK0  0041
?___flmul                                 cstackBANK0  0029
?___flsub                                 cstackBANK0  005E
?___fltol                                 cstackBANK0  0043
?___lldiv                                 cstackBANK0  0020
?___lwdiv                                 cstackBANK0  0020
?___xxtofl                                cstackBANK0  0033
?_captura                                 cstackBANK0  0020
?_strlen                                  cstackBANK0  0020
ADC_Max_10Bits@Temp                       cstackBANK0  002E
ADC_Max_10Bits@canal                      cstackBANK0  002D
ADC_Max_10Bits@i                          cstackBANK0  0032
ADC_Max_10Bits@value                      cstackBANK0  0030
ADC_Media_10bits@canal                    cstackBANK0  0046
ADC_Media_10bits@i                        cstackBANK0  0049
ADC_Media_10bits@value                    cstackBANK0  0047
Decodify_Command@OutPut                   cstackBANK1  00E3
Decodify_Command@add                      cstackBANK1  00DF
Decodify_Command@add_24LCxxxx             cstackBANK1  00E8
Decodify_Command@dados                    cstackBANK1  00DD
Decodify_Command@sizedata                 cstackBANK1  00E0
Decodify_Command@tempchar                 cstackBANK1  00E7
Decodify_Command@tempint                  cstackBANK1  00E1
EEPROM_24C1025_Fill_All@chip_add          cstackBANK0  005A
EEPROM_24C1025_Fill_All@mem_add           cstackBANK0  005B
EEPROM_24C1025_Fill_All@value             cstackBANK0  0058
EEPROM_24C1025_Read_Buffer@chip_add       cstackBANK0  0034
EEPROM_24C1025_Read_Buffer@cnt_103        cstackBANK0  0033
EEPROM_24C1025_Read_Buffer@ctrl           cstackBANK0  0036
EEPROM_24C1025_Read_Buffer@data           cstackBANK0  002F
EEPROM_24C1025_Read_Buffer@mem_add        cstackBANK0  002A
EEPROM_24C1025_Read_Buffer@range          cstackBANK0  0035
EEPROM_24C1025_Read_Buffer@sizedata       cstackBANK0  002E
EEPROM_24C1025_Read_Byte@chip_add         cstackBANK0  003C
EEPROM_24C1025_Read_Byte@data             cstackBANK0  003D
EEPROM_24C1025_Read_Byte@mem_add          cstackBANK0  0037
EEPROM_24C1025_Read_Int@chip_add          cstackBANK0  003D
EEPROM_24C1025_Read_Int@data              cstackBANK0  003E
EEPROM_24C1025_Read_Int@mem_add           cstackBANK0  0037
EEPROM_24C1025_Read_Str@buffer            cstackBANK0  002D
EEPROM_24C1025_Read_Str@chip_add          cstackBANK0  0031
EEPROM_24C1025_Read_Str@cnt               cstackBANK0  0030
EEPROM_24C1025_Read_Str@ctrl              cstackBANK0  0033
EEPROM_24C1025_Read_Str@mem_add           cstackBANK0  0029
EEPROM_24C1025_Read_Str@range             cstackBANK0  0032
EEPROM_24C1025_Write_Buffer@chip_add      cstackBANK0  0034
EEPROM_24C1025_Write_Buffer@count         cstackBANK0  0033
EEPROM_24C1025_Write_Buffer@ctrl          cstackBANK0  0036
EEPROM_24C1025_Write_Buffer@data          cstackBANK0  002F
EEPROM_24C1025_Write_Buffer@mem_add       cstackBANK0  002A
EEPROM_24C1025_Write_Buffer@range         cstackBANK0  0035
EEPROM_24C1025_Write_Buffer@sizedata      cstackBANK0  002E
EEPROM_24C1025_Write_Byte@chip_add        cstackBANK0  003C
EEPROM_24C1025_Write_Byte@data            cstackBANK0  003B
EEPROM_24C1025_Write_Byte@mem_add         cstackBANK0  0037
EEPROM_24C1025_Write_Int@chip_add         cstackBANK0  0055
EEPROM_24C1025_Write_Int@data             cstackBANK0  0052
EEPROM_24C1025_Write_Int@local            cstackBANK0  0056
EEPROM_24C1025_Write_Int@mem_add          cstackBANK0  004E
EEPROM_24C1025_Write_Str@chip_add         cstackBANK0  0031
EEPROM_24C1025_Write_Str@ctrl             cstackBANK0  0033
EEPROM_24C1025_Write_Str@data             cstackBANK0  002E
EEPROM_24C1025_Write_Str@mem_add          cstackBANK0  002A
EEPROM_24C1025_Write_Str@range            cstackBANK0  0032
EEPROM_Read_Byte@addr                     cstackBANK0  0022
EEPROM_Read_Integer@addr                  cstackBANK0  0026
EEPROM_Read_Integer@i                     cstackBANK0  002A
EEPROM_Read_Integer@ptr                   cstackBANK0  0027
EEPROM_Read_Integer@result                cstackBANK0  0028
EEPROM_Read_String@addr                   cstackBANK0  0025
EEPROM_Read_String@c                      cstackBANK0  0026
EEPROM_Read_String@dado                   cstackBANK0  0023
EEPROM_Write_Byte@addr                    cstackBANK0  0023
EEPROM_Write_Byte@dado                    cstackBANK0  0020
EEPROM_Write_Byte@last_GIE                cstackBANK0  0024
EEPROM_Write_Integer@addr                 cstackBANK0  002B
EEPROM_Write_Integer@dado                 cstackBANK0  0025
EEPROM_Write_Integer@i                    cstackBANK0  002C
EEPROM_Write_Integer@ptr                  cstackBANK0  002A
EEPROM_Write_String@addr                  cstackBANK0  0027
EEPROM_Write_String@dado                  cstackBANK0  0025
I2C_Master_Init@c                         cstackBANK0  002E
I2C_Master_Read@a                         cstackBANK0  0023
I2C_Master_Read@temp                      cstackBANK0  0027
I2C_Master_Wait@tempo                     cstackBANK0  0022
I2C_Master_Write@d                        cstackBANK0  0023
MediaPlacaVaccum@Temp                     cstackBANK1  00E2
MediaPlacaVaccum@Valor                    cstackBANK1  00DD
MediaPlacaVaccum@canal                    cstackBANK1  00E1
MediaPlacaVaccum@i                        cstackBANK1  00E6
PROCULUS_Buzzer@time_ms_x_10              cstackBANK0  0056
PROCULUS_Buzzer@vetor                     cstackBANK0  0059
PROCULUS_Control_Register_Write@i         cstackBANK0  0055
PROCULUS_Control_Register_Write@size      cstackBANK0  0052
PROCULUS_Control_Register_Write@vetor     cstackBANK0  0054
PROCULUS_Delay@i                          cstackBANK0  0024
PROCULUS_Delay@tempo_ms                   cstackBANK0  0020
PROCULUS_Show_Screen@screen               cstackBANK0  0056
PROCULUS_Show_Screen@vetor                cstackBANK0  0059
PROCULUS_VP_Write@i                       cstackBANK0  0059
PROCULUS_VP_Write@size                    cstackBANK0  0056
PROCULUS_VP_Write@vetor                   cstackBANK0  0054
PROCULUS_VP_Write@vp                      cstackBANK0  0052
PROCULUS_VP_Write_String@text             cstackBANK0  005C
PROCULUS_VP_Write_String@vp               cstackBANK0  005A
Package_Usart_is_for_me@retorno           cstackBANK0  0020
Save_Log@add_datalog                      cstackBANK0  0058
Send_To_MB@size                           cstackBANK0  0021
USART_init@baudrate                       cstackBANK0  0020
USART_init@i                              cstackBANK0  0026
USART_put_buffer@loop                     cstackBANK0  0024
USART_put_buffer@ptr                      cstackBANK0  0025
USART_put_buffer@size                     cstackBANK0  0021
USART_put_buffer@vetor                    cstackBANK0  0023
USART_put_int@dado                        cstackBANK0  0051
USART_put_int@value                       cstackBANK0  004E
USART_put_string@ptr                      cstackBANK0  0023
USART_put_string@vetor                    cstackBANK0  0021
USART_putc@value                          cstackBANK0  0020
USART_to_Protocol@i                       cstackBANK0  0022
USART_to_Protocol@usart_protocol          cstackBANK0  0024
_ADCON0bits                               (abs)        001F
_ADCON1                                   (abs)        009F
_ADCON1bits                               (abs)        009F
_ADC_Max_10Bits                           text10       1F26
_ADC_Media_10bits                         text8        107D
_ADC_init                                 text58       1A7B
_ADRESH                                   (abs)        001E
_ADRESL                                   (abs)        009E
_ANSEL                                    (abs)        0188
_ANSELH                                   (abs)        0189
_BAUDCTLbits                              (abs)        0187
_Board_Number                             bssBANK1     00B8
_CREN                                     (abs)        00C4
_Decodify_Command                         text15       0037
_Delay_Led_Memory                         bssBANK1     00B4
_Delay_Led_Tmr0                           bssCOMMON    0078
_Delay_Led_Usart                          bssBANK1     00B2
_EEADR                                    (abs)        010D
_EECON1bits                               (abs)        018C
_EECON2                                   (abs)        018D
_EEDATA                                   (abs)        010C
_EEPROM_24C1025_Fill_All                  text50       07BC
_EEPROM_24C1025_Read_Buffer               text47       0829
_EEPROM_24C1025_Read_Byte                 text46       1AFE
_EEPROM_24C1025_Read_Int                  text45       1C83
_EEPROM_24C1025_Read_Str                  text44       1694
_EEPROM_24C1025_Write_Buffer              text52       152A
_EEPROM_24C1025_Write_Byte                text43       1AD2
_EEPROM_24C1025_Write_Int                 text51       1BDD
_EEPROM_24C1025_Write_Str                 text42       1437
_EEPROM_Read_Byte                         text41       1C3E
_EEPROM_Read_Integer                      text40       1CAB
_EEPROM_Read_String                       text39       1BFD
_EEPROM_Write_Byte                        text38       1E72
_EEPROM_Write_Integer                     text37       1D31
_EEPROM_Write_String                      text36       1CD5
_I2C_Master_Init                          text13       1D00
_I2C_Master_Read                          text49       1D96
_I2C_Master_RepeatedStart                 text48       1A91
_I2C_Master_Start                         text56       1AAC
_I2C_Master_Stop                          text55       1A5F
_I2C_Master_Wait                          text57       1C1D
_I2C_Master_Write                         text54       1A86
_INTCONbits                               (abs)        000B
_MediaPlacaVaccum                         text2        0D69
_OPTION_REGbits                           (abs)        0081
_OSCCONbits                               (abs)        008F
_PIE1bits                                 (abs)        008C
_PIR1bits                                 (abs)        000C
_PORTA                                    (abs)        0005
_PORTAbits                                (abs)        0005
_PORTB                                    (abs)        0006
_PORTBbits                                (abs)        0006
_PORTC                                    (abs)        0007
_PORTCbits                                (abs)        0007
_PORTE                                    (abs)        0009
_PROCULUS_Buzzer                          text30       105B
_PROCULUS_Control_Register_Write          text32       1E3A
_PROCULUS_Delay                           text35       1B67
_PROCULUS_Show_Screen                     text29       1ABD
_PROCULUS_VP_Write                        text28       1F64
_PROCULUS_VP_Write_String                 text26       1B17
_Package_Usart_is_for_me                  text7        1B31
_RCREG                                    (abs)        001A
_RCSTAbits                                (abs)        0018
_SPBRG                                    (abs)        0099
_SSPADD                                   (abs)        0093
_SSPBUF                                   (abs)        0013
_SSPCON                                   (abs)        0014
_SSPCON2                                  (abs)        0091
_SSPCON2bits                              (abs)        0091
_SSPSTAT                                  (abs)        0094
_Save_Log                                 text22       119C
_Send_Reply_OK                            text20       1A68
_Send_To_MB                               text19       0801
_T1CKPS0                                  (abs)        0084
_T1CKPS1                                  (abs)        0085
_T1CON                                    (abs)        0010
_TMR1CS                                   (abs)        0081
_TMR1H                                    (abs)        000F
_TMR1IE                                   (abs)        0460
_TMR1L                                    (abs)        000E
_TRISA                                    (abs)        0085
_TRISB                                    (abs)        0086
_TRISC                                    (abs)        0087
_TRISC3                                   (abs)        043B
_TRISC4                                   (abs)        043C
_TRISC6                                   (abs)        043E
_TRISC7                                   (abs)        043F
_TRISE                                    (abs)        0089
_TXREG                                    (abs)        0019
_TXSTAbits                                (abs)        0098
_Tensao1                                  bssBANK1     00A0
_USART_init                               text1        1EEA
_USART_put_buffer                         text18       1B84
_USART_put_int                            text33       1AE8
_USART_put_string                         text21       1D63
_USART_putc                               text34       1A9C
_USART_to_Protocol                        text17       1FAB
_Vaccum0                                  bssBANK1     00A4
_WPUB                                     (abs)        0095
__CFG_BOR4V$BOR40V                        (abs)        0000
__CFG_BOREN$ON                            (abs)        0000
__CFG_CP$ON                               (abs)        0000
__CFG_CPD$OFF                             (abs)        0000
__CFG_FCMEN$ON                            (abs)        0000
__CFG_FOSC$INTRC_NOCLKOUT                 (abs)        0000
__CFG_IESO$ON                             (abs)        0000
__CFG_LVP$OFF                             (abs)        0000
__CFG_MCLRE$OFF                           (abs)        0000
__CFG_PWRTE$ON                            (abs)        0000
__CFG_WDTE$ON                             (abs)        0000
__CFG_WRT$OFF                             (abs)        0000
__Habs1                                   abs1         0000
__Hbank0                                  bank0        0000
__Hbank1                                  bank1        0000
__Hbank2                                  bank2        0000
__Hbank3                                  bank3        0000
__HbssBANK1                               bssBANK1     0000
__HbssBANK2                               bssBANK2     0000
__HbssBANK3                               bssBANK3     0000
__HbssCOMMON                              bssCOMMON    0000
__Hcinit                                  cinit        0037
__Hclrtext                                clrtext      0000
__Hcode                                   code         0000
__Hcommon                                 common       0000
__Hconfig                                 config       2009
__HcstackBANK0                            cstackBANK0  0000
__HcstackBANK1                            cstackBANK1  0000
__HcstackCOMMON                           cstackCOMMON 0000
__Heeprom_data                            eeprom_data  0000
__Hend_init                               end_init     0015
__Hfunctab                                functab      0000
__Hidloc                                  idloc        0000
__Hinit                                   init         0012
__Hintentry                               intentry     0012
__Hmaintext                               maintext     0000
__Hpowerup                                powerup      0000
__Hram                                    ram          0000
__Hreset_vec                              reset_vec    0003
__Hsfr0                                   sfr0         0000
__Hsfr1                                   sfr1         0000
__Hsfr2                                   sfr2         0000
__Hsfr3                                   sfr3         0000
__Hspace_0                                (abs)        2009
__Hspace_1                                (abs)        01CA
__Hspace_2                                (abs)        0000
__Hspace_3                                (abs)        0000
__Hstack                                  stack        0000
__Hstrings                                strings      0000
__Htext                                   text         0000
__Labs1                                   abs1         0000
__Lbank0                                  bank0        0000
__Lbank1                                  bank1        0000
__Lbank2                                  bank2        0000
__Lbank3                                  bank3        0000
__LbssBANK1                               bssBANK1     0000
__LbssBANK2                               bssBANK2     0000
__LbssBANK3                               bssBANK3     0000
__LbssCOMMON                              bssCOMMON    0000
__Lcinit                                  cinit        0015
__Lclrtext                                clrtext      0000
__Lcode                                   code         0000
__Lcommon                                 common       0000
__Lconfig                                 config       2007
__LcstackBANK0                            cstackBANK0  0000
__LcstackBANK1                            cstackBANK1  0000
__LcstackCOMMON                           cstackCOMMON 0000
__Leeprom_data                            eeprom_data  0000
__Lend_init                               end_init     0012
__Lfunctab                                functab      0000
__Lidloc                                  idloc        0000
__Linit                                   init         0012
__Lintentry                               intentry     0004
__Lmaintext                               maintext     0000
__Lpowerup                                powerup      0000
__Lram                                    ram          0000
__Lreset_vec                              reset_vec    0000
__Lsfr0                                   sfr0         0000
__Lsfr1                                   sfr1         0000
__Lsfr2                                   sfr2         0000
__Lsfr3                                   sfr3         0000
__Lspace_0                                (abs)        0000
__Lspace_1                                (abs)        0000
__Lspace_2                                (abs)        0000
__Lspace_3                                (abs)        0000
__Lstack                                  stack        0000
__Lstrings                                strings      0000
__Ltext                                   text         0000
__S0                                      (abs)        2009
__S1                                      (abs)        01CA
__S2                                      (abs)        0000
__S3                                      (abs)        0000
__Umul8_16                                text25       1C60
__Umul8_16@multiplicand                   cstackBANK0  0020
__Umul8_16@multiplier                     cstackBANK0  0028
__Umul8_16@product                        cstackBANK0  0024
__Umul8_16@word_mpld                      cstackBANK0  0026
___fladd                                  text4        0B3C
___fladd@a                                cstackBANK0  004E
___fladd@aexp                             cstackBANK0  005B
___fladd@b                                cstackBANK0  004A
___fladd@bexp                             cstackBANK0  005C
___fladd@grs                              cstackBANK0  005D
___fladd@signs                            cstackBANK0  005A
___fldiv                                  text6        099B
___fldiv@a                                cstackBANK0  0041
___fldiv@aexp                             cstackBANK0  005A
___fldiv@b                                cstackBANK0  0045
___fldiv@bexp                             cstackBANK0  0059
___fldiv@grs                              cstackBANK0  0055
___fldiv@new_exp                          cstackBANK0  0053
___fldiv@rem                              cstackBANK0  004E
___fldiv@sign                             cstackBANK0  0052
___flge                                   text5        1213
___flge@ff1                               cstackBANK0  0020
___flge@ff2                               cstackBANK0  0024
___flmul                                  text24       03D4
___flmul@a                                cstackBANK0  002D
___flmul@aexp                             cstackBANK0  0037
___flmul@b                                cstackBANK0  0029
___flmul@bexp                             cstackBANK0  0038
___flmul@grs                              cstackBANK0  0039
___flmul@prod                             cstackBANK0  003D
___flmul@sign                             cstackBANK0  0036
___flmul@temp                             cstackBANK0  0041
___flsub                                  text3        1BBF
___flsub@a                                cstackBANK0  005E
___flsub@b                                cstackBANK0  0062
___fltol                                  text23       1131
___fltol@exp1                             cstackBANK0  004D
___fltol@f1                               cstackBANK0  0043
___fltol@sign1                            cstackBANK0  004C
___int_sp                                 stack        0000
___latbits                                (abs)        0002
___lldiv                                  text14       10D3
___lldiv@counter                          cstackBANK0  002D
___lldiv@dividend                         cstackBANK0  0024
___lldiv@divisor                          cstackBANK0  0020
___lldiv@quotient                         cstackBANK0  0029
___lwdiv                                  text31       1EAE
___lwdiv@counter                          cstackBANK0  0025
___lwdiv@dividend                         cstackBANK0  0022
___lwdiv@divisor                          cstackBANK0  0020
___lwdiv@quotient                         cstackBANK0  0026
___sp                                     stack        0000
___stackhi                                (abs)        0000
___stacklo                                (abs)        0000
___xxtofl                                 text9        12A6
___xxtofl@arg                             cstackBANK0  003D
___xxtofl@exp                             cstackBANK0  003C
___xxtofl@sign                            cstackBANK0  003B
___xxtofl@val                             cstackBANK0  0033
__end_of_ADC_Max_10Bits                   text10       1F64
__end_of_ADC_Media_10bits                 text8        10D3
__end_of_ADC_init                         text58       1A86
__end_of_BALANCE_RESISTOR                 strings      1050
__end_of_BETA                             strings      104C
__end_of_Decodify_Command                 text15       03D4
__end_of_EEPROM_24C1025_Fill_All          text50       07FB
__end_of_EEPROM_24C1025_Read_Buffer       text47       099B
__end_of_EEPROM_24C1025_Read_Byte         text46       1B17
__end_of_EEPROM_24C1025_Read_Int          text45       1CAB
__end_of_EEPROM_24C1025_Read_Str          text44       1800
__end_of_EEPROM_24C1025_Write_Buffer      text52       1694
__end_of_EEPROM_24C1025_Write_Byte        text43       1AE8
__end_of_EEPROM_24C1025_Write_Int         text51       1BFD
__end_of_EEPROM_24C1025_Write_Str         text42       152A
__end_of_EEPROM_Read_Byte                 text41       1C60
__end_of_EEPROM_Read_Integer              text40       1CD5
__end_of_EEPROM_Read_String               text39       1C1D
__end_of_EEPROM_Write_Byte                text38       1EAE
__end_of_EEPROM_Write_Integer             text37       1D63
__end_of_EEPROM_Write_String              text36       1D00
__end_of_I2C_Master_Init                  text13       1D31
__end_of_I2C_Master_Read                  text49       1DCB
__end_of_I2C_Master_RepeatedStart         text48       1A9C
__end_of_I2C_Master_Start                 text56       1ABD
__end_of_I2C_Master_Stop                  text55       1A68
__end_of_I2C_Master_Wait                  text57       1C3E
__end_of_I2C_Master_Write                 text54       1A91
__end_of_MAX_ADC                          strings      1024
__end_of_MediaPlacaVaccum                 text2        1000
__end_of_PROCULUS_Buzzer                  text30       107D
__end_of_PROCULUS_Control_Register_Write  text32       1E72
__end_of_PROCULUS_Delay                   text35       1B84
__end_of_PROCULUS_Show_Screen             text29       1AD2
__end_of_PROCULUS_VP_Write                text28       1FAB
__end_of_PROCULUS_VP_Write_String         text26       1B31
__end_of_PT100_CONSTANT                   strings      1018
__end_of_PT100_TRANSLADA                  strings      1014
__end_of_Package_Usart_is_for_me          text7        1B4B
__end_of_RESISTOR_ROOM_TEMP               strings      101C
__end_of_ROOM_TEMP                        strings      1020
__end_of_Save_Log                         text22       1213
__end_of_Send_Reply_OK                    text20       1A71
__end_of_Send_To_MB                       text19       0829
__end_of_USART_init                       text1        1F26
__end_of_USART_put_buffer                 text18       1BA1
__end_of_USART_put_int                    text33       1AFE
__end_of_USART_put_string                 text21       1D96
__end_of_USART_putc                       text34       1AAC
__end_of_USART_to_Protocol                text17       2000
__end_of__Umul8_16                        text25       1C83
__end_of___fladd                          text4        0D69
__end_of___fldiv                          text6        0B3C
__end_of___flge                           text5        12A6
__end_of___flmul                          text24       06C9
__end_of___flsub                          text3        1BDD
__end_of___fltol                          text23       119C
__end_of___lldiv                          text14       1131
__end_of___lwdiv                          text31       1EEA
__end_of___xxtofl                         text9        1349
__end_of__initialization                  cinit        0033
__end_of__stringtab                       strings      1010
__end_of_captura                          text12       1A7B
__end_of_isr                              text59       1437
__end_of_main                             maintext     07BC
__end_of_my_delay_ms                      text11       1E02
__end_of_my_delay_ms_WDT                  text53       1E3A
__end_of_strcpy                           text16       1BBF
__end_of_strlen                           text27       1B67
__end_oflog@coeff                         strings      1048
__initialization                          cinit        0015
__pbssBANK1                               bssBANK1     00A0
__pbssBANK2                               bssBANK2     0110
__pbssBANK3                               bssBANK3     0190
__pbssCOMMON                              bssCOMMON    0078
__pcstackBANK0                            cstackBANK0  0020
__pcstackBANK1                            cstackBANK1  00DD
__pcstackCOMMON                           cstackCOMMON 0070
__pintentry                               intentry     0004
__pmaintext                               maintext     06C9
__pstrings                                strings      1000
__ptext1                                  text1        1EEA
__ptext10                                 text10       1F26
__ptext11                                 text11       1DCB
__ptext12                                 text12       1A71
__ptext13                                 text13       1D00
__ptext14                                 text14       10D3
__ptext15                                 text15       0037
__ptext16                                 text16       1BA1
__ptext17                                 text17       1FAB
__ptext18                                 text18       1B84
__ptext19                                 text19       0801
__ptext2                                  text2        0D69
__ptext20                                 text20       1A68
__ptext21                                 text21       1D63
__ptext22                                 text22       119C
__ptext23                                 text23       1131
__ptext24                                 text24       03D4
__ptext25                                 text25       1C60
__ptext26                                 text26       1B17
__ptext27                                 text27       1B4B
__ptext28                                 text28       1F64
__ptext29                                 text29       1ABD
__ptext3                                  text3        1BBF
__ptext30                                 text30       105B
__ptext31                                 text31       1EAE
__ptext32                                 text32       1E3A
__ptext33                                 text33       1AE8
__ptext34                                 text34       1A9C
__ptext35                                 text35       1B67
__ptext36                                 text36       1CD5
__ptext37                                 text37       1D31
__ptext38                                 text38       1E72
__ptext39                                 text39       1BFD
__ptext4                                  text4        0B3C
__ptext40                                 text40       1CAB
__ptext41                                 text41       1C3E
__ptext42                                 text42       1437
__ptext43                                 text43       1AD2
__ptext44                                 text44       1694
__ptext45                                 text45       1C83
__ptext46                                 text46       1AFE
__ptext47                                 text47       0829
__ptext48                                 text48       1A91
__ptext49                                 text49       1D96
__ptext5                                  text5        1213
__ptext50                                 text50       07BC
__ptext51                                 text51       1BDD
__ptext52                                 text52       152A
__ptext53                                 text53       1E02
__ptext54                                 text54       1A86
__ptext55                                 text55       1A5F
__ptext56                                 text56       1AAC
__ptext57                                 text57       1C1D
__ptext58                                 text58       1A7B
__ptext59                                 text59       1349
__ptext6                                  text6        099B
__ptext7                                  text7        1B31
__ptext8                                  text8        107D
__ptext9                                  text9        12A6
__size_of_ADC_Max_10Bits                  (abs)        0000
__size_of_ADC_Media_10bits                (abs)        0000
__size_of_ADC_init                        (abs)        0000
__size_of_Decodify_Command                (abs)        0000
__size_of_EEPROM_24C1025_Fill_All         (abs)        0000
__size_of_EEPROM_24C1025_Read_Buffer      (abs)        0000
__size_of_EEPROM_24C1025_Read_Byte        (abs)        0000
__size_of_EEPROM_24C1025_Read_Int         (abs)        0000
__size_of_EEPROM_24C1025_Read_Str         (abs)        0000
__size_of_EEPROM_24C1025_Write_Buffer     (abs)        0000
__size_of_EEPROM_24C1025_Write_Byte       (abs)        0000
__size_of_EEPROM_24C1025_Write_Int        (abs)        0000
__size_of_EEPROM_24C1025_Write_Str        (abs)        0000
__size_of_EEPROM_Read_Byte                (abs)        0000
__size_of_EEPROM_Read_Integer             (abs)        0000
__size_of_EEPROM_Read_String              (abs)        0000
__size_of_EEPROM_Write_Byte               (abs)        0000
__size_of_EEPROM_Write_Integer            (abs)        0000
__size_of_EEPROM_Write_String             (abs)        0000
__size_of_I2C_Master_Init                 (abs)        0000
__size_of_I2C_Master_Read                 (abs)        0000
__size_of_I2C_Master_RepeatedStart        (abs)        0000
__size_of_I2C_Master_Start                (abs)        0000
__size_of_I2C_Master_Stop                 (abs)        0000
__size_of_I2C_Master_Wait                 (abs)        0000
__size_of_I2C_Master_Write                (abs)        0000
__size_of_MediaPlacaVaccum                (abs)        0000
__size_of_PROCULUS_Buzzer                 (abs)        0000
__size_of_PROCULUS_Control_Register_Write (abs)        0000
__size_of_PROCULUS_Delay                  (abs)        0000
__size_of_PROCULUS_Show_Screen            (abs)        0000
__size_of_PROCULUS_VP_Write               (abs)        0000
__size_of_PROCULUS_VP_Write_String        (abs)        0000
__size_of_Package_Usart_is_for_me         (abs)        0000
__size_of_Save_Log                        (abs)        0000
__size_of_Send_Reply_OK                   (abs)        0000
__size_of_Send_To_MB                      (abs)        0000
__size_of_USART_init                      (abs)        0000
__size_of_USART_put_buffer                (abs)        0000
__size_of_USART_put_int                   (abs)        0000
__size_of_USART_put_string                (abs)        0000
__size_of_USART_putc                      (abs)        0000
__size_of_USART_to_Protocol               (abs)        0000
__size_of__Umul8_16                       (abs)        0000
__size_of___fladd                         (abs)        0000
__size_of___fldiv                         (abs)        0000
__size_of___flge                          (abs)        0000
__size_of___flmul                         (abs)        0000
__size_of___flsub                         (abs)        0000
__size_of___fltol                         (abs)        0000
__size_of___lldiv                         (abs)        0000
__size_of___lwdiv                         (abs)        0000
__size_of___xxtofl                        (abs)        0000
__size_of_captura                         (abs)        0000
__size_of_isr                             (abs)        0000
__size_of_main                            (abs)        0000
__size_of_my_delay_ms                     (abs)        0000
__size_of_my_delay_ms_WDT                 (abs)        0000
__size_of_strcpy                          (abs)        0000
__size_of_strlen                          (abs)        0000
__stringbase                              strings      100F
__stringtab                               strings      1000
_buffer                                   bssBANK1     00BC
_canal                                    bssBANK1     00B9
_captura                                  text12       1A71
_count                                    bssBANK1     00AC
_destino                                  bssBANK1     00B7
_generic_status                           bssBANK1     00BB
_header                                   bssBANK1     00AE
_hora                                     bssCOMMON    007C
_isr                                      text59       1349
_main                                     maintext     06C9
_milisegundo                              bssBANK1     00B0
_minuto                                   bssCOMMON    007A
_my_delay_ms                              text11       1DCB
_my_delay_ms_WDT                          text53       1E02
_pointer                                  bssBANK1     00B6
_segundo                                  bssCOMMON    007D
_statuspower                              bssBANK1     00BA
_strcpy                                   text16       1BA1
_strlen                                   text27       1B4B
_tempodecorrido                           bssBANK1     00AA
_usart_buffer                             bssBANK2     0110
_usart_protocol                           bssBANK3     0190
btemp                                     (abs)        007E
clear_ram0                                clrtext      1A57
end_of_initialization                     cinit        0033
interrupt_function                        intentry     0004
intlevel0                                 functab      0000
intlevel1                                 functab      0000
intlevel2                                 functab      0000
intlevel3                                 functab      0000
intlevel4                                 functab      0000
intlevel5                                 functab      0000
isr@tempo                                 cstackCOMMON 0076
main@reset                                cstackBANK0  006D
my_delay_ms@i                             cstackBANK0  0026
my_delay_ms@time                          cstackBANK0  0020
my_delay_ms_WDT@i                         cstackBANK0  0026
my_delay_ms_WDT@time                      cstackBANK0  0020
reset_vec                                 reset_vec    0000
saved_w                                   (abs)        007E
start                                     init         0012
start_initialization                      cinit        0015
strcpy@cp                                 cstackBANK0  0023
strcpy@from                               cstackBANK0  0020
strcpy@to                                 cstackBANK0  0022
strlen@cp                                 cstackBANK0  0022
strlen@s                                  cstackBANK0  0020
wtemp0                                    (abs)        007E


FUNCTION INFORMATION:

 *************** function _main *****************
 Defined at:
		line 144 in file "SlaveLiofilizadorVer1.c"
 Parameters:    Size  Location     Type
		None
 Auto vars:     Size  Location     Type
  reset           2   77[BANK0 ] unsigned int 
 Return value:  Size  Location     Type
                  1    wreg      void 
 Registers used:
		wreg, fsr0l, fsr0h, status,2, status,0, btemp+1, pclath, cstack
 Tracked objects:
		On entry : 
		On exit  : 
		Unchanged: 
 Data sizes:     COMMON   BANK0   BANK1   BANK3   BANK2
      Params:         0       0       0       0       0
      Locals:         0       2       0       0       0
      Temps:          0       3       0       0       0
      Totals:         0       5       0       0       0
Total ram usage:        5 bytes
 Hardware stack levels required when called:    7
 This function calls:
		_ADC_init
		_Decodify_Command
		_EEPROM_Read_Integer
		_EEPROM_Write_Integer
		_I2C_Master_Init
		_MediaPlacaVaccum
		_USART_init
		_my_delay_ms_WDT
 This function is called by:
		Startup code after reset
 This function uses a non-reentrant model


 *************** function _USART_init *****************
 Defined at:
		line 18 in file "usart.c"
 Parameters:    Size  Location     Type
  baudrate        4    0[BANK0 ] unsigned long 
 Auto vars:     Size  Location     Type
  i               1    6[BANK0 ] unsigned char 
  erro            1    0        unsigned char 
 Return value:  Size  Location     Type
                  1    wreg      void 
 Registers used:
		wreg, status,2, status,0
 Tracked objects:
		On entry : 
		On exit  : 
		Unchanged: 
 Data sizes:     COMMON   BANK0   BANK1   BANK3   BANK2
      Params:         0       4       0       0       0
      Locals:         0       2       0       0       0
      Temps:          0       1       0       0       0
      Totals:         0       7       0       0       0
Total ram usage:        7 bytes
 Hardware stack levels used:    1
 Hardware stack levels required when called:    1
 This function calls:
		Nothing
 This function is called by:
		_main
 This function uses a non-reentrant model


 *************** function _MediaPlacaVaccum *****************
 Defined at:
		line 741 in file "SlaveLiofilizadorVer1.c"
 Parameters:    Size  Location     Type
  canal           1    wreg     unsigned char 
 Auto vars:     Size  Location     Type
  canal           1    4[BANK1 ] unsigned char 
  Temp            4    5[BANK1 ] float 
  Valor           4    0[BANK1 ] float 
  i               2    9[BANK1 ] unsigned int 
 Return value:  Size  Location     Type
                  1    wreg      void 
 Registers used:
		wreg, status,2, status,0, btemp+1, pclath, cstack
 Tracked objects:
		On entry : 
		On exit  : 
		Unchanged: 
 Data sizes:     COMMON   BANK0   BANK1   BANK3   BANK2
      Params:         0       0       0       0       0
      Locals:         0       0      11       0       0
      Temps:          0       4       0       0       0
      Totals:         0       4      11       0       0
Total ram usage:       15 bytes
 Hardware stack levels used:    1
 Hardware stack levels required when called:    3
 This function calls:
		_ADC_Max_10Bits
		_ADC_Media_10bits
		_Package_Usart_is_for_me
		___fladd
		___fldiv
		___flge
		___flmul
		___flsub
		___xxtofl
		_my_delay_ms
 This function is called by:
		_main
 This function uses a non-reentrant model


 *************** function ___flsub *****************
 Defined at:
		line 242 in file "C:\Program Files (x86)\Microchip\xc8\v2.10\pic\sources\c90\common\sprcadd.c"
 Parameters:    Size  Location     Type
  a               4   62[BANK0 ] void 
  b               4   66[BANK0 ] void 
 Auto vars:     Size  Location     Type
		None
 Return value:  Size  Location     Type
                  4   62[BANK0 ] void 
 Registers used:
		wreg, status,2, status,0, btemp+1, pclath, cstack
 Tracked objects:
		On entry : 
		On exit  : 
		Unchanged: 
 Data sizes:     COMMON   BANK0   BANK1   BANK3   BANK2
      Params:         0       8       0       0       0
      Locals:         0       0       0       0       0
      Temps:          0       0       0       0       0
      Totals:         0       8       0       0       0
Total ram usage:        8 bytes
 Hardware stack levels used:    1
 Hardware stack levels required when called:    2
 This function calls:
		___fladd
 This function is called by:
		_MediaPlacaVaccum
 This function uses a non-reentrant model


 *************** function ___fladd *****************
 Defined at:
		line 10 in file "C:\Program Files (x86)\Microchip\xc8\v2.10\pic\sources\c90\common\sprcadd.c"
 Parameters:    Size  Location     Type
  b               4   42[BANK0 ] void 
  a               4   46[BANK0 ] void 
 Auto vars:     Size  Location     Type
  grs             1   61[BANK0 ] unsigned char 
  bexp            1   60[BANK0 ] unsigned char 
  aexp            1   59[BANK0 ] unsigned char 
  signs           1   58[BANK0 ] unsigned char 
 Return value:  Size  Location     Type
                  4   42[BANK0 ] unsigned char 
 Registers used:
		wreg, status,2, status,0, btemp+1
 Tracked objects:
		On entry : 
		On exit  : 
		Unchanged: 
 Data sizes:     COMMON   BANK0   BANK1   BANK3   BANK2
      Params:         0       8       0       0       0
      Locals:         0       4       0       0       0
      Temps:          0       8       0       0       0
      Totals:         0      20       0       0       0
Total ram usage:       20 bytes
 Hardware stack levels used:    1
 Hardware stack levels required when called:    1
 This function calls:
		Nothing
 This function is called by:
		_MediaPlacaVaccum
		___flsub
 This function uses a non-reentrant model


 *************** function ___flge *****************
 Defined at:
		line 4 in file "C:\Program Files (x86)\Microchip\xc8\v2.10\pic\sources\c90\common\flge.c"
 Parameters:    Size  Location     Type
  ff1             4    0[BANK0 ] unsigned char 
  ff2             4    4[BANK0 ] unsigned char 
 Auto vars:     Size  Location     Type
		None
 Return value:  Size  Location     Type
		None               void
 Registers used:
		wreg, status,2, status,0
 Tracked objects:
		On entry : 
		On exit  : 
		Unchanged: 
 Data sizes:     COMMON   BANK0   BANK1   BANK3   BANK2
      Params:         0       8       0       0       0
      Locals:         0       0       0       0       0
      Temps:          0       4       0       0       0
      Totals:         0      12       0       0       0
Total ram usage:       12 bytes
 Hardware stack levels used:    1
 Hardware stack levels required when called:    1
 This function calls:
		Nothing
 This function is called by:
		_MediaPlacaVaccum
 This function uses a non-reentrant model


 *************** function ___fldiv *****************
 Defined at:
		line 8 in file "C:\Program Files (x86)\Microchip\xc8\v2.10\pic\sources\c90\common\sprcdiv.c"
 Parameters:    Size  Location     Type
  a               4   33[BANK0 ] unsigned char 
  b               4   37[BANK0 ] unsigned char 
 Auto vars:     Size  Location     Type
  grs             4   53[BANK0 ] unsigned long 
  rem             4   46[BANK0 ] unsigned long 
  new_exp         2   51[BANK0 ] int 
  aexp            1   58[BANK0 ] unsigned char 
  bexp            1   57[BANK0 ] unsigned char 
  sign            1   50[BANK0 ] unsigned char 
 Return value:  Size  Location     Type
                  4   33[BANK0 ] unsigned char 
 Registers used:
		wreg, status,2, status,0, btemp+1
 Tracked objects:
		On entry : 
		On exit  : 
		Unchanged: 
 Data sizes:     COMMON   BANK0   BANK1   BANK3   BANK2
      Params:         0       8       0       0       0
      Locals:         0      13       0       0       0
      Temps:          0       5       0       0       0
      Totals:         0      26       0       0       0
Total ram usage:       26 bytes
 Hardware stack levels used:    1
 Hardware stack levels required when called:    1
 This function calls:
		Nothing
 This function is called by:
		_MediaPlacaVaccum
 This function uses a non-reentrant model


 *************** function _Package_Usart_is_for_me *****************
 Defined at:
		line 8 in file "protocolo.c"
 Parameters:    Size  Location     Type
		None
 Auto vars:     Size  Location     Type
  retorno         1    0[BANK0 ] unsigned char 
 Return value:  Size  Location     Type
                  1    wreg      unsigned char 
 Registers used:
		wreg, status,2, status,0
 Tracked objects:
		On entry : 
		On exit  : 
		Unchanged: 
 Data sizes:     COMMON   BANK0   BANK1   BANK3   BANK2
      Params:         0       0       0       0       0
      Locals:         0       1       0       0       0
      Temps:          0       0       0       0       0
      Totals:         0       1       0       0       0
Total ram usage:        1 bytes
 Hardware stack levels used:    1
 Hardware stack levels required when called:    1
 This function calls:
		Nothing
 This function is called by:
		_MediaPlacaVaccum
 This function uses a non-reentrant model


 *************** function _ADC_Media_10bits *****************
 Defined at:
		line 20 in file "adc.c"
 Parameters:    Size  Location     Type
  canal           1    wreg     unsigned char 
 Auto vars:     Size  Location     Type
  canal           1   38[BANK0 ] unsigned char 
  value           2   39[BANK0 ] unsigned int 
  i               1   41[BANK0 ] unsigned char 
 Return value:  Size  Location     Type
                  4   33[BANK0 ] float 
 Registers used:
		wreg, status,2, status,0, btemp+1, pclath, cstack
 Tracked objects:
		On entry : 
		On exit  : 
		Unchanged: 
 Data sizes:     COMMON   BANK0   BANK1   BANK3   BANK2
      Params:         0       4       0       0       0
      Locals:         0       4       0       0       0
      Temps:          0       1       0       0       0
      Totals:         0       9       0       0       0
Total ram usage:        9 bytes
 Hardware stack levels used:    1
 Hardware stack levels required when called:    2
 This function calls:
		___lwdiv
		___xxtofl
		_captura
		_my_delay_ms
 This function is called by:
		_MediaPlacaVaccum
 This function uses a non-reentrant model


 *************** function ___xxtofl *****************
 Defined at:
		line 10 in file "C:\Program Files (x86)\Microchip\xc8\v2.10\pic\sources\c90\common\xxtofl.c"
 Parameters:    Size  Location     Type
  sign            1    wreg     unsigned char 
  val             4   19[BANK0 ] long 
 Auto vars:     Size  Location     Type
  sign            1   27[BANK0 ] unsigned char 
  arg             4   29[BANK0 ] unsigned long 
  exp             1   28[BANK0 ] unsigned char 
 Return value:  Size  Location     Type
                  4   19[BANK0 ] unsigned char 
 Registers used:
		wreg, status,2, status,0
 Tracked objects:
		On entry : 
		On exit  : 
		Unchanged: 
 Data sizes:     COMMON   BANK0   BANK1   BANK3   BANK2
      Params:         0       4       0       0       0
      Locals:         0       6       0       0       0
      Temps:          0       4       0       0       0
      Totals:         0      14       0       0       0
Total ram usage:       14 bytes
 Hardware stack levels used:    1
 Hardware stack levels required when called:    1
 This function calls:
		Nothing
 This function is called by:
		_MediaPlacaVaccum
		_ADC_Media_10bits
 This function uses a non-reentrant model


 *************** function _ADC_Max_10Bits *****************
 Defined at:
		line 34 in file "adc.c"
 Parameters:    Size  Location     Type
  canal           1    wreg     unsigned char 
 Auto vars:     Size  Location     Type
  canal           1   13[BANK0 ] unsigned char 
  value           2   16[BANK0 ] unsigned int 
  Temp            2   14[BANK0 ] unsigned int 
  i               1   18[BANK0 ] unsigned char 
 Return value:  Size  Location     Type
                  2   10[BANK0 ] unsigned int 
 Registers used:
		wreg, status,2, status,0, btemp+1, pclath, cstack
 Tracked objects:
		On entry : 
		On exit  : 
		Unchanged: 
 Data sizes:     COMMON   BANK0   BANK1   BANK3   BANK2
      Params:         0       2       0       0       0
      Locals:         0       6       0       0       0
      Temps:          0       1       0       0       0
      Totals:         0       9       0       0       0
Total ram usage:        9 bytes
 Hardware stack levels used:    1
 Hardware stack levels required when called:    2
 This function calls:
		_captura
		_my_delay_ms
 This function is called by:
		_MediaPlacaVaccum
 This function uses a non-reentrant model


 *************** function _my_delay_ms *****************
 Defined at:
		line 5 in file "my_delay.c"
 Parameters:    Size  Location     Type
  time            4    0[BANK0 ] long 
 Auto vars:     Size  Location     Type
  i               4    6[BANK0 ] long 
 Return value:  Size  Location     Type
                  1    wreg      void 
 Registers used:
		wreg, btemp+1
 Tracked objects:
		On entry : 
		On exit  : 
		Unchanged: 
 Data sizes:     COMMON   BANK0   BANK1   BANK3   BANK2
      Params:         0       4       0       0       0
      Locals:         0       4       0       0       0
      Temps:          0       2       0       0       0
      Totals:         0      10       0       0       0
Total ram usage:       10 bytes
 Hardware stack levels used:    1
 Hardware stack levels required when called:    1
 This function calls:
		Nothing
 This function is called by:
		_MediaPlacaVaccum
		_ADC_Media_10bits
		_ADC_Max_10Bits
 This function uses a non-reentrant model


 *************** function _captura *****************
 Defined at:
		line 140 in file "adc.c"
 Parameters:    Size  Location     Type
		None
 Auto vars:     Size  Location     Type
		None
 Return value:  Size  Location     Type
                  2    0[BANK0 ] unsigned int 
 Registers used:
		wreg
 Tracked objects:
		On entry : 
		On exit  : 
		Unchanged: 
 Data sizes:     COMMON   BANK0   BANK1   BANK3   BANK2
      Params:         0       2       0       0       0
      Locals:         0       0       0       0       0
      Temps:          0       0       0       0       0
      Totals:         0       2       0       0       0
Total ram usage:        2 bytes
 Hardware stack levels used:    1
 Hardware stack levels required when called:    1
 This function calls:
		Nothing
 This function is called by:
		_ADC_Media_10bits
		_ADC_Max_10Bits
 This function uses a non-reentrant model


 *************** function _I2C_Master_Init *****************
 Defined at:
		line 7 in file "I2C.c"
 Parameters:    Size  Location     Type
  c               4   14[BANK0 ] const unsigned long 
 Auto vars:     Size  Location     Type
		None
 Return value:  Size  Location     Type
                  1    wreg      void 
 Registers used:
		wreg, status,2, status,0, pclath, cstack
 Tracked objects:
		On entry : 
		On exit  : 
		Unchanged: 
 Data sizes:     COMMON   BANK0   BANK1   BANK3   BANK2
      Params:         0       4       0       0       0
      Locals:         0       0       0       0       0
      Temps:          0       4       0       0       0
      Totals:         0       8       0       0       0
Total ram usage:        8 bytes
 Hardware stack levels used:    1
 Hardware stack levels required when called:    2
 This function calls:
		___lldiv
 This function is called by:
		_main
 This function uses a non-reentrant model


 *************** function ___lldiv *****************
 Defined at:
		line 5 in file "C:\Program Files (x86)\Microchip\xc8\v2.10\pic\sources\c90\common\__lldiv.c"
 Parameters:    Size  Location     Type
  divisor         4    0[BANK0 ] unsigned long 
  dividend        4    4[BANK0 ] unsigned long 
 Auto vars:     Size  Location     Type
  quotient        4    9[BANK0 ] unsigned long 
  counter         1   13[BANK0 ] unsigned char 
 Return value:  Size  Location     Type
                  4    0[BANK0 ] unsigned long 
 Registers used:
		wreg, status,2, status,0
 Tracked objects:
		On entry : 
		On exit  : 
		Unchanged: 
 Data sizes:     COMMON   BANK0   BANK1   BANK3   BANK2
      Params:         0       8       0       0       0
      Locals:         0       5       0       0       0
      Temps:          0       1       0       0       0
      Totals:         0      14       0       0       0
Total ram usage:       14 bytes
 Hardware stack levels used:    1
 Hardware stack levels required when called:    1
 This function calls:
		Nothing
 This function is called by:
		_I2C_Master_Init
 This function uses a non-reentrant model


 *************** function _Decodify_Command *****************
 Defined at:
		line 304 in file "SlaveLiofilizadorVer1.c"
 Parameters:    Size  Location     Type
		None
 Auto vars:     Size  Location     Type
  sizedata        1    3[BANK1 ] unsigned char 
  add             1    2[BANK1 ] unsigned char 
  add_24LCxxxx    4   11[BANK1 ] unsigned long 
  OutPut          4    6[BANK1 ] float 
  tempint         2    4[BANK1 ] int 
  dados           2    0[BANK1 ] int 
  tempchar        1   10[BANK1 ] unsigned char 
 Return value:  Size  Location     Type
                  1    wreg      void 
 Registers used:
		wreg, fsr0l, fsr0h, status,2, status,0, btemp+1, pclath, cstack
 Tracked objects:
		On entry : 
		On exit  : 
		Unchanged: 
 Data sizes:     COMMON   BANK0   BANK1   BANK3   BANK2
      Params:         0       0       0       0       0
      Locals:         0       0      15       0       0
      Temps:          0       4       0       0       0
      Totals:         0       4      15       0       0
Total ram usage:       19 bytes
 Hardware stack levels used:    1
 Hardware stack levels required when called:    6
 This function calls:
		_EEPROM_24C1025_Fill_All
		_EEPROM_24C1025_Read_Buffer
		_EEPROM_24C1025_Read_Byte
		_EEPROM_24C1025_Read_Int
		_EEPROM_24C1025_Read_Str
		_EEPROM_24C1025_Write_Buffer
		_EEPROM_24C1025_Write_Byte
		_EEPROM_24C1025_Write_Int
		_EEPROM_24C1025_Write_Str
		_EEPROM_Read_Byte
		_EEPROM_Read_Integer
		_EEPROM_Read_String
[...]
  ctrl            1   22[BANK0 ] unsigned char 
  range           1   21[BANK0 ] unsigned char 
  cnt             1    0        unsigned char 
 Return value:  Size  Location     Type
                  1    wreg      void 
 Registers used:
		wreg, fsr0l, fsr0h, status,2, status,0, btemp+1, pclath, cstack
 Tracked objects:
		On entry : 
		On exit  : 
		Unchanged: 
 Data sizes:     COMMON   BANK0   BANK1   BANK3   BANK2
      Params:         0       6       0       0       0
      Locals:         0       5       0       0       0
      Temps:          0       2       0       0       0
      Totals:         0      13       0       0       0
Total ram usage:       13 bytes
 Hardware stack levels used:    1
 Hardware stack levels required when called:    3
 This function calls:
		_I2C_Master_Read
		_I2C_Master_RepeatedStart
		_I2C_Master_Start
		_I2C_Master_Stop
		_I2C_Master_Write
		_my_delay_ms_WDT
 This function is called by:
		_EEPROM_24C1025_Read_Byte
		_EEPROM_24C1025_Read_Int
		_Decodify_Command
 This function uses a non-reentrant model


 *************** function _I2C_Master_RepeatedStart *****************
 Defined at:
		line 62 in file "I2C.c"
 Parameters:    Size  Location     Type
		None
 Auto vars:     Size  Location     Type
		None
 Return value:  Size  Location     Type
                  1    wreg      void 
 Registers used:
		wreg, status,2, status,0, pclath, cstack
 Tracked objects:
		On entry : 
		On exit  : 
		Unchanged: 
 Data sizes:     COMMON   BANK0   BANK1   BANK3   BANK2
      Params:         0       0       0       0       0
      Locals:         0       0       0       0       0
      Temps:          0       0       0       0       0
      Totals:         0       0       0       0       0
Total ram usage:        0 bytes
 Hardware stack levels used:    1
 Hardware stack levels required when called:    2
 This function calls:
		_I2C_Master_Wait
 This function is called by:
		_EEPROM_24C1025_Read_Buffer
		_EEPROM_24C1025_Read_Str
 This function uses a non-reentrant model


 *************** function _I2C_Master_Read *****************
 Defined at:
		line 87 in file "I2C.c"
 Parameters:    Size  Location     Type
  a               2    3[BANK0 ] unsigned short 
 Auto vars:     Size  Location     Type
  temp            2    7[BANK0 ] unsigned short 
 Return value:  Size  Location     Type
                  2    3[BANK0 ] unsigned short 
 Registers used:
		wreg, status,2, status,0, pclath, cstack
 Tracked objects:
		On entry : 
		On exit  : 
		Unchanged: 
 Data sizes:     COMMON   BANK0   BANK1   BANK3   BANK2
      Params:         0       2       0       0       0
      Locals:         0       2       0       0       0
      Temps:          0       2       0       0       0
      Totals:         0       6       0       0       0
Total ram usage:        6 bytes
 Hardware stack levels used:    1
 Hardware stack levels required when called:    2
 This function calls:
		_I2C_Master_Wait
 This function is called by:
		_EEPROM_24C1025_Read_Buffer
		_EEPROM_24C1025_Read_Str
 This function uses a non-reentrant model


 *************** function _EEPROM_24C1025_Fill_All *****************
 Defined at:
		line 294 in file "EEPROM_24C1025.c"
 Parameters:    Size  Location     Type
  chip_add        1    wreg     unsigned char 
  value           2   56[BANK0 ] unsigned int 
 Auto vars:     Size  Location     Type
  chip_add        1   58[BANK0 ] unsigned char 
  mem_add         4   59[BANK0 ] unsigned long 
 Return value:  Size  Location     Type
                  1    wreg      void 
 Registers used:
		wreg, fsr0l, fsr0h, status,2, status,0, btemp+1, pclath, cstack
 Tracked objects:
		On entry : 
		On exit  : 
		Unchanged: 
 Data sizes:     COMMON   BANK0   BANK1   BANK3   BANK2
      Params:         0       2       0       0       0
      Locals:         0       5       0       0       0
      Temps:          0       0       0       0       0
      Totals:         0       7       0       0       0
Total ram usage:        7 bytes
 Hardware stack levels used:    1
 Hardware stack levels required when called:    5
 This function calls:
		_EEPROM_24C1025_Write_Int
 This function is called by:
		_Decodify_Command
 This function uses a non-reentrant model


 *************** function _EEPROM_24C1025_Write_Int *****************
 Defined at:
		line 279 in file "EEPROM_24C1025.c"
 Parameters:    Size  Location     Type
  chip_add        1    wreg     unsigned char 
  mem_add         4   46[BANK0 ] unsigned long 
  data            2   50[BANK0 ] int 
 Auto vars:     Size  Location     Type
  chip_add        1   53[BANK0 ] unsigned char 
  local           2   54[BANK0 ] unsigned char [2]
 Return value:  Size  Location     Type
                  1    wreg      void 
 Registers used:
		wreg, fsr0l, fsr0h, status,2, status,0, btemp+1, pclath, cstack
 Tracked objects:
		On entry : 
		On exit  : 
		Unchanged: 
 Data sizes:     COMMON   BANK0   BANK1   BANK3   BANK2
      Params:         0       6       0       0       0
      Locals:         0       3       0       0       0
      Temps:          0       1       0       0       0
      Totals:         0      10       0       0       0
Total ram usage:       10 bytes
 Hardware stack levels used:    1
 Hardware stack levels required when called:    4
 This function calls:
		_EEPROM_24C1025_Write_Buffer
 This function is called by:
		_EEPROM_24C1025_Fill_All
		_Decodify_Command
		_Save_Log
 This function uses a non-reentrant model


 *************** function _EEPROM_24C1025_Write_Buffer *****************
 Defined at:
		line 15 in file "EEPROM_24C1025.c"
 Parameters:    Size  Location     Type
  chip_add        1    wreg     unsigned char 
  mem_add         4   10[BANK0 ] unsigned long 
  sizedata        1   14[BANK0 ] unsigned char 
  data            2   15[BANK0 ] PTR unsigned char 
		 -> usart_protocol.value(52), usart_protocol(58), EEPROM_24C1025_Write_Int@local(2), EEPROM_24C1025_Write_Byte@data(1), 
 Auto vars:     Size  Location     Type
  chip_add        1   20[BANK0 ] unsigned char 
  ctrl            1   22[BANK0 ] unsigned char 
  range           1   21[BANK0 ] unsigned char 
  count           1   19[BANK0 ] unsigned char 
 Return value:  Size  Location     Type
                  1    wreg      void 
 Registers used:
		wreg, fsr0l, fsr0h, status,2, status,0, btemp+1, pclath, cstack
 Tracked objects:
		On entry : 
		On exit  : 
		Unchanged: 
 Data sizes:     COMMON   BANK0   BANK1   BANK3   BANK2
      Params:         0       7       0       0       0
      Locals:         0       4       0       0       0
      Temps:          0       2       0       0       0
      Totals:         0      13       0       0       0
Total ram usage:       13 bytes
 Hardware stack levels used:    1
 Hardware stack levels required when called:    3
 This function calls:
		_I2C_Master_Start
		_I2C_Master_Stop
		_I2C_Master_Write
		_my_delay_ms_WDT
 This function is called by:
		_EEPROM_24C1025_Write_Byte
		_EEPROM_24C1025_Write_Int
		_Decodify_Command
 This function uses a non-reentrant model


 *************** function _my_delay_ms_WDT *****************
 Defined at:
		line 13 in file "my_delay.c"
 Parameters:    Size  Location     Type
  time            4    0[BANK0 ] long 
 Auto vars:     Size  Location     Type
  i               4    6[BANK0 ] long 
 Return value:  Size  Location     Type
                  1    wreg      void 
 Registers used:
		wreg, btemp+1
 Tracked objects:
		On entry : 
		On exit  : 
		Unchanged: 
 Data sizes:     COMMON   BANK0   BANK1   BANK3   BANK2
      Params:         0       4       0       0       0
      Locals:         0       4       0       0       0
      Temps:          0       2       0       0       0
      Totals:         0      10       0       0       0
Total ram usage:       10 bytes
 Hardware stack levels used:    1
 Hardware stack levels required when called:    1
 This function calls:
		Nothing
 This function is called by:
		_EEPROM_24C1025_Write_Buffer
		_EEPROM_24C1025_Read_Buffer
		_EEPROM_24C1025_Write_Str
		_main
 This function uses a non-reentrant model


 *************** function _I2C_Master_Write *****************
 Defined at:
		line 79 in file "I2C.c"
 Parameters:    Size  Location     Type
  d               2    3[BANK0 ] unsigned int 
 Auto vars:     Size  Location     Type
		None
 Return value:  Size  Location     Type
                  1    wreg      void 
 Registers used:
		wreg, status,2, status,0, pclath, cstack
 Tracked objects:
		On entry : 
		On exit  : 
		Unchanged: 
 Data sizes:     COMMON   BANK0   BANK1   BANK3   BANK2
      Params:         0       2       0       0       0
      Locals:         0       0       0       0       0
      Temps:          0       0       0       0       0
      Totals:         0       2       0       0       0
Total ram usage:        2 bytes
 Hardware stack levels used:    1
 Hardware stack levels required when called:    2
 This function calls:
		_I2C_Master_Wait
 This function is called by:
		_EEPROM_24C1025_Write_Buffer
		_EEPROM_24C1025_Read_Buffer
		_EEPROM_24C1025_Write_Str
		_EEPROM_24C1025_Read_Str
 This function uses a non-reentrant model


 *************** function _I2C_Master_Stop *****************
 Defined at:
		line 70 in file "I2C.c"
 Parameters:    Size  Location     Type
		None
 Auto vars:     Size  Location     Type
		None
 Return value:  Size  Location     Type
                  1    wreg      void 
 Registers used:
		wreg, status,2, status,0, pclath, cstack
 Tracked objects:
		On entry : 
		On exit  : 
		Unchanged: 
 Data sizes:     COMMON   BANK0   BANK1   BANK3   BANK2
      Params:         0       0       0       0       0
      Locals:         0       0       0       0       0
      Temps:          0       0       0       0       0
      Totals:         0       0       0       0       0
Total ram usage:        0 bytes
 Hardware stack levels used:    1
 Hardware stack levels required when called:    2
 This function calls:
		_I2C_Master_Wait
 This function is called by:
		_EEPROM_24C1025_Write_Buffer
		_EEPROM_24C1025_Read_Buffer
		_EEPROM_24C1025_Write_Str
		_EEPROM_24C1025_Read_Str
 This function uses a non-reentrant model


 *************** function _I2C_Master_Start *****************
 Defined at:
		line 52 in file "I2C.c"
 Parameters:    Size  Location     Type
		None
 Auto vars:     Size  Location     Type
		None
 Return value:  Size  Location     Type
                  1    wreg      void 
 Registers used:
		wreg, status,2, status,0, pclath, cstack
 Tracked objects:
		On entry : 
		On exit  : 
		Unchanged: 
 Data sizes:     COMMON   BANK0   BANK1   BANK3   BANK2
      Params:         0       0       0       0       0
      Locals:         0       0       0       0       0
      Temps:          0       0       0       0       0
      Totals:         0       0       0       0       0
Total ram usage:        0 bytes
 Hardware stack levels used:    1
 Hardware stack levels required when called:    2
 This function calls:
		_I2C_Master_Wait
 This function is called by:
		_EEPROM_24C1025_Write_Buffer
		_EEPROM_24C1025_Read_Buffer
		_EEPROM_24C1025_Write_Str
		_EEPROM_24C1025_Read_Str
 This function uses a non-reentrant model


 *************** function _I2C_Master_Wait *****************
 Defined at:
		line 37 in file "I2C.c"
 Parameters:    Size  Location     Type
		None
 Auto vars:     Size  Location     Type
  tempo           1    2[BANK0 ] unsigned char 
 Return value:  Size  Location     Type
                  1    wreg      unsigned char 
 Registers used:
		wreg, status,2, status,0
 Tracked objects:
		On entry : 
		On exit  : 
		Unchanged: 
 Data sizes:     COMMON   BANK0   BANK1   BANK3   BANK2
      Params:         0       0       0       0       0
      Locals:         0       1       0       0       0
      Temps:          0       2       0       0       0
      Totals:         0       3       0       0       0
Total ram usage:        3 bytes
 Hardware stack levels used:    1
 Hardware stack levels required when called:    1
 This function calls:
		Nothing
 This function is called by:
		_I2C_Master_Start
		_I2C_Master_RepeatedStart
		_I2C_Master_Stop
		_I2C_Master_Write
		_I2C_Master_Read
 This function uses a non-reentrant model


 *************** function _ADC_init *****************
 Defined at:
		line 10 in file "adc.c"
 Parameters:    Size  Location     Type
		None
 Auto vars:     Size  Location     Type
		None
 Return value:  Size  Location     Type
                  1    wreg      void 
 Registers used:
		wreg, status,2, status,0
 Tracked objects:
		On entry : 
		On exit  : 
		Unchanged: 
 Data sizes:     COMMON   BANK0   BANK1   BANK3   BANK2
      Params:         0       0       0       0       0
      Locals:         0       0       0       0       0
      Temps:          0       0       0       0       0
      Totals:         0       0       0       0       0
Total ram usage:        0 bytes
 Hardware stack levels used:    1
 Hardware stack levels required when called:    1
 This function calls:
		Nothing
 This function is called by:
		_main
 This function uses a non-reentrant model


 *************** function _isr *****************
 Defined at:
		line 29 in file "isr.c"
 Parameters:    Size  Location     Type
		None
 Auto vars:     Size  Location     Type
  tempo           2    6[COMMON] unsigned int 
 Return value:  Size  Location     Type
                  1    wreg      void 
 Registers used:
		wreg, fsr0l, fsr0h, status,2, status,0, btemp+1
 Tracked objects:
		On entry : 
		On exit  : 
		Unchanged: 
 Data sizes:     COMMON   BANK0   BANK1   BANK3   BANK2
      Params:         0       0       0       0       0
      Locals:         2       0       0       0       0
      Temps:          6       0       0       0       0
      Totals:         8       0       0       0       0
Total ram usage:        8 bytes
 Hardware stack levels used:    1
 This function calls:
		Nothing
 This function is called by:
		Interrupt level 1
 This function uses a non-reentrant model



MODULE INFORMATION

Module		Function		Class		Link	Load	Size
protocolo.c
		_Package_Usart_is_for_me		CODE           	1B31	0000	27

protocolo.c estimated size: 27

C:\Program Files (x86)\Microchip\xc8\v2.10\pic\sources\c90\common\lwdiv.c
		___lwdiv       		CODE           	1EAE	0000	61

C:\Program Files (x86)\Microchip\xc8\v2.10\pic\sources\c90\common\lwdiv.c estimated size: 61

C:\Program Files (x86)\Microchip\xc8\v2.10\pic\sources\c90\common\fltol.c
		___fltol       		CODE           	1131	0000	108

C:\Program Files (x86)\Microchip\xc8\v2.10\pic\sources\c90\common\fltol.c estimated size: 108

my_delay.c
		_my_delay_ms_WDT		CODE           	1E02	0000	57
		_my_delay_ms   		CODE           	1DCB	0000	56

my_delay.c estimated size: 113

usart.c
		_USART_putc    		CODE           	1A9C	0000	17
		_USART_to_Protocol		CODE           	1FAB	0000	86
		_USART_put_string		CODE           	1D63	0000	52
		_USART_put_int 		CODE           	1AE8	0000	23
		_USART_put_buffer		CODE           	1B84	0000	30
		_USART_init    		CODE           	1EEA	0000	61

usart.c estimated size: 269

I2C.c
		_I2C_Master_Read		CODE           	1D96	0000	54
		_I2C_Master_Wait		CODE           	1C1D	0000	34
		_I2C_Master_Init		CODE           	1D00	0000	50
		_I2C_Master_Stop		CODE           	1A5F	0000	10
		_I2C_Master_RepeatedStart		CODE           	1A91	0000	12
		_I2C_Master_Write		CODE           	1A86	0000	12
		_I2C_Master_Start		CODE           	1AAC	0000	18

I2C.c estimated size: 190

C:\Program Files (x86)\Microchip\xc8\v2.10\pic\sources\c90\common\sprcmul.c
		___flmul       		CODE           	03D4	0000	758

C:\Program Files (x86)\Microchip\xc8\v2.10\pic\sources\c90\common\sprcmul.c estimated size: 758

proculus.c
		_PROCULUS_Control_Register_Write		CODE           	1E3A	0000	57
		_PROCULUS_Show_Screen		CODE           	1ABD	0000	22
		_PROCULUS_VP_Write_String		CODE           	1B17	0000	27
		_PROCULUS_VP_Write		CODE           	1F64	0000	72
		_PROCULUS_Delay		CODE           	1B67	0000	30
		_PROCULUS_Buzzer		CODE           	105B	0000	35

proculus.c estimated size: 243

C:\Program Files (x86)\Microchip\xc8\v2.10\pic\sources\c90\common\Umul8_16.c
		__Umul8_16     		CODE           	1C60	0000	36

C:\Program Files (x86)\Microchip\xc8\v2.10\pic\sources\c90\common\Umul8_16.c estimated size: 36

C:\Program Files (x86)\Microchip\xc8\v2.10\pic\sources\c90\common\__lldiv.c
		___lldiv       		CODE           	10D3	0000	95

C:\Program Files (x86)\Microchip\xc8\v2.10\pic\sources\c90\common\__lldiv.c estimated size: 95

eeprom.c
		_EEPROM_Write_String		CODE           	1CD5	0000	44
		_EEPROM_Read_Byte		CODE           	1C3E	0000	35
		_EEPROM_Write_Byte		CODE           	1E72	0000	61
		_EEPROM_Read_Integer		CODE           	1CAB	0000	43
		_EEPROM_Read_String		CODE           	1BFD	0000	33
		_EEPROM_Write_Integer		CODE           	1D31	0000	51

eeprom.c estimated size: 267

C:\Program Files (x86)\Microchip\xc8\v2.10\pic\sources\c90\common\sprcdiv.c
		___fldiv       		CODE           	099B	0000	418

C:\Program Files (x86)\Microchip\xc8\v2.10\pic\sources\c90\common\sprcdiv.c estimated size: 418

adc.c
		_captura       		CODE           	1A71	0000	11
		_ADC_Media_10bits		CODE           	107D	0000	87
		_ADC_init      		CODE           	1A7B	0000	12
		_ADC_Max_10Bits		CODE           	1F26	0000	63

adc.c estimated size: 173

SlaveLiofilizadorVer1.c
		_MediaPlacaVaccum		CODE           	0D69	0000	664
		_Send_To_MB    		CODE           	0801	0000	41
		_main          		CODE           	06C9	0000	244
		_Decodify_Command		CODE           	0037	0000	926
		_Send_Reply_OK 		CODE           	1A68	0000	10
		_Save_Log      		CODE           	119C	0000	120

SlaveLiofilizadorVer1.c estimated size: 2005

C:\Program Files (x86)\Microchip\xc8\v2.10\pic\sources\c90\common\flge.c
		___flge        		CODE           	1213	0000	148

C:\Program Files (x86)\Microchip\xc8\v2.10\pic\sources\c90\common\flge.c estimated size: 148

isr.c
		_isr           		CODE           	1349	0000	239

isr.c estimated size: 239

C:\Program Files (x86)\Microchip\xc8\v2.10\pic\sources\c90\common\xxtofl.c
		___xxtofl      		CODE           	12A6	0000	164

C:\Program Files (x86)\Microchip\xc8\v2.10\pic\sources\c90\common\xxtofl.c estimated size: 164

shared
		_PT100_TRANSLADA		STRING         	0000	0000	0
		__stringtab    		STRING         	1000	0000	17
		_RESISTOR_ROOM_TEMP		STRING         	0000	0000	0
		_PT100_CONSTANT		STRING         	0000	0000	0
		_ROOM_TEMP     		STRING         	0000	0000	0
		_BETA          		STRING         	0000	0000	0
		__initialization		CODE           	0015	0000	31
		log@coeff      		STRING         	0000	0000	0
		_BALANCE_RESISTOR		STRING         	0000	0000	0
		_MAX_ADC       		STRING         	0000	0000	0

shared estimated size: 48

C:\Program Files (x86)\Microchip\xc8\v2.10\pic\sources\c90\common\strlen.c
		_strlen        		CODE           	1B4B	0000	29

C:\Program Files (x86)\Microchip\xc8\v2.10\pic\sources\c90\common\strlen.c estimated size: 29

C:\Program Files (x86)\Microchip\xc8\v2.10\pic\sources\c90\common\strcpy.c
		_strcpy        		CODE           	1BA1	0000	31

C:\Program Files (x86)\Microchip\xc8\v2.10\pic\sources\c90\common\strcpy.c estimated size: 31

EEPROM_24C1025.c
		_EEPROM_24C1025_Read_Str		CODE           	1694	0000	365
		_EEPROM_24C1025_Write_Int		CODE           	1BDD	0000	33
		_EEPROM_24C1025_Read_Byte		CODE           	1AFE	0000	26
		_EEPROM_24C1025_Read_Buffer		CODE           	0829	0000	371
		_EEPROM_24C1025_Write_Byte		CODE           	1AD2	0000	23
		_EEPROM_24C1025_Write_Buffer		CODE           	152A	0000	363
		_EEPROM_24C1025_Fill_All		CODE           	07BC	0000	64
		_EEPROM_24C1025_Read_Int		CODE           	1C83	0000	41
		_EEPROM_24C1025_Write_Str		CODE           	1437	0000	244

EEPROM_24C1025.c estimated size: 1530

C:\Program Files (x86)\Microchip\xc8\v2.10\pic\sources\c90\common\sprcadd.c
		___flsub       		CODE           	1BBF	0000	31
		___fladd       		CODE           	0B3C	0000	558

C:\Program Files (x86)\Microchip\xc8\v2.10\pic\sources\c90\common\sprcadd.c estimated size: 589

