Microchip MPLAB XC8 Compiler V2.10 ()

Linker command line:

-W-3 --edf=C:\Program Files (x86)\Microchip\xc8\v2.10\pic\dat\en_msgs.txt \
  -cs \
  -h+dist/default/production\Liofilizador_-_Placa_Filha.X.production.sym \
  --cmf=dist/default/production\Liofilizador_-_Placa_Filha.X.production.cmf \
  -z -Q16F886 -oC:\Users\Dell\AppData\Local\Temp\sd2c.2 \
  --defsym=__MPLAB_BUILD=1 \
  -Mdist/default/production/Liofilizador_-_Placa_Filha.X.production.map -E1 \
  -ver=XC8 --acfsm=1493 -ASTACK=0150h-016Fh -pstack=STACK \
  -ACODE=00h-07FFhx4 -ASTRCODE=00h-01FFFh -ASTRING=00h-0FFhx32 \
  -ACONST=00h-0FFhx32 -AENTRY=00h-0FFhx32 -ACOMMON=070h-07Fh \
  -ABANK0=020h-06Fh -ABANK1=0A0h-0EFh -ABANK2=0110h-016Fh \
  -ABANK3=0190h-01EFh -ARAM=020h-06Fh,0A0h-0EFh,0110h-016Fh,0190h-01EFh \
  -AABS1=020h-07Fh,0A0h-0EFh,0110h-016Fh,0190h-01EFh -ASFR0=00h-01Fh \
  -ASFR1=080h-09Fh -ASFR2=0100h-010Fh -ASFR3=0180h-018Fh \
  -preset_vec=00h,intentry=04h,init,end_init -ppowerup=CODE -pcinit=CODE \
  -pfunctab=ENTRY -ACONFIG=02007h-02008h -pconfig=CONFIG -DCONFIG=2 \
  -AIDLOC=02000h-02003h -pidloc=IDLOC -DIDLOC=2 -AEEDATA=00h-0FFh/02100h \
  -peeprom_data=EEDATA -DEEDATA=2 -DCODE=2 -DSTRCODE=2 -DSTRING=2 -DCONST=2 \
  -DENTRY=2 -k C:\Users\Dell\AppData\Local\Temp\sd2c.o \
  dist/default/production\Liofilizador_-_Placa_Filha.X.production.o 

Object code version is 3.11

Machine type is 16F886



                Name                               Link     Load   Length Selector   Space Scale
C:\Users\Dell\AppData\Local\Temp\sd2c.o
                end_init                             12       12        3        8       0
                reset_vec                             0        0        3        0       0
                config                             2007     2007        2     400E       0
dist/default/production\Liofilizador_-_Placa_Filha.X.production.o
                cinit                                15       15       21        8       0
                intentry                              4        4        E        8       0
                text63                             1358     1358       EB     26B0       0
                text62                             1900     1900        B     3200       0
                text61                             18D3     18D3        8     31A6       0
                text60                             18DB     18DB        9     31B6       0
                text59                             18C9     18C9        5     3192       0
                text58                             18E4     18E4        9     31C8       0
                text57                             1532     1532      162     2A64       0
                text56                             1A15     1A15       20     342A       0
                text55                             1E37     1E37       3F     3C6E       0
                text54                             1BA9     1BA9       2D     3752       0
                text53                             18CE     18CE        5     319C       0
                text52                              828      828      173     1050       0
                text51                             198A     198A       19     3314       0
                text50                             1B00     1B00       28     3600       0
                text49                             1694     1694      16C     2D28       0
                text48                             1930     1930       16     3260       0
                text47                             126F     126F       E9     24DE       0
                text46                             1A75     1A75       22     34EA       0
                text45                             1B28     1B28       2A     3650       0
                text44                             1A35     1A35       20     346A       0
                text43                             1D45     1D45       3C     3A8A       0
                text42                             1C07     1C07       32     380E       0
                text41                             1B52     1B52       2B     36A4       0
                text40                             19BC     19BC       1D     3378       0
                text39                             190B     190B       10     3216       0
                text38                             1946     1946       16     328C       0
                text37                             1CD5     1CD5       38     39AA       0
                text36                             1D81     1D81       3C     3B02       0
                text35                             1A97     1A97       22     352E       0
                text34                             191B     191B       15     3236       0
                text33                              7B1      7B1       47        8       0
                text32                             19A3     19A3       19     3346       0
                text31                             195C     195C       17     32B8       0
                text30                             1AB9     1AB9       23     3572       0
                text29                              4BC      4BC      2F5        8       0
                text28                             1F95     1F95       6B     3F2A       0
                text27                             1190     1190       DF     2320       0
                text26                             1C6B     1C6B       33     38D6       0
                text25                             18ED     18ED        9     31DA       0
                text24                              800      800       28     1000       0
                text23                             1ADC     1ADC       24     35B8       0
                text22                             1E76     1E76       5D     3CEC       0
                text21                             1C39     1C39       32     3872       0
                text20                             1F31     1F31       64     3E62       0
                text19                             1A55     1A55       20     34AA       0
                text18                             1B7D     1B7D       2C     36FA       0
                text17                             19D9     19D9       1E     33B2       0
                text16                               36       36      486        8       0
                text15                             1ED3     1ED3       5E     3DA6       0
                text14                             1BD6     1BD6       31     37AC       0
                text13                             18F6     18F6        A     31EC       0
                text12                             1C9E     1C9E       37     393C       0
                text11                             1DF9     1DF9       3E     3BF2       0
                text10                             10ED     10ED       A3     21DA       0
                text9                              1004     1004       56     2008       0
                text8                              1973     1973       17     32E6       0
                text7                               99B      99B      1A1     1336       0
                text6                              105A     105A       93     20B4       0
                text5                               B3C      B3C      22D     1678       0
                text4                              19F7     19F7       1E     33EE       0
                text3                               D69      D69      297     1AD2       0
                text2                              1DBD     1DBD       3C     3B7A       0
                text1                              1D0D     1D0D       38     3A1A       0
                maintext                           1443     1443       EF     2886       0
                cstackBANK0                          20       20       4F       20       1
                cstackCOMMON                         70       70        8       70       1
                cstackBANK1                          A0       A0       2D       A0       1
                clrtext                             7F8      7F8        8        8       0
                bssBANK2                            110      110       40      110       1
                bssBANK3                            190      190       4A      190       1
                bssBANK1                             CD       CD       1D       A0       1
                bssCOMMON                            78       78        5       70       1
                strings                            1800     1800       5E     3000       0

TOTAL           Name                               Link     Load   Length     Space
        CLASS   STACK          

        CLASS   CODE           
                end_init                             12       12        3         0
                cinit                                15       15       21         0
                intentry                              4        4        E         0
                reset_vec                             0        0        3         0
                text63                             1358     1358       EB         0
                text62                             1900     1900        B         0
                text61                             18D3     18D3        8         0
                text60                             18DB     18DB        9         0
                text59                             18C9     18C9        5         0
                text58                             18E4     18E4        9         0
                text57                             1532     1532      162         0
                text56                             1A15     1A15       20         0
                text55                             1E37     1E37       3F         0
                text54                             1BA9     1BA9       2D         0
                text53                             18CE     18CE        5         0
                text52                              828      828      173         0
                text51                             198A     198A       19         0
                text50                             1B00     1B00       28         0
                text49                             1694     1694      16C         0
                text48                             1930     1930       16         0
                text47                             126F     126F       E9         0
                text46                             1A75     1A75       22         0
                text45                             1B28     1B28       2A         0
                text44                             1A35     1A35       20         0
                text43                             1D45     1D45       3C         0
                text42                             1C07     1C07       32         0
                text41                             1B52     1B52       2B         0
                text40                             19BC     19BC       1D         0
                text39                             190B     190B       10         0
                text38                             1946     1946       16         0
                text37                             1CD5     1CD5       38         0
                text36                             1D81     1D81       3C         0
                text35                             1A97     1A97       22         0
                text34                             191B     191B       15         0
                text33                              7B1      7B1       47         0
                text32                             19A3     19A3       19         0
                text31                             195C     195C       17         0
                text30                             1AB9     1AB9       23         0
                text29                              4BC      4BC      2F5         0
                text28                             1F95     1F95       6B         0
                text27                             1190     1190       DF         0
                text26                             1C6B     1C6B       33         0
                text25                             18ED     18ED        9         0
                text24                              800      800       28         0
                text23                             1ADC     1ADC       24         0
                text22                             1E76     1E76       5D         0
                text21                             1C39     1C39       32         0
                text20                             1F31     1F31       64         0
                text19                             1A55     1A55       20         0
                text18                             1B7D     1B7D       2C         0
                text17                             19D9     19D9       1E         0
                text16                               36       36      486         0
                text15                             1ED3     1ED3       5E         0
                text14                             1BD6     1BD6       31         0
                text13                             18F6     18F6        A         0
                text12                             1C9E     1C9E       37         0
                text11                             1DF9     1DF9       3E         0
                text10                             10ED     10ED       A3         0
                text9                              1004     1004       56         0
                text8                              1973     1973       17         0
                text7                               99B      99B      1A1         0
                text6                              105A     105A       93         0
                text5                               B3C      B3C      22D         0
                text4                              19F7     19F7       1E         0
                text3                               D69      D69      297         0
                text2                              1DBD     1DBD       3C         0
                text1                              1D0D     1D0D       38         0
                maintext                           1443     1443       EF         0
                clrtext                             7F8      7F8        8         0

        CLASS   STRCODE        

        CLASS   STRING         
                strings                            1800     1800       5E         0

        CLASS   CONST          

        CLASS   ENTRY          

        CLASS   COMMON         
                cstackCOMMON                         70       70        8         1
                bssCOMMON                            78       78        5         1

        CLASS   BANK0          
                cstackBANK0                          20       20       4F         1

        CLASS   BANK1          
                cstackBANK1                          A0       A0       2D         1
                bssBANK1                             CD       CD       1D         1

        CLASS   BANK2          
                bssBANK2                            110      110       40         1

        CLASS   BANK3          
                bssBANK3                            190      190       4A         1

        CLASS   RAM            

        CLASS   ABS1           
                abs_s1                               7E       7E        2         1

        CLASS   SFR0           

        CLASS   SFR1           

        CLASS   SFR2           

        CLASS   SFR3           

        CLASS   CONFIG         
                config                             2007     2007        2         0

        CLASS   IDLOC          

        CLASS   EEDATA         



SEGMENTS        Name                           Load    Length   Top    Selector   Space  Class     Delta

                reset_vec                      000000  000003  000003         0       0  CODE        2
                intentry                       000004  0007FC  000800         8       0  CODE        2
                cstackBANK0                    000020  00004F  00006F        20       1  BANK0       1
                cstackCOMMON                   000070  00000D  00007D        70       1  COMMON      1
                cstackBANK1                    0000A0  00004A  0000EA        A0       1  BANK1       1
                bssBANK2                       000110  000040  000150       110       1  BANK2       1
                bssBANK3                       000190  00004A  0001DA       190       1  BANK3       1
                text24                         000800  000028  000828      1000       0  CODE        2
                text52                         000828  000173  00099B      1050       0  CODE        2
                text7                          00099B  0001A1  000B3C      1336       0  CODE        2
                text5                          000B3C  00022D  000D69      1678       0  CODE        2
                text3                          000D69  000297  001000      1AD2       0  CODE        2
                text9                          001004  000056  00105A      2008       0  CODE        2
                text6                          00105A  000093  0010ED      20B4       0  CODE        2
                text10                         0010ED  0000A3  001190      21DA       0  CODE        2
                text27                         001190  0000DF  00126F      2320       0  CODE        2
                text47                         00126F  0000E9  001358      24DE       0  CODE        2
                text63                         001358  0000EB  001443      26B0       0  CODE        2
                maintext                       001443  0000EF  001532      2886       0  CODE        2
                text57                         001532  000162  001694      2A64       0  CODE        2
                text49                         001694  00016C  001800      2D28       0  CODE        2
                strings                        001800  00005E  00185E      3000       0  STRING      2
                text59                         0018C9  000005  0018CE      3192       0  CODE        2
                text53                         0018CE  000005  0018D3      319C       0  CODE        2
                text61                         0018D3  000008  0018DB      31A6       0  CODE        2
                text60                         0018DB  000009  0018E4      31B6       0  CODE        2
                text58                         0018E4  000009  0018ED      31C8       0  CODE        2
                text25                         0018ED  000009  0018F6      31DA       0  CODE        2
                text13                         0018F6  00000A  001900      31EC       0  CODE        2
                text62                         001900  00000B  00190B      3200       0  CODE        2
                text39                         00190B  000010  00191B      3216       0  CODE        2
                text34                         00191B  000015  001930      3236       0  CODE        2
                text48                         001930  000016  001946      3260       0  CODE        2
                text38                         001946  000016  00195C      328C       0  CODE        2
                text31                         00195C  000017  001973      32B8       0  CODE        2
                text8                          001973  000017  00198A      32E6       0  CODE        2
                text51                         00198A  000019  0019A3      3314       0  CODE        2
                text32                         0019A3  000019  0019BC      3346       0  CODE        2
                text40                         0019BC  00001D  0019D9      3378       0  CODE        2
                text17                         0019D9  00001E  0019F7      33B2       0  CODE        2
                text4                          0019F7  00001E  001A15      33EE       0  CODE        2
                text56                         001A15  000020  001A35      342A       0  CODE        2
                text44                         001A35  000020  001A55      346A       0  CODE        2
                text19                         001A55  000020  001A75      34AA       0  CODE        2
                text46                         001A75  000022  001A97      34EA       0  CODE        2
                text35                         001A97  000022  001AB9      352E       0  CODE        2
                text30                         001AB9  000023  001ADC      3572       0  CODE        2
                text23                         001ADC  000024  001B00      35B8       0  CODE        2
                text50                         001B00  000028  001B28      3600       0  CODE        2
                text45                         001B28  00002A  001B52      3650       0  CODE        2
                text41                         001B52  00002B  001B7D      36A4       0  CODE        2
                text18                         001B7D  00002C  001BA9      36FA       0  CODE        2
                text54                         001BA9  00002D  001BD6      3752       0  CODE        2
                text14                         001BD6  000031  001C07      37AC       0  CODE        2
                text42                         001C07  000032  001C39      380E       0  CODE        2
                text21                         001C39  000032  001C6B      3872       0  CODE        2
                text26                         001C6B  000033  001C9E      38D6       0  CODE        2
                text12                         001C9E  000037  001CD5      393C       0  CODE        2
                text37                         001CD5  000038  001D0D      39AA       0  CODE        2
                text1                          001D0D  000038  001D45      3A1A       0  CODE        2
                text43                         001D45  00003C  001D81      3A8A       0  CODE        2
                text36                         001D81  00003C  001DBD      3B02       0  CODE        2
                text2                          001DBD  00003C  001DF9      3B7A       0  CODE        2
                text11                         001DF9  00003E  001E37      3BF2       0  CODE        2
                text55                         001E37  00003F  001E76      3C6E       0  CODE        2
                text22                         001E76  00005D  001ED3      3CEC       0  CODE        2
                text15                         001ED3  00005E  001F31      3DA6       0  CODE        2
                text20                         001F31  000064  001F95      3E62       0  CODE        2
                text28                         001F95  00006B  002000      3F2A       0  CODE        2
                config                         002007  000002  002009      400E       0  CONFIG      2


UNUSED ADDRESS RANGES

        Name                Unused          Largest block    Delta
        BANK0            006F-006F              1           1
        BANK1            00EA-00EF              6           1
        BANK2            0150-016F             20           1
        BANK3            01DA-01EF             16           1
        CODE             0003-0003              1           2
                         1000-1003              4
                         185E-18C8             6B
        COMMON           007D-007D              1           1
        CONST            0003-0003              1           2
                         1000-1003              4
                         185E-18C8             6B
        EEDATA           2100-21FF            100           2
        ENTRY            0003-0003              1           2
                         1000-1003              4
                         185E-18C8             6B
        IDLOC            2000-2003              4           2
        RAM              006F-006F              1           1
                         00EA-00EF              6
                         0150-016F             20
                         01DA-01EF             16
        SFR0             0000-001F             20           1
        SFR1             0080-009F             20           1
        SFR2             0100-010F             10           1
        SFR3             0180-018F             10           1
        STACK            0150-016F             20           1
        STRCODE          0003-0003              1           2
                         1000-1003              4
                         185E-18C8             6B
        STRING           0003-0003              1           2
                         1000-1003              4
                         185E-18C8             6B

                                  Symbol Table

?_ADC_Max_10Bits                          cstackBANK0  002A
?_ADC_Media_10bits                        cstackBANK0  0041
?_EEPROM_24C1025_Read_Int                 cstackBANK0  0034
?_EEPROM_Read_Integer                     cstackBANK0  0023
?_I2C_Master_Read                         cstackBANK0  0020
?__Umul8_16                               cstackBANK0  0020
?___fladd                                 cstackBANK0  004A
?___fldiv                                 cstackBANK0  0041
?___flmul                                 cstackBANK0  0029
?___flsub                                 cstackBANK0  005E
?___fltol                                 cstackBANK0  0043
?___lldiv                                 cstackBANK0  0020
?___lwdiv                                 cstackBANK0  0020
?___lwmod                                 cstackBANK0  0020
?___xxtofl                                cstackBANK0  0033
?_captura                                 cstackBANK0  0020
?_strlen                                  cstackBANK0  0020
ADC_Max_10Bits@Temp                       cstackBANK0  002E
ADC_Max_10Bits@canal                      cstackBANK0  002D
ADC_Max_10Bits@i                          cstackBANK0  0032
ADC_Max_10Bits@value                      cstackBANK0  0030
ADC_Media_10bits@canal                    cstackBANK0  0046
ADC_Media_10bits@i                        cstackBANK0  0049
ADC_Media_10bits@value                    cstackBANK0  0047
Decodify_Command@OutPut                   cstackBANK1  00C3
Decodify_Command@add                      cstackBANK1  00C0
Decodify_Command@add_24LCxxxx             cstackBANK1  00C9
Decodify_Command@dados                    cstackBANK1  00BE
Decodify_Command@hh                       cstackBANK1  00A0
Decodify_Command@mm                       cstackBANK1  00AA
Decodify_Command@sizedata                 cstackBANK1  00C8
Decodify_Command@ss                       cstackBANK1  00B4
Decodify_Command@tempchar                 cstackBANK1  00C7
Decodify_Command@tempint                  cstackBANK1  00C1
EEPROM_24C1025_Fill_All@chip_add          cstackBANK0  005A
EEPROM_24C1025_Fill_All@mem_add           cstackBANK0  005B
EEPROM_24C1025_Fill_All@value             cstackBANK0  0058
EEPROM_24C1025_Read_Buffer@chip_add       cstackBANK0  0031
EEPROM_24C1025_Read_Buffer@cnt_1527       cstackBANK0  0030
EEPROM_24C1025_Read_Buffer@ctrl           cstackBANK0  0033
EEPROM_24C1025_Read_Buffer@data           cstackBANK0  002B
EEPROM_24C1025_Read_Buffer@mem_add        cstackBANK0  0026
EEPROM_24C1025_Read_Buffer@range          cstackBANK0  0032
EEPROM_24C1025_Read_Buffer@sizedata       cstackBANK0  002A
EEPROM_24C1025_Read_Byte@chip_add         cstackBANK0  0038
EEPROM_24C1025_Read_Byte@data             cstackBANK0  0039
EEPROM_24C1025_Read_Byte@mem_add          cstackBANK0  0034
EEPROM_24C1025_Read_Int@chip_add          cstackBANK0  003A
EEPROM_24C1025_Read_Int@data              cstackBANK0  003B
EEPROM_24C1025_Read_Int@mem_add           cstackBANK0  0034
EEPROM_24C1025_Read_Str@chip_add          cstackBANK0  002E
EEPROM_24C1025_Read_Str@cnt               cstackBANK0  002D
EEPROM_24C1025_Read_Str@ctrl              cstackBANK0  0030
EEPROM_24C1025_Read_Str@mem_add           cstackBANK0  0026
EEPROM_24C1025_Read_Str@range             cstackBANK0  002F
EEPROM_24C1025_Read_Str@texto             cstackBANK0  002A
EEPROM_24C1025_Write_Buffer@chip_add      cstackBANK0  002C
EEPROM_24C1025_Write_Buffer@count         cstackBANK0  002B
EEPROM_24C1025_Write_Buffer@ctrl          cstackBANK0  002E
EEPROM_24C1025_Write_Buffer@data          cstackBANK0  0027
EEPROM_24C1025_Write_Buffer@mem_add       cstackBANK0  0022
EEPROM_24C1025_Write_Buffer@range         cstackBANK0  002D
EEPROM_24C1025_Write_Buffer@sizedata      cstackBANK0  0026
EEPROM_24C1025_Write_Byte@chip_add        cstackBANK0  0034
EEPROM_24C1025_Write_Byte@data            cstackBANK0  0033
EEPROM_24C1025_Write_Byte@mem_add         cstackBANK0  002F
EEPROM_24C1025_Write_Int@chip_add         cstackBANK0  0055
EEPROM_24C1025_Write_Int@data             cstackBANK0  0052
EEPROM_24C1025_Write_Int@local            cstackBANK0  0056
EEPROM_24C1025_Write_Int@mem_add          cstackBANK0  004E
EEPROM_24C1025_Write_Str@chip_add         cstackBANK0  0029
EEPROM_24C1025_Write_Str@ctrl             cstackBANK0  002B
EEPROM_24C1025_Write_Str@data             cstackBANK0  0026
EEPROM_24C1025_Write_Str@mem_add          cstackBANK0  0022
EEPROM_24C1025_Write_Str@range            cstackBANK0  002A
EEPROM_Read_Byte@addr                     cstackBANK0  0022
EEPROM_Read_Integer@addr                  cstackBANK0  0026
EEPROM_Read_Integer@i                     cstackBANK0  002A
EEPROM_Read_Integer@ptr                   cstackBANK0  0027
EEPROM_Read_Integer@result                cstackBANK0  0028
EEPROM_Read_String@addr                   cstackBANK0  0025
EEPROM_Read_String@c                      cstackBANK0  0026
EEPROM_Read_String@dado                   cstackBANK0  0023
EEPROM_Write_Byte@addr                    cstackBANK0  0023
EEPROM_Write_Byte@dado                    cstackBANK0  0020
EEPROM_Write_Byte@last_GIE                cstackBANK0  0024
EEPROM_Write_Integer@addr                 cstackBANK0  002B
EEPROM_Write_Integer@dado                 cstackBANK0  0025
EEPROM_Write_Integer@i                    cstackBANK0  002C
EEPROM_Write_Integer@ptr                  cstackBANK0  002A
EEPROM_Write_String@addr                  cstackBANK0  0027
EEPROM_Write_String@dado                  cstackBANK0  0025
I2C_Master_Init@c                         cstackBANK0  002E
I2C_Master_Read@a                         cstackBANK0  0020
I2C_Master_Read@temp                      cstackBANK0  0024
I2C_Master_Write@d                        cstackBANK0  0020
MediaPlacaVaccum@Temp                     cstackBANK1  00A5
MediaPlacaVaccum@Valor                    cstackBANK1  00A0
MediaPlacaVaccum@canal                    cstackBANK1  00A4
MediaPlacaVaccum@i                        cstackBANK1  00A9
PROCULUS_Buzzer@time_ms_x_10              cstackBANK0  0056
PROCULUS_Buzzer@vetor                     cstackBANK0  0059
PROCULUS_Control_Register_Write@i         cstackBANK0  0055
PROCULUS_Control_Register_Write@size      cstackBANK0  0052
PROCULUS_Control_Register_Write@vetor     cstackBANK0  0054
PROCULUS_Delay@i                          cstackBANK0  0024
PROCULUS_Delay@tempo_ms                   cstackBANK0  0020
PROCULUS_Show_Screen@screen               cstackBANK0  0056
PROCULUS_Show_Screen@vetor                cstackBANK0  0059
PROCULUS_VP_Write@i                       cstackBANK0  0059
PROCULUS_VP_Write@size                    cstackBANK0  0056
PROCULUS_VP_Write@vetor                   cstackBANK0  0054
PROCULUS_VP_Write@vp                      cstackBANK0  0052
PROCULUS_VP_Write_String@text             cstackBANK0  005C
PROCULUS_VP_Write_String@vp               cstackBANK0  005A
Package_Usart_is_for_me@retorno           cstackBANK0  0020
Save_Log@add_datalog                      cstackBANK0  0058
Send_To_MB@size                           cstackBANK0  0021
USART_init@baudrate                       cstackBANK0  0020
USART_init@i                              cstackBANK0  0026
USART_put_buffer@loop                     cstackBANK0  0026
USART_put_buffer@ptr                      cstackBANK0  0027
USART_put_buffer@size                     cstackBANK0  0021
USART_put_buffer@vetor                    cstackBANK0  0025
USART_put_int@dado                        cstackBANK0  0051
USART_put_int@value                       cstackBANK0  004E
USART_put_string@ptr                      cstackBANK0  0023
USART_put_string@vetor                    cstackBANK0  0021
USART_putc@value                          cstackBANK0  0020
USART_to_Protocol@i                       cstackBANK0  0022
USART_to_Protocol@usart_protocol          cstackBANK0  0024
_ACKDT                                    (abs)        048D
_ACKEN                                    (abs)        048C
_ADCON0bits                               (abs)        001F
_ADCON1                                   (abs)        009F
_ADCON1bits                               (abs)        009F
_ADC_Max_10Bits                           text11       1DF9
_ADC_Media_10bits                         text9        1004
_ADC_init                                 text62       1900
_ADRESH                                   (abs)        001E
_ADRESL                                   (abs)        009E
_ANSEL                                    (abs)        0188
_ANSELH                                   (abs)        0189
_BAUDCTLbits                              (abs)        0187
_Board_Number                             bssBANK1     00E3
_CREN                                     (abs)        00C4
_Decodify_Command                         text16       0036
_Delay_Led_Memory                         bssCOMMON    007A
_Delay_Led_Tmr0                           bssCOMMON    0078
_Delay_Led_Usart                          bssBANK1     00DF
_EEADR                                    (abs)        010D
_EECON1bits                               (abs)        018C
_EECON2                                   (abs)        018D
_EEDATA                                   (abs)        010C
_EEPROM_24C1025_Fill_All                  text55       1E37
_EEPROM_24C1025_Read_Buffer               text52       0828
_EEPROM_24C1025_Read_Byte                 text51       198A
_EEPROM_24C1025_Read_Int                  text50       1B00
_EEPROM_24C1025_Read_Str                  text49       1694
_EEPROM_24C1025_Write_Buffer              text57       1532
_EEPROM_24C1025_Write_Byte                text48       1930
_EEPROM_24C1025_Write_Int                 text56       1A15
_EEPROM_24C1025_Write_Str                 text47       126F
_EEPROM_Read_Byte                         text46       1A75
_EEPROM_Read_Integer                      text45       1B28
_EEPROM_Read_String                       text44       1A35
_EEPROM_Write_Byte                        text43       1D45
_EEPROM_Write_Integer                     text42       1C07
_EEPROM_Write_String                      text41       1B52
_I2C_Master_Init                          text14       1BD6
_I2C_Master_Read                          text54       1BA9
_I2C_Master_RepeatedStart                 text53       18CE
_I2C_Master_Start                         text60       18DB
_I2C_Master_Stop                          text59       18C9
_I2C_Master_Wait                          text61       18D3
_I2C_Master_Write                         text58       18E4
_INTCONbits                               (abs)        000B
_MediaPlacaVaccum                         text3        0D69
_OPTION_REGbits                           (abs)        0081
_OSCCONbits                               (abs)        008F
_PEN                                      (abs)        048A
_PIE1bits                                 (abs)        008C
_PIR1bits                                 (abs)        000C
_PORTA                                    (abs)        0005
_PORTAbits                                (abs)        0005
_PORTB                                    (abs)        0006
_PORTBbits                                (abs)        0006
_PORTC                                    (abs)        0007
_PORTCbits                                (abs)        0007
_PORTE                                    (abs)        0009
_PROCULUS_Buzzer                          text35       1A97
_PROCULUS_Control_Register_Write          text37       1CD5
_PROCULUS_Delay                           text40       19BC
_PROCULUS_Show_Screen                     text34       191B
_PROCULUS_VP_Write                        text33       07B1
_PROCULUS_VP_Write_String                 text31       195C
_Package_Usart_is_for_me                  text8        1973
_RCEN                                     (abs)        048B
_RCREG                                    (abs)        001A
_RCSTAbits                                (abs)        0018
_RSEN                                     (abs)        0489
_SEN                                      (abs)        0488
_SPBRG                                    (abs)        0099
_SSPADD                                   (abs)        0093
_SSPBUF                                   (abs)        0013
_SSPCON                                   (abs)        0014
_SSPCON2                                  (abs)        0091
_SSPSTAT                                  (abs)        0094
_Save_Log                                 text27       1190
_Send_Reply_OK                            text25       18ED
_Send_To_MB                               text24       0800
_T1CKPS0                                  (abs)        0084
_T1CKPS1                                  (abs)        0085
_T1CON                                    (abs)        0010
_TMR1CS                                   (abs)        0081
_TMR1H                                    (abs)        000F
_TMR1IE                                   (abs)        0460
_TMR1L                                    (abs)        000E
_TRISA                                    (abs)        0085
_TRISB                                    (abs)        0086
_TRISC                                    (abs)        0087
_TRISC3                                   (abs)        043B
_TRISC4                                   (abs)        043C
_TRISC6                                   (abs)        043E
_TRISC7                                   (abs)        043F
_TRISE                                    (abs)        0089
_TXREG                                    (abs)        0019
_TXSTAbits                                (abs)        0098
_Tensao1                                  bssBANK1     00CD
_USART_init                               text2        1DBD
_USART_put_buffer                         text23       1ADC
_USART_put_int                            text38       1946
_USART_put_string                         text26       1C6B
_USART_putc                               text39       190B
_USART_to_Protocol                        text22       1E76
_Vaccum0                                  bssBANK1     00D1
_WPUB                                     (abs)        0095
__CFG_BOR4V$BOR40V                        (abs)        0000
__CFG_BOREN$ON                            (abs)        0000
__CFG_CP$ON                               (abs)        0000
__CFG_CPD$OFF                             (abs)        0000
__CFG_FCMEN$ON                            (abs)        0000
__CFG_FOSC$INTRC_NOCLKOUT                 (abs)        0000
__CFG_IESO$ON                             (abs)        0000
__CFG_LVP$OFF                             (abs)        0000
__CFG_MCLRE$OFF                           (abs)        0000
__CFG_PWRTE$ON                            (abs)        0000
__CFG_WDTE$ON                             (abs)        0000
__CFG_WRT$OFF                             (abs)        0000
__Habs1                                   abs1         0000
__Hbank0                                  bank0        0000
__Hbank1                                  bank1        0000
__Hbank2                                  bank2        0000
__Hbank3                                  bank3        0000
__HbssBANK1                               bssBANK1     0000
__HbssBANK2                               bssBANK2     0000
__HbssBANK3                               bssBANK3     0000
__HbssCOMMON                              bssCOMMON    0000
__Hcinit                                  cinit        0036
__Hclrtext                                clrtext      0000
__Hcode                                   code         0000
__Hcommon                                 common       0000
__Hconfig                                 config       2009
__HcstackBANK0                            cstackBANK0  0000
__HcstackBANK1                            cstackBANK1  0000
__HcstackCOMMON                           cstackCOMMON 0000
__Heeprom_data                            eeprom_data  0000
__Hend_init                               end_init     0015
__Hfunctab                                functab      0000
__Hidloc                                  idloc        0000
__Hinit                                   init         0012
__Hintentry                               intentry     0012
__Hmaintext                               maintext     0000
__Hpowerup                                powerup      0000
__Hram                                    ram          0000
__Hreset_vec                              reset_vec    0003
__Hsfr0                                   sfr0         0000
__Hsfr1                                   sfr1         0000
__Hsfr2                                   sfr2         0000
__Hsfr3                                   sfr3         0000
__Hspace_0                                (abs)        2009
__Hspace_1                                (abs)        01DA
__Hspace_2                                (abs)        0000
__Hspace_3                                (abs)        0000
__Hstack                                  stack        0000
__Hstrings                                strings      0000
__Htext                                   text         0000
__Labs1                                   abs1         0000
__Lbank0                                  bank0        0000
__Lbank1                                  bank1        0000
__Lbank2                                  bank2        0000
__Lbank3                                  bank3        0000
__LbssBANK1                               bssBANK1     0000
__LbssBANK2                               bssBANK2     0000
__LbssBANK3                               bssBANK3     0000
__LbssCOMMON                              bssCOMMON    0000
__Lcinit                                  cinit        0015
__Lclrtext                                clrtext      0000
__Lcode                                   code         0000
__Lcommon                                 common       0000
__Lconfig                                 config       2007
__LcstackBANK0                            cstackBANK0  0000
__LcstackBANK1                            cstackBANK1  0000
__LcstackCOMMON                           cstackCOMMON 0000
__Leeprom_data                            eeprom_data  0000
__Lend_init                               end_init     0012
__Lfunctab                                functab      0000
__Lidloc                                  idloc        0000
__Linit                                   init         0012
__Lintentry                               intentry     0004
__Lmaintext                               maintext     0000
__Lpowerup                                powerup      0000
__Lram                                    ram          0000
__Lreset_vec                              reset_vec    0000
__Lsfr0                                   sfr0         0000
__Lsfr1                                   sfr1         0000
__Lsfr2                                   sfr2         0000
__Lsfr3                                   sfr3         0000
__Lspace_0                                (abs)        0000
__Lspace_1                                (abs)        0000
__Lspace_2                                (abs)        0000
__Lspace_3                                (abs)        0000
__Lstack                                  stack        0000
__Lstrings                                strings      0000
__Ltext                                   text         0000
__S0                                      (abs)        2009
__S1                                      (abs)        01DA
__S2                                      (abs)        0000
__S3                                      (abs)        0000
__Umul8_16                                text30       1AB9
__Umul8_16@multiplicand                   cstackBANK0  0020
__Umul8_16@multiplier                     cstackBANK0  0028
__Umul8_16@product                        cstackBANK0  0024
__Umul8_16@word_mpld                      cstackBANK0  0026
___fladd                                  text5        0B3C
___fladd@a                                cstackBANK0  004E
___fladd@aexp                             cstackBANK0  005B
___fladd@b                                cstackBANK0  004A
___fladd@bexp                             cstackBANK0  005C
___fladd@grs                              cstackBANK0  005D
___fladd@signs                            cstackBANK0  005A
___fldiv                                  text7        099B
___fldiv@a                                cstackBANK0  0041
___fldiv@aexp                             cstackBANK0  005A
___fldiv@b                                cstackBANK0  0045
___fldiv@bexp                             cstackBANK0  0059
___fldiv@grs                              cstackBANK0  0055
___fldiv@new_exp                          cstackBANK0  0053
___fldiv@rem                              cstackBANK0  004E
___fldiv@sign                             cstackBANK0  0052
___flge                                   text6        105A
___flge@ff1                               cstackBANK0  0020
___flge@ff2                               cstackBANK0  0024
___flmul                                  text29       04BC
___flmul@a                                cstackBANK0  002D
___flmul@aexp                             cstackBANK0  0037
___flmul@b                                cstackBANK0  0029
___flmul@bexp                             cstackBANK0  0038
___flmul@grs                              cstackBANK0  0039
___flmul@prod                             cstackBANK0  003D
___flmul@sign                             cstackBANK0  0036
___flmul@temp                             cstackBANK0  0041
___flsub                                  text4        19F7
___flsub@a                                cstackBANK0  005E
___flsub@b                                cstackBANK0  0062
___fltol                                  text28       1F95
___fltol@exp1                             cstackBANK0  004D
___fltol@f1                               cstackBANK0  0043
___fltol@sign1                            cstackBANK0  004C
___int_sp                                 stack        0000
___latbits                                (abs)        0002
___lldiv                                  text15       1ED3
___lldiv@counter                          cstackBANK0  002D
___lldiv@dividend                         cstackBANK0  0024
___lldiv@divisor                          cstackBANK0  0020
___lldiv@quotient                         cstackBANK0  0029
___lwdiv                                  text36       1D81
___lwdiv@counter                          cstackBANK0  0025
___lwdiv@dividend                         cstackBANK0  0022
___lwdiv@divisor                          cstackBANK0  0020
___lwdiv@quotient                         cstackBANK0  0026
___lwmod                                  text21       1C39
___lwmod@counter                          cstackBANK0  0025
___lwmod@dividend                         cstackBANK0  0022
___lwmod@divisor                          cstackBANK0  0020
___sp                                     stack        0000
___stackhi                                (abs)        0000
___stacklo                                (abs)        0000
___xxtofl                                 text10       10ED
___xxtofl@arg                             cstackBANK0  003D
___xxtofl@exp                             cstackBANK0  003C
___xxtofl@sign                            cstackBANK0  003B
___xxtofl@val                             cstackBANK0  0033
__end_of_ADC_Max_10Bits                   text11       1E37
__end_of_ADC_Media_10bits                 text9        105A
__end_of_ADC_init                         text62       190B
__end_of_BALANCE_RESISTOR                 strings      1850
__end_of_BETA                             strings      184C
__end_of_Decodify_Command                 text16       04BC
__end_of_EEPROM_24C1025_Fill_All          text55       1E76
__end_of_EEPROM_24C1025_Read_Buffer       text52       099B
__end_of_EEPROM_24C1025_Read_Byte         text51       19A3
__end_of_EEPROM_24C1025_Read_Int          text50       1B28
__end_of_EEPROM_24C1025_Read_Str          text49       1800
__end_of_EEPROM_24C1025_Write_Buffer      text57       1694
__end_of_EEPROM_24C1025_Write_Byte        text48       1946
__end_of_EEPROM_24C1025_Write_Int         text56       1A35
__end_of_EEPROM_24C1025_Write_Str         text47       1358
__end_of_EEPROM_Read_Byte                 text46       1A97
__end_of_EEPROM_Read_Integer              text45       1B52
__end_of_EEPROM_Read_String               text44       1A55
__end_of_EEPROM_Write_Byte                text43       1D81
__end_of_EEPROM_Write_Integer             text42       1C39
__end_of_EEPROM_Write_String              text41       1B7D
__end_of_I2C_Master_Init                  text14       1C07
__end_of_I2C_Master_Read                  text54       1BD6
__end_of_I2C_Master_RepeatedStart         text53       18D3
__end_of_I2C_Master_Start                 text60       18E4
__end_of_I2C_Master_Stop                  text59       18CE
__end_of_I2C_Master_Wait                  text61       18DB
__end_of_I2C_Master_Write                 text58       18ED
__end_of_MAX_ADC                          strings      1824
__end_of_MediaPlacaVaccum                 text3        1000
__end_of_PROCULUS_Buzzer                  text35       1AB9
__end_of_PROCULUS_Control_Register_Write  text37       1D0D
__end_of_PROCULUS_Delay                   text40       19D9
__end_of_PROCULUS_Show_Screen             text34       1930
__end_of_PROCULUS_VP_Write                text33       07F8
__end_of_PROCULUS_VP_Write_String         text31       1973
__end_of_PT100_CONSTANT                   strings      1818
__end_of_PT100_TRANSLADA                  strings      1814
__end_of_Package_Usart_is_for_me          text8        198A
__end_of_RESISTOR_ROOM_TEMP               strings      181C
__end_of_ROOM_TEMP                        strings      1820
__end_of_Save_Log                         text27       126F
__end_of_Send_Reply_OK                    text25       18F6
__end_of_Send_To_MB                       text24       0828
__end_of_USART_init                       text2        1DF9
__end_of_USART_put_buffer                 text23       1B00
__end_of_USART_put_int                    text38       195C
__end_of_USART_put_string                 text26       1C9E
__end_of_USART_putc                       text39       191B
__end_of_USART_to_Protocol                text22       1ED3
__end_of__Umul8_16                        text30       1ADC
__end_of___fladd                          text5        0D69
__end_of___fldiv                          text7        0B3C
__end_of___flge                           text6        10ED
__end_of___flmul                          text29       07B1
__end_of___flsub                          text4        1A15
__end_of___fltol                          text28       2000
__end_of___lldiv                          text15       1F31
__end_of___lwdiv                          text36       1DBD
__end_of___lwmod                          text21       1C6B
__end_of___xxtofl                         text10       1190
__end_of__initialization                  cinit        0032
__end_of__stringtab                       strings      1810
__end_of_captura                          text13       1900
__end_of_isr                              text63       1443
__end_of_itoa                             text19       1A75
__end_of_main                             maintext     1532
__end_of_my_delay_ms                      text12       1CD5
__end_of_my_delay_ms_WDT                  text1        1D45
__end_of_strcat                           text18       1BA9
__end_of_strcpy                           text17       19F7
__end_of_strlen                           text32       19BC
__end_of_utoa                             text20       1F95
__end_oflog@coeff                         strings      1848
__initialization                          cinit        0015
__pbssBANK1                               bssBANK1     00CD
__pbssBANK2                               bssBANK2     0110
__pbssBANK3                               bssBANK3     0190
__pbssCOMMON                              bssCOMMON    0078
__pcstackBANK0                            cstackBANK0  0020
__pcstackBANK1                            cstackBANK1  00A0
__pcstackCOMMON                           cstackCOMMON 0070
__pintentry                               intentry     0004
__pmaintext                               maintext     1443
__pstrings                                strings      1800
__ptext1                                  text1        1D0D
__ptext10                                 text10       10ED
__ptext11                                 text11       1DF9
__ptext12                                 text12       1C9E
__ptext13                                 text13       18F6
__ptext14                                 text14       1BD6
__ptext15                                 text15       1ED3
__ptext16                                 text16       0036
__ptext17                                 text17       19D9
__ptext18                                 text18       1B7D
__ptext19                                 text19       1A55
__ptext2                                  text2        1DBD
__ptext20                                 text20       1F31
__ptext21                                 text21       1C39
__ptext22                                 text22       1E76
__ptext23                                 text23       1ADC
__ptext24                                 text24       0800
__ptext25                                 text25       18ED
__ptext26                                 text26       1C6B
__ptext27                                 text27       1190
__ptext28                                 text28       1F95
__ptext29                                 text29       04BC
__ptext3                                  text3        0D69
__ptext30                                 text30       1AB9
__ptext31                                 text31       195C
__ptext32                                 text32       19A3
__ptext33                                 text33       07B1
__ptext34                                 text34       191B
__ptext35                                 text35       1A97
__ptext36                                 text36       1D81
__ptext37                                 text37       1CD5
__ptext38                                 text38       1946
__ptext39                                 text39       190B
__ptext4                                  text4        19F7
__ptext40                                 text40       19BC
__ptext41                                 text41       1B52
__ptext42                                 text42       1C07
__ptext43                                 text43       1D45
__ptext44                                 text44       1A35
__ptext45                                 text45       1B28
__ptext46                                 text46       1A75
__ptext47                                 text47       126F
__ptext48                                 text48       1930
__ptext49                                 text49       1694
__ptext5                                  text5        0B3C
__ptext50                                 text50       1B00
__ptext51                                 text51       198A
__ptext52                                 text52       0828
__ptext53                                 text53       18CE
__ptext54                                 text54       1BA9
__ptext55                                 text55       1E37
__ptext56                                 text56       1A15
__ptext57                                 text57       1532
__ptext58                                 text58       18E4
__ptext59                                 text59       18C9
__ptext6                                  text6        105A
__ptext60                                 text60       18DB
__ptext61                                 text61       18D3
__ptext62                                 text62       1900
__ptext63                                 text63       1358
__ptext7                                  text7        099B
__ptext8                                  text8        1973
__ptext9                                  text9        1004
__size_of_ADC_Max_10Bits                  (abs)        0000
__size_of_ADC_Media_10bits                (abs)        0000
__size_of_ADC_init                        (abs)        0000
__size_of_Decodify_Command                (abs)        0000
__size_of_EEPROM_24C1025_Fill_All         (abs)        0000
__size_of_EEPROM_24C1025_Read_Buffer      (abs)        0000
__size_of_EEPROM_24C1025_Read_Byte        (abs)        0000
__size_of_EEPROM_24C1025_Read_Int         (abs)        0000
__size_of_EEPROM_24C1025_Read_Str         (abs)        0000
__size_of_EEPROM_24C1025_Write_Buffer     (abs)        0000
__size_of_EEPROM_24C1025_Write_Byte       (abs)        0000
__size_of_EEPROM_24C1025_Write_Int        (abs)        0000
__size_of_EEPROM_24C1025_Write_Str        (abs)        0000
__size_of_EEPROM_Read_Byte                (abs)        0000
__size_of_EEPROM_Read_Integer             (abs)        0000
__size_of_EEPROM_Read_String              (abs)        0000
__size_of_EEPROM_Write_Byte               (abs)        0000
__size_of_EEPROM_Write_Integer            (abs)        0000
__size_of_EEPROM_Write_String             (abs)        0000
__size_of_I2C_Master_Init                 (abs)        0000
__size_of_I2C_Master_Read                 (abs)        0000
__size_of_I2C_Master_RepeatedStart        (abs)        0000
__size_of_I2C_Master_Start                (abs)        0000
__size_of_I2C_Master_Stop                 (abs)        0000
__size_of_I2C_Master_Wait                 (abs)        0000
__size_of_I2C_Master_Write                (abs)        0000
__size_of_MediaPlacaVaccum                (abs)        0000
__size_of_PROCULUS_Buzzer                 (abs)        0000
__size_of_PROCULUS_Control_Register_Write (abs)        0000
__size_of_PROCULUS_Delay                  (abs)        0000
__size_of_PROCULUS_Show_Screen            (abs)        0000
__size_of_PROCULUS_VP_Write               (abs)        0000
__size_of_PROCULUS_VP_Write_String        (abs)        0000
__size_of_Package_Usart_is_for_me         (abs)        0000
__size_of_Save_Log                        (abs)        0000
__size_of_Send_Reply_OK                   (abs)        0000
__size_of_Send_To_MB                      (abs)        0000
__size_of_USART_init                      (abs)        0000
__size_of_USART_put_buffer                (abs)        0000
__size_of_USART_put_int                   (abs)        0000
__size_of_USART_put_string                (abs)        0000
__size_of_USART_putc                      (abs)        0000
__size_of_USART_to_Protocol               (abs)        0000
__size_of__Umul8_16                       (abs)        0000
__size_of___fladd                         (abs)        0000
__size_of___fldiv                         (abs)        0000
__size_of___flge                          (abs)        0000
__size_of___flmul                         (abs)        0000
__size_of___flsub                         (abs)        0000
__size_of___fltol                         (abs)        0000
__size_of___lldiv                         (abs)        0000
__size_of___lwdiv                         (abs)        0000
__size_of___lwmod                         (abs)        0000
__size_of___xxtofl                        (abs)        0000
__size_of_captura                         (abs)        0000
__size_of_isr                             (abs)        0000
__size_of_itoa                            (abs)        0000
__size_of_main                            (abs)        0000
__size_of_my_delay_ms                     (abs)        0000
__size_of_my_delay_ms_WDT                 (abs)        0000
__size_of_strcat                          (abs)        0000
__size_of_strcpy                          (abs)        0000
__size_of_strlen                          (abs)        0000
__size_of_utoa                            (abs)        0000
__stringbase                              strings      180F
__stringtab                               strings      1800
_buffer                                   bssBANK2     0110
_canal                                    bssBANK1     00E4
_captura                                  text13       18F6
_count                                    bssBANK1     00D9
_destino                                  bssBANK1     00E2
_generic_status                           bssBANK1     00E9
_header                                   bssBANK1     00DB
_hora                                     bssBANK1     00E6
_isr                                      text63       1358
_itoa                                     text19       1A55
_main                                     maintext     1443
_milisegundo                              bssBANK1     00DD
_minuto                                   bssBANK1     00E5
_my_delay_ms                              text12       1C9E
_my_delay_ms_WDT                          text1        1D0D
_pointer                                  bssBANK1     00E1
_segundo                                  bssBANK1     00E7
_statuspower                              bssBANK1     00E8
_strcat                                   text18       1B7D
_strcpy                                   text17       19D9
_strlen                                   text32       19A3
_tempodecorrido                           bssBANK1     00D7
_texto                                    bssBANK3     01BA
_usart_buffer                             bssBANK3     0190
_usart_protocol                           bssBANK3     01CA
_utoa                                     text20       1F31
btemp                                     (abs)        007E
clear_ram0                                clrtext      07F8
end_of_initialization                     cinit        0032
interrupt_function                        intentry     0004
intlevel0                                 functab      0000
intlevel1                                 functab      0000
intlevel2                                 functab      0000
intlevel3                                 functab      0000
intlevel4                                 functab      0000
intlevel5                                 functab      0000
isr@tempo                                 cstackCOMMON 0076
itoa@base                                 cstackBANK0  0033
itoa@buf                                  cstackBANK0  0037
itoa@val                                  cstackBANK0  0031
main@reset                                cstackBANK0  006D
my_delay_ms@i                             cstackBANK0  0026
my_delay_ms@time                          cstackBANK0  0020
my_delay_ms_WDT@i                         cstackBANK0  0026
my_delay_ms_WDT@time                      cstackBANK0  0020
reset_vec                                 reset_vec    0000
saved_w                                   (abs)        007E
start                                     init         0012
start_initialization                      cinit        0015
strcat@cp                                 cstackBANK0  0023
strcat@from                               cstackBANK0  0020
strcat@to                                 cstackBANK0  0024
strcpy@cp                                 cstackBANK0  0023
strcpy@from                               cstackBANK0  0020
strcpy@to                                 cstackBANK0  0022
strlen@cp                                 cstackBANK0  0023
strlen@s                                  cstackBANK0  0024
utoa@base                                 cstackBANK0  002A
utoa@buf                                  cstackBANK0  0030
utoa@c                                    cstackBANK0  002F
utoa@v                                    cstackBANK0  002D
utoa@val                                  cstackBANK0  0028
wtemp0                                    (abs)        007E


FUNCTION INFORMATION:

 *************** function _main *****************
 Defined at:
		line 145 in file "SlaveLiofilizadorVer1.c"
 Parameters:    Size  Location     Type
		None
 Auto vars:     Size  Location     Type
  reset           2   77[BANK0 ] unsigned int 
 Return value:  Size  Location     Type
                  1    wreg      void 
 Registers used:
		wreg, fsr0l, fsr0h, status,2, status,0, btemp+1, pclath, cstack
 Tracked objects:
		On entry : 
		On exit  : 
		Unchanged: 
 Data sizes:     COMMON   BANK0   BANK1   BANK3   BANK2
      Params:         0       0       0       0       0
      Locals:         0       2       0       0       0
      Temps:          0       3       0       0       0
      Totals:         0       5       0       0       0
Total ram usage:        5 bytes
 Hardware stack levels required when called:    7
 This function calls:
		_ADC_init
		_Decodify_Command
		_EEPROM_Read_Integer
		_EEPROM_Write_Integer
		_I2C_Master_Init
		_MediaPlacaVaccum
		_USART_init
		_my_delay_ms_WDT
 This function is called by:
		Startup code after reset
 This function uses a non-reentrant model


 *************** function _my_delay_ms_WDT *****************
 Defined at:
		line 13 in file "my_delay.c"
 Parameters:    Size  Location     Type
  time            4    0[BANK0 ] long 
 Auto vars:     Size  Location     Type
  i               4    6[BANK0 ] long 
 Return value:  Size  Location     Type
                  1    wreg      void 
 Registers used:
		wreg, btemp+1
 Tracked objects:
		On entry : 
		On exit  : 
		Unchanged: 
 Data sizes:     COMMON   BANK0   BANK1   BANK3   BANK2
      Params:         0       4       0       0       0
      Locals:         0       4       0       0       0
      Temps:          0       2       0       0       0
      Totals:         0      10       0       0       0
Total ram usage:       10 bytes
 Hardware stack levels used:    1
 Hardware stack levels required when called:    1
 This function calls:
		Nothing
 This function is called by:
		_main
 This function uses a non-reentrant model


 *************** function _USART_init *****************
 Defined at:
		line 18 in file "usart.c"
 Parameters:    Size  Location     Type
  baudrate        4    0[BANK0 ] unsigned long 
 Auto vars:     Size  Location     Type
  i               1    6[BANK0 ] unsigned char 
  erro            1    0        unsigned char 
 Return value:  Size  Location     Type
                  1    wreg      void 
 Registers used:
		wreg, status,2, status,0
 Tracked objects:
		On entry : 
		On exit  : 
		Unchanged: 
 Data sizes:     COMMON   BANK0   BANK1   BANK3   BANK2
      Params:         0       4       0       0       0
      Locals:         0       2       0       0       0
      Temps:          0       1       0       0       0
      Totals:         0       7       0       0       0
Total ram usage:        7 bytes
 Hardware stack levels used:    1
 Hardware stack levels required when called:    1
 This function calls:
		Nothing
 This function is called by:
		_main
 This function uses a non-reentrant model


 *************** function _MediaPlacaVaccum *****************
 Defined at:
		line 789 in file "SlaveLiofilizadorVer1.c"
 Parameters:    Size  Location     Type
  canal           1    wreg     unsigned char 
 Auto vars:     Size  Location     Type
  canal           1    4[BANK1 ] unsigned char 
  Temp            4    5[BANK1 ] float 
  Valor           4    0[BANK1 ] float 
  i               2    9[BANK1 ] unsigned int 
 Return value:  Size  Location     Type
                  1    wreg      void 
 Registers used:
		wreg, status,2, status,0, btemp+1, pclath, cstack
 Tracked objects:
		On entry : 
		On exit  : 
		Unchanged: 
 Data sizes:     COMMON   BANK0   BANK1   BANK3   BANK2
      Params:         0       0       0       0       0
      Locals:         0       0      11       0       0
      Temps:          0       4       0       0       0
      Totals:         0       4      11       0       0
Total ram usage:       15 bytes
 Hardware stack levels used:    1
 Hardware stack levels required when called:    3
 This function calls:
		_ADC_Max_10Bits
		_ADC_Media_10bits
		_Package_Usart_is_for_me
		___fladd
		___fldiv
		___flge
		___flmul
		___flsub
		___xxtofl
		_my_delay_ms
 This function is called by:
		_main
 This function uses a non-reentrant model


 *************** function ___flsub *****************
 Defined at:
		line 242 in file "C:\Program Files (x86)\Microchip\xc8\v2.10\pic\sources\c90\common\sprcadd.c"
 Parameters:    Size  Location     Type
  a               4   62[BANK0 ] void 
  b               4   66[BANK0 ] void 
 Auto vars:     Size  Location     Type
		None
 Return value:  Size  Location     Type
                  4   62[BANK0 ] void 
 Registers used:
		wreg, status,2, status,0, btemp+1, pclath, cstack
 Tracked objects:
		On entry : 
		On exit  : 
		Unchanged: 
 Data sizes:     COMMON   BANK0   BANK1   BANK3   BANK2
      Params:         0       8       0       0       0
      Locals:         0       0       0       0       0
      Temps:          0       0       0       0       0
      Totals:         0       8       0       0       0
Total ram usage:        8 bytes
 Hardware stack levels used:    1
 Hardware stack levels required when called:    2
 This function calls:
		___fladd
 This function is called by:
		_MediaPlacaVaccum
 This function uses a non-reentrant model


 *************** function ___fladd *****************
 Defined at:
		line 10 in file "C:\Program Files (x86)\Microchip\xc8\v2.10\pic\sources\c90\common\sprcadd.c"
 Parameters:    Size  Location     Type
  b               4   42[BANK0 ] void 
  a               4   46[BANK0 ] void 
 Auto vars:     Size  Location     Type
  grs             1   61[BANK0 ] unsigned char 
  bexp            1   60[BANK0 ] unsigned char 
  aexp            1   59[BANK0 ] unsigned char 
  signs           1   58[BANK0 ] unsigned char 
 Return value:  Size  Location     Type
                  4   42[BANK0 ] unsigned char 
 Registers used:
		wreg, status,2, status,0, btemp+1
 Tracked objects:
		On entry : 
		On exit  : 
		Unchanged: 
 Data sizes:     COMMON   BANK0   BANK1   BANK3   BANK2
      Params:         0       8       0       0       0
      Locals:         0       4       0       0       0
      Temps:          0       8       0       0       0
      Totals:         0      20       0       0       0
Total ram usage:       20 bytes
 Hardware stack levels used:    1
 Hardware stack levels required when called:    1
 This function calls:
		Nothing
 This function is called by:
		_MediaPlacaVaccum
		___flsub
 This function uses a non-reentrant model


 *************** function ___flge *****************
 Defined at:
		line 4 in file "C:\Program Files (x86)\Microchip\xc8\v2.10\pic\sources\c90\common\flge.c"
 Parameters:    Size  Location     Type
  ff1             4    0[BANK0 ] unsigned char 
  ff2             4    4[BANK0 ] unsigned char 
 Auto vars:     Size  Location     Type
		None
 Return value:  Size  Location     Type
		None               void
 Registers used:
		wreg, status,2, status,0
 Tracked objects:
		On entry : 
		On exit  : 
		Unchanged: 
 Data sizes:     COMMON   BANK0   BANK1   BANK3   BANK2
      Params:         0       8       0       0       0
      Locals:         0       0       0       0       0
      Temps:          0       4       0       0       0
      Totals:         0      12       0       0       0
Total ram usage:       12 bytes
 Hardware stack levels used:    1
 Hardware stack levels required when called:    1
 This function calls:
		Nothing
 This function is called by:
		_MediaPlacaVaccum
 This function uses a non-reentrant model


 *************** function ___fldiv *****************
 Defined at:
		line 8 in file "C:\Program Files (x86)\Microchip\xc8\v2.10\pic\sources\c90\common\sprcdiv.c"
 Parameters:    Size  Location     Type
  a               4   33[BANK0 ] unsigned char 
  b               4   37[BANK0 ] unsigned char 
 Auto vars:     Size  Location     Type
  grs             4   53[BANK0 ] unsigned long 
  rem             4   46[BANK0 ] unsigned long 
  new_exp         2   51[BANK0 ] int 
  aexp            1   58[BANK0 ] unsigned char 
  bexp            1   57[BANK0 ] unsigned char 
  sign            1   50[BANK0 ] unsigned char 
 Return value:  Size  Location     Type
                  4   33[BANK0 ] unsigned char 
 Registers used:
		wreg, status,2, status,0, btemp+1
 Tracked objects:
		On entry : 
		On exit  : 
		Unchanged: 
 Data sizes:     COMMON   BANK0   BANK1   BANK3   BANK2
      Params:         0       8       0       0       0
      Locals:         0      13       0       0       0
      Temps:          0       5       0       0       0
      Totals:         0      26       0       0       0
Total ram usage:       26 bytes
 Hardware stack levels used:    1
 Hardware stack levels required when called:    1
 This function calls:
		Nothing
 This function is called by:
		_MediaPlacaVaccum
 This function uses a non-reentrant model


 *************** function _Package_Usart_is_for_me *****************
 Defined at:
		line 8 in file "protocolo.c"
 Parameters:    Size  Location     Type
		None
 Auto vars:     Size  Location     Type
  retorno         1    0[BANK0 ] unsigned char 
 Return value:  Size  Location     Type
                  1    wreg      unsigned char 
 Registers used:
		wreg, status,2, status,0
 Tracked objects:
		On entry : 
		On exit  : 
		Unchanged: 
 Data sizes:     COMMON   BANK0   BANK1   BANK3   BANK2
      Params:         0       0       0       0       0
      Locals:         0       1       0       0       0
      Temps:          0       0       0       0       0
      Totals:         0       1       0       0       0
Total ram usage:        1 bytes
 Hardware stack levels used:    1
 Hardware stack levels required when called:    1
 This function calls:
		Nothing
 This function is called by:
		_MediaPlacaVaccum
 This function uses a non-reentrant model


 *************** function _ADC_Media_10bits *****************
 Defined at:
		line 20 in file "adc.c"
 Parameters:    Size  Location     Type
  canal           1    wreg     unsigned char 
 Auto vars:     Size  Location     Type
  canal           1   38[BANK0 ] unsigned char 
  value           2   39[BANK0 ] unsigned int 
  i               1   41[BANK0 ] unsigned char 
 Return value:  Size  Location     Type
                  4   33[BANK0 ] float 
 Registers used:
		wreg, status,2, status,0, btemp+1, pclath, cstack
 Tracked objects:
		On entry : 
		On exit  : 
		Unchanged: 
 Data sizes:     COMMON   BANK0   BANK1   BANK3   BANK2
      Params:         0       4       0       0       0
      Locals:         0       4       0       0       0
      Temps:          0       1       0       0       0
      Totals:         0       9       0       0       0
Total ram usage:        9 bytes
 Hardware stack levels used:    1
 Hardware stack levels required when called:    2
 This function calls:
		___lwdiv
		___xxtofl
		_captura
		_my_delay_ms
 This function is called by:
		_MediaPlacaVaccum
 This function uses a non-reentrant model


 *************** function ___xxtofl *****************
 Defined at:
		line 10 in file "C:\Program Files (x86)\Microchip\xc8\v2.10\pic\sources\c90\common\xxtofl.c"
 Parameters:    Size  Location     Type
  sign            1    wreg     unsigned char 
  val             4   19[BANK0 ] long 
 Auto vars:     Size  Location     Type
  sign            1   27[BANK0 ] unsigned char 
  arg             4   29[BANK0 ] unsigned long 
  exp             1   28[BANK0 ] unsigned char 
 Return value:  Size  Location     Type
                  4   19[BANK0 ] unsigned char 
 Registers used:
		wreg, status,2, status,0
 Tracked objects:
		On entry : 
		On exit  : 
		Unchanged: 
 Data sizes:     COMMON   BANK0   BANK1   BANK3   BANK2
      Params:         0       4       0       0       0
      Locals:         0       6       0       0       0
      Temps:          0       4       0       0       0
      Totals:         0      14       0       0       0
Total ram usage:       14 bytes
 Hardware stack levels used:    1
 Hardware stack levels required when called:    1
 This function calls:
		Nothing
 This function is called by:
		_MediaPlacaVaccum
		_ADC_Media_10bits
 This function uses a non-reentrant model


 *************** function _ADC_Max_10Bits *****************
 Defined at:
		line 34 in file "adc.c"
 Parameters:    Size  Location     Type
  canal           1    wreg     unsigned char 
 Auto vars:     Size  Location     Type
  canal           1   13[BANK0 ] unsigned char 
  value           2   16[BANK0 ] unsigned int 
  Temp            2   14[BANK0 ] unsigned int 
  i               1   18[BANK0 ] unsigned char 
 Return value:  Size  Location     Type
                  2   10[BANK0 ] unsigned int 
 Registers used:
		wreg, status,2, status,0, btemp+1, pclath, cstack
 Tracked objects:
		On entry : 
		On exit  : 
		Unchanged: 
 Data sizes:     COMMON   BANK0   BANK1   BANK3   BANK2
      Params:         0       2       0       0       0
      Locals:         0       6       0       0       0
      Temps:          0       1       0       0       0
      Totals:         0       9       0       0       0
Total ram usage:        9 bytes
 Hardware stack levels used:    1
 Hardware stack levels required when called:    2
 This function calls:
		_captura
		_my_delay_ms
 This function is called by:
		_MediaPlacaVaccum
 This function uses a non-reentrant model


 *************** function _my_delay_ms *****************
 Defined at:
		line 5 in file "my_delay.c"
 Parameters:    Size  Location     Type
  time            4    0[BANK0 ] long 
 Auto vars:     Size  Location     Type
  i               4    6[BANK0 ] long 
 Return value:  Size  Location     Type
                  1    wreg      void 
 Registers used:
		wreg, btemp+1
 Tracked objects:
		On entry : 
		On exit  : 
		Unchanged: 
 Data sizes:     COMMON   BANK0   BANK1   BANK3   BANK2
      Params:         0       4       0       0       0
      Locals:         0       4       0       0       0
      Temps:          0       2       0       0       0
      Totals:         0      10       0       0       0
Total ram usage:       10 bytes
 Hardware stack levels used:    1
 Hardware stack levels required when called:    1
 This function calls:
		Nothing
 This function is called by:
		_MediaPlacaVaccum
		_ADC_Media_10bits
		_ADC_Max_10Bits
 This function uses a non-reentrant model


[...]
 Parameters:    Size  Location     Type
  chip_add        1    wreg     unsigned char 
  mem_add         4    6[BANK0 ] unsigned long 
  sizedata        1   10[BANK0 ] unsigned char 
  data            2   11[BANK0 ] PTR unsigned char 
		 -> EEPROM_24C1025_Read_Int@data(2), EEPROM_24C1025_Read_Byte@data(1), buffer(64), 
 Auto vars:     Size  Location     Type
  chip_add        1   17[BANK0 ] unsigned char 
  cnt             1   16[BANK0 ] unsigned char 
  ctrl            1   19[BANK0 ] unsigned char 
  range           1   18[BANK0 ] unsigned char 
  cnt             1    0        unsigned char 
 Return value:  Size  Location     Type
                  1    wreg      void 
 Registers used:
		wreg, fsr0l, fsr0h, status,2, status,0, pclath, cstack
 Tracked objects:
		On entry : 
		On exit  : 
		Unchanged: 
 Data sizes:     COMMON   BANK0   BANK1   BANK3   BANK2
      Params:         0       7       0       0       0
      Locals:         0       5       0       0       0
      Temps:          0       2       0       0       0
      Totals:         0      14       0       0       0
Total ram usage:       14 bytes
 Hardware stack levels used:    1
 Hardware stack levels required when called:    3
 This function calls:
		_I2C_Master_Read
		_I2C_Master_RepeatedStart
		_I2C_Master_Start
		_I2C_Master_Stop
		_I2C_Master_Write
 This function is called by:
		_Decodify_Command
		_EEPROM_24C1025_Read_Byte
		_EEPROM_24C1025_Read_Int
 This function uses a non-reentrant model


 *************** function _I2C_Master_RepeatedStart *****************
 Defined at:
		line 52 in file "I2C.c"
 Parameters:    Size  Location     Type
		None
 Auto vars:     Size  Location     Type
		None
 Return value:  Size  Location     Type
                  1    wreg      void 
 Registers used:
		wreg, status,2, status,0, pclath, cstack
 Tracked objects:
		On entry : 
		On exit  : 
		Unchanged: 
 Data sizes:     COMMON   BANK0   BANK1   BANK3   BANK2
      Params:         0       0       0       0       0
      Locals:         0       0       0       0       0
      Temps:          0       0       0       0       0
      Totals:         0       0       0       0       0
Total ram usage:        0 bytes
 Hardware stack levels used:    1
 Hardware stack levels required when called:    2
 This function calls:
		_I2C_Master_Wait
 This function is called by:
		_EEPROM_24C1025_Read_Buffer
		_EEPROM_24C1025_Read_Str
 This function uses a non-reentrant model


 *************** function _I2C_Master_Read *****************
 Defined at:
		line 71 in file "I2C.c"
 Parameters:    Size  Location     Type
  a               2    0[BANK0 ] unsigned short 
 Auto vars:     Size  Location     Type
  temp            2    4[BANK0 ] unsigned short 
 Return value:  Size  Location     Type
                  2    0[BANK0 ] unsigned short 
 Registers used:
		wreg, status,2, status,0, pclath, cstack
 Tracked objects:
		On entry : 
		On exit  : 
		Unchanged: 
 Data sizes:     COMMON   BANK0   BANK1   BANK3   BANK2
      Params:         0       2       0       0       0
      Locals:         0       2       0       0       0
      Temps:          0       2       0       0       0
      Totals:         0       6       0       0       0
Total ram usage:        6 bytes
 Hardware stack levels used:    1
 Hardware stack levels required when called:    2
 This function calls:
		_I2C_Master_Wait
 This function is called by:
		_EEPROM_24C1025_Read_Buffer
		_EEPROM_24C1025_Read_Str
 This function uses a non-reentrant model


 *************** function _EEPROM_24C1025_Fill_All *****************
 Defined at:
		line 288 in file "EEPROM_24C1025.c"
 Parameters:    Size  Location     Type
  chip_add        1    wreg     unsigned char 
  value           2   56[BANK0 ] unsigned int 
 Auto vars:     Size  Location     Type
  chip_add        1   58[BANK0 ] unsigned char 
  mem_add         4   59[BANK0 ] unsigned long 
 Return value:  Size  Location     Type
                  1    wreg      void 
 Registers used:
		wreg, fsr0l, fsr0h, status,2, status,0, pclath, cstack
 Tracked objects:
		On entry : 
		On exit  : 
		Unchanged: 
 Data sizes:     COMMON   BANK0   BANK1   BANK3   BANK2
      Params:         0       2       0       0       0
      Locals:         0       5       0       0       0
      Temps:          0       0       0       0       0
      Totals:         0       7       0       0       0
Total ram usage:        7 bytes
 Hardware stack levels used:    1
 Hardware stack levels required when called:    5
 This function calls:
		_EEPROM_24C1025_Write_Int
 This function is called by:
		_Decodify_Command
 This function uses a non-reentrant model


 *************** function _EEPROM_24C1025_Write_Int *****************
 Defined at:
		line 273 in file "EEPROM_24C1025.c"
 Parameters:    Size  Location     Type
  chip_add        1    wreg     unsigned char 
  mem_add         4   46[BANK0 ] unsigned long 
  data            2   50[BANK0 ] int 
 Auto vars:     Size  Location     Type
  chip_add        1   53[BANK0 ] unsigned char 
  local           2   54[BANK0 ] unsigned char [2]
 Return value:  Size  Location     Type
                  1    wreg      void 
 Registers used:
		wreg, fsr0l, fsr0h, status,2, status,0, pclath, cstack
 Tracked objects:
		On entry : 
		On exit  : 
		Unchanged: 
 Data sizes:     COMMON   BANK0   BANK1   BANK3   BANK2
      Params:         0       6       0       0       0
      Locals:         0       3       0       0       0
      Temps:          0       1       0       0       0
      Totals:         0      10       0       0       0
Total ram usage:       10 bytes
 Hardware stack levels used:    1
 Hardware stack levels required when called:    4
 This function calls:
		_EEPROM_24C1025_Write_Buffer
 This function is called by:
		_Decodify_Command
		_Save_Log
		_EEPROM_24C1025_Fill_All
 This function uses a non-reentrant model


 *************** function _EEPROM_24C1025_Write_Buffer *****************
 Defined at:
		line 13 in file "EEPROM_24C1025.c"
 Parameters:    Size  Location     Type
  chip_add        1    wreg     unsigned char 
  mem_add         4    2[BANK0 ] unsigned long 
  sizedata        1    6[BANK0 ] unsigned char 
  data            2    7[BANK0 ] PTR unsigned char 
		 -> EEPROM_24C1025_Write_Int@local(2), EEPROM_24C1025_Write_Byte@data(1), usart_protocol.value(10), usart_protocol(16), 
 Auto vars:     Size  Location     Type
  chip_add        1   12[BANK0 ] unsigned char 
  ctrl            1   14[BANK0 ] unsigned char 
  range           1   13[BANK0 ] unsigned char 
  count           1   11[BANK0 ] unsigned char 
 Return value:  Size  Location     Type
                  1    wreg      void 
 Registers used:
		wreg, fsr0l, fsr0h, status,2, status,0, pclath, cstack
 Tracked objects:
		On entry : 
		On exit  : 
		Unchanged: 
 Data sizes:     COMMON   BANK0   BANK1   BANK3   BANK2
      Params:         0       7       0       0       0
      Locals:         0       4       0       0       0
      Temps:          0       2       0       0       0
      Totals:         0      13       0       0       0
Total ram usage:       13 bytes
 Hardware stack levels used:    1
 Hardware stack levels required when called:    3
 This function calls:
		_I2C_Master_Start
		_I2C_Master_Stop
		_I2C_Master_Write
 This function is called by:
		_Decodify_Command
		_EEPROM_24C1025_Write_Byte
		_EEPROM_24C1025_Write_Int
 This function uses a non-reentrant model


 *************** function _I2C_Master_Write *****************
 Defined at:
		line 64 in file "I2C.c"
 Parameters:    Size  Location     Type
  d               2    0[BANK0 ] unsigned int 
 Auto vars:     Size  Location     Type
		None
 Return value:  Size  Location     Type
                  1    wreg      void 
 Registers used:
		wreg, status,2, status,0, pclath, cstack
 Tracked objects:
		On entry : 
		On exit  : 
		Unchanged: 
 Data sizes:     COMMON   BANK0   BANK1   BANK3   BANK2
      Params:         0       2       0       0       0
      Locals:         0       0       0       0       0
      Temps:          0       0       0       0       0
      Totals:         0       2       0       0       0
Total ram usage:        2 bytes
 Hardware stack levels used:    1
 Hardware stack levels required when called:    2
 This function calls:
		_I2C_Master_Wait
 This function is called by:
		_EEPROM_24C1025_Write_Buffer
		_EEPROM_24C1025_Read_Buffer
		_EEPROM_24C1025_Write_Str
		_EEPROM_24C1025_Read_Str
 This function uses a non-reentrant model


 *************** function _I2C_Master_Stop *****************
 Defined at:
		line 58 in file "I2C.c"
 Parameters:    Size  Location     Type
		None
 Auto vars:     Size  Location     Type
		None
 Return value:  Size  Location     Type
                  1    wreg      void 
 Registers used:
		wreg, status,2, status,0, pclath, cstack
 Tracked objects:
		On entry : 
		On exit  : 
		Unchanged: 
 Data sizes:     COMMON   BANK0   BANK1   BANK3   BANK2
      Params:         0       0       0       0       0
      Locals:         0       0       0       0       0
      Temps:          0       0       0       0       0
      Totals:         0       0       0       0       0
Total ram usage:        0 bytes
 Hardware stack levels used:    1
 Hardware stack levels required when called:    2
 This function calls:
		_I2C_Master_Wait
 This function is called by:
		_EEPROM_24C1025_Write_Buffer
		_EEPROM_24C1025_Read_Buffer
		_EEPROM_24C1025_Write_Str
		_EEPROM_24C1025_Read_Str
 This function uses a non-reentrant model


 *************** function _I2C_Master_Start *****************
 Defined at:
		line 45 in file "I2C.c"
 Parameters:    Size  Location     Type
		None
 Auto vars:     Size  Location     Type
		None
 Return value:  Size  Location     Type
                  1    wreg      void 
 Registers used:
		wreg, status,2, status,0, pclath, cstack
 Tracked objects:
		On entry : 
		On exit  : 
		Unchanged: 
 Data sizes:     COMMON   BANK0   BANK1   BANK3   BANK2
      Params:         0       0       0       0       0
      Locals:         0       0       0       0       0
      Temps:          0       0       0       0       0
      Totals:         0       0       0       0       0
Total ram usage:        0 bytes
 Hardware stack levels used:    1
 Hardware stack levels required when called:    2
 This function calls:
		_I2C_Master_Wait
 This function is called by:
		_EEPROM_24C1025_Write_Buffer
		_EEPROM_24C1025_Read_Buffer
		_EEPROM_24C1025_Write_Str
		_EEPROM_24C1025_Read_Str
 This function uses a non-reentrant model


 *************** function _I2C_Master_Wait *****************
 Defined at:
		line 40 in file "I2C.c"
 Parameters:    Size  Location     Type
		None
 Auto vars:     Size  Location     Type
		None
 Return value:  Size  Location     Type
                  1    wreg      void 
 Registers used:
		wreg, status,2
 Tracked objects:
		On entry : 
		On exit  : 
		Unchanged: 
 Data sizes:     COMMON   BANK0   BANK1   BANK3   BANK2
      Params:         0       0       0       0       0
      Locals:         0       0       0       0       0
      Temps:          0       0       0       0       0
      Totals:         0       0       0       0       0
Total ram usage:        0 bytes
 Hardware stack levels used:    1
 Hardware stack levels required when called:    1
 This function calls:
		Nothing
 This function is called by:
		_I2C_Master_Start
		_I2C_Master_RepeatedStart
		_I2C_Master_Stop
		_I2C_Master_Write
		_I2C_Master_Read
 This function uses a non-reentrant model


 *************** function _ADC_init *****************
 Defined at:
		line 10 in file "adc.c"
 Parameters:    Size  Location     Type
		None
 Auto vars:     Size  Location     Type
		None
 Return value:  Size  Location     Type
                  1    wreg      void 
 Registers used:
		wreg, status,2, status,0
 Tracked objects:
		On entry : 
		On exit  : 
		Unchanged: 
 Data sizes:     COMMON   BANK0   BANK1   BANK3   BANK2
      Params:         0       0       0       0       0
      Locals:         0       0       0       0       0
      Temps:          0       0       0       0       0
      Totals:         0       0       0       0       0
Total ram usage:        0 bytes
 Hardware stack levels used:    1
 Hardware stack levels required when called:    1
 This function calls:
		Nothing
 This function is called by:
		_main
 This function uses a non-reentrant model


 *************** function _isr *****************
 Defined at:
		line 29 in file "isr.c"
 Parameters:    Size  Location     Type
		None
 Auto vars:     Size  Location     Type
  tempo           2    6[COMMON] unsigned int 
 Return value:  Size  Location     Type
                  1    wreg      void 
 Registers used:
		wreg, fsr0l, fsr0h, status,2, status,0, btemp+1
 Tracked objects:
		On entry : 
		On exit  : 
		Unchanged: 
 Data sizes:     COMMON   BANK0   BANK1   BANK3   BANK2
      Params:         0       0       0       0       0
      Locals:         2       0       0       0       0
      Temps:          6       0       0       0       0
      Totals:         8       0       0       0       0
Total ram usage:        8 bytes
 Hardware stack levels used:    1
 This function calls:
		Nothing
 This function is called by:
		Interrupt level 1
 This function uses a non-reentrant model



MODULE INFORMATION

Module		Function		Class		Link	Load	Size
protocolo.c
		_Package_Usart_is_for_me		CODE           	1973	0000	24

protocolo.c estimated size: 24

C:\Program Files (x86)\Microchip\xc8\v2.10\pic\sources\c90\common\lwdiv.c
		___lwdiv       		CODE           	1D81	0000	61

C:\Program Files (x86)\Microchip\xc8\v2.10\pic\sources\c90\common\lwdiv.c estimated size: 61

C:\Program Files (x86)\Microchip\xc8\v2.10\pic\sources\c90\common\fltol.c
		___fltol       		CODE           	1F95	0000	108

C:\Program Files (x86)\Microchip\xc8\v2.10\pic\sources\c90\common\fltol.c estimated size: 108

my_delay.c
		_my_delay_ms_WDT		CODE           	1D0D	0000	57
		_my_delay_ms   		CODE           	1C9E	0000	56

my_delay.c estimated size: 113

usart.c
		_USART_putc    		CODE           	190B	0000	17
		_USART_to_Protocol		CODE           	1E76	0000	94
		_USART_put_string		CODE           	1C6B	0000	52
		_USART_put_int 		CODE           	1946	0000	23
		_USART_put_buffer		CODE           	1ADC	0000	37
		_USART_init    		CODE           	1DBD	0000	61

usart.c estimated size: 284

I2C.c
		_I2C_Master_Read		CODE           	1BA9	0000	46
		_I2C_Master_Wait		CODE           	18D3	0000	9
		_I2C_Master_Init		CODE           	1BD6	0000	50
		_I2C_Master_Stop		CODE           	18C9	0000	6
		_I2C_Master_RepeatedStart		CODE           	18CE	0000	6
		_I2C_Master_Write		CODE           	18E4	0000	10
		_I2C_Master_Start		CODE           	18DB	0000	10

I2C.c estimated size: 137

C:\Program Files (x86)\Microchip\xc8\v2.10\pic\sources\c90\common\itoa.c
		_itoa          		CODE           	1A55	0000	33
		_utoa          		CODE           	1F31	0000	101

C:\Program Files (x86)\Microchip\xc8\v2.10\pic\sources\c90\common\itoa.c estimated size: 134

C:\Program Files (x86)\Microchip\xc8\v2.10\pic\sources\c90\common\sprcmul.c
		___flmul       		CODE           	04BC	0000	758

C:\Program Files (x86)\Microchip\xc8\v2.10\pic\sources\c90\common\sprcmul.c estimated size: 758

proculus.c
		_PROCULUS_Control_Register_Write		CODE           	1CD5	0000	57
		_PROCULUS_Show_Screen		CODE           	191B	0000	22
		_PROCULUS_VP_Write_String		CODE           	195C	0000	24
		_PROCULUS_VP_Write		CODE           	07B1	0000	72
		_PROCULUS_Delay		CODE           	19BC	0000	30
		_PROCULUS_Buzzer		CODE           	1A97	0000	35

proculus.c estimated size: 240

C:\Program Files (x86)\Microchip\xc8\v2.10\pic\sources\c90\common\Umul8_16.c
		__Umul8_16     		CODE           	1AB9	0000	36

C:\Program Files (x86)\Microchip\xc8\v2.10\pic\sources\c90\common\Umul8_16.c estimated size: 36

C:\Program Files (x86)\Microchip\xc8\v2.10\pic\sources\c90\common\__lldiv.c
		___lldiv       		CODE           	1ED3	0000	95

C:\Program Files (x86)\Microchip\xc8\v2.10\pic\sources\c90\common\__lldiv.c estimated size: 95

eeprom.c
		_EEPROM_Write_String		CODE           	1B52	0000	44
		_EEPROM_Read_Byte		CODE           	1A75	0000	35
		_EEPROM_Write_Byte		CODE           	1D45	0000	61
		_EEPROM_Read_Integer		CODE           	1B28	0000	43
		_EEPROM_Read_String		CODE           	1A35	0000	33
		_EEPROM_Write_Integer		CODE           	1C07	0000	51

eeprom.c estimated size: 267

C:\Program Files (x86)\Microchip\xc8\v2.10\pic\sources\c90\common\sprcdiv.c
		___fldiv       		CODE           	099B	0000	418

C:\Program Files (x86)\Microchip\xc8\v2.10\pic\sources\c90\common\sprcdiv.c estimated size: 418

adc.c
		_captura       		CODE           	18F6	0000	11
		_ADC_Media_10bits		CODE           	1004	0000	87
		_ADC_init      		CODE           	1900	0000	12
		_ADC_Max_10Bits		CODE           	1DF9	0000	63

adc.c estimated size: 173

SlaveLiofilizadorVer1.c
		_MediaPlacaVaccum		CODE           	0D69	0000	664
		_Send_To_MB    		CODE           	0800	0000	41
		_main          		CODE           	1443	0000	240
		_Decodify_Command		CODE           	0036	0000	1159
		_Send_Reply_OK 		CODE           	18ED	0000	10
		_Save_Log      		CODE           	1190	0000	224

SlaveLiofilizadorVer1.c estimated size: 2338

C:\Program Files (x86)\Microchip\xc8\v2.10\pic\sources\c90\common\strcat.c
		_strcat        		CODE           	1B7D	0000	45

C:\Program Files (x86)\Microchip\xc8\v2.10\pic\sources\c90\common\strcat.c estimated size: 45

C:\Program Files (x86)\Microchip\xc8\v2.10\pic\sources\c90\common\flge.c
		___flge        		CODE           	105A	0000	148

C:\Program Files (x86)\Microchip\xc8\v2.10\pic\sources\c90\common\flge.c estimated size: 148

isr.c
		_isr           		CODE           	1358	0000	236

isr.c estimated size: 236

C:\Program Files (x86)\Microchip\xc8\v2.10\pic\sources\c90\common\xxtofl.c
		___xxtofl      		CODE           	10ED	0000	164

C:\Program Files (x86)\Microchip\xc8\v2.10\pic\sources\c90\common\xxtofl.c estimated size: 164

shared
		_PT100_TRANSLADA		STRING         	0000	0000	0
		__stringtab    		STRING         	1800	0000	17
		_RESISTOR_ROOM_TEMP		STRING         	0000	0000	0
		_PT100_CONSTANT		STRING         	0000	0000	0
		_ROOM_TEMP     		STRING         	0000	0000	0
		_BETA          		STRING         	0000	0000	0
		__initialization		CODE           	0015	0000	30
		log@coeff      		STRING         	0000	0000	0
		_BALANCE_RESISTOR		STRING         	0000	0000	0
		_MAX_ADC       		STRING         	0000	0000	0

shared estimated size: 47

C:\Program Files (x86)\Microchip\xc8\v2.10\pic\sources\c90\common\strlen.c
		_strlen        		CODE           	19A3	0000	26

C:\Program Files (x86)\Microchip\xc8\v2.10\pic\sources\c90\common\strlen.c estimated size: 26

C:\Program Files (x86)\Microchip\xc8\v2.10\pic\sources\c90\common\strcpy.c
		_strcpy        		CODE           	19D9	0000	31

C:\Program Files (x86)\Microchip\xc8\v2.10\pic\sources\c90\common\strcpy.c estimated size: 31

C:\Program Files (x86)\Microchip\xc8\v2.10\pic\sources\c90\common\lwmod.c
		___lwmod       		CODE           	1C39	0000	51

C:\Program Files (x86)\Microchip\xc8\v2.10\pic\sources\c90\common\lwmod.c estimated size: 51

EEPROM_24C1025.c
		_EEPROM_24C1025_Read_Str		CODE           	1694	0000	365
		_EEPROM_24C1025_Write_Int		CODE           	1A15	0000	33
		_EEPROM_24C1025_Read_Byte		CODE           	198A	0000	26
		_EEPROM_24C1025_Read_Buffer		CODE           	0828	0000	372
		_EEPROM_24C1025_Write_Byte		CODE           	1930	0000	23
		_EEPROM_24C1025_Write_Buffer		CODE           	1532	0000	355
		_EEPROM_24C1025_Fill_All		CODE           	1E37	0000	64
		_EEPROM_24C1025_Read_Int		CODE           	1B00	0000	41
		_EEPROM_24C1025_Write_Str		CODE           	126F	0000	234

EEPROM_24C1025.c estimated size: 1513

C:\Program Files (x86)\Microchip\xc8\v2.10\pic\sources\c90\common\sprcadd.c
		___flsub       		CODE           	19F7	0000	31
		___fladd       		CODE           	0B3C	0000	558

C:\Program Files (x86)\Microchip\xc8\v2.10\pic\sources\c90\common\sprcadd.c estimated size: 589

