Microchip MPLAB XC8 Compiler V2.10 ()

Linker command line:

-W-3 --edf=C:\Program Files (x86)\Microchip\xc8\v2.10\pic\dat\en_msgs.txt \
  -cs \
  -h+dist/default/production\Liofilizador_-_Placa_Filha.X.production.sym \
  --cmf=dist/default/production\Liofilizador_-_Placa_Filha.X.production.cmf \
  -z -Q16F886 -oC:\Users\Home\AppData\Local\Temp\s18s.2 \
  --defsym=__MPLAB_BUILD=1 \
  -Mdist/default/production/Liofilizador_-_Placa_Filha.X.production.map -E1 \
  -ver=XC8 --acfsm=1493 -ASTACK=015Ah-016Fh -pstack=STACK \
  -ACODE=00h-07FFhx4 -ASTRCODE=00h-01FFFh -ASTRING=00h-0FFhx32 \
  -ACONST=00h-0FFhx32 -AENTRY=00h-0FFhx32 -ACOMMON=070h-07Fh \
  -ABANK0=020h-06Fh -ABANK1=0A0h-0EFh -ABANK2=0110h-016Fh \
  -ABANK3=0190h-01EFh -ARAM=020h-06Fh,0A0h-0EFh,0110h-016Fh,0190h-01EFh \
  -AABS1=020h-07Fh,0A0h-0EFh,0110h-016Fh,0190h-01EFh -ASFR0=00h-01Fh \
  -ASFR1=080h-09Fh -ASFR2=0100h-010Fh -ASFR3=0180h-018Fh \
  -preset_vec=00h,intentry=04h,init,end_init -ppowerup=CODE -pcinit=CODE \
  -pfunctab=ENTRY -ACONFIG=02007h-02008h -pconfig=CONFIG -DCONFIG=2 \
  -AIDLOC=02000h-02003h -pidloc=IDLOC -DIDLOC=2 -AEEDATA=00h-0FFh/02100h \
  -peeprom_data=EEDATA -DEEDATA=2 -DCODE=2 -DSTRCODE=2 -DSTRING=2 -DCONST=2 \
  -DENTRY=2 -k C:\Users\Home\AppData\Local\Temp\s18s.o \
  dist/default/production\Liofilizador_-_Placa_Filha.X.production.o 

Object code version is 3.11

Machine type is 16F886



                Name                               Link     Load   Length Selector   Space Scale
C:\Users\Home\AppData\Local\Temp\s18s.o
                end_init                             12       12        3        8       0
                reset_vec                             0        0        3        0       0
                config                             2007     2007        2     400E       0
dist/default/production\Liofilizador_-_Placa_Filha.X.production.o
                cinit                                15       15       22        8       0
                intentry                              4        4        E        8       0
                text73                             1F24     1F24       DC     3E48       0
                text72                             1005     1005        B     200A       0
                text66                              351      351      1A4        8       0
                text55                               37       37      31A        8       0
                text51                             1C65     1C65       18     38CA       0
                text50                             1C7D     1C7D       1B     38FA       0
                text48                             1C3C     1C3C       14     3878       0
                text45                              4F5      4F5      141        8       0
                text43                             1EA8     1EA8       7C     3D50       0
                text32                             1D4E     1D4E       72     3A9C       0
                text31                              80A      80A      7F6     1014       0
                text29                             1C29     1C29       13     3852       0
                text23                             1CE1     1CE1       34     39C2       0
                text21                             1C98     1C98       1C     3930       0
                text20                              7B1      7B1       4B        8       0
                text18                             1DC0     1DC0       73     3B80       0
                text15                             1C50     1C50       15     38A0       0
                text12                             1E33     1E33       75     3C66       0
                text11                             1D15     1D15       39     3A2A       0
                text7                               72E      72E       83        8       0
                text2                              1010     1010      7F0     2020       0
                text1                              1CB4     1CB4       2D     3968       0
                maintext                            636      636       F8        8       0
                cstackBANK0                          20       20       50       20       1
                cstackCOMMON                         77       77        6       70       1
                cstackBANK1                          A0       A0       4E       A0       1
                cstackBANK3                         1DC      1DC        3      190       1
                clrtext                             802      802        8     1004       0
                bssBANK2                            110      110       4A      110       1
                dataBANK3                           1DF      1DF        2      190       1
                bssBANK3                            190      190       4C      190       1
                bssBANK1                             EE       EE        2       A0       1
                bssCOMMON                            70       70        7       70       1
                strings                            1800     1800       4A     3000       0

TOTAL           Name                               Link     Load   Length     Space
        CLASS   STACK          

        CLASS   CODE           
                end_init                             12       12        3         0
                cinit                                15       15       22         0
                intentry                              4        4        E         0
                reset_vec                             0        0        3         0
                text73                             1F24     1F24       DC         0
                text72                             1005     1005        B         0
                text66                              351      351      1A4         0
                text55                               37       37      31A         0
                text51                             1C65     1C65       18         0
                text50                             1C7D     1C7D       1B         0
                text48                             1C3C     1C3C       14         0
                text45                              4F5      4F5      141         0
                text43                             1EA8     1EA8       7C         0
                text32                             1D4E     1D4E       72         0
                text31                              80A      80A      7F6         0
                text29                             1C29     1C29       13         0
                text23                             1CE1     1CE1       34         0
                text21                             1C98     1C98       1C         0
                text20                              7B1      7B1       4B         0
                text18                             1DC0     1DC0       73         0
                text15                             1C50     1C50       15         0
                text12                             1E33     1E33       75         0
                text11                             1D15     1D15       39         0
                text7                               72E      72E       83         0
                text2                              1010     1010      7F0         0
                text1                              1CB4     1CB4       2D         0
                maintext                            636      636       F8         0
                clrtext                             802      802        8         0

        CLASS   STRCODE        

        CLASS   STRING         
                strings                            1800     1800       4A         0

        CLASS   CONST          

        CLASS   ENTRY          

        CLASS   COMMON         
                cstackCOMMON                         77       77        6         1
                bssCOMMON                            70       70        7         1

        CLASS   BANK0          
                cstackBANK0                          20       20       50         1

        CLASS   BANK1          
                cstackBANK1                          A0       A0       4E         1
                bssBANK1                             EE       EE        2         1

        CLASS   BANK2          
                bssBANK2                            110      110       4A         1

        CLASS   BANK3          
                cstackBANK3                         1DC      1DC        3         1
                dataBANK3                           1DF      1DF        2         1
                bssBANK3                            190      190       4C         1

        CLASS   RAM            

        CLASS   ABS1           
                abs_s1                               7E       7E        2         1

        CLASS   SFR0           

        CLASS   SFR1           

        CLASS   SFR2           

        CLASS   SFR3           

        CLASS   CONFIG         
                config                             2007     2007        2         0

        CLASS   IDLOC          

        CLASS   EEDATA         



SEGMENTS        Name                           Load    Length   Top    Selector   Space  Class     Delta

                reset_vec                      000000  000003  000003         0       0  CODE        2
                intentry                       000004  0007F8  0007FC         8       0  CODE        2
                cstackBANK0                    000020  000050  000070        20       1  BANK0       1
                bssCOMMON                      000070  00000D  00007D        70       1  COMMON      1
                cstackBANK1                    0000A0  000050  0000F0        A0       1  BANK1       1
                bssBANK2                       000110  00004A  00015A       110       1  BANK2       1
                bssBANK3                       000190  000051  0001E1       190       1  BANK3       1
                clrtext                        000802  000008  00080A      1004       0  CODE        2
                text31                         00080A  0007F6  001000      1014       0  CODE        2
                text72                         001005  00000B  001010      200A       0  CODE        2
                text2                          001010  0007F0  001800      2020       0  CODE        2
                strings                        001800  00004A  00184A      3000       0  STRING      2
                text29                         001C29  000013  001C3C      3852       0  CODE        2
                text48                         001C3C  000014  001C50      3878       0  CODE        2
                text15                         001C50  000015  001C65      38A0       0  CODE        2
                text51                         001C65  000018  001C7D      38CA       0  CODE        2
                text50                         001C7D  00001B  001C98      38FA       0  CODE        2
                text21                         001C98  00001C  001CB4      3930       0  CODE        2
                text1                          001CB4  00002D  001CE1      3968       0  CODE        2
                text23                         001CE1  000034  001D15      39C2       0  CODE        2
                text11                         001D15  000039  001D4E      3A2A       0  CODE        2
                text32                         001D4E  000072  001DC0      3A9C       0  CODE        2
                text18                         001DC0  000073  001E33      3B80       0  CODE        2
                text12                         001E33  000075  001EA8      3C66       0  CODE        2
                text43                         001EA8  00007C  001F24      3D50       0  CODE        2
                text73                         001F24  0000DC  002000      3E48       0  CODE        2
                config                         002007  000002  002009      400E       0  CONFIG      2


UNUSED ADDRESS RANGES

        Name                Unused          Largest block    Delta
        BANK2            015A-016F             16           1
        BANK3            01E1-01EF              F           1
        CODE             0003-0003              1           2
                         07FC-0801              4
                         1000-1004              5
                         184A-1C28            3DF
        COMMON           007D-007D              1           1
        CONST            0003-0003              1           2
                         07FC-0801              4
                         1000-1004              5
                         184A-1C28            100
        EEDATA           2100-21FF            100           2
        ENTRY            0003-0003              1           2
                         07FC-0801              4
                         1000-1004              5
                         184A-1C28            100
        IDLOC            2000-2003              4           2
        RAM              015A-016F             16           1
                         01E1-01EF              F
        SFR0             0000-001F             20           1
        SFR1             0080-009F             20           1
        SFR2             0100-010F             10           1
        SFR3             0180-018F             10           1
        STACK            015A-016F             16           1
        STRCODE          0003-0003              1           2
                         07FC-0801              6
                         1000-1004              5
                         184A-1C28            3DF
        STRING           0003-0003              1           2
                         07FC-0801              4
                         1000-1004              5
                         184A-1C28            100

                                  Symbol Table

?_ADC_Read_NTC                            cstackBANK1  00B9
?_EEPROM_24C1025_Read_Int                 cstackBANK0  0031
?_EEPROM_Read_Integer                     cstackBANK0  0023
?_I2C_Master_Read                         cstackBANK0  0020
?__Umul8_16                               cstackBANK0  0020
?___fladd                                 cstackBANK0  0039
?___fldiv                                 cstackBANK1  00A0
?___flmul                                 cstackBANK0  0055
?___flsub                                 cstackBANK0  004D
?___fltol                                 cstackBANK1  00A0
?___lldiv                                 cstackBANK0  0020
?___lwdiv                                 cstackBANK0  0020
?___lwmod                                 cstackBANK0  0020
?___xxtofl                                cstackBANK0  002B
?_captura                                 cstackBANK0  0020
?_eval_poly                               cstackBANK1  00A0
?_frexp                                   cstackBANK0  002C
?_log                                     cstackBANK1  00B0
?_strlen                                  cstackBANK0  0020
ADC_Read_NTC@B                            cstackBANK1  00C2
ADC_Read_NTC@calc                         cstackBANK1  00BE
ADC_Read_NTC@i                            cstackBANK1  00C8
ADC_Read_NTC@resistencia                  cstackBANK1  00C4
ADC_Read_NTC@temperatura                  cstackBANK1  00CB
ADC_Read_NTC@value                        cstackBANK1  00C9
Decodify_Command@OutPut                   cstackBANK1  00E2
Decodify_Command@add                      cstackBANK1  00DF
Decodify_Command@add_24LCxxxx             cstackBANK1  00E8
Decodify_Command@dados                    cstackBANK1  00DD
Decodify_Command@hh                       cstackBANK1  00BF
Decodify_Command@mm                       cstackBANK1  00C9
Decodify_Command@sizedata                 cstackBANK1  00E7
Decodify_Command@ss                       cstackBANK1  00D3
Decodify_Command@tempchar                 cstackBANK1  00E6
Decodify_Command@tempint                  cstackBANK1  00E0
EEPROM_24C1025_Fill_All@chip_add          cstackBANK1  00B3
EEPROM_24C1025_Fill_All@mem_add           cstackBANK1  00B4
EEPROM_24C1025_Fill_All@value             cstackBANK1  00B1
EEPROM_24C1025_Read_Buffer@chip_add       cstackBANK0  002E
EEPROM_24C1025_Read_Buffer@cnt_1518       cstackBANK0  002D
EEPROM_24C1025_Read_Buffer@ctrl           cstackBANK0  0030
EEPROM_24C1025_Read_Buffer@data           cstackBANK0  0029
EEPROM_24C1025_Read_Buffer@mem_add        cstackBANK0  0024
EEPROM_24C1025_Read_Buffer@range          cstackBANK0  002F
EEPROM_24C1025_Read_Buffer@sizedata       cstackBANK0  0028
EEPROM_24C1025_Read_Byte@chip_add         cstackBANK0  0035
EEPROM_24C1025_Read_Byte@data             cstackBANK0  0036
EEPROM_24C1025_Read_Byte@mem_add          cstackBANK0  0031
EEPROM_24C1025_Read_Int@chip_add          cstackBANK0  0035
EEPROM_24C1025_Read_Int@data              cstackBANK0  0036
EEPROM_24C1025_Read_Int@mem_add           cstackBANK0  0031
EEPROM_24C1025_Read_Str@chip_add          cstackBANK0  002C
EEPROM_24C1025_Read_Str@cnt               cstackBANK0  002B
EEPROM_24C1025_Read_Str@ctrl              cstackBANK0  002E
EEPROM_24C1025_Read_Str@mem_add           cstackBANK0  0024
EEPROM_24C1025_Read_Str@range             cstackBANK0  002D
EEPROM_24C1025_Read_Str@texto             cstackBANK0  0028
EEPROM_24C1025_Write_Buffer@chip_add      cstackBANK0  002C
EEPROM_24C1025_Write_Buffer@count         cstackBANK0  002B
EEPROM_24C1025_Write_Buffer@ctrl          cstackBANK0  002E
EEPROM_24C1025_Write_Buffer@data          cstackBANK0  0027
EEPROM_24C1025_Write_Buffer@mem_add       cstackBANK0  0022
EEPROM_24C1025_Write_Buffer@range         cstackBANK0  002D
EEPROM_24C1025_Write_Buffer@sizedata      cstackBANK0  0026
EEPROM_24C1025_Write_Byte@chip_add        cstackBANK0  0034
EEPROM_24C1025_Write_Byte@data            cstackBANK0  0033
EEPROM_24C1025_Write_Byte@mem_add         cstackBANK0  002F
EEPROM_24C1025_Write_Int@chip_add         cstackBANK1  00AE
EEPROM_24C1025_Write_Int@data             cstackBANK1  00AC
EEPROM_24C1025_Write_Int@local            cstackBANK1  00AF
EEPROM_24C1025_Write_Int@mem_add          cstackBANK1  00A8
EEPROM_24C1025_Write_Str@chip_add         cstackBANK0  0029
EEPROM_24C1025_Write_Str@ctrl             cstackBANK0  002B
EEPROM_24C1025_Write_Str@data             cstackBANK0  0026
EEPROM_24C1025_Write_Str@mem_add          cstackBANK0  0022
EEPROM_24C1025_Write_Str@range            cstackBANK0  002A
EEPROM_Read_Byte@addr                     cstackBANK0  0022
EEPROM_Read_Integer@addr                  cstackBANK0  0026
EEPROM_Read_Integer@i                     cstackBANK0  002A
EEPROM_Read_Integer@ptr                   cstackBANK0  0027
EEPROM_Read_Integer@result                cstackBANK0  0028
EEPROM_Read_String@addr                   cstackBANK0  0024
EEPROM_Read_String@c                      cstackBANK0  0025
EEPROM_Read_String@dado                   cstackBANK0  0023
EEPROM_Write_Byte@addr                    cstackBANK0  0023
EEPROM_Write_Byte@dado                    cstackBANK0  0020
EEPROM_Write_Byte@last_GIE                cstackBANK0  0024
EEPROM_Write_Integer@addr                 cstackBANK0  0029
EEPROM_Write_Integer@dado                 cstackBANK0  0025
EEPROM_Write_Integer@i                    cstackBANK0  002B
EEPROM_Write_Integer@ptr                  cstackBANK0  002A
EEPROM_Write_String@addr                  cstackBANK0  0026
EEPROM_Write_String@dado                  cstackBANK0  0025
I2C_Master_Init@c                         cstackBANK0  002D
I2C_Master_Read@a                         cstackBANK0  0020
I2C_Master_Read@temp                      cstackBANK0  0022
I2C_Master_Write@d                        cstackBANK0  0020
PL10                                      text66       04DF
PL12                                      text55       02D7
PL14                                      text55       02F8
PL16                                      text45       061D
PL18                                      text2        1775
PL2                                       text66       0494
PL20                                      text55       0309
PL22                                      text55       0319
PL24                                      text2        1785
PL26                                      text55       0328
PL28                                      text2        178F
PL30                                      text31       0FA8
PL32                                      text2        1798
PL34                                      text2        17A1
PL36                                      text66       04E7
PL38                                      text55       0336
PL4                                       text55       02B4
PL40                                      text55       0340
PL42                                      text31       0FB1
PL44                                      text31       0FBB
PL46                                      text31       0FC5
PL48                                      text2        17AA
PL50                                      text2        17B3
PL52                                      text31       0FCE
PL54                                      text2        17BC
PL56                                      text31       0FD4
PL58                                      text31       0FDC
PL6                                       text66       04C5
PL60                                      text55       034A
PL62                                      text2        17C3
PL64                                      text31       0FE3
PL66                                      text2        17C9
PL68                                      text2        17CF
PL70                                      text43       1F1E
PL72                                      text66       04EF
PL74                                      text7        07AB
PL76                                      text31       0FE9
PL78                                      text31       0FEE
PL8                                       text55       02CE
PL80                                      text31       0FF4
PL82                                      text31       0FFA
PROCULUS_Buzzer@time_ms_x_10              cstackBANK1  00AF
PROCULUS_Buzzer@vetor                     cstackBANK1  00B1
PROCULUS_Control_Register_Write@i         cstackBANK1  00AE
PROCULUS_Control_Register_Write@size      cstackBANK1  00AB
PROCULUS_Control_Register_Write@vetor     cstackBANK1  00AD
PROCULUS_Delay@i                          cstackBANK0  0024
PROCULUS_Delay@tempo_ms                   cstackBANK0  0020
PROCULUS_Show_Screen@screen               cstackBANK1  00AF
PROCULUS_Show_Screen@vetor                cstackBANK1  00B1
PROCULUS_VP_Write@i                       cstackBANK1  00B2
PROCULUS_VP_Write@size                    cstackBANK1  00AF
PROCULUS_VP_Write@vetor                   cstackBANK1  00AD
PROCULUS_VP_Write@vp                      cstackBANK1  00AB
PROCULUS_VP_Write_String@text             cstackBANK1  00B5
PROCULUS_VP_Write_String@vp               cstackBANK1  00B3
Package_Usart_is_for_me@retorno           cstackBANK0  0020
Save_Log@add_datalog                      cstackBANK1  00B1
Send_To_MB@size                           cstackBANK0  0021
USART_init@baudrate                       cstackBANK0  0020
USART_init@i                              cstackBANK0  0024
USART_put_buffer@loop                     cstackBANK0  0025
USART_put_buffer@ptr                      cstackBANK0  0026
USART_put_buffer@size                     cstackBANK0  0021
USART_put_buffer@vetor                    cstackBANK0  0027
USART_put_int@dado                        cstackBANK1  00AA
USART_put_int@value                       cstackBANK1  00A8
USART_put_string@ptr                      cstackBANK0  0023
USART_put_string@vetor                    cstackBANK0  0021
USART_putc@value                          cstackBANK0  0020
USART_to_Protocol@i                       cstackBANK0  0022
USART_to_Protocol@usart_protocol          cstackBANK0  0024
_ACKDT                                    (abs)        048D
_ACKEN                                    (abs)        048C
_ADCON0bits                               (abs)        001F
_ADCON1                                   (abs)        009F
_ADCON1bits                               (abs)        009F
_ADC_Read_NTC                             text2        1337
_ADC_init                                 text72       1005
_ADRESH                                   (abs)        001E
_ADRESL                                   (abs)        009E
_ANSEL                                    (abs)        0188
_ANSELH                                   (abs)        0189
_Auto_Relay0                              text66       0351
_Auto_Relay1                              text66       03AB
_BAUDCTLbits                              (abs)        0187
_Board_Number                             bssBANK3     01B4
_CREN                                     (abs)        00C4
_Decodify_Command                         text31       083F
_Delay_Led_Memory                         bssBANK3     01B0
_Delay_Led_Tmr0                           bssBANK3     01AE
_Delay_Led_Usart                          bssBANK3     01AC
_EEADR                                    (abs)        010D
_EECON1bits                               (abs)        018C
_EECON2                                   (abs)        018D
_EEDATA                                   (abs)        010C
_EEPROM_24C1025_Fill_All                  text55       0037
_EEPROM_24C1025_Read_Buffer               text31       0D70
_EEPROM_24C1025_Read_Byte                 text51       1C65
_EEPROM_24C1025_Read_Int                  text50       1C7D
_EEPROM_24C1025_Read_Str                  text31       0C8B
_EEPROM_24C1025_Write_Buffer              text31       0E53
_EEPROM_24C1025_Write_Byte                text48       1C3C
_EEPROM_24C1025_Write_Int                 text55       00CC
_EEPROM_24C1025_Write_Str                 text31       0BEE
_EEPROM_Read_Byte                         text45       05E1
_EEPROM_Read_Integer                      text45       0602
_EEPROM_Read_String                       text45       04F5
_EEPROM_Write_Byte                        text43       1EE3
_EEPROM_Write_Integer                     text43       1EA8
_EEPROM_Write_String                      text43       1ECB
_Histerese0                               bssBANK3     019C
_Histerese1                               bssBANK3     01B8
_I2C_Master_Init                          text12       1E33
_I2C_Master_Read                          text31       0F3F
_I2C_Master_RepeatedStart                 text31       0F6A
_I2C_Master_Start                         text31       0F34
_I2C_Master_Stop                          text31       0F3C
_I2C_Master_Wait                          text31       0F61
_I2C_Master_Write                         text31       0F2E
_INTCONbits                               (abs)        000B
_Load_Work                                text45       0509
_OPTION_REGbits                           (abs)        0081
_OSCCONbits                               (abs)        008F
_PEN                                      (abs)        048A
_PIE1bits                                 (abs)        008C
_PIR1bits                                 (abs)        000C
_PORTA                                    (abs)        0005
_PORTAbits                                (abs)        0005
_PORTB                                    (abs)        0006
_PORTBbits                                (abs)        0006
_PORTC                                    (abs)        0007
_PORTCbits                                (abs)        0007
_PORTE                                    (abs)        0009
_PROCULUS_Buzzer                          text32       1D58
_PROCULUS_Control_Register_Write          text32       1D78
_PROCULUS_Delay                           text32       1DA6
_PROCULUS_Show_Screen                     text32       1D4E
_PROCULUS_VP_Write                        text31       080A
_PROCULUS_VP_Write_String                 text29       1C29
_Package_Usart_is_for_me                  text2        175F
_RCEN                                     (abs)        048B
_RCREG                                    (abs)        001A
_RCSTAbits                                (abs)        0018
_RL0Status                                dataBANK3    01E0
_RL1Status                                dataBANK3    01DF
_RSEN                                     (abs)        0489
_Rele0Desligado                           text66       048C
_Rele0Ligado                              text2        10EF
_Rele1Desligado                           text66       0490
_Rele1Ligado                              text2        1106
_SEN                                      (abs)        0488
_SPBRG                                    (abs)        0099
_SSPADD                                   (abs)        0093
_SSPBUF                                   (abs)        0013
_SSPCON                                   (abs)        0014
_SSPCON2                                  (abs)        0091
_SSPSTAT                                  (abs)        0094
_Save_Log                                 text55       0068
_Send_Reply_OK                            text23       1CE1
_Send_To_MB                               text31       0BA1
_SetPoint0                                bssCOMMON    0070
_SetPoint1                                bssBANK3     0198
_Status0                                  bssBANK3     01A8
_Status1                                  bssBANK3     01A6
_T1CKPS0                                  (abs)        0084
_T1CKPS1                                  (abs)        0085
_T1CON                                    (abs)        0010
_TMR1CS                                   (abs)        0081
_TMR1H                                    (abs)        000F
_TMR1IE                                   (abs)        0460
_TMR1L                                    (abs)        000E
_TRISA                                    (abs)        0085
_TRISB                                    (abs)        0086
_TRISC                                    (abs)        0087
_TRISC3                                   (abs)        043B
_TRISC4                                   (abs)        043C
_TRISC6                                   (abs)        043E
_TRISC7                                   (abs)        043F
_TRISE                                    (abs)        0089
_TXREG                                    (abs)        0019
_TXSTAbits                                (abs)        0098
_Temperatura0                             bssBANK3     0194
_Temperatura1                             bssBANK3     0190
_TempoCNT_0                               bssBANK1     00EF
_TempoCNT_1                               bssBANK1     00EE
_TempoOFF_0                               bssBANK3     01B9
_TempoOFF_1                               bssBANK3     01B6
_TempoON_0                                bssBANK3     01BA
_TempoON_1                                bssBANK3     01B7
_USART_init                               text11       1D15
_USART_put_buffer                         text21       1C98
_USART_put_int                            text31       0F87
_USART_put_string                         text23       1CE8
_USART_putc                               text31       0BDD
_USART_to_Protocol                        text20       07B1
_WPUB                                     (abs)        0095
__CFG_BOR4V$BOR40V                        (abs)        0000
__CFG_BOREN$ON                            (abs)        0000
__CFG_CP$ON                               (abs)        0000
__CFG_CPD$OFF                             (abs)        0000
__CFG_FCMEN$ON                            (abs)        0000
__CFG_FOSC$INTRC_NOCLKOUT                 (abs)        0000
__CFG_IESO$ON                             (abs)        0000
__CFG_LVP$OFF                             (abs)        0000
__CFG_MCLRE$OFF                           (abs)        0000
__CFG_PWRTE$ON                            (abs)        0000
__CFG_WDTE$ON                             (abs)        0000
__CFG_WRT$OFF                             (abs)        0000
__Habs1                                   abs1         0000
__Hbank0                                  bank0        0000
__Hbank1                                  bank1        0000
__Hbank2                                  bank2        0000
__Hbank3                                  bank3        0000
__HbssBANK1                               bssBANK1     0000
__HbssBANK2                               bssBANK2     0000
__HbssBANK3                               bssBANK3     0000
__HbssCOMMON                              bssCOMMON    0000
__Hcinit                                  cinit        0037
__Hclrtext                                clrtext      0000
__Hcode                                   code         0000
__Hcommon                                 common       0000
__Hconfig                                 config       2009
__HcstackBANK0                            cstackBANK0  0000
__HcstackBANK1                            cstackBANK1  0000
__HcstackBANK3                            cstackBANK3  0000
__HcstackCOMMON                           cstackCOMMON 0000
__HdataBANK3                              dataBANK3    0000
__Heeprom_data                            eeprom_data  0000
__Hend_init                               end_init     0015
__Hfunctab                                functab      0000
__HidataBANK3                             idataBANK3   0000
__Hidloc                                  idloc        0000
__Hinit                                   init         0012
__Hintentry                               intentry     0012
__Hmaintext                               maintext     0000
__Hpa_nodes0                              pa_nodes0    0000
__Hpowerup                                powerup      0000
__Hram                                    ram          0000
__Hreset_vec                              reset_vec    0003
__Hsfr0                                   sfr0         0000
__Hsfr1                                   sfr1         0000
__Hsfr2                                   sfr2         0000
__Hsfr3                                   sfr3         0000
__Hspace_0                                (abs)        2009
__Hspace_1                                (abs)        01E1
__Hspace_2                                (abs)        0000
__Hspace_3                                (abs)        0000
__Hstack                                  stack        0000
__Hstrings                                strings      0000
__Htext                                   text         0000
__Labs1                                   abs1         0000
__Lbank0                                  bank0        0000
__Lbank1                                  bank1        0000
__Lbank2                                  bank2        0000
__Lbank3                                  bank3        0000
__LbssBANK1                               bssBANK1     0000
__LbssBANK2                               bssBANK2     0000
__LbssBANK3                               bssBANK3     0000
__LbssCOMMON                              bssCOMMON    0000
__Lcinit                                  cinit        0015
__Lclrtext                                clrtext      0000
__Lcode                                   code         0000
__Lcommon                                 common       0000
__Lconfig                                 config       2007
__LcstackBANK0                            cstackBANK0  0000
__LcstackBANK1                            cstackBANK1  0000
__LcstackBANK3                            cstackBANK3  0000
__LcstackCOMMON                           cstackCOMMON 0000
__LdataBANK3                              dataBANK3    0000
__Leeprom_data                            eeprom_data  0000
__Lend_init                               end_init     0012
__Lfunctab                                functab      0000
__LidataBANK3                             idataBANK3   0000
__Lidloc                                  idloc        0000
__Linit                                   init         0012
__Lintentry                               intentry     0004
__Lmaintext                               maintext     0000
__Lpa_nodes0                              pa_nodes0    0000
__Lpowerup                                powerup      0000
__Lram                                    ram          0000
__Lreset_vec                              reset_vec    0000
__Lsfr0                                   sfr0         0000
__Lsfr1                                   sfr1         0000
__Lsfr2                                   sfr2         0000
__Lsfr3                                   sfr3         0000
__Lspace_0                                (abs)        0000
__Lspace_1                                (abs)        0000
__Lspace_2                                (abs)        0000
__Lspace_3                                (abs)        0000
__Lstack                                  stack        0000
__Lstrings                                strings      0000
__Ltext                                   text         0000
__S0                                      (abs)        2009
__S1                                      (abs)        01E1
__S2                                      (abs)        0000
__S3                                      (abs)        0000
__Umul8_16                                text55       023F
__Umul8_16@multiplicand                   cstackBANK0  0020
__Umul8_16@multiplier                     cstackBANK0  0027
__Umul8_16@product                        cstackBANK0  0023
__Umul8_16@word_mpld                      cstackBANK0  0025
___fladd                                  text2        11C8
___fladd@a                                cstackBANK0  003D
___fladd@aexp                             cstackBANK0  004A
___fladd@b                                cstackBANK0  0039
___fladd@bexp                             cstackBANK0  004B
___fladd@grs                              cstackBANK0  004C
___fladd@signs                            cstackBANK0  0049
___fldiv                                  text2        1517
___fldiv@a                                cstackBANK1  00A0
___fldiv@aexp                             cstackBANK1  00B8
___fldiv@b                                cstackBANK1  00A4
___fldiv@bexp                             cstackBANK1  00B7
___fldiv@grs                              cstackBANK1  00B3
___fldiv@new_exp                          cstackBANK1  00B1
___fldiv@rem                              cstackBANK1  00AC
___fldiv@sign                             cstackBANK1  00B0
___fleq                                   text7        0775
___fleq@ff1                               cstackBANK0  0020
___fleq@ff2                               cstackBANK0  0024
___flge                                   text66       041E
___flge@ff1                               cstackBANK0  0055
___flge@ff2                               cstackBANK0  0059
___flmul                                  text55       00EB
___flmul@a                                cstackBANK0  0059
___flmul@aexp                             cstackBANK0  0062
___flmul@b                                cstackBANK0  0055
___flmul@bexp                             cstackBANK0  0063
___flmul@grs                              cstackBANK0  0064
___flmul@prod                             cstackBANK0  0068
___flmul@sign                             cstackBANK0  0061
___flmul@temp                             cstackBANK0  006C
___flsub                                  text2        1638
___flsub@a                                cstackBANK0  004D
___flsub@b                                cstackBANK0  0051
___fltol                                  text55       025A
___fltol@exp1                             cstackBANK0  006F
___fltol@f1                               cstackBANK1  00A0
___fltol@sign1                            cstackBANK0  006E
___int_sp                                 stack        0000
___latbits                                (abs)        0002
___lldiv                                  text12       1E60
___lldiv@counter                          cstackBANK0  002C
___lldiv@dividend                         cstackBANK0  0024
___lldiv@divisor                          cstackBANK0  0020
___lldiv@quotient                         cstackBANK0  0028
___lwdiv                                  text2        1654
___lwdiv@counter                          cstackBANK0  0024
___lwdiv@dividend                         cstackBANK0  0022
___lwdiv@divisor                          cstackBANK0  0020
___lwdiv@quotient                         cstackBANK0  0025
___lwmod                                  text18       1E0F
___lwmod@counter                          cstackBANK0  0024
___lwmod@dividend                         cstackBANK0  0022
___lwmod@divisor                          cstackBANK0  0020
___sp                                     stack        0000
___stackhi                                (abs)        0000
___stacklo                                (abs)        0000
___xxtofl                                 text2        14A9
___xxtofl@arg                             cstackBANK0  0035
___xxtofl@exp                             cstackBANK0  0034
___xxtofl@sign                            cstackBANK0  0033
___xxtofl@val                             cstackBANK0  002B
__end_ofPL10                              text66       04E7
__end_ofPL12                              text55       02F8
__end_ofPL14                              text55       0309
__end_ofPL16                              text45       0636
__end_ofPL18                              text2        1785
__end_ofPL2                               text66       04C5
__end_ofPL20                              text55       0319
__end_ofPL22                              text55       0328
__end_ofPL24                              text2        178F
__end_ofPL26                              text55       0336
__end_ofPL28                              text2        1798
__end_ofPL30                              text31       0FB1
__end_ofPL32                              text2        17A1
__end_ofPL34                              text2        17AA
__end_ofPL36                              text66       04EF
__end_ofPL38                              text55       0340
__end_ofPL4                               text55       02CE
__end_ofPL40                              text55       034A
__end_ofPL42                              text31       0FBB
__end_ofPL44                              text31       0FC5
__end_ofPL46                              text31       0FCE
__end_ofPL48                              text2        17B3
__end_ofPL50                              text2        17BC
__end_ofPL52                              text31       0FD4
__end_ofPL54                              text2        17C3
__end_ofPL56                              text31       0FDC
__end_ofPL58                              text31       0FE3
__end_ofPL6                               text66       04DF
__end_ofPL60                              text55       0351
__end_ofPL62                              text2        17C9
__end_ofPL64                              text31       0FE9
__end_ofPL66                              text2        17CF
__end_ofPL68                              text2        17D4
__end_ofPL70                              text43       1F24
__end_ofPL72                              text66       04F5
__end_ofPL74                              text7        07B1
__end_ofPL76                              text31       0FEE
__end_ofPL78                              text31       0FF4
__end_ofPL8                               text55       02D7
__end_ofPL80                              text31       0FFA
__end_ofPL82                              text31       1000
__end_of_ADC_Read_NTC                     text2        14A9
__end_of_ADC_init                         text72       1010
__end_of_Auto_Relay0                      text66       03AB
__end_of_Auto_Relay1                      text66       041E
__end_of_BALANCE_RESISTOR                 strings      183C
__end_of_BETA                             strings      1838
__end_of_Decodify_Command                 text31       0BA1
__end_of_EEPROM_24C1025_Fill_All          text55       0068
__end_of_EEPROM_24C1025_Read_Buffer       text31       0E53
__end_of_EEPROM_24C1025_Read_Byte         text51       1C7D
__end_of_EEPROM_24C1025_Read_Int          text50       1C98
__end_of_EEPROM_24C1025_Read_Str          text31       0D70
__end_of_EEPROM_24C1025_Write_Buffer      text31       0F2E
__end_of_EEPROM_24C1025_Write_Byte        text48       1C50
__end_of_EEPROM_24C1025_Write_Int         text55       00EB
__end_of_EEPROM_24C1025_Write_Str         text31       0C8B
__end_of_EEPROM_Read_Byte                 text45       0602
__end_of_EEPROM_Read_Integer              text45       061D
__end_of_EEPROM_Read_String               text45       0509
__end_of_EEPROM_Write_Byte                text43       1F1E
__end_of_EEPROM_Write_Integer             text43       1ECB
__end_of_EEPROM_Write_String              text43       1EE3
__end_of_I2C_Master_Init                  text12       1E60
__end_of_I2C_Master_Read                  text31       0F61
__end_of_I2C_Master_RepeatedStart         text31       0F6D
__end_of_I2C_Master_Start                 text31       0F3C
__end_of_I2C_Master_Stop                  text31       0F3F
__end_of_I2C_Master_Wait                  text31       0F6A
__end_of_I2C_Master_Write                 text31       0F34
__end_of_Load_Work                        text45       05E1
__end_of_PROCULUS_Buzzer                  text32       1D78
__end_of_PROCULUS_Control_Register_Write  text32       1DA6
__end_of_PROCULUS_Delay                   text32       1DC0
__end_of_PROCULUS_Show_Screen             text32       1D58
__end_of_PROCULUS_VP_Write                text31       083F
__end_of_PROCULUS_VP_Write_String         text29       1C3C
__end_of_Package_Usart_is_for_me          text2        1775
__end_of_Rele0Desligado                   text66       0490
__end_of_Rele0Ligado                      text2        1106
__end_of_Rele1Desligado                   text66       0494
__end_of_Rele1Ligado                      text2        111E
__end_of_Save_Log                         text55       00CC
__end_of_Send_Reply_OK                    text23       1CE8
__end_of_Send_To_MB                       text31       0BBD
__end_of_USART_init                       text11       1D4E
__end_of_USART_put_buffer                 text21       1CB4
__end_of_USART_put_int                    text31       0F95
__end_of_USART_put_string                 text23       1D15
__end_of_USART_putc                       text31       0BEE
__end_of_USART_to_Protocol                text20       07FC
__end_of__Umul8_16                        text55       025A
__end_of___fladd                          text2        1337
__end_of___fldiv                          text2        1638
__end_of___fleq                           text7        07AB
__end_of___flge                           text66       048C
__end_of___flmul                          text55       023F
__end_of___flsub                          text2        1654
__end_of___fltol                          text55       02B4
__end_of___lldiv                          text12       1EA8
__end_of___lwdiv                          text2        167E
__end_of___lwmod                          text18       1E33
__end_of___xxtofl                         text2        1517
__end_of__initialization                  cinit        0033
__end_of__stringtab                       strings      1810
__end_of_captura                          text2        168C
__end_of_eval_poly                        text2        11C8
__end_of_frexp                            text7        0775
__end_of_isr                              text73       2000
__end_of_itoa                             text31       0F87
__end_of_log                              text2        175F
__end_of_main                             maintext     072E
__end_of_mediatemperaturaNTC              text2        10EF
__end_of_my_delay_ms                      text2        1800
__end_of_my_delay_ms_WDT                  text1        1CE1
__end_of_strcat                           text31       0BDD
__end_of_strcpy                           text15       1C65
__end_of_strlen                           text31       0FA8
__end_of_utoa                             text18       1E0F
__end_oflog@coeff                         strings      1834
__initialization                          cinit        0015
__pbssBANK1                               bssBANK1     00EE
__pbssBANK2                               bssBANK2     0110
__pbssBANK3                               bssBANK3     0190
__pbssCOMMON                              bssCOMMON    0070
__pcstackBANK0                            cstackBANK0  0020
__pcstackBANK1                            cstackBANK1  00A0
__pcstackBANK3                            cstackBANK3  01DC
__pcstackCOMMON                           cstackCOMMON 0077
__pdataBANK3                              dataBANK3    01DF
__pidataBANK3                             idataBANK3   0000
__pintentry                               intentry     0004
__pmaintext                               maintext     0636
__pstrings                                strings      1800
__ptext1                                  text1        1CB4
__ptext10                                 text2        167E
__ptext11                                 text11       1D15
__ptext12                                 text12       1E33
__ptext13                                 text12       1E60
__ptext14                                 text31       083F
__ptext15                                 text15       1C50
__ptext16                                 text31       0BBD
__ptext17                                 text31       0F6D
__ptext18                                 text18       1DC0
__ptext19                                 text18       1E0F
__ptext2                                  text2        1010
__ptext20                                 text20       07B1
__ptext21                                 text21       1C98
__ptext22                                 text31       0BA1
__ptext23                                 text23       1CE1
__ptext24                                 text23       1CE8
__ptext25                                 text55       0068
__ptext26                                 text55       025A
__ptext27                                 text55       00EB
__ptext28                                 text55       023F
__ptext29                                 text29       1C29
__ptext3                                  text2        17D4
__ptext30                                 text31       0F95
__ptext31                                 text31       080A
__ptext32                                 text32       1D4E
__ptext33                                 text32       1D58
__ptext34                                 text2        1654
__ptext35                                 text32       1D78
__ptext36                                 text31       0F87
__ptext37                                 text31       0BDD
__ptext38                                 text32       1DA6
__ptext39                                 text45       0509
__ptext4                                  text2        175F
__ptext40                                 text2        1517
__ptext41                                 text45       0602
__ptext42                                 text43       1ECB
__ptext43                                 text43       1EA8
__ptext44                                 text43       1EE3
__ptext45                                 text45       04F5
__ptext46                                 text45       05E1
__ptext47                                 text31       0BEE
__ptext48                                 text48       1C3C
__ptext49                                 text31       0C8B
__ptext5                                  text2        1337
__ptext50                                 text50       1C7D
__ptext51                                 text51       1C65
__ptext52                                 text31       0D70
__ptext53                                 text31       0F6A
__ptext54                                 text31       0F3F
__ptext55                                 text55       0037
__ptext56                                 text55       00CC
__ptext57                                 text31       0E53
__ptext58                                 text31       0F2E
__ptext59                                 text31       0F3C
__ptext6                                  text2        168C
__ptext60                                 text31       0F34
__ptext61                                 text31       0F61
__ptext62                                 text66       03AB
__ptext63                                 text2        14A9
__ptext64                                 text2        1106
__ptext65                                 text66       0490
__ptext66                                 text66       0351
__ptext67                                 text2        1638
__ptext68                                 text2        11C8
__ptext69                                 text66       041E
__ptext7                                  text7        072E
__ptext70                                 text2        10EF
__ptext71                                 text66       048C
__ptext72                                 text72       1005
__ptext73                                 text73       1F24
__ptext8                                  text7        0775
__ptext9                                  text2        111E
__size_of_ADC_Read_NTC                    (abs)        0000
__size_of_ADC_init                        (abs)        0000
__size_of_Auto_Relay0                     (abs)        0000
__size_of_Auto_Relay1                     (abs)        0000
__size_of_Decodify_Command                (abs)        0000
__size_of_EEPROM_24C1025_Fill_All         (abs)        0000
__size_of_EEPROM_24C1025_Read_Buffer      (abs)        0000
__size_of_EEPROM_24C1025_Read_Byte        (abs)        0000
__size_of_EEPROM_24C1025_Read_Int         (abs)        0000
__size_of_EEPROM_24C1025_Read_Str         (abs)        0000
__size_of_EEPROM_24C1025_Write_Buffer     (abs)        0000
__size_of_EEPROM_24C1025_Write_Byte       (abs)        0000
__size_of_EEPROM_24C1025_Write_Int        (abs)        0000
__size_of_EEPROM_24C1025_Write_Str        (abs)        0000
__size_of_EEPROM_Read_Byte                (abs)        0000
__size_of_EEPROM_Read_Integer             (abs)        0000
__size_of_EEPROM_Read_String              (abs)        0000
__size_of_EEPROM_Write_Byte               (abs)        0000
__size_of_EEPROM_Write_Integer            (abs)        0000
__size_of_EEPROM_Write_String             (abs)        0000
__size_of_I2C_Master_Init                 (abs)        0000
__size_of_I2C_Master_Read                 (abs)        0000
__size_of_I2C_Master_RepeatedStart        (abs)        0000
__size_of_I2C_Master_Start                (abs)        0000
__size_of_I2C_Master_Stop                 (abs)        0000
__size_of_I2C_Master_Wait                 (abs)        0000
__size_of_I2C_Master_Write                (abs)        0000
__size_of_Load_Work                       (abs)        0000
__size_of_PROCULUS_Buzzer                 (abs)        0000
__size_of_PROCULUS_Control_Register_Write (abs)        0000
__size_of_PROCULUS_Delay                  (abs)        0000
__size_of_PROCULUS_Show_Screen            (abs)        0000
__size_of_PROCULUS_VP_Write               (abs)        0000
__size_of_PROCULUS_VP_Write_String        (abs)        0000
__size_of_Package_Usart_is_for_me         (abs)        0000
__size_of_Rele0Desligado                  (abs)        0000
__size_of_Rele0Ligado                     (abs)        0000
__size_of_Rele1Desligado                  (abs)        0000
__size_of_Rele1Ligado                     (abs)        0000
__size_of_Save_Log                        (abs)        0000
__size_of_Send_Reply_OK                   (abs)        0000
__size_of_Send_To_MB                      (abs)        0000
__size_of_USART_init                      (abs)        0000
__size_of_USART_put_buffer                (abs)        0000
__size_of_USART_put_int                   (abs)        0000
__size_of_USART_put_string                (abs)        0000
__size_of_USART_putc                      (abs)        0000
__size_of_USART_to_Protocol               (abs)        0000
__size_of__Umul8_16                       (abs)        0000
__size_of___fladd                         (abs)        0000
__size_of___fldiv                         (abs)        0000
__size_of___fleq                          (abs)        0000
__size_of___flge                          (abs)        0000
__size_of___flmul                         (abs)        0000
__size_of___flsub                         (abs)        0000
__size_of___fltol                         (abs)        0000
__size_of___lldiv                         (abs)        0000
__size_of___lwdiv                         (abs)        0000
__size_of___lwmod                         (abs)        0000
__size_of___xxtofl                        (abs)        0000
__size_of_captura                         (abs)        0000
__size_of_eval_poly                       (abs)        0000
__size_of_frexp                           (abs)        0000
__size_of_isr                             (abs)        0000
__size_of_itoa                            (abs)        0000
__size_of_log                             (abs)        0000
__size_of_main                            (abs)        0000
__size_of_mediatemperaturaNTC             (abs)        0000
__size_of_my_delay_ms                     (abs)        0000
__size_of_my_delay_ms_WDT                 (abs)        0000
__size_of_strcat                          (abs)        0000
__size_of_strcpy                          (abs)        0000
__size_of_strlen                          (abs)        0000
__size_of_utoa                            (abs)        0000
__stringbase                              strings      180F
__stringtab                               strings      1800
_buffer                                   bssBANK2     013A
_canal                                    bssBANK3     01B5
_captura                                  text2        167E
_count                                    bssBANK3     01A2
_destino                                  bssBANK3     01B3
_eval_poly                                text2        111E
_frexp                                    text7        072E
_generic_status                           bssCOMMON    0076
_header                                   bssBANK3     01A4
_hora                                     bssCOMMON    0074
_isr                                      text73       1F24
_itoa                                     text31       0F6D
_log                                      text2        168C
_main                                     maintext     0636
_mediatemperaturaNTC                      text2        1010
_mediatemperaturaNTC$2292                 cstackBANK1  00D0
_milisegundo                              bssBANK3     01AA
_minuto                                   bssBANK3     01BB
_my_delay_ms                              text2        17D4
_my_delay_ms_WDT                          text1        1CB4
_pointer                                  bssBANK3     01B2
_segundo                                  bssCOMMON    0075
_strcat                                   text31       0BBD
_strcpy                                   text15       1C50
_strlen                                   text31       0F95
_tempodecorrido                           bssBANK3     01A0
_texto                                    bssBANK3     01BC
_usart_buffer                             bssBANK2     0110
_usart_protocol                           bssBANK3     01CC
_utoa                                     text18       1DC0
btemp                                     (abs)        007E
clear_ram0                                clrtext      0802
end_of_initialization                     cinit        0033
eval_poly@d                               cstackBANK1  00A4
eval_poly@n                               cstackBANK1  00A5
eval_poly@res                             cstackBANK1  00AC
eval_poly@x                               cstackBANK1  00A0
frexp@eptr                                cstackBANK0  0030
frexp@value                               cstackBANK0  002C
interrupt_function                        intentry     0004
intlevel0                                 functab      0000
intlevel1                                 functab      0000
intlevel2                                 functab      0000
intlevel3                                 functab      0000
intlevel4                                 functab      0000
intlevel5                                 functab      0000
isr@tempo                                 cstackCOMMON 007B
itoa@base                                 cstackBANK0  0031
itoa@buf                                  cstackBANK0  0034
itoa@val                                  cstackBANK0  002F
log@coeff                                 strings      1810
log@exponent                              cstackBANK0  006E
log@x                                     cstackBANK1  00B0
main@reset                                cstackBANK1  00EC
mediatemperaturaNTC@Temp                  cstackBANK1  00D5
mediatemperaturaNTC@canal                 cstackBANK1  00D4
mediatemperaturaNTC@i                     cstackBANK1  00D9
my_delay_ms@i                             cstackBANK0  0026
my_delay_ms@time                          cstackBANK0  0020
my_delay_ms_WDT@i                         cstackBANK0  0026
my_delay_ms_WDT@time                      cstackBANK0  0020
reset_vec                                 reset_vec    0000
saved_w                                   (abs)        007E
start                                     init         0012
start_initialization                      cinit        0015
strcat@cp                                 cstackBANK0  0023
strcat@from                               cstackBANK0  0020
strcat@to                                 cstackBANK0  0024
strcpy@cp                                 cstackBANK0  0023
strcpy@from                               cstackBANK0  0020
strcpy@to                                 cstackBANK0  0022
strlen@cp                                 cstackBANK0  0023
strlen@s                                  cstackBANK0  0024
utoa@base                                 cstackBANK0  0029
utoa@buf                                  cstackBANK0  002E
utoa@c                                    cstackBANK0  002D
utoa@v                                    cstackBANK0  002B
utoa@val                                  cstackBANK0  0027
wtemp0                                    (abs)        007E


FUNCTION INFORMATION:

 *************** function _main *****************
 Defined at:
		line 145 in file "SlaveLiofilizadorVer1.c"
 Parameters:    Size  Location     Type
		None
 Auto vars:     Size  Location     Type
  reset           2   76[BANK1 ] unsigned int 
 Return value:  Size  Location     Type
                  1    wreg      void 
 Registers used:
		wreg, fsr0l, fsr0h, status,2, status,0, btemp+1, pclath, cstack
 Tracked objects:
		On entry : 
		On exit  : 
		Unchanged: 
 Data sizes:     COMMON   BANK0   BANK1   BANK3   BANK2
      Params:         0       0       0       0       0
      Locals:         0       0       2       0       0
      Temps:          0       0       0       3       0
      Totals:         0       0       2       3       0
Total ram usage:        5 bytes
 Hardware stack levels required when called:    7
 This function calls:
		_ADC_init
		_Auto_Relay0
		_Auto_Relay1
		_Decodify_Command
		_EEPROM_Read_Integer
		_EEPROM_Write_Integer
		_I2C_Master_Init
		_Load_Work
		_USART_init
		_mediatemperaturaNTC
		_my_delay_ms_WDT
 This function is called by:
		Startup code after reset
 This function uses a non-reentrant model


 *************** function _my_delay_ms_WDT *****************
 Defined at:
		line 13 in file "my_delay.c"
 Parameters:    Size  Location     Type
  time            4    0[BANK0 ] long 
 Auto vars:     Size  Location     Type
  i               4    6[BANK0 ] long 
 Return value:  Size  Location     Type
                  1    wreg      void 
 Registers used:
		wreg, status,2, status,0, btemp+1
 Tracked objects:
		On entry : 
		On exit  : 
		Unchanged: 
 Data sizes:     COMMON   BANK0   BANK1   BANK3   BANK2
      Params:         0       4       0       0       0
      Locals:         0       4       0       0       0
      Temps:          0       2       0       0       0
      Totals:         0      10       0       0       0
Total ram usage:       10 bytes
 Hardware stack levels used:    1
 Hardware stack levels required when called:    1
 This function calls:
		Nothing
 This function is called by:
		_main
 This function uses a non-reentrant model


 *************** function _mediatemperaturaNTC *****************
 Defined at:
		line 680 in file "SlaveLiofilizadorVer1.c"
 Parameters:    Size  Location     Type
  canal           1    wreg     unsigned char 
 Auto vars:     Size  Location     Type
  canal           1   52[BANK1 ] unsigned char 
  Temp            4   53[BANK1 ] float 
  i               1   57[BANK1 ] unsigned char 
 Return value:  Size  Location     Type
                  1    wreg      void 
 Registers used:
		wreg, fsr0l, fsr0h, status,2, status,0, btemp+1, pclath, cstack
 Tracked objects:
		On entry : 
		On exit  : 
		Unchanged: 
 Data sizes:     COMMON   BANK0   BANK1   BANK3   BANK2
      Params:         0       0       0       0       0
      Locals:         0       0      10       0       0
      Temps:          0       0       1       0       0
      Totals:         0       0      11       0       0
Total ram usage:       11 bytes
 Hardware stack levels used:    1
 Hardware stack levels required when called:    6
 This function calls:
		_ADC_Read_NTC
		_Package_Usart_is_for_me
		_Rele0Ligado
		_Rele1Ligado
		___fladd
		___fldiv
		___xxtofl
		_my_delay_ms
 This function is called by:
		_main
 This function uses a non-reentrant model


 *************** function _my_delay_ms *****************
 Defined at:
		line 5 in file "my_delay.c"
 Parameters:    Size  Location     Type
  time            4    0[BANK0 ] long 
 Auto vars:     Size  Location     Type
  i               4    6[BANK0 ] long 
 Return value:  Size  Location     Type
                  1    wreg      void 
 Registers used:
		wreg, status,2, status,0, btemp+1
 Tracked objects:
		On entry : 
		On exit  : 
		Unchanged: 
 Data sizes:     COMMON   BANK0   BANK1   BANK3   BANK2
      Params:         0       4       0       0       0
      Locals:         0       4       0       0       0
      Temps:          0       2       0       0       0
      Totals:         0      10       0       0       0
Total ram usage:       10 bytes
 Hardware stack levels used:    1
 Hardware stack levels required when called:    1
 This function calls:
		Nothing
 This function is called by:
		_mediatemperaturaNTC
 This function uses a non-reentrant model


 *************** function _Package_Usart_is_for_me *****************
 Defined at:
		line 8 in file "protocolo.c"
 Parameters:    Size  Location     Type
		None
 Auto vars:     Size  Location     Type
  retorno         1    0[BANK0 ] unsigned char 
 Return value:  Size  Location     Type
                  1    wreg      unsigned char 
 Registers used:
		wreg, status,2, status,0
 Tracked objects:
		On entry : 
		On exit  : 
		Unchanged: 
 Data sizes:     COMMON   BANK0   BANK1   BANK3   BANK2
      Params:         0       0       0       0       0
      Locals:         0       1       0       0       0
      Temps:          0       0       0       0       0
      Totals:         0       1       0       0       0
Total ram usage:        1 bytes
 Hardware stack levels used:    1
 Hardware stack levels required when called:    1
 This function calls:
		Nothing
 This function is called by:
		_mediatemperaturaNTC
 This function uses a non-reentrant model


 *************** function _ADC_Read_NTC *****************
 Defined at:
		line 56 in file "adc.c"
 Parameters:    Size  Location     Type
  canal           1    wreg     unsigned char 
 Auto vars:     Size  Location     Type
  canal           1    0[COMMON] unsigned char 
  temperatura     4   43[BANK1 ] float 
  resistencia     4   36[BANK1 ] float 
  calc            4   30[BANK1 ] float 
  value           2   41[BANK1 ] unsigned int 
  B               2   34[BANK1 ] int 
  i               1   40[BANK1 ] unsigned char 
 Return value:  Size  Location     Type
                  4   25[BANK1 ] float 
 Registers used:
		wreg, fsr0l, fsr0h, status,2, status,0, btemp+1, pclath, cstack
 Tracked objects:
		On entry : 
		On exit  : 
		Unchanged: 
 Data sizes:     COMMON   BANK0   BANK1   BANK3   BANK2
      Params:         0       0       5       0       0
      Locals:         0       0      17       0       0
      Temps:          0       0       0       0       0
      Totals:         0       0      22       0       0
Total ram usage:       22 bytes
 Hardware stack levels used:    1
 Hardware stack levels required when called:    5
 This function calls:
		___fladd
		___fldiv
		___flmul
		___flsub
		___lwdiv
		___xxtofl
		_captura
		_log
 This function is called by:
		_mediatemperaturaNTC
 This function uses a non-reentrant model


 *************** function _log *****************
 Defined at:
		line 5 in file "C:\Program Files (x86)\Microchip\xc8\v2.10\pic\sources\c90\common\log.c"
 Parameters:    Size  Location     Type
  x               4   16[BANK1 ] float 
 Auto vars:     Size  Location     Type
  exponent        2   78[BANK0 ] int 
 Return value:  Size  Location     Type
                  4   16[BANK1 ] int 
 Registers used:
		wreg, fsr0l, fsr0h, status,2, status,0, btemp+1, pclath, cstack
 Tracked objects:
		On entry : 
		On exit  : 
		Unchanged: 
 Data sizes:     COMMON   BANK0   BANK1   BANK3   BANK2
      Params:         0       0       4       0       0
      Locals:         0       2       0       0       0
      Temps:          0       0       0       0       0
      Totals:         0       2       4       0       0
Total ram usage:        6 bytes
 Hardware stack levels used:    1
 Hardware stack levels required when called:    4
 This function calls:
		___fladd
		___fleq
		___flge
		___flmul
		___xxtofl
		_eval_poly
		_frexp
 This function is called by:
		_ADC_Read_NTC
 This function uses a non-reentrant model


 *************** function _frexp *****************
 Defined at:
		line 254 in file "C:\Program Files (x86)\Microchip\xc8\v2.10\pic\sources\c90\common\frexp.c"
 Parameters:    Size  Location     Type
  value           4   12[BANK0 ] int 
  eptr            1   16[BANK0 ] PTR int 
		 -> log@exponent(2), 
 Auto vars:     Size  Location     Type
		None
 Return value:  Size  Location     Type
                  4   12[BANK0 ] PTR int 
 Registers used:
		wreg, fsr0l, fsr0h, status,2, status,0, btemp+1, pclath, cstack
 Tracked objects:
		On entry : 
		On exit  : 
		Unchanged: 
 Data sizes:     COMMON   BANK0   BANK1   BANK3   BANK2
      Params:         0       5       0       0       0
      Locals:         0       0       0       0       0
      Temps:          0       2       0       0       0
      Totals:         0       7       0       0       0
Total ram usage:        7 bytes
 Hardware stack levels used:    1
 Hardware stack levels required when called:    2
 This function calls:
		___fleq
 This function is called by:
		_log
 This function uses a non-reentrant model


 *************** function ___fleq *****************
 Defined at:
		line 4 in file "C:\Program Files (x86)\Microchip\xc8\v2.10\pic\sources\c90\common\fleq.c"
 Parameters:    Size  Location     Type
  ff1             4    0[BANK0 ] PTR int 
  ff2             4    4[BANK0 ] PTR int 
 Auto vars:     Size  Location     Type
		None
 Return value:  Size  Location     Type
		None               void
 Registers used:
		wreg, status,2, status,0
 Tracked objects:
		On entry : 
		On exit  : 
		Unchanged: 
 Data sizes:     COMMON   BANK0   BANK1   BANK3   BANK2
      Params:         0       8       0       0       0
      Locals:         0       0       0       0       0
      Temps:          0       4       0       0       0
      Totals:         0      12       0       0       0
Total ram usage:       12 bytes
 Hardware stack levels used:    1
 Hardware stack levels required when called:    1
 This function calls:
		Nothing
 This function is called by:
		_log
		_frexp
 This function uses a non-reentrant model


 *************** function _eval_poly *****************
 Defined at:
		line 4 in file "C:\Program Files (x86)\Microchip\xc8\v2.10\pic\sources\c90\common\evalpoly.c"
 Parameters:    Size  Location     Type
  x               4    0[BANK1 ] PTR int 
  d               1    4[BANK1 ] PTR const 
		 -> log@coeff(36), 
  n               2    5[BANK1 ] int 
 Auto vars:     Size  Location     Type
  res             4   12[BANK1 ] int 
 Return value:  Size  Location     Type
                  4    0[BANK1 ] int 
 Registers used:
		wreg, fsr0l, fsr0h, status,2, status,0, btemp+1, pclath, cstack
 Tracked objects:
		On entry : 
		On exit  : 
		Unchanged: 
 Data sizes:     COMMON   BANK0   BANK1   BANK3   BANK2
      Params:         0       0       7       0       0
      Locals:         0       0       4       0       0
      Temps:          0       0       5       0       0
      Totals:         0       0      16       0       0
Total ram usage:       16 bytes
 Hardware stack levels used:    1
 Hardware stack levels required when called:    3
 This function calls:
		___fladd
		___flmul
 This function is called by:
		_log
 This function uses a non-reentrant model


 *************** function _captura *****************
 Defined at:
		line 123 in file "adc.c"
 Parameters:    Size  Location     Type
		None
 Auto vars:     Size  Location     Type
		None
 Return value:  Size  Location     Type
                  2    0[BANK0 ] unsigned int 
 Registers used:
		wreg
 Tracked objects:
		On entry : 
		On exit  : 
		Unchanged: 
 Data sizes:     COMMON   BANK0   BANK1   BANK3   BANK2
      Params:         0       2       0       0       0
      Locals:         0       0       0       0       0
      Temps:          0       0       0       0       0
      Totals:         0       2       0       0       0
Total ram usage:        2 bytes
 Hardware stack levels used:    1
 Hardware stack levels required when called:    1
 This function calls:
		Nothing
 This function is called by:
		_ADC_Read_NTC
 This function uses a non-reentrant model


 *************** function _USART_init *****************
 Defined at:
		line 18 in file "usart.c"
 Parameters:    Size  Location     Type
  baudrate        4    0[BANK0 ] unsigned long 
 Auto vars:     Size  Location     Type
  i               1    4[BANK0 ] unsigned char 
  erro            1    0        unsigned char 
 Return value:  Size  Location     Type
                  1    wreg      void 
 Registers used:
		wreg, status,2, status,0
 Tracked objects:
		On entry : 
		On exit  : 
		Unchanged: 
 Data sizes:     COMMON   BANK0   BANK1   BANK3   BANK2
      Params:         0       4       0       0       0
      Locals:         0       1       0       0       0
      Temps:          0       0       0       0       0
      Totals:         0       5       0       0       0
Total ram usage:        5 bytes
 Hardware stack levels used:    1
 Hardware stack levels required when called:    1
 This function calls:
		Nothing
 This function is called by:
		_main
 This function uses a non-reentrant model


 *************** function _I2C_Master_Init *****************
 Defined at:
		line 7 in file "I2C.c"
 Parameters:    Size  Location     Type
  c               4   13[BANK0 ] const unsigned long 
 Auto vars:     Size  Location     Type
		None
 Return value:  Size  Location     Type
                  1    wreg      void 
 Registers used:
		wreg, status,2, status,0, pclath, cstack
 Tracked objects:
		On entry : 
		On exit  : 
		Unchanged: 
 Data sizes:     COMMON   BANK0   BANK1   BANK3   BANK2
      Params:         0       4       0       0       0
      Locals:         0       0       0       0       0
      Temps:          0       4       0       0       0
      Totals:         0       8       0       0       0
Total ram usage:        8 bytes
 Hardware stack levels used:    1
 Hardware stack levels required when called:    2
 This function calls:
		___lldiv
 This function is called by:
		_main
 This function uses a non-reentrant model


 *************** function ___lldiv *****************
 Defined at:
		line 5 in file "C:\Program Files (x86)\Microchip\xc8\v2.10\pic\sources\c90\common\__lldiv.c"
 Parameters:    Size  Location     Type
  divisor         4    0[BANK0 ] unsigned long 
  dividend        4    4[BANK0 ] unsigned long 
 Auto vars:     Size  Location     Type
  quotient        4    8[BANK0 ] unsigned long 
  counter         1   12[BANK0 ] unsigned char 
 Return value:  Size  Location     Type
                  4    0[BANK0 ] unsigned long 
 Registers used:
		wreg, status,2, status,0
 Tracked objects:
		On entry : 
		On exit  : 
		Unchanged: 
 Data sizes:     COMMON   BANK0   BANK1   BANK3   BANK2
      Params:         0       8       0       0       0
      Locals:         0       5       0       0       0
      Temps:          0       0       0       0       0
      Totals:         0      13       0       0       0
Total ram usage:       13 bytes
 Hardware stack levels used:    1
 Hardware stack levels required when called:    1
 This function calls:
		Nothing
 This function is called by:
		_I2C_Master_Init
 This function uses a non-reentrant model


 *************** function _Decodify_Command *****************
 Defined at:
		line 305 in file "SlaveLiofilizadorVer1.c"
 Parameters:    Size  Location     Type
		None
 Auto vars:     Size  Location     Type
  ss             10   51[BANK1 ] unsigned char [10]
  mm             10   41[BANK1 ] unsigned char [10]
  hh             10   31[BANK1 ] unsigned char [10]
  sizedata        1   71[BANK1 ] unsigned char 
  add             1   63[BANK1 ] unsigned char 
  add_24LCxxxx    4   72[BANK1 ] unsigned long 
  OutPut          4   66[BANK1 ] float 
  tempint         2   64[BANK1 ] int 
  dados           2   61[BANK1 ] int 
  tempchar        1   70[BANK1 ] unsigned char 
 Return value:  Size  Location     Type
                  1    wreg      void 
 Registers used:
		wreg, fsr0l, fsr0h, status,2, status,0, btemp+1, pclath, cstack
 Tracked objects:
		On entry : 
		On exit  : 
		Unchanged: 
 Data sizes:     COMMON   BANK0   BANK1   BANK3   BANK2
      Params:         0       0       0       0       0
      Locals:         0       0      45       0       0
      Temps:          0       0       2       0       0
      Totals:         0       0      47       0       0
Total ram usage:       47 bytes
 Hardware stack levels used:    1
 Hardware stack levels required when called:    6
 This function calls:
		_EEPROM_24C1025_Fill_All
		_EEPROM_24C1025_Read_Buffer
		_EEPROM_24C1025_Read_Byte
		_EEPROM_24C1025_Read_Int
		_EEPROM_24C1025_Read_Str
		_EEPROM_24C1025_Write_Buffer
		_EEPROM_24C1025_Write_Byte
[...]
		On entry : 
		On exit  : 
		Unchanged: 
 Data sizes:     COMMON   BANK0   BANK1   BANK3   BANK2
      Params:         0       4       0       0       0
      Locals:         0       6       0       0       0
      Temps:          0       4       0       0       0
      Totals:         0      14       0       0       0
Total ram usage:       14 bytes
 Hardware stack levels used:    1
 Hardware stack levels required when called:    1
 This function calls:
		Nothing
 This function is called by:
		_mediatemperaturaNTC
		_Auto_Relay1
		_Load_Work
		_ADC_Read_NTC
		_log
 This function uses a non-reentrant model


 *************** function _Rele1Ligado *****************
 Defined at:
		line 958 in file "SlaveLiofilizadorVer1.c"
 Parameters:    Size  Location     Type
		None
 Auto vars:     Size  Location     Type
		None
 Return value:  Size  Location     Type
                  1    wreg      void 
 Registers used:
		wreg, status,2, status,0
 Tracked objects:
		On entry : 
		On exit  : 
		Unchanged: 
 Data sizes:     COMMON   BANK0   BANK1   BANK3   BANK2
      Params:         0       0       0       0       0
      Locals:         0       0       0       0       0
      Temps:          0       0       0       0       0
      Totals:         0       0       0       0       0
Total ram usage:        0 bytes
 Hardware stack levels used:    1
 Hardware stack levels required when called:    1
 This function calls:
		Nothing
 This function is called by:
		_mediatemperaturaNTC
		_Auto_Relay1
 This function uses a non-reentrant model


 *************** function _Rele1Desligado *****************
 Defined at:
		line 932 in file "SlaveLiofilizadorVer1.c"
 Parameters:    Size  Location     Type
		None
 Auto vars:     Size  Location     Type
		None
 Return value:  Size  Location     Type
                  1    wreg      void 
 Registers used:
		None
 Tracked objects:
		On entry : 
		On exit  : 
		Unchanged: 
 Data sizes:     COMMON   BANK0   BANK1   BANK3   BANK2
      Params:         0       0       0       0       0
      Locals:         0       0       0       0       0
      Temps:          0       0       0       0       0
      Totals:         0       0       0       0       0
Total ram usage:        0 bytes
 Hardware stack levels used:    1
 Hardware stack levels required when called:    1
 This function calls:
		Nothing
 This function is called by:
		_Auto_Relay1
 This function uses a non-reentrant model


 *************** function _Auto_Relay0 *****************
 Defined at:
		line 857 in file "SlaveLiofilizadorVer1.c"
 Parameters:    Size  Location     Type
		None
 Auto vars:     Size  Location     Type
		None
 Return value:  Size  Location     Type
                  1    wreg      void 
 Registers used:
		wreg, status,2, status,0, btemp+1, pclath, cstack
 Tracked objects:
		On entry : 
		On exit  : 
		Unchanged: 
 Data sizes:     COMMON   BANK0   BANK1   BANK3   BANK2
      Params:         0       0       0       0       0
      Locals:         0       0       0       0       0
      Temps:          0       0       0       0       0
      Totals:         0       0       0       0       0
Total ram usage:        0 bytes
 Hardware stack levels used:    1
 Hardware stack levels required when called:    3
 This function calls:
		_Rele0Desligado
		_Rele0Ligado
		___flge
		___flsub
 This function is called by:
		_main
 This function uses a non-reentrant model


 *************** function ___flsub *****************
 Defined at:
		line 242 in file "C:\Program Files (x86)\Microchip\xc8\v2.10\pic\sources\c90\common\sprcadd.c"
 Parameters:    Size  Location     Type
  a               4   45[BANK0 ] void 
  b               4   49[BANK0 ] void 
 Auto vars:     Size  Location     Type
		None
 Return value:  Size  Location     Type
                  4   45[BANK0 ] void 
 Registers used:
		wreg, status,2, status,0, btemp+1, pclath, cstack
 Tracked objects:
		On entry : 
		On exit  : 
		Unchanged: 
 Data sizes:     COMMON   BANK0   BANK1   BANK3   BANK2
      Params:         0       8       0       0       0
      Locals:         0       0       0       0       0
      Temps:          0       0       0       0       0
      Totals:         0       8       0       0       0
Total ram usage:        8 bytes
 Hardware stack levels used:    1
 Hardware stack levels required when called:    2
 This function calls:
		___fladd
 This function is called by:
		_Auto_Relay0
		_Auto_Relay1
		_ADC_Read_NTC
 This function uses a non-reentrant model


 *************** function ___fladd *****************
 Defined at:
		line 10 in file "C:\Program Files (x86)\Microchip\xc8\v2.10\pic\sources\c90\common\sprcadd.c"
 Parameters:    Size  Location     Type
  b               4   25[BANK0 ] void 
  a               4   29[BANK0 ] void 
 Auto vars:     Size  Location     Type
  grs             1   44[BANK0 ] unsigned char 
  bexp            1   43[BANK0 ] unsigned char 
  aexp            1   42[BANK0 ] unsigned char 
  signs           1   41[BANK0 ] unsigned char 
 Return value:  Size  Location     Type
                  4   25[BANK0 ] unsigned char 
 Registers used:
		wreg, status,2, status,0, btemp+1
 Tracked objects:
		On entry : 
		On exit  : 
		Unchanged: 
 Data sizes:     COMMON   BANK0   BANK1   BANK3   BANK2
      Params:         0       8       0       0       0
      Locals:         0       4       0       0       0
      Temps:          0       8       0       0       0
      Totals:         0      20       0       0       0
Total ram usage:       20 bytes
 Hardware stack levels used:    1
 Hardware stack levels required when called:    1
 This function calls:
		Nothing
 This function is called by:
		_mediatemperaturaNTC
		_ADC_Read_NTC
		___flsub
		_log
		_eval_poly
 This function uses a non-reentrant model


 *************** function ___flge *****************
 Defined at:
		line 4 in file "C:\Program Files (x86)\Microchip\xc8\v2.10\pic\sources\c90\common\flge.c"
 Parameters:    Size  Location     Type
  ff1             4   53[BANK0 ] unsigned char 
  ff2             4   57[BANK0 ] unsigned char 
 Auto vars:     Size  Location     Type
		None
 Return value:  Size  Location     Type
		None               void
 Registers used:
		wreg, status,2, status,0
 Tracked objects:
		On entry : 
		On exit  : 
		Unchanged: 
 Data sizes:     COMMON   BANK0   BANK1   BANK3   BANK2
      Params:         0       8       0       0       0
      Locals:         0       0       0       0       0
      Temps:          0       4       0       0       0
      Totals:         0      12       0       0       0
Total ram usage:       12 bytes
 Hardware stack levels used:    1
 Hardware stack levels required when called:    1
 This function calls:
		Nothing
 This function is called by:
		_Auto_Relay0
		_Auto_Relay1
		_log
 This function uses a non-reentrant model


 *************** function _Rele0Ligado *****************
 Defined at:
		line 937 in file "SlaveLiofilizadorVer1.c"
 Parameters:    Size  Location     Type
		None
 Auto vars:     Size  Location     Type
		None
 Return value:  Size  Location     Type
                  1    wreg      void 
 Registers used:
		wreg, status,2, status,0
 Tracked objects:
		On entry : 
		On exit  : 
		Unchanged: 
 Data sizes:     COMMON   BANK0   BANK1   BANK3   BANK2
      Params:         0       0       0       0       0
      Locals:         0       0       0       0       0
      Temps:          0       0       0       0       0
      Totals:         0       0       0       0       0
Total ram usage:        0 bytes
 Hardware stack levels used:    1
 Hardware stack levels required when called:    1
 This function calls:
		Nothing
 This function is called by:
		_mediatemperaturaNTC
		_Auto_Relay0
 This function uses a non-reentrant model


 *************** function _Rele0Desligado *****************
 Defined at:
		line 928 in file "SlaveLiofilizadorVer1.c"
 Parameters:    Size  Location     Type
		None
 Auto vars:     Size  Location     Type
		None
 Return value:  Size  Location     Type
                  1    wreg      void 
 Registers used:
		None
 Tracked objects:
		On entry : 
		On exit  : 
		Unchanged: 
 Data sizes:     COMMON   BANK0   BANK1   BANK3   BANK2
      Params:         0       0       0       0       0
      Locals:         0       0       0       0       0
      Temps:          0       0       0       0       0
      Totals:         0       0       0       0       0
Total ram usage:        0 bytes
 Hardware stack levels used:    1
 Hardware stack levels required when called:    1
 This function calls:
		Nothing
 This function is called by:
		_Auto_Relay0
 This function uses a non-reentrant model


 *************** function _ADC_init *****************
 Defined at:
		line 10 in file "adc.c"
 Parameters:    Size  Location     Type
		None
 Auto vars:     Size  Location     Type
		None
 Return value:  Size  Location     Type
                  1    wreg      void 
 Registers used:
		wreg, status,2, status,0
 Tracked objects:
		On entry : 
		On exit  : 
		Unchanged: 
 Data sizes:     COMMON   BANK0   BANK1   BANK3   BANK2
      Params:         0       0       0       0       0
      Locals:         0       0       0       0       0
      Temps:          0       0       0       0       0
      Totals:         0       0       0       0       0
Total ram usage:        0 bytes
 Hardware stack levels used:    1
 Hardware stack levels required when called:    1
 This function calls:
		Nothing
 This function is called by:
		_main
 This function uses a non-reentrant model


 *************** function _isr *****************
 Defined at:
		line 29 in file "isr.c"
 Parameters:    Size  Location     Type
		None
 Auto vars:     Size  Location     Type
  tempo           2    4[COMMON] unsigned int 
 Return value:  Size  Location     Type
                  1    wreg      void 
 Registers used:
		wreg, fsr0l, fsr0h, status,2, status,0, btemp+1
 Tracked objects:
		On entry : 
		On exit  : 
		Unchanged: 
 Data sizes:     COMMON   BANK0   BANK1   BANK3   BANK2
      Params:         0       0       0       0       0
      Locals:         2       0       0       0       0
      Temps:          4       0       0       0       0
      Totals:         6       0       0       0       0
Total ram usage:        6 bytes
 Hardware stack levels used:    1
 This function calls:
		Nothing
 This function is called by:
		Interrupt level 1
 This function uses a non-reentrant model



MODULE INFORMATION

Module		Function		Class		Link	Load	Size
C:\Program Files (x86)\Microchip\xc8\v2.10\pic\sources\c90\common\fleq.c
		___fleq        		CODE           	0775	0000	55

C:\Program Files (x86)\Microchip\xc8\v2.10\pic\sources\c90\common\fleq.c estimated size: 55

C:\Program Files (x86)\Microchip\xc8\v2.10\pic\sources\c90\common\log.c
		_log           		CODE           	168C	0000	212

C:\Program Files (x86)\Microchip\xc8\v2.10\pic\sources\c90\common\log.c estimated size: 212

protocolo.c
		_Package_Usart_is_for_me		CODE           	175F	0000	23

protocolo.c estimated size: 23

C:\Program Files (x86)\Microchip\xc8\v2.10\pic\sources\c90\common\lwdiv.c
		___lwdiv       		CODE           	1654	0000	43

C:\Program Files (x86)\Microchip\xc8\v2.10\pic\sources\c90\common\lwdiv.c estimated size: 43

C:\Program Files (x86)\Microchip\xc8\v2.10\pic\sources\c90\common\fltol.c
		___fltol       		CODE           	025A	0000	91

C:\Program Files (x86)\Microchip\xc8\v2.10\pic\sources\c90\common\fltol.c estimated size: 91

C:\Program Files (x86)\Microchip\xc8\v2.10\pic\sources\c90\common\evalpoly.c
		_eval_poly     		CODE           	111E	0000	171

C:\Program Files (x86)\Microchip\xc8\v2.10\pic\sources\c90\common\evalpoly.c estimated size: 171

my_delay.c
		_my_delay_ms_WDT		CODE           	1CB4	0000	46
		_my_delay_ms   		CODE           	17D4	0000	45

my_delay.c estimated size: 91

usart.c
		_USART_putc    		CODE           	0BDD	0000	18
		_USART_to_Protocol		CODE           	07B1	0000	76
		_USART_put_string		CODE           	1CE8	0000	46
		_USART_put_int 		CODE           	0F87	0000	15
		_USART_put_buffer		CODE           	1C98	0000	29
		_USART_init    		CODE           	1D15	0000	58

usart.c estimated size: 242

I2C.c
		_I2C_Master_Read		CODE           	0F3F	0000	35
		_I2C_Master_Wait		CODE           	0F61	0000	10
		_I2C_Master_Init		CODE           	1E33	0000	46
		_I2C_Master_Stop		CODE           	0F3C	0000	4
		_I2C_Master_RepeatedStart		CODE           	0F6A	0000	4
		_I2C_Master_Write		CODE           	0F2E	0000	7
		_I2C_Master_Start		CODE           	0F34	0000	9

I2C.c estimated size: 115

C:\Program Files (x86)\Microchip\xc8\v2.10\pic\sources\c90\common\itoa.c
		_itoa          		CODE           	0F6D	0000	27
		_utoa          		CODE           	1DC0	0000	80

C:\Program Files (x86)\Microchip\xc8\v2.10\pic\sources\c90\common\itoa.c estimated size: 107

C:\Program Files (x86)\Microchip\xc8\v2.10\pic\sources\c90\common\sprcmul.c
		___flmul       		CODE           	00EB	0000	341

C:\Program Files (x86)\Microchip\xc8\v2.10\pic\sources\c90\common\sprcmul.c estimated size: 341

proculus.c
		_PROCULUS_Control_Register_Write		CODE           	1D78	0000	47
		_PROCULUS_Show_Screen		CODE           	1D4E	0000	11
		_PROCULUS_VP_Write_String		CODE           	1C29	0000	20
		_PROCULUS_VP_Write		CODE           	080A	0000	54
		_PROCULUS_Delay		CODE           	1DA6	0000	27
		_PROCULUS_Buzzer		CODE           	1D58	0000	33

proculus.c estimated size: 192

C:\Program Files (x86)\Microchip\xc8\v2.10\pic\sources\c90\common\Umul8_16.c
		__Umul8_16     		CODE           	023F	0000	28

C:\Program Files (x86)\Microchip\xc8\v2.10\pic\sources\c90\common\Umul8_16.c estimated size: 28

C:\Program Files (x86)\Microchip\xc8\v2.10\pic\sources\c90\common\__lldiv.c
		___lldiv       		CODE           	1E60	0000	73

C:\Program Files (x86)\Microchip\xc8\v2.10\pic\sources\c90\common\__lldiv.c estimated size: 73

eeprom.c
		_EEPROM_Write_String		CODE           	1ECB	0000	25
		_EEPROM_Read_Byte		CODE           	05E1	0000	34
		_EEPROM_Write_Byte		CODE           	1EE3	0000	60
		_EEPROM_Read_Integer		CODE           	0602	0000	28
		_EEPROM_Read_String		CODE           	04F5	0000	21
		_EEPROM_Write_Integer		CODE           	1EA8	0000	36

eeprom.c estimated size: 204

C:\Program Files (x86)\Microchip\xc8\v2.10\pic\sources\c90\common\sprcdiv.c
		___fldiv       		CODE           	1517	0000	290

C:\Program Files (x86)\Microchip\xc8\v2.10\pic\sources\c90\common\sprcdiv.c estimated size: 290

adc.c
		_captura       		CODE           	167E	0000	15
		_ADC_init      		CODE           	1005	0000	12
		_ADC_Read_NTC  		CODE           	1337	0000	371

adc.c estimated size: 398

SlaveLiofilizadorVer1.c
		_Rele1Desligado		CODE           	0490	0000	5
		_Send_To_MB    		CODE           	0BA1	0000	29
		_Rele0Ligado   		CODE           	10EF	0000	24
		_Rele1Ligado   		CODE           	1106	0000	25
		_main          		CODE           	0636	0000	249
		_Decodify_Command		CODE           	083F	0000	867
		_mediatemperaturaNTC		CODE           	1010	0000	224
		_Send_Reply_OK 		CODE           	1CE1	0000	8
		_Save_Log      		CODE           	0068	0000	101
		_Load_Work     		CODE           	0509	0000	217
		_Rele0Desligado		CODE           	048C	0000	5
		_Auto_Relay0   		CODE           	0351	0000	91
		_Auto_Relay1   		CODE           	03AB	0000	116

SlaveLiofilizadorVer1.c estimated size: 1961

C:\Program Files (x86)\Microchip\xc8\v2.10\pic\sources\c90\common\strcat.c
		_strcat        		CODE           	0BBD	0000	33

C:\Program Files (x86)\Microchip\xc8\v2.10\pic\sources\c90\common\strcat.c estimated size: 33

C:\Program Files (x86)\Microchip\xc8\v2.10\pic\sources\c90\common\flge.c
		___flge        		CODE           	041E	0000	111

C:\Program Files (x86)\Microchip\xc8\v2.10\pic\sources\c90\common\flge.c estimated size: 111

isr.c
		_isr           		CODE           	1F24	0000	221

isr.c estimated size: 221

C:\Program Files (x86)\Microchip\xc8\v2.10\pic\sources\c90\common\xxtofl.c
		___xxtofl      		CODE           	14A9	0000	111

C:\Program Files (x86)\Microchip\xc8\v2.10\pic\sources\c90\common\xxtofl.c estimated size: 111

shared
		PL12           		CODE           	02D7	0000	34
		PL50           		CODE           	17B3	0000	10
		PL8            		CODE           	02CE	0000	10
		PL22           		CODE           	0319	0000	16
		PL60           		CODE           	034A	0000	8
		PL32           		CODE           	1798	0000	10
		PL70           		CODE           	1F1E	0000	7
		PL42           		CODE           	0FB1	0000	11
		PL80           		CODE           	0FF4	0000	7
		PL14           		CODE           	02F8	0000	18
		PL52           		CODE           	0FCE	0000	7
		PL24           		CODE           	1785	0000	11
		PL62           		CODE           	17C3	0000	7
		__stringtab    		STRING         	1800	0000	17
		PL34           		CODE           	17A1	0000	10
		PL72           		CODE           	04EF	0000	7
		PL44           		CODE           	0FBB	0000	11
		PL82           		CODE           	0FFA	0000	7
		PL16           		CODE           	061D	0000	26
		PL54           		CODE           	17BC	0000	8
		PL26           		CODE           	0328	0000	15
		PL64           		CODE           	0FE3	0000	7
		PL36           		CODE           	04E7	0000	9
		PL74           		CODE           	07AB	0000	7
		PL46           		CODE           	0FC5	0000	10
		PL18           		CODE           	1775	0000	17
		PL56           		CODE           	0FD4	0000	9
		PL28           		CODE           	178F	0000	10
		PL66           		CODE           	17C9	0000	7
		PL38           		CODE           	0336	0000	11
		PL76           		CODE           	0FE9	0000	6
		PL48           		CODE           	17AA	0000	10
		PL58           		CODE           	0FDC	0000	8
		PL68           		CODE           	17CF	0000	6
		PL78           		CODE           	0FEE	0000	7
		_BETA          		STRING         	0000	0000	0
		__initialization		CODE           	0015	0000	31
		log@coeff      		STRING         	1810	0000	37
		_BALANCE_RESISTOR		STRING         	0000	0000	0
		PL2            		CODE           	0494	0000	50
		PL10           		CODE           	04DF	0000	9
		PL4            		CODE           	02B4	0000	27
		PL20           		CODE           	0309	0000	17
		PL30           		CODE           	0FA8	0000	10
		PL6            		CODE           	04C5	0000	27
		PL40           		CODE           	0340	0000	11

shared estimated size: 600

C:\Program Files (x86)\Microchip\xc8\v2.10\pic\sources\c90\common\strlen.c
		_strlen        		CODE           	0F95	0000	20

C:\Program Files (x86)\Microchip\xc8\v2.10\pic\sources\c90\common\strlen.c estimated size: 20

C:\Program Files (x86)\Microchip\xc8\v2.10\pic\sources\c90\common\strcpy.c
		_strcpy        		CODE           	1C50	0000	22

C:\Program Files (x86)\Microchip\xc8\v2.10\pic\sources\c90\common\strcpy.c estimated size: 22

C:\Program Files (x86)\Microchip\xc8\v2.10\pic\sources\c90\common\lwmod.c
		___lwmod       		CODE           	1E0F	0000	37

C:\Program Files (x86)\Microchip\xc8\v2.10\pic\sources\c90\common\lwmod.c estimated size: 37

EEPROM_24C1025.c
		_EEPROM_24C1025_Read_Str		CODE           	0C8B	0000	230
		_EEPROM_24C1025_Write_Int		CODE           	00CC	0000	32
		_EEPROM_24C1025_Read_Byte		CODE           	1C65	0000	25
		_EEPROM_24C1025_Read_Buffer		CODE           	0D70	0000	228
		_EEPROM_24C1025_Write_Byte		CODE           	1C3C	0000	21
		_EEPROM_24C1025_Write_Buffer		CODE           	0E53	0000	220
		_EEPROM_24C1025_Fill_All		CODE           	0037	0000	50
		_EEPROM_24C1025_Read_Int		CODE           	1C7D	0000	28
		_EEPROM_24C1025_Write_Str		CODE           	0BEE	0000	158

EEPROM_24C1025.c estimated size: 992

C:\Program Files (x86)\Microchip\xc8\v2.10\pic\sources\c90\common\sprcadd.c
		___flsub       		CODE           	1638	0000	29
		___fladd       		CODE           	11C8	0000	368

C:\Program Files (x86)\Microchip\xc8\v2.10\pic\sources\c90\common\sprcadd.c estimated size: 397

C:\Program Files (x86)\Microchip\xc8\v2.10\pic\sources\c90\common\frexp.c
		_frexp         		CODE           	072E	0000	72

C:\Program Files (x86)\Microchip\xc8\v2.10\pic\sources\c90\common\frexp.c estimated size: 72

