Microchip MPLAB XC8 Compiler V2.32

Linker command line:

-W-3 --edf=C:\Program Files\Microchip\xc8\v2.32\pic\dat\en_msgs.txt -cn \
  -h+dist/default/production\Liofilizador_-_Placa_Filha.X.production.sym \
  --cmf=dist/default/production\Liofilizador_-_Placa_Filha.X.production.cmf \
  -z -Q16F886 -oC:\Users\Nera\AppData\Local\Temp\xcAs2sg.4 \
  --defsym=__MPLAB_BUILD=1 \
  -Mdist/default/production/Liofilizador_-_Placa_Filha.X.production.map -E1 \
  -ver=XC8 Compiler --acfsm=1493 -ASTACK=0165h-016Fh -pstack=STACK \
  -ACODE=00h-07FFhx4 -ASTRCODE=00h-01FFFh -ASTRING=00h-0FFhx32 \
  -ACONST=00h-0FFhx32 -AENTRY=00h-0FFhx32 -ACOMMON=070h-07Fh \
  -ABANK0=020h-06Fh -ABANK1=0A0h-0EFh -ABANK2=0110h-016Fh \
  -ABANK3=0190h-01EFh -ARAM=020h-06Fh,0A0h-0EFh,0110h-016Fh,0190h-01EFh \
  -AABS1=020h-07Fh,0A0h-0EFh,0110h-016Fh,0190h-01EFh -ASFR0=00h-01Fh \
  -ASFR1=080h-09Fh -ASFR2=0100h-010Fh -ASFR3=0180h-018Fh \
  -ACONFIG=02007h-02008h -DCONFIG=2 -AIDLOC=02000h-02003h -DIDLOC=2 \
  -AEEDATA=00h-0FFh/02100h -peeprom_data=EEDATA -DEEDATA=2 -DCODE=2 \
  -DSTRCODE=2 -DSTRING=2 -DCONST=2 -DENTRY=2 \
  -preset_vec=00h,intentry=04h,init,end_init -ppowerup=CODE -pcinit=CODE \
  -pfunctab=ENTRY -k C:\Users\Nera\AppData\Local\Temp\xcAs2sg.o \
  dist/default/production\Liofilizador_-_Placa_Filha.X.production.o 

Object code version is 3.11

Machine type is 16F886



                Name                               Link     Load   Length Selector   Space Scale
C:\Users\Nera\AppData\Local\Temp\xcAs2sg.o
                end_init                             12       12        3        8       0
                reset_vec                             0        0        3        0       0
                config                             2007     2007        2        0       4
dist/default/production\Liofilizador_-_Placa_Filha.X.production.o
                cinit                                15       15       26        8       0
                intentry                              4        4        E        8       0
                config                             2007     2007        2        0       4
                text69                             10C8     10C8       DE     2190       0
                text68                              7EF      7EF        B        8       0
                text58                             1D0C     1D0C      2F4     3A18       0
                text40                             12C2     12C2      53E     2584       0
                text32                             11A6     11A6      11C     234C       0
                text25                               3B       3B      6F4        8       0
                text19                             1C38     1C38       D4     3870       0
                text15                              7A4      7A4       4B        8       0
                text14                              808      808       15     1010       0
                text11                              72F      72F       75        8       0
                text10                             1089     1089       3F     2112       0
                text2                              105D     105D       2C     20BA       0
                text1                               91B      91B      6E5     1236       0
                maintext                            81D      81D       FE     103A       0
                cstackBANK0                          20       20       50       20       1
                cstackCOMMON                         76       76        6       70       1
                cstackBANK1                          A0       A0       3D       A0       1
                clrtext                             800      800        8     1000       0
                bssBANK2                            110      110       55      110       1
                bssBANK3                            190      190       5A      190       1
                dataBANK1                            ED       ED        1       A0       1
                bssBANK1                             DD       DD       10       A0       1
                dataCOMMON                           7C       7C        1       70       1
                bssCOMMON                            70       70        6       70       1
                strings                            1000     1000       47     2000       0

TOTAL           Name                               Link     Load   Length     Space
        CLASS   STACK          

        CLASS   CODE           
                end_init                             12       12        3         0
                cinit                                15       15       26         0
                intentry                              4        4        E         0
                reset_vec                             0        0        3         0
                text69                             10C8     10C8       DE         0
                text68                              7EF      7EF        B         0
                text58                             1D0C     1D0C      2F4         0
                text40                             12C2     12C2      53E         0
                text32                             11A6     11A6      11C         0
                text25                               3B       3B      6F4         0
                text19                             1C38     1C38       D4         0
                text15                              7A4      7A4       4B         0
                text14                              808      808       15         0
                text11                              72F      72F       75         0
                text10                             1089     1089       3F         0
                text2                              105D     105D       2C         0
                text1                               91B      91B      6E5         0
                maintext                            81D      81D       FE         0
                clrtext                             800      800        8         0

        CLASS   STRCODE        

        CLASS   STRING         
                strings                            1000     1000       47         0

        CLASS   CONST          

        CLASS   ENTRY          

        CLASS   COMMON         
                cstackCOMMON                         76       76        6         1
                dataCOMMON                           7C       7C        1         1
                bssCOMMON                            70       70        6         1

        CLASS   BANK0          
                cstackBANK0                          20       20       50         1

        CLASS   BANK1          
                cstackBANK1                          A0       A0       3D         1
                dataBANK1                            ED       ED        1         1
                bssBANK1                             DD       DD       10         1

        CLASS   BANK2          
                bssBANK2                            110      110       55         1

        CLASS   BANK3          
                bssBANK3                            190      190       5A         1

        CLASS   RAM            

        CLASS   ABS1           
                abs_s1                               7E       7E        2         1

        CLASS   SFR0           

        CLASS   SFR1           

        CLASS   SFR2           

        CLASS   SFR3           

        CLASS   CONFIG         
                config                             2007     2007        2         4

        CLASS   IDLOC          

        CLASS   EEDATA         



SEGMENTS        Name                           Load    Length   Top    Selector   Space  Class     Delta

                reset_vec                      000000  000003  000003         0       0  CODE        2
                intentry                       000004  0007F6  0007FA         8       0  CODE        2
                cstackBANK0                    000020  000050  000070        20       1  BANK0       1
                bssCOMMON                      000070  00000D  00007D        70       1  COMMON      1
                cstackBANK1                    0000A0  00004E  0000EE        A0       1  BANK1       1
                bssBANK2                       000110  000055  000165       110       1  BANK2       1
                bssBANK3                       000190  00005A  0001EA       190       1  BANK3       1
                clrtext                        000800  000008  000808      1000       0  CODE        2
                text14                         000808  000015  00081D      1010       0  CODE        2
                maintext                       00081D  0000FE  00091B      103A       0  CODE        2
                text1                          00091B  0006E5  001000      1236       0  CODE        2
                strings                        001000  000047  001047      2000       0  STRING      2
                text2                          00105D  00002C  001089      20BA       0  CODE        2
                text10                         001089  00003F  0010C8      2112       0  CODE        2
                text69                         0010C8  0000DE  0011A6      2190       0  CODE        2
                text32                         0011A6  00011C  0012C2      234C       0  CODE        2
                text40                         0012C2  00053E  001800      2584       0  CODE        2
                text19                         001C38  0000D4  001D0C      3870       0  CODE        2
                text58                         001D0C  0002F4  002000      3A18       0  CODE        2


UNUSED ADDRESS RANGES

        Name                Unused          Largest block    Delta
        BANK1            00EE-00EF              2           1
        BANK2            0165-016F              B           1
        BANK3            01EA-01EF              6           1
        CODE             0003-0003              1           2
                         07FA-07FF              6
                         1047-105C             16
                         1800-1C37            438
        COMMON           007D-007D              1           1
        CONST            0003-0003              1           2
                         07FA-07FF              6
                         1047-105C             16
                         1800-1C37            100
        EEDATA           2100-21FF            100           2
        ENTRY            0003-0003              1           2
                         07FA-07FF              6
                         1047-105C             16
                         1800-1C37            100
        IDLOC            2000-2003              4           2
        RAM              00EE-00EF              2           1
                         0165-016F              B
                         01EA-01EF              6
        SFR0             0000-001F             20           1
        SFR1             0080-009F             20           1
        SFR2             0100-010F             10           1
        SFR3             0180-018F             10           1
        STACK            0165-016F              B           1
        STRCODE          0003-0003              1           2
                         07FA-07FF              6
                         1047-105C             16
                         1800-1C37            438
        STRING           0003-0003              1           2
                         07FA-07FF              6
                         1047-105C             16
                         1800-1C37            100

                                  Symbol Table

?_ADC_Read_NTC                             cstackBANK1  00B9
?_EEPROM_24C1025_Read_Int                  cstackBANK0  0035
?_EEPROM_Read_Integer                      cstackBANK0  0023
?_I2C_Master_Read                          cstackBANK0  0023
?__Umul8_16                                cstackBANK0  0020
?___fladd                                  cstackBANK0  0038
?___fldiv                                  cstackBANK1  00A0
?___flmul                                  cstackBANK0  0054
?___flsub                                  cstackBANK0  004C
?___fltol                                  cstackBANK1  00A0
?___lldiv                                  cstackBANK0  0020
?___lwdiv                                  cstackBANK0  0020
?___xxtofl                                 cstackBANK0  002A
?_captura                                  cstackBANK0  0020
?_eval_poly                                cstackBANK1  00A0
?_frexp                                    cstackBANK0  002C
?_log                                      cstackBANK1  00B0
?_strlen                                   cstackBANK0  0020
ADC_Read_NTC@B                             cstackBANK1  00C1
ADC_Read_NTC@calc                          cstackBANK1  00BD
ADC_Read_NTC@i                             cstackBANK1  00C7
ADC_Read_NTC@resistencia                   cstackBANK1  00C3
ADC_Read_NTC@temperatura                   cstackBANK1  00CA
ADC_Read_NTC@value                         cstackBANK1  00C8
Decodify_Command@OutPut                    cstackBANK1  00C5
Decodify_Command@add                       cstackBANK1  00C1
Decodify_Command@add_24LCxxxx              cstackBANK1  00CA
Decodify_Command@dados                     cstackBANK1  00BF
Decodify_Command@sizedata                  cstackBANK1  00C2
Decodify_Command@tempchar                  cstackBANK1  00C9
Decodify_Command@tempint                   cstackBANK1  00C3
EEPROM_24C1025_Fill_All@chip_add           cstackBANK1  00B3
EEPROM_24C1025_Fill_All@mem_add            cstackBANK1  00B4
EEPROM_24C1025_Fill_All@value              cstackBANK1  00B1
EEPROM_24C1025_Read_Buffer@chip_add        cstackBANK0  0032
EEPROM_24C1025_Read_Buffer@cnt_108         cstackBANK0  0031
EEPROM_24C1025_Read_Buffer@ctrl            cstackBANK0  0034
EEPROM_24C1025_Read_Buffer@data            cstackBANK0  002F
EEPROM_24C1025_Read_Buffer@mem_add         cstackBANK0  002A
EEPROM_24C1025_Read_Buffer@range           cstackBANK0  0033
EEPROM_24C1025_Read_Buffer@sizedata        cstackBANK0  002E
EEPROM_24C1025_Read_Buffer_USART@chip_add  cstackBANK0  002F
EEPROM_24C1025_Read_Buffer_USART@cnt_117   cstackBANK0  002E
EEPROM_24C1025_Read_Buffer_USART@ctrl      cstackBANK0  0031
EEPROM_24C1025_Read_Buffer_USART@data      cstackBANK0  002C
EEPROM_24C1025_Read_Buffer_USART@mem_add   cstackBANK0  0027
EEPROM_24C1025_Read_Buffer_USART@range     cstackBANK0  0030
EEPROM_24C1025_Read_Buffer_USART@sizedata  cstackBANK0  002B
EEPROM_24C1025_Read_Byte@chip_add          cstackBANK0  0039
EEPROM_24C1025_Read_Byte@data              cstackBANK0  003A
EEPROM_24C1025_Read_Byte@mem_add           cstackBANK0  0035
EEPROM_24C1025_Read_Int@chip_add           cstackBANK0  0039
EEPROM_24C1025_Read_Int@data               cstackBANK0  003A
EEPROM_24C1025_Read_Int@mem_add            cstackBANK0  0035
EEPROM_24C1025_Read_Str@buffer             cstackBANK0  002B
EEPROM_24C1025_Read_Str@chip_add           cstackBANK0  002F
EEPROM_24C1025_Read_Str@cnt                cstackBANK0  002E
EEPROM_24C1025_Read_Str@ctrl               cstackBANK0  0031
EEPROM_24C1025_Read_Str@mem_add            cstackBANK0  0027
EEPROM_24C1025_Read_Str@range              cstackBANK0  0030
EEPROM_24C1025_Write_Buffer@chip_add       cstackBANK0  0034
EEPROM_24C1025_Write_Buffer@count          cstackBANK0  0033
EEPROM_24C1025_Write_Buffer@ctrl           cstackBANK0  0036
EEPROM_24C1025_Write_Buffer@data           cstackBANK0  002F
EEPROM_24C1025_Write_Buffer@mem_add        cstackBANK0  002A
EEPROM_24C1025_Write_Buffer@range          cstackBANK0  0035
EEPROM_24C1025_Write_Buffer@sizedata       cstackBANK0  002E
EEPROM_24C1025_Write_Byte@chip_add         cstackBANK0  003C
EEPROM_24C1025_Write_Byte@data             cstackBANK0  003B
EEPROM_24C1025_Write_Byte@mem_add          cstackBANK0  0037
EEPROM_24C1025_Write_Int@chip_add          cstackBANK1  00AE
EEPROM_24C1025_Write_Int@data              cstackBANK1  00AC
EEPROM_24C1025_Write_Int@local             cstackBANK1  00AF
EEPROM_24C1025_Write_Int@mem_add           cstackBANK1  00A8
EEPROM_24C1025_Write_Str@chip_add          cstackBANK0  002F
EEPROM_24C1025_Write_Str@ctrl              cstackBANK0  0031
EEPROM_24C1025_Write_Str@data              cstackBANK0  002E
EEPROM_24C1025_Write_Str@mem_add           cstackBANK0  002A
EEPROM_24C1025_Write_Str@range             cstackBANK0  0030
EEPROM_Read_Byte@addr                      cstackBANK0  0022
EEPROM_Read_Integer@addr                   cstackBANK0  0025
EEPROM_Read_Integer@i                      cstackBANK0  0029
EEPROM_Read_Integer@ptr                    cstackBANK0  0026
EEPROM_Read_Integer@result                 cstackBANK0  0027
EEPROM_Read_String@addr                    cstackBANK0  0024
EEPROM_Read_String@c                       cstackBANK0  0025
EEPROM_Read_String@dado                    cstackBANK0  0023
EEPROM_Write_Byte@addr                     cstackBANK0  0023
EEPROM_Write_Byte@dado                     cstackBANK0  0020
EEPROM_Write_Byte@last_GIE                 cstackBANK0  0024
EEPROM_Write_Integer@addr                  cstackBANK0  0029
EEPROM_Write_Integer@dado                  cstackBANK0  0025
EEPROM_Write_Integer@i                     cstackBANK0  002B
EEPROM_Write_Integer@ptr                   cstackBANK0  002A
EEPROM_Write_String@addr                   cstackBANK0  0026
EEPROM_Write_String@dado                   cstackBANK0  0025
I2C_Master_Init@c                          cstackBANK0  002D
I2C_Master_Read@a                          cstackBANK0  0023
I2C_Master_Read@temp                       cstackBANK0  0025
I2C_Master_Wait@tempo                      cstackBANK0  0022
I2C_Master_Write@d                         cstackBANK0  0023
PL10                                       text58       1FBD
PL12                                       text58       1FCD
PL14                                       text25       0673
PL16                                       text32       12A2
PL18                                       text25       0684
PL2                                        text58       1F89
PL20                                       text1        0F98
PL22                                       text19       1CE8
PL24                                       text1        0FA8
PL26                                       text25       0693
PL28                                       text25       06A1
PL30                                       text40       17A8
PL32                                       text1        0FB2
PL34                                       text1        0FBB
PL36                                       text58       1FDD
PL38                                       text40       17B1
PL4                                        text25       0650
PL40                                       text58       1FE6
PL42                                       text40       17B8
PL44                                       text19       1CF8
PL46                                       text19       1D02
PL48                                       text40       17C0
PL50                                       text40       17CA
PL52                                       text40       17D4
PL54                                       text40       17DE
PL56                                       text1        0FC4
PL58                                       text1        0FCD
PL6                                        text58       1FA3
PL60                                       text1        0FD6
PL62                                       text40       17E7
PL64                                       text32       12BB
PL66                                       text25       06AE
PL68                                       text58       1FEE
PL70                                       text58       1FF4
PL72                                       text40       17EE
PL74                                       text40       17F4
PL76                                       text40       17FA
PL78                                       text1        0FDD
PL8                                        text25       066A
PL80                                       text1        0FE3
PL82                                       text25       06CD
PL84                                       text58       1FFA
PROCULUS_Buzzer@time_ms_x_10               cstackBANK1  00AE
PROCULUS_Buzzer@vetor                      cstackBANK1  00B0
PROCULUS_Control_Register_Write@i          cstackBANK1  00AD
PROCULUS_Control_Register_Write@size       cstackBANK1  00AA
PROCULUS_Control_Register_Write@vetor      cstackBANK1  00AC
PROCULUS_Delay@i                           cstackBANK0  0024
PROCULUS_Delay@tempo_ms                    cstackBANK0  0020
PROCULUS_Show_Screen@screen                cstackBANK1  00AE
PROCULUS_Show_Screen@vetor                 cstackBANK1  00B0
PROCULUS_VP_Write@i                        cstackBANK1  00B1
PROCULUS_VP_Write@size                     cstackBANK1  00AE
PROCULUS_VP_Write@vetor                    cstackBANK1  00AC
PROCULUS_VP_Write@vp                       cstackBANK1  00AA
PROCULUS_VP_Write_String@text              cstackBANK1  00B4
PROCULUS_VP_Write_String@vp                cstackBANK1  00B2
Package_Usart_is_for_me@retorno            cstackBANK0  0020
Save_Log@add_datalog                       cstackBANK1  00B1
Send_To_MB@size                            cstackBANK0  0021
USART_init@baudrate                        cstackBANK0  0020
USART_init@i                               cstackBANK0  0024
USART_put_int@dado                         cstackBANK0  006F
USART_put_int@value                        cstackBANK1  00A8
USART_put_string@ptr                       cstackBANK0  0023
USART_put_string@vetor                     cstackBANK0  0021
USART_putc@value                           cstackBANK0  0020
USART_to_Protocol@i                        cstackBANK0  0022
USART_to_Protocol@usart_protocol           cstackBANK0  0024
_ADCON0bits                                (abs)        001F
_ADCON1                                    (abs)        009F
_ADCON1bits                                (abs)        009F
_ADC_Read_NTC                              text1        0C43
_ADC_init                                  text68       07EF
_ADRESH                                    (abs)        001E
_ADRESL                                    (abs)        009E
_ANSEL                                     (abs)        0188
_ANSELH                                    (abs)        0189
_Auto_Relay0                               text58       1D64
_Auto_Relay1                               text58       1D0C
_BAUDCTLbits                               (abs)        0187
_Board_Number                              bssBANK1     00E5
_CREN                                      (abs)        00C4
_Decodify_Command                          text25       00AE
_Delay_Led_Memory                          bssBANK3     01AC
_Delay_Led_Tmr0                            bssBANK3     01AA
_Delay_Led_Usart                           bssBANK3     01A8
_EEADR                                     (abs)        010D
_EECON1bits                                (abs)        018C
_EECON2                                    (abs)        018D
_EEDATA                                    (abs)        010C
_EEPROM_24C1025_Fill_All                   text25       0551
_EEPROM_24C1025_Read_Buffer                text40       14A9
_EEPROM_24C1025_Read_Buffer_USART          text40       1593
_EEPROM_24C1025_Read_Byte                  text25       0584
_EEPROM_24C1025_Read_Int                   text25       059B
_EEPROM_24C1025_Read_Str                   text40       135D
_EEPROM_24C1025_Write_Buffer               text40       1687
_EEPROM_24C1025_Write_Byte                 text25       05B5
_EEPROM_24C1025_Write_Int                  text25       0532
_EEPROM_24C1025_Write_Str                  text40       12C2
_EEPROM_Read_Byte                          text32       1266
_EEPROM_Read_Integer                       text32       1287
_EEPROM_Read_String                        text25       05C9
_EEPROM_Write_Byte                         text25       05DF
_EEPROM_Write_Integer                      text25       061A
_EEPROM_Write_String                       text25       06B5
_Histerese0                                bssBANK3     0198
_Histerese1                                bssCOMMON    0073
_I2C_Master_Init                           text11       072F
_I2C_Master_Read                           text40       1450
_I2C_Master_RepeatedStart                  text40       1772
_I2C_Master_Start                          text40       149A
_I2C_Master_Stop                           text40       176B
_I2C_Master_Wait                           text40       147B
_I2C_Master_Write                          text40       1762
_INTCONbits                                (abs)        000B
_Load_Work                                 text32       11A6
_OPTION_REGbits                            (abs)        0081
_OSCCONbits                                (abs)        008F
_PIE1bits                                  (abs)        008C
_PIR1bits                                  (abs)        000C
_PORTA                                     (abs)        0005
_PORTAbits                                 (abs)        0005
_PORTB                                     (abs)        0006
_PORTBbits                                 (abs)        0006
_PORTC                                     (abs)        0007
_PORTCbits                                 (abs)        0007
_PORTE                                     (abs)        0009
_PROCULUS_Buzzer                           text25       06D3
_PROCULUS_Control_Register_Write           text25       0088
_PROCULUS_Delay                            text25       006E
_PROCULUS_Show_Screen                      text25       03B9
_PROCULUS_VP_Write                         text25       003B
_PROCULUS_VP_Write_String                  text25       06F3
_Package_Usart_is_for_me                   text1        0FE8
_RCREG                                     (abs)        001A
_RCSTAbits                                 (abs)        0018
_RL0Status                                 dataBANK1    00ED
_RL1Status                                 dataCOMMON   007C
_Rele0Desligado                            text58       1F81
_Rele0Ligado                               text1        09F9
_Rele1Desligado                            text58       1F85
_Rele1Ligado                               text1        0A10
_SPBRG                                     (abs)        0099
_SSPADD                                    (abs)        0093
_SSPBUF                                    (abs)        0013
_SSPCON                                    (abs)        0014
_SSPCON2                                   (abs)        0091
_SSPCON2bits                               (abs)        0091
_SSPSTAT                                   (abs)        0094
_Save_Log                                  text19       1C38
_Send_Reply_OK                             text25       03B2
_Send_To_MB                                text25       0376
_SetPoint0                                 bssBANK1     00E1
_SetPoint1                                 bssBANK1     00DD
_Status0                                   bssBANK3     01A4
_Status1                                   bssBANK3     01A2
_T1CKPS0                                   (abs)        0084
_T1CKPS1                                   (abs)        0085
_T1CON                                     (abs)        0010
_TMR1CS                                    (abs)        0081
_TMR1H                                     (abs)        000F
_TMR1IE                                    (abs)        0460
_TMR1L                                     (abs)        000E
_TRISA                                     (abs)        0085
_TRISB                                     (abs)        0086
_TRISC                                     (abs)        0087
_TRISC3                                    (abs)        043B
_TRISC4                                    (abs)        043C
_TRISC6                                    (abs)        043E
_TRISC7                                    (abs)        043F
_TRISE                                     (abs)        0089
_TXREG                                     (abs)        0019
_TXSTAbits                                 (abs)        0098
_Temperatura0                              bssBANK3     0194
_Temperatura1                              bssBANK3     0190
_TempoCNT_0                                bssBANK1     00E9
_TempoCNT_1                                bssBANK1     00E6
_TempoOFF_0                                bssBANK1     00EA
_TempoOFF_1                                bssBANK1     00E7
_TempoON_0                                 bssBANK1     00EB
_TempoON_1                                 bssBANK1     00E8
_USART_init                                text10       1089
_USART_put_int                             text25       03A2
_USART_put_string                          text25       0704
_USART_putc                                text25       0391
_USART_to_Protocol                         text15       07A4
_WPUB                                      (abs)        0095
__Habs1                                    abs1         0000
__Hbank0                                   bank0        0000
__Hbank1                                   bank1        0000
__Hbank2                                   bank2        0000
__Hbank3                                   bank3        0000
__HbssBANK1                                bssBANK1     0000
__HbssBANK2                                bssBANK2     0000
__HbssBANK3                                bssBANK3     0000
__HbssCOMMON                               bssCOMMON    0000
__Hcinit                                   cinit        003B
__Hclrtext                                 clrtext      0000
__Hcode                                    code         0000
__Hcommon                                  common       0000
__Hconfig                                  config       2009
__HcstackBANK0                             cstackBANK0  0000
__HcstackBANK1                             cstackBANK1  0000
__HcstackCOMMON                            cstackCOMMON 0000
__HdataBANK1                               dataBANK1    0000
__HdataCOMMON                              dataCOMMON   0000
__Heeprom_data                             eeprom_data  0000
__Hend_init                                end_init     0015
__Hfunctab                                 functab      0000
__HidataBANK1                              idataBANK1   0000
__HidataCOMMON                             idataCOMMON  0000
__Hinit                                    init         0012
__Hintentry                                intentry     0012
__Hmaintext                                maintext     0000
__Hpa_nodes0                               pa_nodes0    0000
__Hpowerup                                 powerup      0000
__Hram                                     ram          0000
__Hreset_vec                               reset_vec    0003
__Hsfr0                                    sfr0         0000
__Hsfr1                                    sfr1         0000
__Hsfr2                                    sfr2         0000
__Hsfr3                                    sfr3         0000
__Hspace_0                                 (abs)        2000
__Hspace_1                                 (abs)        01EA
__Hspace_2                                 (abs)        0000
__Hspace_3                                 (abs)        0000
__Hspace_4                                 (abs)        4010
__Hstack                                   stack        0000
__Hstrings                                 strings      0000
__Htext                                    text         0000
__Labs1                                    abs1         0000
__Lbank0                                   bank0        0000
__Lbank1                                   bank1        0000
__Lbank2                                   bank2        0000
__Lbank3                                   bank3        0000
__LbssBANK1                                bssBANK1     0000
__LbssBANK2                                bssBANK2     0000
__LbssBANK3                                bssBANK3     0000
__LbssCOMMON                               bssCOMMON    0000
__Lcinit                                   cinit        0015
__Lclrtext                                 clrtext      0000
__Lcode                                    code         0000
__Lcommon                                  common       0000
__Lconfig                                  config       0000
__LcstackBANK0                             cstackBANK0  0000
__LcstackBANK1                             cstackBANK1  0000
__LcstackCOMMON                            cstackCOMMON 0000
__LdataBANK1                               dataBANK1    0000
__LdataCOMMON                              dataCOMMON   0000
__Leeprom_data                             eeprom_data  0000
__Lend_init                                end_init     0012
__Lfunctab                                 functab      0000
__LidataBANK1                              idataBANK1   0000
__LidataCOMMON                             idataCOMMON  0000
__Linit                                    init         0012
__Lintentry                                intentry     0004
__Lmaintext                                maintext     0000
__Lpa_nodes0                               pa_nodes0    0000
__Lpowerup                                 powerup      0000
__Lram                                     ram          0000
__Lreset_vec                               reset_vec    0000
__Lsfr0                                    sfr0         0000
__Lsfr1                                    sfr1         0000
__Lsfr2                                    sfr2         0000
__Lsfr3                                    sfr3         0000
__Lspace_0                                 (abs)        0000
__Lspace_1                                 (abs)        0000
__Lspace_2                                 (abs)        0000
__Lspace_3                                 (abs)        0000
__Lspace_4                                 (abs)        0000
__Lstack                                   stack        0000
__Lstrings                                 strings      0000
__Ltext                                    text         0000
__S0                                       (abs)        2000
__S1                                       (abs)        01EA
__S2                                       (abs)        0000
__S3                                       (abs)        0000
__Umul8_16                                 text25       0517
__Umul8_16@multiplicand                    cstackBANK0  0020
__Umul8_16@multiplier                      cstackBANK0  0026
__Umul8_16@product                         cstackBANK0  0022
__Umul8_16@word_mpld                       cstackBANK0  0024
___fladd                                   text1        0AD4
___fladd@a                                 cstackBANK0  003C
___fladd@aexp                              cstackBANK0  0049
___fladd@b                                 cstackBANK0  0038
___fladd@bexp                              cstackBANK0  004A
___fladd@grs                               cstackBANK0  004B
___fladd@signs                             cstackBANK0  0048
___fldiv                                   text1        0E23
___fldiv@a                                 cstackBANK1  00A0
___fldiv@aexp                              cstackBANK1  00B8
___fldiv@b                                 cstackBANK1  00A4
___fldiv@bexp                              cstackBANK1  00B7
___fldiv@grs                               cstackBANK1  00B3
___fldiv@new_exp                           cstackBANK1  00B1
___fldiv@rem                               cstackBANK1  00AC
___fldiv@sign                              cstackBANK1  00B0
___fleq                                    text58       1F04
___fleq@ff1                                cstackBANK0  0020
___fleq@ff2                                cstackBANK0  0024
___flge                                    text58       1E96
___flge@ff1                                cstackBANK0  0054
___flge@ff2                                cstackBANK0  0058
___flmul                                   text25       03C3
___flmul@a                                 cstackBANK0  0058
___flmul@aexp                              cstackBANK0  0061
___flmul@b                                 cstackBANK0  0054
___flmul@bexp                              cstackBANK0  0062
___flmul@grs                               cstackBANK0  0063
___flmul@prod                              cstackBANK0  0067
___flmul@sign                              cstackBANK0  0060
___flmul@temp                              cstackBANK0  006B
___flsub                                   text1        0F44
___flsub@a                                 cstackBANK0  004C
___flsub@b                                 cstackBANK0  0050
___fltol                                   text19       1C8E
___fltol@exp1                              cstackBANK0  006E
___fltol@f1                                cstackBANK1  00A0
___fltol@sign1                             cstackBANK0  006D
___int_sp                                  stack        0000
___latbits                                 (abs)        0002
___lldiv                                   text11       075C
___lldiv@counter                           cstackBANK0  002C
___lldiv@dividend                          cstackBANK0  0024
___lldiv@divisor                           cstackBANK0  0020
___lldiv@quotient                          cstackBANK0  0028
___lwdiv                                   text1        0F60
___lwdiv@counter                           cstackBANK0  0024
___lwdiv@dividend                          cstackBANK0  0022
___lwdiv@divisor                           cstackBANK0  0020
___lwdiv@quotient                          cstackBANK0  0025
___sp                                      stack        0000
___stackhi                                 (abs)        0000
___stacklo                                 (abs)        0000
___xxtofl                                  text1        0DB5
___xxtofl@arg                              cstackBANK0  0034
___xxtofl@exp                              cstackBANK0  0033
___xxtofl@sign                             cstackBANK0  0032
___xxtofl@val                              cstackBANK0  002A
__end_ofPL10                               text58       1FCD
__end_ofPL12                               text58       1FDD
__end_ofPL14                               text25       0684
__end_ofPL16                               text32       12BB
__end_ofPL18                               text25       0693
__end_ofPL2                                text58       1FA3
__end_ofPL20                               text1        0FA8
__end_ofPL22                               text19       1CF8
__end_ofPL24                               text1        0FB2
__end_ofPL26                               text25       06A1
__end_ofPL28                               text25       06AE
__end_ofPL30                               text40       17B1
__end_ofPL32                               text1        0FBB
__end_ofPL34                               text1        0FC4
__end_ofPL36                               text58       1FE6
__end_ofPL38                               text40       17B8
__end_ofPL4                                text25       066A
__end_ofPL40                               text58       1FEE
__end_ofPL42                               text40       17C0
__end_ofPL44                               text19       1D02
__end_ofPL46                               text19       1D0C
__end_ofPL48                               text40       17CA
__end_ofPL50                               text40       17D4
__end_ofPL52                               text40       17DE
__end_ofPL54                               text40       17E7
__end_ofPL56                               text1        0FCD
__end_ofPL58                               text1        0FD6
__end_ofPL6                                text58       1FBD
__end_ofPL60                               text1        0FDD
__end_ofPL62                               text40       17EE
__end_ofPL64                               text32       12C2
__end_ofPL66                               text25       06B5
__end_ofPL68                               text58       1FF4
__end_ofPL70                               text58       1FFA
__end_ofPL72                               text40       17F4
__end_ofPL74                               text40       17FA
__end_ofPL76                               text40       1800
__end_ofPL78                               text1        0FE3
__end_ofPL8                                text25       0673
__end_ofPL80                               text1        0FE8
__end_ofPL82                               text25       06D3
__end_ofPL84                               text58       2000
__end_of_ADC_Read_NTC                      text1        0DB5
__end_of_ADC_init                          text68       07FA
__end_of_Auto_Relay0                       text58       1DC3
__end_of_Auto_Relay1                       text58       1D64
__end_of_BALANCE_RESISTOR                  strings      103C
__end_of_BETA                              strings      1038
__end_of_Decodify_Command                  text25       0376
__end_of_EEPROM_24C1025_Fill_All           text25       0584
__end_of_EEPROM_24C1025_Read_Buffer        text40       1593
__end_of_EEPROM_24C1025_Read_Buffer_USART  text40       1687
__end_of_EEPROM_24C1025_Read_Byte          text25       059B
__end_of_EEPROM_24C1025_Read_Int           text25       05B5
__end_of_EEPROM_24C1025_Read_Str           text40       1450
__end_of_EEPROM_24C1025_Write_Buffer       text40       1762
__end_of_EEPROM_24C1025_Write_Byte         text25       05C9
__end_of_EEPROM_24C1025_Write_Int          text25       0551
__end_of_EEPROM_24C1025_Write_Str          text40       135D
__end_of_EEPROM_Read_Byte                  text32       1287
__end_of_EEPROM_Read_Integer               text32       12A2
__end_of_EEPROM_Read_String                text25       05DF
__end_of_EEPROM_Write_Byte                 text25       061A
__end_of_EEPROM_Write_Integer              text25       063D
__end_of_EEPROM_Write_String               text25       06CD
__end_of_I2C_Master_Init                   text11       075C
__end_of_I2C_Master_Read                   text40       147B
__end_of_I2C_Master_RepeatedStart          text40       177B
__end_of_I2C_Master_Start                  text40       14A9
__end_of_I2C_Master_Stop                   text40       1772
__end_of_I2C_Master_Wait                   text40       149A
__end_of_I2C_Master_Write                  text40       176B
__end_of_Load_Work                         text32       1266
__end_of_PROCULUS_Buzzer                   text25       06F3
__end_of_PROCULUS_Control_Register_Write   text25       00AE
__end_of_PROCULUS_Delay                    text25       0088
__end_of_PROCULUS_Show_Screen              text25       03C3
__end_of_PROCULUS_VP_Write                 text25       006E
__end_of_PROCULUS_VP_Write_String          text25       0704
__end_of_Package_Usart_is_for_me           text1        1000
__end_of_Rele0Desligado                    text58       1F85
__end_of_Rele0Ligado                       text1        0A10
__end_of_Rele1Desligado                    text58       1F89
__end_of_Rele1Ligado                       text1        0A28
__end_of_Save_Log                          text19       1C8E
__end_of_Send_Reply_OK                     text25       03B9
__end_of_Send_To_MB                        text25       0391
__end_of_USART_init                        text10       10C8
__end_of_USART_put_int                     text25       03B2
__end_of_USART_put_string                  text25       072F
__end_of_USART_putc                        text25       03A2
__end_of_USART_to_Protocol                 text15       07EF
__end_of__Umul8_16                         text25       0532
__end_of___fladd                           text1        0C43
__end_of___fldiv                           text1        0F44
__end_of___fleq                            text58       1F3A
__end_of___flge                            text58       1F04
__end_of___flmul                           text25       0517
__end_of___flsub                           text1        0F60
__end_of___fltol                           text19       1CE8
__end_of___lldiv                           text11       07A4
__end_of___lwdiv                           text1        0F8A
__end_of___xxtofl                          text1        0E23
__end_of__initialization                   cinit        0037
__end_of__stringtab                        strings      1010
__end_of_captura                           text1        0F98
__end_of_eval_poly                         text1        0AD4
__end_of_frexp                             text58       1F81
__end_of_isr                               text69       11A6
__end_of_log                               text58       1E96
__end_of_main                              maintext     091B
__end_of_mediatemperaturaNTC               text1        09F9
__end_of_my_delay_ms                       text2        1089
__end_of_my_delay_ms_WDT                   text40       17A8
__end_of_strcpy                            text14       081D
__end_of_strlen                            text25       0650
__end_oflog@coeff                          strings      1034
__initialization                           cinit        0015
__pbssBANK1                                bssBANK1     00DD
__pbssBANK2                                bssBANK2     0110
__pbssBANK3                                bssBANK3     0190
__pbssCOMMON                               bssCOMMON    0070
__pcstackBANK0                             cstackBANK0  0020
__pcstackBANK1                             cstackBANK1  00A0
__pcstackCOMMON                            cstackCOMMON 0076
__pdataBANK1                               dataBANK1    00ED
__pdataCOMMON                              dataCOMMON   007C
__pidataBANK1                              idataBANK1   0000
__pidataCOMMON                             idataCOMMON  0000
__pintentry                                intentry     0004
__pmaintext                                maintext     081D
__pstrings                                 strings      1000
__ptext1                                   text1        091B
__ptext10                                  text10       1089
__ptext11                                  text11       072F
__ptext12                                  text11       075C
__ptext13                                  text25       00AE
__ptext14                                  text14       0808
__ptext15                                  text15       07A4
__ptext16                                  text25       0376
__ptext17                                  text25       03B2
__ptext18                                  text25       0704
__ptext19                                  text19       1C38
__ptext2                                   text2        105D
__ptext20                                  text19       1C8E
__ptext21                                  text25       03C3
__ptext22                                  text25       0517
__ptext23                                  text25       06F3
__ptext24                                  text25       063D
__ptext25                                  text25       003B
__ptext26                                  text25       03B9
__ptext27                                  text25       06D3
__ptext28                                  text1        0F60
__ptext29                                  text25       0088
__ptext3                                   text1        0FE8
__ptext30                                  text25       03A2
__ptext31                                  text25       006E
__ptext32                                  text32       11A6
__ptext33                                  text1        0E23
__ptext34                                  text32       1287
__ptext35                                  text25       06B5
__ptext36                                  text25       061A
__ptext37                                  text25       05DF
__ptext38                                  text25       05C9
__ptext39                                  text32       1266
__ptext4                                   text1        0C43
__ptext40                                  text40       12C2
__ptext41                                  text25       05B5
__ptext42                                  text40       135D
__ptext43                                  text25       059B
__ptext44                                  text25       0584
__ptext45                                  text40       14A9
__ptext46                                  text40       1593
__ptext47                                  text25       0391
__ptext48                                  text40       1772
__ptext49                                  text40       1450
__ptext5                                   text58       1DC3
__ptext50                                  text25       0551
__ptext51                                  text25       0532
__ptext52                                  text40       1687
__ptext53                                  text40       177B
__ptext54                                  text40       1762
__ptext55                                  text40       176B
__ptext56                                  text40       149A
__ptext57                                  text40       147B
__ptext58                                  text58       1D0C
__ptext59                                  text1        0DB5
__ptext6                                   text58       1F3A
__ptext60                                  text1        0A10
__ptext61                                  text58       1F85
__ptext62                                  text58       1D64
__ptext63                                  text1        0F44
__ptext64                                  text1        0AD4
__ptext65                                  text58       1E96
__ptext66                                  text1        09F9
__ptext67                                  text58       1F81
__ptext68                                  text68       07EF
__ptext69                                  text69       10C8
__ptext7                                   text58       1F04
__ptext8                                   text1        0A28
__ptext9                                   text1        0F8A
__size_of_ADC_Read_NTC                     (abs)        0000
__size_of_ADC_init                         (abs)        0000
__size_of_Auto_Relay0                      (abs)        0000
__size_of_Auto_Relay1                      (abs)        0000
__size_of_Decodify_Command                 (abs)        0000
__size_of_EEPROM_24C1025_Fill_All          (abs)        0000
__size_of_EEPROM_24C1025_Read_Buffer       (abs)        0000
__size_of_EEPROM_24C1025_Read_Buffer_USART (abs)        0000
__size_of_EEPROM_24C1025_Read_Byte         (abs)        0000
__size_of_EEPROM_24C1025_Read_Int          (abs)        0000
__size_of_EEPROM_24C1025_Read_Str          (abs)        0000
__size_of_EEPROM_24C1025_Write_Buffer      (abs)        0000
__size_of_EEPROM_24C1025_Write_Byte        (abs)        0000
__size_of_EEPROM_24C1025_Write_Int         (abs)        0000
__size_of_EEPROM_24C1025_Write_Str         (abs)        0000
__size_of_EEPROM_Read_Byte                 (abs)        0000
__size_of_EEPROM_Read_Integer              (abs)        0000
__size_of_EEPROM_Read_String               (abs)        0000
__size_of_EEPROM_Write_Byte                (abs)        0000
__size_of_EEPROM_Write_Integer             (abs)        0000
__size_of_EEPROM_Write_String              (abs)        0000
__size_of_I2C_Master_Init                  (abs)        0000
__size_of_I2C_Master_Read                  (abs)        0000
__size_of_I2C_Master_RepeatedStart         (abs)        0000
__size_of_I2C_Master_Start                 (abs)        0000
__size_of_I2C_Master_Stop                  (abs)        0000
__size_of_I2C_Master_Wait                  (abs)        0000
__size_of_I2C_Master_Write                 (abs)        0000
__size_of_Load_Work                        (abs)        0000
__size_of_PROCULUS_Buzzer                  (abs)        0000
__size_of_PROCULUS_Control_Register_Write  (abs)        0000
__size_of_PROCULUS_Delay                   (abs)        0000
__size_of_PROCULUS_Show_Screen             (abs)        0000
__size_of_PROCULUS_VP_Write                (abs)        0000
__size_of_PROCULUS_VP_Write_String         (abs)        0000
__size_of_Package_Usart_is_for_me          (abs)        0000
__size_of_Rele0Desligado                   (abs)        0000
__size_of_Rele0Ligado                      (abs)        0000
__size_of_Rele1Desligado                   (abs)        0000
__size_of_Rele1Ligado                      (abs)        0000
__size_of_Save_Log                         (abs)        0000
__size_of_Send_Reply_OK                    (abs)        0000
__size_of_Send_To_MB                       (abs)        0000
__size_of_USART_init                       (abs)        0000
__size_of_USART_put_int                    (abs)        0000
__size_of_USART_put_string                 (abs)        0000
__size_of_USART_putc                       (abs)        0000
__size_of_USART_to_Protocol                (abs)        0000
__size_of__Umul8_16                        (abs)        0000
__size_of___fladd                          (abs)        0000
__size_of___fldiv                          (abs)        0000
__size_of___fleq                           (abs)        0000
__size_of___flge                           (abs)        0000
__size_of___flmul                          (abs)        0000
__size_of___flsub                          (abs)        0000
__size_of___fltol                          (abs)        0000
__size_of___lldiv                          (abs)        0000
__size_of___lwdiv                          (abs)        0000
__size_of___xxtofl                         (abs)        0000
__size_of_captura                          (abs)        0000
__size_of_eval_poly                        (abs)        0000
__size_of_frexp                            (abs)        0000
__size_of_isr                              (abs)        0000
__size_of_log                              (abs)        0000
__size_of_main                             (abs)        0000
__size_of_mediatemperaturaNTC              (abs)        0000
__size_of_my_delay_ms                      (abs)        0000
__size_of_my_delay_ms_WDT                  (abs)        0000
__size_of_strcpy                           (abs)        0000
__size_of_strlen                           (abs)        0000
__stringbase                               strings      100F
__stringtab                                strings      1000
_buffer                                    bssBANK2     0144
_canal                                     bssCOMMON    0072
_captura                                   text1        0F8A
_count                                     bssBANK3     019E
_destino                                   bssCOMMON    0071
_eval_poly                                 text1        0A28
_frexp                                     text58       1F3A
_generic_status                            bssBANK1     00EC
_header                                    bssBANK3     01A0
_hora                                      bssCOMMON    0074
_isr                                       text69       10C8
_log                                       text58       1DC3
_main                                      maintext     081D
_mediatemperaturaNTC                       text1        091B
_mediatemperaturaNTC$2354                  cstackBANK1  00CE
_milisegundo                               bssBANK3     01A6
_minuto                                    bssCOMMON    0070
_modoAutonomo1                             bssBANK3     01AF
_my_delay_ms                               text2        105D
_my_delay_ms_WDT                           text40       177B
_pointer                                   bssBANK3     01AE
_segundo                                   bssCOMMON    0075
_strcpy                                    text14       0808
_strlen                                    text25       063D
_tempodecorrido                            bssBANK3     019C
_usart_buffer                              bssBANK2     0110
_usart_protocol                            bssBANK3     01B0
btemp                                      (abs)        007E
clear_ram0                                 clrtext      0800
end_of_initialization                      cinit        0037
eval_poly@d                                cstackBANK1  00A4
eval_poly@n                                cstackBANK1  00A5
eval_poly@res                              cstackBANK1  00AC
eval_poly@x                                cstackBANK1  00A0
frexp@eptr                                 cstackBANK0  0030
frexp@value                                cstackBANK0  002C
interrupt_function                         intentry     0004
intlevel0                                  functab      0000
intlevel1                                  functab      0000
intlevel2                                  functab      0000
intlevel3                                  functab      0000
intlevel4                                  functab      0000
intlevel5                                  functab      0000
isr@tempo                                  cstackCOMMON 007A
log@coeff                                  strings      1010
log@exponent                               cstackBANK0  006D
log@x                                      cstackBANK1  00B0
main@reset                                 cstackBANK1  00DB
mediatemperaturaNTC@Temp                   cstackBANK1  00D3
mediatemperaturaNTC@canal                  cstackBANK1  00D2
mediatemperaturaNTC@i                      cstackBANK1  00D7
my_delay_ms@i                              cstackBANK0  0026
my_delay_ms@time                           cstackBANK0  0020
my_delay_ms_WDT@i                          cstackBANK0  0026
my_delay_ms_WDT@time                       cstackBANK0  0020
reset_vec                                  reset_vec    0000
saved_w                                    (abs)        007E
start                                      init         0012
start_initialization                       cinit        0015
strcpy@cp                                  cstackBANK0  0023
strcpy@from                                cstackBANK0  0020
strcpy@to                                  cstackBANK0  0022
strlen@cp                                  cstackBANK0  0023
strlen@s                                   cstackBANK0  0022
wtemp0                                     (abs)        007E


MODULE INFORMATION

Module		Function		Class		Link	Load	Size
C:\Program Files\Microchip\xc8\v2.32\pic\sources\c90\common\log.c
		_log           		CODE           	1DC3	0000	211

C:\Program Files\Microchip\xc8\v2.32\pic\sources\c90\common\log.c estimated size: 211

C:\Program Files\Microchip\xc8\v2.32\pic\sources\c90\common\evalpoly.c
		_eval_poly     		CODE           	0A28	0000	172

C:\Program Files\Microchip\xc8\v2.32\pic\sources\c90\common\evalpoly.c estimated size: 172

protocolo.c
		_Package_Usart_is_for_me		CODE           	0FE8	0000	24

protocolo.c estimated size: 24

C:\Program Files\Microchip\xc8\v2.32\pic\sources\c90\common\sprcadd.c
		___flsub       		CODE           	0F44	0000	28
		___fladd       		CODE           	0AD4	0000	367

C:\Program Files\Microchip\xc8\v2.32\pic\sources\c90\common\sprcadd.c estimated size: 395

C:\Program Files\Microchip\xc8\v2.32\pic\sources\c90\common\flge.c
		___flge        		CODE           	1E96	0000	110

C:\Program Files\Microchip\xc8\v2.32\pic\sources\c90\common\flge.c estimated size: 110

my_delay.c
		_my_delay_ms_WDT		CODE           	177B	0000	45
		_my_delay_ms   		CODE           	105D	0000	44

my_delay.c estimated size: 89

usart.c
		_USART_putc    		CODE           	0391	0000	17
		_USART_to_Protocol		CODE           	07A4	0000	75
		_USART_put_string		CODE           	0704	0000	43
		_USART_put_int 		CODE           	03A2	0000	16
		_USART_init    		CODE           	1089	0000	63

usart.c estimated size: 214

C:\Program Files\Microchip\xc8\v2.32\pic\sources\c90\common\xxtofl.c
		___xxtofl      		CODE           	0DB5	0000	110

C:\Program Files\Microchip\xc8\v2.32\pic\sources\c90\common\xxtofl.c estimated size: 110

I2C.c
		_I2C_Master_Read		CODE           	1450	0000	43
		_I2C_Master_Wait		CODE           	147B	0000	31
		_I2C_Master_Init		CODE           	072F	0000	45
		_I2C_Master_Stop		CODE           	176B	0000	7
		_I2C_Master_RepeatedStart		CODE           	1772	0000	9
		_I2C_Master_Write		CODE           	1762	0000	9
		_I2C_Master_Start		CODE           	149A	0000	15

I2C.c estimated size: 159

C:\Program Files\Microchip\xc8\v2.32\pic\sources\c90\common\Umul8_16.c
		__Umul8_16     		CODE           	0517	0000	27

C:\Program Files\Microchip\xc8\v2.32\pic\sources\c90\common\Umul8_16.c estimated size: 27

C:\Program Files\Microchip\xc8\v2.32\pic\sources\c90\common\strlen.c
		_strlen        		CODE           	063D	0000	19

C:\Program Files\Microchip\xc8\v2.32\pic\sources\c90\common\strlen.c estimated size: 19

C:\Program Files\Microchip\xc8\v2.32\pic\sources\c90\common\strcpy.c
		_strcpy        		CODE           	0808	0000	21

C:\Program Files\Microchip\xc8\v2.32\pic\sources\c90\common\strcpy.c estimated size: 21

C:\Program Files\Microchip\xc8\v2.32\pic\sources\c90\common\frexp.c
		_frexp         		CODE           	1F3A	0000	71

C:\Program Files\Microchip\xc8\v2.32\pic\sources\c90\common\frexp.c estimated size: 71

proculus.c
		_PROCULUS_Control_Register_Write		CODE           	0088	0000	38
		_PROCULUS_Show_Screen		CODE           	03B9	0000	10
		_PROCULUS_VP_Write_String		CODE           	06F3	0000	17
		_PROCULUS_VP_Write		CODE           	003B	0000	51
		_PROCULUS_Delay		CODE           	006E	0000	26
		_PROCULUS_Buzzer		CODE           	06D3	0000	32

proculus.c estimated size: 174

eeprom.c
		_EEPROM_Write_String		CODE           	06B5	0000	24
		_EEPROM_Read_Byte		CODE           	1266	0000	33
		_EEPROM_Write_Byte		CODE           	05DF	0000	59
		_EEPROM_Read_Integer		CODE           	1287	0000	27
		_EEPROM_Read_String		CODE           	05C9	0000	22
		_EEPROM_Write_Integer		CODE           	061A	0000	35

eeprom.c estimated size: 200

adc.c
		_captura       		CODE           	0F8A	0000	14
		_ADC_init      		CODE           	07EF	0000	11
		_ADC_Read_NTC  		CODE           	0C43	0000	370

adc.c estimated size: 395

SlaveLiofilizadorVer1.c
		_Rele1Desligado		CODE           	1F85	0000	4
		_Send_To_MB    		CODE           	0376	0000	27
		_Rele0Ligado   		CODE           	09F9	0000	23
		_Rele1Ligado   		CODE           	0A10	0000	24
		_main          		CODE           	081D	0000	254
		_Decodify_Command		CODE           	00AE	0000	712
		_mediatemperaturaNTC		CODE           	091B	0000	222
		_Send_Reply_OK 		CODE           	03B2	0000	7
		_Save_Log      		CODE           	1C38	0000	86
		_Load_Work     		CODE           	11A6	0000	192
		_Rele0Desligado		CODE           	1F81	0000	4
		_Auto_Relay0   		CODE           	1D64	0000	95
		_Auto_Relay1   		CODE           	1D0C	0000	88

SlaveLiofilizadorVer1.c estimated size: 1738

isr.c
		_isr           		CODE           	10C8	0000	222

isr.c estimated size: 222

shared
		PL12           		CODE           	1FCD	0000	16
		PL50           		CODE           	17CA	0000	10
		PL8            		CODE           	066A	0000	9
		PL22           		CODE           	1CE8	0000	16
		PL60           		CODE           	0FD6	0000	7
		PL32           		CODE           	0FB2	0000	9
		PL70           		CODE           	1FF4	0000	6
		PL42           		CODE           	17B8	0000	8
		PL80           		CODE           	0FE3	0000	5
		PL14           		CODE           	0673	0000	17
		PL52           		CODE           	17D4	0000	10
		PL24           		CODE           	0FA8	0000	10
		PL62           		CODE           	17E7	0000	7
		__stringtab    		STRING         	1000	0000	16
		PL34           		CODE           	0FBB	0000	9
		PL72           		CODE           	17EE	0000	6
		PL44           		CODE           	1CF8	0000	10
		PL82           		CODE           	06CD	0000	6
		PL16           		CODE           	12A2	0000	25
		PL54           		CODE           	17DE	0000	9
		PL26           		CODE           	0693	0000	14
		PL64           		CODE           	12BB	0000	7
		PL36           		CODE           	1FDD	0000	9
		PL74           		CODE           	17F4	0000	6
		PL46           		CODE           	1D02	0000	10
		PL84           		CODE           	1FFA	0000	6
		PL18           		CODE           	0684	0000	15
		PL56           		CODE           	0FC4	0000	9
		PL28           		CODE           	06A1	0000	13
		PL66           		CODE           	06AE	0000	7
		PL38           		CODE           	17B1	0000	7
		PL76           		CODE           	17FA	0000	6
		PL48           		CODE           	17C0	0000	10
		PL58           		CODE           	0FCD	0000	9
		PL68           		CODE           	1FEE	0000	6
		PL78           		CODE           	0FDD	0000	6
		_BETA          		STRING         	0000	0000	0
		__initialization		CODE           	0015	0000	34
		log@coeff      		STRING         	1010	0000	36
		_BALANCE_RESISTOR		STRING         	0000	0000	0
		PL2            		CODE           	1F89	0000	26
		PL10           		CODE           	1FBD	0000	16
		PL4            		CODE           	0650	0000	26
		PL20           		CODE           	0F98	0000	16
		PL30           		CODE           	17A8	0000	9
		PL6            		CODE           	1FA3	0000	26
		PL40           		CODE           	1FE6	0000	8

shared estimated size: 548

C:\Program Files\Microchip\xc8\v2.32\pic\sources\c90\common\fleq.c
		___fleq        		CODE           	1F04	0000	54

C:\Program Files\Microchip\xc8\v2.32\pic\sources\c90\common\fleq.c estimated size: 54

C:\Program Files\Microchip\xc8\v2.32\pic\sources\c90\common\sprcmul.c
		___flmul       		CODE           	03C3	0000	340

C:\Program Files\Microchip\xc8\v2.32\pic\sources\c90\common\sprcmul.c estimated size: 340

C:\Program Files\Microchip\xc8\v2.32\pic\sources\c90\common\sprcdiv.c
		___fldiv       		CODE           	0E23	0000	289

C:\Program Files\Microchip\xc8\v2.32\pic\sources\c90\common\sprcdiv.c estimated size: 289

EEPROM_24C1025.c
		_EEPROM_24C1025_Read_Str		CODE           	135D	0000	243
		_EEPROM_24C1025_Read_Buffer_USART		CODE           	1593	0000	244
		_EEPROM_24C1025_Write_Int		CODE           	0532	0000	31
		_EEPROM_24C1025_Read_Byte		CODE           	0584	0000	23
		_EEPROM_24C1025_Read_Buffer		CODE           	14A9	0000	234
		_EEPROM_24C1025_Write_Byte		CODE           	05B5	0000	20
		_EEPROM_24C1025_Write_Buffer		CODE           	1687	0000	219
		_EEPROM_24C1025_Fill_All		CODE           	0551	0000	51
		_EEPROM_24C1025_Read_Int		CODE           	059B	0000	26
		_EEPROM_24C1025_Write_Str		CODE           	12C2	0000	155

EEPROM_24C1025.c estimated size: 1246

C:\Program Files\Microchip\xc8\v2.32\pic\sources\c90\common\lwdiv.c
		___lwdiv       		CODE           	0F60	0000	42

C:\Program Files\Microchip\xc8\v2.32\pic\sources\c90\common\lwdiv.c estimated size: 42

C:\Program Files\Microchip\xc8\v2.32\pic\sources\c90\common\fltol.c
		___fltol       		CODE           	1C8E	0000	90

C:\Program Files\Microchip\xc8\v2.32\pic\sources\c90\common\fltol.c estimated size: 90

C:\Program Files\Microchip\xc8\v2.32\pic\sources\c90\common\__lldiv.c
		___lldiv       		CODE           	075C	0000	72

C:\Program Files\Microchip\xc8\v2.32\pic\sources\c90\common\__lldiv.c estimated size: 72

