Microchip MPLAB XC8 Compiler V2.32

Linker command line:

-W-3 --edf=C:\Program Files\Microchip\xc8\v2.32\pic\dat\en_msgs.txt -cn \
  -h+dist/default/production\Liofilizador_-_Placa_Filha.X.production.sym \
  --cmf=dist/default/production\Liofilizador_-_Placa_Filha.X.production.cmf \
  -z -Q16F886 -oC:\Users\Nera\AppData\Local\Temp\xcAs6d0.4 \
  --defsym=__MPLAB_BUILD=1 \
  -Mdist/default/production/Liofilizador_-_Placa_Filha.X.production.map -E1 \
  -ver=XC8 Compiler --acfsm=1493 -ASTACK=0144h-016Fh -pstack=STACK \
  -ACODE=00h-07FFhx4 -ASTRCODE=00h-01FFFh -ASTRING=00h-0FFhx32 \
  -ACONST=00h-0FFhx32 -AENTRY=00h-0FFhx32 -ACOMMON=070h-07Fh \
  -ABANK0=020h-06Fh -ABANK1=0A0h-0EFh -ABANK2=0110h-016Fh \
  -ABANK3=0190h-01EFh -ARAM=020h-06Fh,0A0h-0EFh,0110h-016Fh,0190h-01EFh \
  -AABS1=020h-07Fh,0A0h-0EFh,0110h-016Fh,0190h-01EFh -ASFR0=00h-01Fh \
  -ASFR1=080h-09Fh -ASFR2=0100h-010Fh -ASFR3=0180h-018Fh \
  -ACONFIG=02007h-02008h -DCONFIG=2 -AIDLOC=02000h-02003h -DIDLOC=2 \
  -AEEDATA=00h-0FFh/02100h -peeprom_data=EEDATA -DEEDATA=2 -DCODE=2 \
  -DSTRCODE=2 -DSTRING=2 -DCONST=2 -DENTRY=2 \
  -preset_vec=00h,intentry=04h,init,end_init -ppowerup=CODE -pcinit=CODE \
  -pfunctab=ENTRY -k C:\Users\Nera\AppData\Local\Temp\xcAs6d0.o \
  dist/default/production\Liofilizador_-_Placa_Filha.X.production.o 

Object code version is 3.11

Machine type is 16F886



                Name                               Link     Load   Length Selector   Space Scale
C:\Users\Nera\AppData\Local\Temp\xcAs6d0.o
                end_init                             12       12        3        8       0
                reset_vec                             0        0        3        0       0
                config                             2007     2007        2        0       4
dist/default/production\Liofilizador_-_Placa_Filha.X.production.o
                cinit                                15       15       22        8       0
                intentry                              4        4        E        8       0
                config                             2007     2007        2        0       4
                text58                             102D     102D       EE     205A       0
                text57                             1890     1890        B     3120       0
                text56                             19DD     19DD       21     33BA       0
                text55                              7EE      7EE       11        8       0
                text54                             1874     1874        9     30E8       0
                text53                             189B     189B        B     3136       0
                text52                             1C48     1C48       38     3890       0
                text51                             1214     1214      176     2428       0
                text50                             1A93     1A93       29     3526       0
                text49                             1CF8     1CF8       40     39F0       0
                text48                             1BA6     1BA6       35     374C       0
                text47                             18A6     18A6        B     314C       0
                text46                             18B1     18B1       10     3162       0
                text45                             1504     1504      17E     2A08       0
                text44                             1682     1682      17E     2D04       0
                text43                             1919     1919       19     3232       0
                text42                             1A43     1A43       28     3486       0
                text41                             138A     138A      17A     2714       0
                text40                             18EB     18EB       16     31D6       0
                text39                              842      842       FB     1084       0
                text38                             19FE     19FE       22     33FC       0
                text37                             1ABC     1ABC       2A     3578       0
                text36                             19BD     19BD       20     337A       0
                text35                             1C80     1C80       3C     3900       0
                text34                             1B41     1B41       32     3682       0
                text33                             1002     1002       2B     2004       0
                text32                             1964     1964       1D     32C8       0
                text31                             18C1     18C1       15     3182       0
                text30                             1BDB     1BDB       36     37B6       0
                text29                             1CBC     1CBC       3C     3978       0
                text28                             1AE6     1AE6       2A     35CC       0
                text27                             18D6     18D6       15     31AC       0
                text26                             1D38     1D38       44     3A70       0
                text25                             1932     1932       19     3264       0
                text24                             1901     1901       18     3202       0
                text23                             1A20     1A20       23     3440       0
                text22                              D0B      D0B      2F5     1A16       0
                text21                             1E85     1E85       6B     3D0A       0
                text20                             1EF0     1EF0       7D     3DE0       0
                text19                             1B73     1B73       33     36E6       0
                text18                             187D     187D        9     30FA       0
                text17                             1A6B     1A6B       28     34D6       0
                text16                             1D7C     1D7C       55     3AF8       0
                text15                             1981     1981       1E     3302       0
                text14                              3FF      3FF      34C        8       0
                text13                             1E27     1E27       5E     3C4E       0
                text12                             1B10     1B10       31     3620       0
                text11                              74B      74B       A3        8       0
                text10                             1886     1886        A     310C       0
                text9                              1C11     1C11       37     3822       0
                text8                              1DD1     1DD1       56     3BA2       0
                text7                              194B     194B       19     3296       0
                text6                               93D      93D      1A1     127A       0
                text5                              1F6D     1F6D       93     3EDA       0
                text4                               ADE      ADE      22D     15BC       0
                text3                              199F     199F       1E     333E       0
                text2                                37       37      3C8        8       0
                text1                               800      800       42     1000       0
                maintext                           111B     111B       F9     2236       0
                cstackBANK0                          20       20       50       20       1
                cstackCOMMON                         70       70        8       70       1
                cstackBANK1                          A0       A0       29       A0       1
                clrtext                            186C     186C        8     30D8       0
                bssBANK2                            110      110       34      110       1
                bssBANK3                            190      190       5B      190       1
                bssBANK1                             C9       C9       1C       A0       1
                bssCOMMON                            78       78        6       70       1
                strings                            1800     1800       5B     3000       0

TOTAL           Name                               Link     Load   Length     Space
        CLASS   STACK          

        CLASS   CODE           
                end_init                             12       12        3         0
                cinit                                15       15       22         0
                intentry                              4        4        E         0
                reset_vec                             0        0        3         0
                text58                             102D     102D       EE         0
                text57                             1890     1890        B         0
                text56                             19DD     19DD       21         0
                text55                              7EE      7EE       11         0
                text54                             1874     1874        9         0
                text53                             189B     189B        B         0
                text52                             1C48     1C48       38         0
                text51                             1214     1214      176         0
                text50                             1A93     1A93       29         0
                text49                             1CF8     1CF8       40         0
                text48                             1BA6     1BA6       35         0
                text47                             18A6     18A6        B         0
                text46                             18B1     18B1       10         0
                text45                             1504     1504      17E         0
                text44                             1682     1682      17E         0
                text43                             1919     1919       19         0
                text42                             1A43     1A43       28         0
                text41                             138A     138A      17A         0
                text40                             18EB     18EB       16         0
                text39                              842      842       FB         0
                text38                             19FE     19FE       22         0
                text37                             1ABC     1ABC       2A         0
                text36                             19BD     19BD       20         0
                text35                             1C80     1C80       3C         0
                text34                             1B41     1B41       32         0
                text33                             1002     1002       2B         0
                text32                             1964     1964       1D         0
                text31                             18C1     18C1       15         0
                text30                             1BDB     1BDB       36         0
                text29                             1CBC     1CBC       3C         0
                text28                             1AE6     1AE6       2A         0
                text27                             18D6     18D6       15         0
                text26                             1D38     1D38       44         0
                text25                             1932     1932       19         0
                text24                             1901     1901       18         0
                text23                             1A20     1A20       23         0
                text22                              D0B      D0B      2F5         0
                text21                             1E85     1E85       6B         0
                text20                             1EF0     1EF0       7D         0
                text19                             1B73     1B73       33         0
                text18                             187D     187D        9         0
                text17                             1A6B     1A6B       28         0
                text16                             1D7C     1D7C       55         0
                text15                             1981     1981       1E         0
                text14                              3FF      3FF      34C         0
                text13                             1E27     1E27       5E         0
                text12                             1B10     1B10       31         0
                text11                              74B      74B       A3         0
                text10                             1886     1886        A         0
                text9                              1C11     1C11       37         0
                text8                              1DD1     1DD1       56         0
                text7                              194B     194B       19         0
                text6                               93D      93D      1A1         0
                text5                              1F6D     1F6D       93         0
                text4                               ADE      ADE      22D         0
                text3                              199F     199F       1E         0
                text2                                37       37      3C8         0
                text1                               800      800       42         0
                maintext                           111B     111B       F9         0
                clrtext                            186C     186C        8         0

        CLASS   STRCODE        

        CLASS   STRING         
                strings                            1800     1800       5B         0

        CLASS   CONST          

        CLASS   ENTRY          

        CLASS   COMMON         
                cstackCOMMON                         70       70        8         1
                bssCOMMON                            78       78        6         1

        CLASS   BANK0          
                cstackBANK0                          20       20       50         1

        CLASS   BANK1          
                cstackBANK1                          A0       A0       29         1
                bssBANK1                             C9       C9       1C         1

        CLASS   BANK2          
                bssBANK2                            110      110       34         1

        CLASS   BANK3          
                bssBANK3                            190      190       5B         1

        CLASS   RAM            

        CLASS   ABS1           
                abs_s1                               7E       7E        2         1

        CLASS   SFR0           

        CLASS   SFR1           

        CLASS   SFR2           

        CLASS   SFR3           

        CLASS   CONFIG         
                config                             2007     2007        2         4

        CLASS   IDLOC          

        CLASS   EEDATA         



SEGMENTS        Name                           Load    Length   Top    Selector   Space  Class     Delta

                reset_vec                      000000  000003  000003         0       0  CODE        2
                intentry                       000004  0007FB  0007FF         8       0  CODE        2
                cstackBANK0                    000020  000050  000070        20       1  BANK0       1
                cstackCOMMON                   000070  00000E  00007E        70       1  COMMON      1
                cstackBANK1                    0000A0  000045  0000E5        A0       1  BANK1       1
                bssBANK2                       000110  000034  000144       110       1  BANK2       1
                bssBANK3                       000190  00005B  0001EB       190       1  BANK3       1
                text1                          000800  000042  000842      1000       0  CODE        2
                text39                         000842  0000FB  00093D      1084       0  CODE        2
                text6                          00093D  0001A1  000ADE      127A       0  CODE        2
                text4                          000ADE  00022D  000D0B      15BC       0  CODE        2
                text22                         000D0B  0002F5  001000      1A16       0  CODE        2
                text33                         001002  00002B  00102D      2004       0  CODE        2
                text58                         00102D  0000EE  00111B      205A       0  CODE        2
                maintext                       00111B  0000F9  001214      2236       0  CODE        2
                text51                         001214  000176  00138A      2428       0  CODE        2
                text41                         00138A  00017A  001504      2714       0  CODE        2
                text45                         001504  00017E  001682      2A08       0  CODE        2
                text44                         001682  00017E  001800      2D04       0  CODE        2
                strings                        001800  00005B  00185B      3000       0  STRING      2
                clrtext                        00186C  000008  001874      30D8       0  CODE        2
                text54                         001874  000009  00187D      30E8       0  CODE        2
                text18                         00187D  000009  001886      30FA       0  CODE        2
                text10                         001886  00000A  001890      310C       0  CODE        2
                text57                         001890  00000B  00189B      3120       0  CODE        2
                text53                         00189B  00000B  0018A6      3136       0  CODE        2
                text47                         0018A6  00000B  0018B1      314C       0  CODE        2
                text46                         0018B1  000010  0018C1      3162       0  CODE        2
                text31                         0018C1  000015  0018D6      3182       0  CODE        2
                text27                         0018D6  000015  0018EB      31AC       0  CODE        2
                text40                         0018EB  000016  001901      31D6       0  CODE        2
                text24                         001901  000018  001919      3202       0  CODE        2
                text43                         001919  000019  001932      3232       0  CODE        2
                text25                         001932  000019  00194B      3264       0  CODE        2
                text7                          00194B  000019  001964      3296       0  CODE        2
                text32                         001964  00001D  001981      32C8       0  CODE        2
                text15                         001981  00001E  00199F      3302       0  CODE        2
                text3                          00199F  00001E  0019BD      333E       0  CODE        2
                text36                         0019BD  000020  0019DD      337A       0  CODE        2
                text56                         0019DD  000021  0019FE      33BA       0  CODE        2
                text38                         0019FE  000022  001A20      33FC       0  CODE        2
                text23                         001A20  000023  001A43      3440       0  CODE        2
                text42                         001A43  000028  001A6B      3486       0  CODE        2
                text17                         001A6B  000028  001A93      34D6       0  CODE        2
                text50                         001A93  000029  001ABC      3526       0  CODE        2
                text37                         001ABC  00002A  001AE6      3578       0  CODE        2
                text28                         001AE6  00002A  001B10      35CC       0  CODE        2
                text12                         001B10  000031  001B41      3620       0  CODE        2
                text34                         001B41  000032  001B73      3682       0  CODE        2
                text19                         001B73  000033  001BA6      36E6       0  CODE        2
                text48                         001BA6  000035  001BDB      374C       0  CODE        2
                text30                         001BDB  000036  001C11      37B6       0  CODE        2
                text9                          001C11  000037  001C48      3822       0  CODE        2
                text52                         001C48  000038  001C80      3890       0  CODE        2
                text35                         001C80  00003C  001CBC      3900       0  CODE        2
                text29                         001CBC  00003C  001CF8      3978       0  CODE        2
                text49                         001CF8  000040  001D38      39F0       0  CODE        2
                text26                         001D38  000044  001D7C      3A70       0  CODE        2
                text16                         001D7C  000055  001DD1      3AF8       0  CODE        2
                text8                          001DD1  000056  001E27      3BA2       0  CODE        2
                text13                         001E27  00005E  001E85      3C4E       0  CODE        2
                text21                         001E85  00006B  001EF0      3D0A       0  CODE        2
                text20                         001EF0  00007D  001F6D      3DE0       0  CODE        2
                text5                          001F6D  000093  002000      3EDA       0  CODE        2


UNUSED ADDRESS RANGES

        Name                Unused          Largest block    Delta
        BANK1            00E5-00EF              B           1
        BANK2            0144-016F             2C           1
        BANK3            01EB-01EF              5           1
        CODE             0003-0003              1           2
                         07FF-07FF              1
                         1000-1001              2
                         185B-186B             11
        CONST            0003-0003              1           2
                         07FF-07FF              1
                         1000-1001              2
                         185B-186B             11
        EEDATA           2100-21FF            100           2
        ENTRY            0003-0003              1           2
                         07FF-07FF              1
                         1000-1001              2
                         185B-186B             11
        IDLOC            2000-2003              4           2
        RAM              00E5-00EF              B           1
                         0144-016F             2C
                         01EB-01EF              5
        SFR0             0000-001F             20           1
        SFR1             0080-009F             20           1
        SFR2             0100-010F             10           1
        SFR3             0180-018F             10           1
        STACK            0144-016F             2C           1
        STRCODE          0003-0003              1           2
                         07FF-07FF              1
                         1000-1001              2
                         185B-186B             11
        STRING           0003-0003              1           2
                         07FF-07FF              1
                         1000-1001              2
                         185B-186B             11

                                  Symbol Table

?_ADC_Media_10bits                         cstackBANK0  002E
?_EEPROM_24C1025_Read_Int                  cstackBANK0  0036
?_EEPROM_Read_Integer                      cstackBANK0  0023
?_I2C_Master_Read                          cstackBANK0  0023
?__Umul8_16                                cstackBANK0  0020
?___fladd                                  cstackBANK0  0037
?___fldiv                                  cstackBANK0  002E
?___flmul                                  cstackBANK0  004B
?___flsub                                  cstackBANK0  004B
?___fltol                                  cstackBANK0  0065
?___lldiv                                  cstackBANK0  0020
?___lwdiv                                  cstackBANK0  0020
?___xxtofl                                 cstackBANK0  0020
?_captura                                  cstackBANK0  0020
?_strlen                                   cstackBANK0  0020
ADC_Media_10bits@canal                     cstackBANK0  0033
ADC_Media_10bits@i                         cstackBANK0  0036
ADC_Media_10bits@value                     cstackBANK0  0034
Decodify_Command@OutPut                    cstackBANK1  00BB
Decodify_Command@add                       cstackBANK1  00B7
Decodify_Command@add_24LCxxxx              cstackBANK1  00C0
Decodify_Command@dados                     cstackBANK1  00B5
Decodify_Command@sizedata                  cstackBANK1  00B8
Decodify_Command@tempchar                  cstackBANK1  00BF
Decodify_Command@tempint                   cstackBANK1  00B9
EEPROM_24C1025_Fill_All@chip_add           cstackBANK1  00AC
EEPROM_24C1025_Fill_All@mem_add            cstackBANK1  00AD
EEPROM_24C1025_Fill_All@value              cstackBANK1  00AA
EEPROM_24C1025_Read_Buffer@chip_add        cstackBANK0  0033
EEPROM_24C1025_Read_Buffer@cnt_108         cstackBANK0  0032
EEPROM_24C1025_Read_Buffer@ctrl            cstackBANK0  0035
EEPROM_24C1025_Read_Buffer@data            cstackBANK0  002F
EEPROM_24C1025_Read_Buffer@mem_add         cstackBANK0  002A
EEPROM_24C1025_Read_Buffer@range           cstackBANK0  0034
EEPROM_24C1025_Read_Buffer@sizedata        cstackBANK0  002E
EEPROM_24C1025_Read_Buffer_USART@chip_add  cstackBANK0  0032
EEPROM_24C1025_Read_Buffer_USART@cnt_117   cstackBANK0  0031
EEPROM_24C1025_Read_Buffer_USART@ctrl      cstackBANK0  0034
EEPROM_24C1025_Read_Buffer_USART@data      cstackBANK0  002E
EEPROM_24C1025_Read_Buffer_USART@mem_add   cstackBANK0  0029
EEPROM_24C1025_Read_Buffer_USART@range     cstackBANK0  0033
EEPROM_24C1025_Read_Buffer_USART@sizedata  cstackBANK0  002D
EEPROM_24C1025_Read_Byte@chip_add          cstackBANK0  003B
EEPROM_24C1025_Read_Byte@data              cstackBANK0  003C
EEPROM_24C1025_Read_Byte@mem_add           cstackBANK0  0036
EEPROM_24C1025_Read_Int@chip_add           cstackBANK0  003C
EEPROM_24C1025_Read_Int@data               cstackBANK0  003D
EEPROM_24C1025_Read_Int@mem_add            cstackBANK0  0036
EEPROM_24C1025_Read_Str@buffer             cstackBANK0  002D
EEPROM_24C1025_Read_Str@chip_add           cstackBANK0  0031
EEPROM_24C1025_Read_Str@cnt                cstackBANK0  0030
EEPROM_24C1025_Read_Str@ctrl               cstackBANK0  0033
EEPROM_24C1025_Read_Str@mem_add            cstackBANK0  0029
EEPROM_24C1025_Read_Str@range              cstackBANK0  0032
EEPROM_24C1025_Write_Buffer@chip_add       cstackBANK0  0034
EEPROM_24C1025_Write_Buffer@count          cstackBANK0  0033
EEPROM_24C1025_Write_Buffer@ctrl           cstackBANK0  0036
EEPROM_24C1025_Write_Buffer@data           cstackBANK0  002F
EEPROM_24C1025_Write_Buffer@mem_add        cstackBANK0  002A
EEPROM_24C1025_Write_Buffer@range          cstackBANK0  0035
EEPROM_24C1025_Write_Buffer@sizedata       cstackBANK0  002E
EEPROM_24C1025_Write_Byte@chip_add         cstackBANK0  003C
EEPROM_24C1025_Write_Byte@data             cstackBANK0  003B
EEPROM_24C1025_Write_Byte@mem_add          cstackBANK0  0037
EEPROM_24C1025_Write_Int@chip_add          cstackBANK1  00A7
EEPROM_24C1025_Write_Int@data              cstackBANK1  00A4
EEPROM_24C1025_Write_Int@local             cstackBANK1  00A8
EEPROM_24C1025_Write_Int@mem_add           cstackBANK1  00A0
EEPROM_24C1025_Write_Str@chip_add          cstackBANK0  0031
EEPROM_24C1025_Write_Str@ctrl              cstackBANK0  0033
EEPROM_24C1025_Write_Str@data              cstackBANK0  002E
EEPROM_24C1025_Write_Str@mem_add           cstackBANK0  002A
EEPROM_24C1025_Write_Str@range             cstackBANK0  0032
EEPROM_Read_Byte@addr                      cstackBANK0  0022
EEPROM_Read_Integer@addr                   cstackBANK0  0026
EEPROM_Read_Integer@i                      cstackBANK0  002A
EEPROM_Read_Integer@ptr                    cstackBANK0  0027
EEPROM_Read_Integer@result                 cstackBANK0  0028
EEPROM_Read_String@addr                    cstackBANK0  0025
EEPROM_Read_String@c                       cstackBANK0  0026
EEPROM_Read_String@dado                    cstackBANK0  0023
EEPROM_Write_Byte@addr                     cstackBANK0  0023
EEPROM_Write_Byte@dado                     cstackBANK0  0020
EEPROM_Write_Byte@last_GIE                 cstackBANK0  0024
EEPROM_Write_Integer@addr                  cstackBANK0  002A
EEPROM_Write_Integer@dado                  cstackBANK0  0025
EEPROM_Write_Integer@i                     cstackBANK0  002B
EEPROM_Write_Integer@ptr                   cstackBANK0  0029
EEPROM_Write_String@addr                   cstackBANK0  0027
EEPROM_Write_String@dado                   cstackBANK0  0025
I2C_Master_Init@c                          cstackBANK0  002E
I2C_Master_Read@a                          cstackBANK0  0023
I2C_Master_Read@temp                       cstackBANK0  0027
I2C_Master_Wait@tempo                      cstackBANK0  0022
I2C_Master_Write@d                         cstackBANK0  0023
MediaPlacaVaccum@Temp                      cstackBANK1  00A7
MediaPlacaVaccum@canal                     cstackBANK1  00A4
MediaPlacaVaccum@i                         cstackBANK1  00A5
PROCULUS_Buzzer@time_ms_x_10               cstackBANK1  00A8
PROCULUS_Buzzer@vetor                      cstackBANK1  00AB
PROCULUS_Control_Register_Write@i          cstackBANK1  00A7
PROCULUS_Control_Register_Write@size       cstackBANK1  00A4
PROCULUS_Control_Register_Write@vetor      cstackBANK1  00A6
PROCULUS_Delay@i                           cstackBANK0  0024
PROCULUS_Delay@tempo_ms                    cstackBANK0  0020
PROCULUS_Show_Screen@screen                cstackBANK1  00A8
PROCULUS_Show_Screen@vetor                 cstackBANK1  00AB
PROCULUS_VP_Write@i                        cstackBANK1  00AB
PROCULUS_VP_Write@size                     cstackBANK1  00A8
PROCULUS_VP_Write@vetor                    cstackBANK1  00A6
PROCULUS_VP_Write@vp                       cstackBANK1  00A4
PROCULUS_VP_Write_String@text              cstackBANK1  00AE
PROCULUS_VP_Write_String@vp                cstackBANK1  00AC
Package_Usart_is_for_me@retorno            cstackBANK0  0020
Save_Log@add_datalog                       cstackBANK1  00AA
Send_To_MB@size                            cstackBANK0  0021
USART_init@baudrate                        cstackBANK0  0020
USART_init@i                               cstackBANK0  0025
USART_put_int@dado                         cstackBANK1  00A3
USART_put_int@value                        cstackBANK1  00A0
USART_put_string@ptr                       cstackBANK0  0023
USART_put_string@vetor                     cstackBANK0  0021
USART_putc@value                           cstackBANK0  0020
USART_to_Protocol@i                        cstackBANK0  0022
USART_to_Protocol@usart_protocol           cstackBANK0  0024
_ADCON0bits                                (abs)        001F
_ADCON1                                    (abs)        009F
_ADCON1bits                                (abs)        009F
_ADC_Media_10bits                          text8        1DD1
_ADC_init                                  text57       1890
_ADRESH                                    (abs)        001E
_ADRESL                                    (abs)        009E
_ANSEL                                     (abs)        0188
_ANSELH                                    (abs)        0189
_BAUDCTLbits                               (abs)        0187
_Board_Number                              bssBANK1     00E1
_CREN                                      (abs)        00C4
_Decodify_Command                          text14       03FF
_Delay_Led_Memory                          bssBANK1     00DD
_Delay_Led_Tmr0                            bssCOMMON    0078
_Delay_Led_Usart                           bssBANK1     00DB
_EEADR                                     (abs)        010D
_EECON1bits                                (abs)        018C
_EECON2                                    (abs)        018D
_EEDATA                                    (abs)        010C
_EEPROM_24C1025_Fill_All                   text49       1CF8
_EEPROM_24C1025_Read_Buffer                text44       1682
_EEPROM_24C1025_Read_Buffer_USART          text45       1504
_EEPROM_24C1025_Read_Byte                  text43       1919
_EEPROM_24C1025_Read_Int                   text42       1A43
_EEPROM_24C1025_Read_Str                   text41       138A
_EEPROM_24C1025_Write_Buffer               text51       1214
_EEPROM_24C1025_Write_Byte                 text40       18EB
_EEPROM_24C1025_Write_Int                  text50       1A93
_EEPROM_24C1025_Write_Str                  text39       0842
_EEPROM_Read_Byte                          text38       19FE
_EEPROM_Read_Integer                       text37       1ABC
_EEPROM_Read_String                        text36       19BD
_EEPROM_Write_Byte                         text35       1C80
_EEPROM_Write_Integer                      text34       1B41
_EEPROM_Write_String                       text33       1002
_I2C_Master_Init                           text12       1B10
_I2C_Master_Read                           text48       1BA6
_I2C_Master_RepeatedStart                  text47       18A6
_I2C_Master_Start                          text55       07EE
_I2C_Master_Stop                           text54       1874
_I2C_Master_Wait                           text56       19DD
_I2C_Master_Write                          text53       189B
_INTCONbits                                (abs)        000B
_MediaPlacaVaccum                          text2        0037
_MediaPlacaVaccum$2372                     cstackBANK1  00A0
_OPTION_REGbits                            (abs)        0081
_OSCCONbits                                (abs)        008F
_PIE1bits                                  (abs)        008C
_PIR1bits                                  (abs)        000C
_PORTA                                     (abs)        0005
_PORTAbits                                 (abs)        0005
_PORTB                                     (abs)        0006
_PORTBbits                                 (abs)        0006
_PORTC                                     (abs)        0007
_PORTCbits                                 (abs)        0007
_PORTE                                     (abs)        0009
_PROCULUS_Buzzer                           text28       1AE6
_PROCULUS_Control_Register_Write           text30       1BDB
_PROCULUS_Delay                            text32       1964
_PROCULUS_Show_Screen                      text27       18D6
_PROCULUS_VP_Write                         text26       1D38
_PROCULUS_VP_Write_String                  text24       1901
_Package_Usart_is_for_me                   text7        194B
_RCREG                                     (abs)        001A
_RCSTAbits                                 (abs)        0018
_SPBRG                                     (abs)        0099
_SSPADD                                    (abs)        0093
_SSPBUF                                    (abs)        0013
_SSPCON                                    (abs)        0014
_SSPCON2                                   (abs)        0091
_SSPCON2bits                               (abs)        0091
_SSPSTAT                                   (abs)        0094
_Save_Log                                  text20       1EF0
_Send_Reply_OK                             text18       187D
_Send_To_MB                                text17       1A6B
_T1CKPS0                                   (abs)        0084
_T1CKPS1                                   (abs)        0085
_T1CON                                     (abs)        0010
_TMR1CS                                    (abs)        0081
_TMR1H                                     (abs)        000F
_TMR1IE                                    (abs)        0460
_TMR1L                                     (abs)        000E
_TRISA                                     (abs)        0085
_TRISB                                     (abs)        0086
_TRISC                                     (abs)        0087
_TRISC3                                    (abs)        043B
_TRISC4                                    (abs)        043C
_TRISC6                                    (abs)        043E
_TRISC7                                    (abs)        043F
_TRISE                                     (abs)        0089
_TXREG                                     (abs)        0019
_TXSTAbits                                 (abs)        0098
_Tensao1                                   bssBANK1     00C9
_USART_init                                text1        0800
_USART_put_int                             text31       18C1
_USART_put_string                          text19       1B73
_USART_putc                                text46       18B1
_USART_to_Protocol                         text16       1D7C
_Vaccum0                                   bssBANK1     00CD
_WPUB                                      (abs)        0095
__Habs1                                    abs1         0000
__Hbank0                                   bank0        0000
__Hbank1                                   bank1        0000
__Hbank2                                   bank2        0000
__Hbank3                                   bank3        0000
__HbssBANK1                                bssBANK1     0000
__HbssBANK2                                bssBANK2     0000
__HbssBANK3                                bssBANK3     0000
__HbssCOMMON                               bssCOMMON    0000
__Hcinit                                   cinit        0037
__Hclrtext                                 clrtext      0000
__Hcode                                    code         0000
__Hcommon                                  common       0000
__Hconfig                                  config       2009
__HcstackBANK0                             cstackBANK0  0000
__HcstackBANK1                             cstackBANK1  0000
__HcstackCOMMON                            cstackCOMMON 0000
__Heeprom_data                             eeprom_data  0000
__Hend_init                                end_init     0015
__Hfunctab                                 functab      0000
__Hinit                                    init         0012
__Hintentry                                intentry     0012
__Hmaintext                                maintext     0000
__Hpowerup                                 powerup      0000
__Hram                                     ram          0000
__Hreset_vec                               reset_vec    0003
__Hsfr0                                    sfr0         0000
__Hsfr1                                    sfr1         0000
__Hsfr2                                    sfr2         0000
__Hsfr3                                    sfr3         0000
__Hspace_0                                 (abs)        2000
__Hspace_1                                 (abs)        01EB
__Hspace_2                                 (abs)        0000
__Hspace_3                                 (abs)        0000
__Hspace_4                                 (abs)        4010
__Hstack                                   stack        0000
__Hstrings                                 strings      0000
__Htext                                    text         0000
__Labs1                                    abs1         0000
__Lbank0                                   bank0        0000
__Lbank1                                   bank1        0000
__Lbank2                                   bank2        0000
__Lbank3                                   bank3        0000
__LbssBANK1                                bssBANK1     0000
__LbssBANK2                                bssBANK2     0000
__LbssBANK3                                bssBANK3     0000
__LbssCOMMON                               bssCOMMON    0000
__Lcinit                                   cinit        0015
__Lclrtext                                 clrtext      0000
__Lcode                                    code         0000
__Lcommon                                  common       0000
__Lconfig                                  config       0000
__LcstackBANK0                             cstackBANK0  0000
__LcstackBANK1                             cstackBANK1  0000
__LcstackCOMMON                            cstackCOMMON 0000
__Leeprom_data                             eeprom_data  0000
__Lend_init                                end_init     0012
__Lfunctab                                 functab      0000
__Linit                                    init         0012
__Lintentry                                intentry     0004
__Lmaintext                                maintext     0000
__Lpowerup                                 powerup      0000
__Lram                                     ram          0000
__Lreset_vec                               reset_vec    0000
__Lsfr0                                    sfr0         0000
__Lsfr1                                    sfr1         0000
__Lsfr2                                    sfr2         0000
__Lsfr3                                    sfr3         0000
__Lspace_0                                 (abs)        0000
__Lspace_1                                 (abs)        0000
__Lspace_2                                 (abs)        0000
__Lspace_3                                 (abs)        0000
__Lspace_4                                 (abs)        0000
__Lstack                                   stack        0000
__Lstrings                                 strings      0000
__Ltext                                    text         0000
__S0                                       (abs)        2000
__S1                                       (abs)        01EB
__S2                                       (abs)        0000
__S3                                       (abs)        0000
__Umul8_16                                 text23       1A20
__Umul8_16@multiplicand                    cstackBANK0  0020
__Umul8_16@multiplier                      cstackBANK0  0028
__Umul8_16@product                         cstackBANK0  0024
__Umul8_16@word_mpld                       cstackBANK0  0026
___fladd                                   text4        0ADE
___fladd@a                                 cstackBANK0  003B
___fladd@aexp                              cstackBANK0  0048
___fladd@b                                 cstackBANK0  0037
___fladd@bexp                              cstackBANK0  0049
___fladd@grs                               cstackBANK0  004A
___fladd@signs                             cstackBANK0  0047
___fldiv                                   text6        093D
___fldiv@a                                 cstackBANK0  002E
___fldiv@aexp                              cstackBANK0  0047
___fldiv@b                                 cstackBANK0  0032
___fldiv@bexp                              cstackBANK0  0046
___fldiv@grs                               cstackBANK0  0042
___fldiv@new_exp                           cstackBANK0  0040
___fldiv@rem                               cstackBANK0  003B
___fldiv@sign                              cstackBANK0  003F
___flge                                    text5        1F6D
___flge@ff1                                cstackBANK0  0020
___flge@ff2                                cstackBANK0  0024
___flmul                                   text22       0D0B
___flmul@a                                 cstackBANK0  004F
___flmul@aexp                              cstackBANK0  0059
___flmul@b                                 cstackBANK0  004B
___flmul@bexp                              cstackBANK0  005E
___flmul@grs                               cstackBANK0  005A
___flmul@prod                              cstackBANK0  005F
___flmul@sign                              cstackBANK0  0058
___flmul@temp                              cstackBANK0  0063
___flsub                                   text3        199F
___flsub@a                                 cstackBANK0  004B
___flsub@b                                 cstackBANK0  004F
___fltol                                   text21       1E85
___fltol@exp1                              cstackBANK0  006F
___fltol@f1                                cstackBANK0  0065
___fltol@sign1                             cstackBANK0  006E
___int_sp                                  stack        0000
___latbits                                 (abs)        0002
___lldiv                                   text13       1E27
___lldiv@counter                           cstackBANK0  002D
___lldiv@dividend                          cstackBANK0  0024
___lldiv@divisor                           cstackBANK0  0020
___lldiv@quotient                          cstackBANK0  0029
___lwdiv                                   text29       1CBC
___lwdiv@counter                           cstackBANK0  0027
___lwdiv@dividend                          cstackBANK0  0022
___lwdiv@divisor                           cstackBANK0  0020
___lwdiv@quotient                          cstackBANK0  0025
___sp                                      stack        0000
___stackhi                                 (abs)        0000
___stacklo                                 (abs)        0000
___xxtofl                                  text11       074B
___xxtofl@arg                              cstackBANK0  002A
___xxtofl@exp                              cstackBANK0  0029
___xxtofl@sign                             cstackBANK0  0028
___xxtofl@val                              cstackBANK0  0020
__end_of_ADC_Media_10bits                  text8        1E27
__end_of_ADC_init                          text57       189B
__end_of_BALANCE_RESISTOR                  strings      1850
__end_of_BETA                              strings      184C
__end_of_Decodify_Command                  text14       074B
__end_of_EEPROM_24C1025_Fill_All           text49       1D38
__end_of_EEPROM_24C1025_Read_Buffer        text44       1800
__end_of_EEPROM_24C1025_Read_Buffer_USART  text45       1682
__end_of_EEPROM_24C1025_Read_Byte          text43       1932
__end_of_EEPROM_24C1025_Read_Int           text42       1A6B
__end_of_EEPROM_24C1025_Read_Str           text41       1504
__end_of_EEPROM_24C1025_Write_Buffer       text51       138A
__end_of_EEPROM_24C1025_Write_Byte         text40       1901
__end_of_EEPROM_24C1025_Write_Int          text50       1ABC
__end_of_EEPROM_24C1025_Write_Str          text39       093D
__end_of_EEPROM_Read_Byte                  text38       1A20
__end_of_EEPROM_Read_Integer               text37       1AE6
__end_of_EEPROM_Read_String                text36       19DD
__end_of_EEPROM_Write_Byte                 text35       1CBC
__end_of_EEPROM_Write_Integer              text34       1B73
__end_of_EEPROM_Write_String               text33       102D
__end_of_I2C_Master_Init                   text12       1B41
__end_of_I2C_Master_Read                   text48       1BDB
__end_of_I2C_Master_RepeatedStart          text47       18B1
__end_of_I2C_Master_Start                  text55       07FF
__end_of_I2C_Master_Stop                   text54       187D
__end_of_I2C_Master_Wait                   text56       19FE
__end_of_I2C_Master_Write                  text53       18A6
__end_of_MAX_ADC                           strings      1824
__end_of_MediaPlacaVaccum                  text2        03FF
__end_of_PROCULUS_Buzzer                   text28       1B10
__end_of_PROCULUS_Control_Register_Write   text30       1C11
__end_of_PROCULUS_Delay                    text32       1981
__end_of_PROCULUS_Show_Screen              text27       18EB
__end_of_PROCULUS_VP_Write                 text26       1D7C
__end_of_PROCULUS_VP_Write_String          text24       1919
__end_of_PT100_CONSTANT                    strings      1818
__end_of_PT100_TRANSLADA                   strings      1814
__end_of_Package_Usart_is_for_me           text7        1964
__end_of_RESISTOR_ROOM_TEMP                strings      181C
__end_of_ROOM_TEMP                         strings      1820
__end_of_Save_Log                          text20       1F6D
__end_of_Send_Reply_OK                     text18       1886
__end_of_Send_To_MB                        text17       1A93
__end_of_USART_init                        text1        0842
__end_of_USART_put_int                     text31       18D6
__end_of_USART_put_string                  text19       1BA6
__end_of_USART_putc                        text46       18C1
__end_of_USART_to_Protocol                 text16       1DD1
__end_of__Umul8_16                         text23       1A43
__end_of___fladd                           text4        0D0B
__end_of___fldiv                           text6        0ADE
__end_of___flge                            text5        2000
__end_of___flmul                           text22       1000
__end_of___flsub                           text3        19BD
__end_of___fltol                           text21       1EF0
__end_of___lldiv                           text13       1E85
__end_of___lwdiv                           text29       1CF8
__end_of___xxtofl                          text11       07EE
__end_of__initialization                   cinit        0033
__end_of__stringtab                        strings      1810
__end_of_captura                           text10       1890
__end_of_isr                               text58       111B
__end_of_main                              maintext     1214
__end_of_my_delay_ms                       text9        1C48
__end_of_my_delay_ms_WDT                   text52       1C80
__end_of_strcpy                            text15       199F
__end_of_strlen                            text25       194B
__end_oflog@coeff                          strings      1848
__initialization                           cinit        0015
__pbssBANK1                                bssBANK1     00C9
__pbssBANK2                                bssBANK2     0110
__pbssBANK3                                bssBANK3     0190
__pbssCOMMON                               bssCOMMON    0078
__pcstackBANK0                             cstackBANK0  0020
__pcstackBANK1                             cstackBANK1  00A0
__pcstackCOMMON                            cstackCOMMON 0070
__pintentry                                intentry     0004
__pmaintext                                maintext     111B
__pstrings                                 strings      1800
__ptext1                                   text1        0800
__ptext10                                  text10       1886
__ptext11                                  text11       074B
__ptext12                                  text12       1B10
__ptext13                                  text13       1E27
__ptext14                                  text14       03FF
__ptext15                                  text15       1981
__ptext16                                  text16       1D7C
__ptext17                                  text17       1A6B
__ptext18                                  text18       187D
__ptext19                                  text19       1B73
__ptext2                                   text2        0037
__ptext20                                  text20       1EF0
__ptext21                                  text21       1E85
__ptext22                                  text22       0D0B
__ptext23                                  text23       1A20
__ptext24                                  text24       1901
__ptext25                                  text25       1932
__ptext26                                  text26       1D38
__ptext27                                  text27       18D6
__ptext28                                  text28       1AE6
__ptext29                                  text29       1CBC
__ptext3                                   text3        199F
__ptext30                                  text30       1BDB
__ptext31                                  text31       18C1
__ptext32                                  text32       1964
__ptext33                                  text33       1002
__ptext34                                  text34       1B41
__ptext35                                  text35       1C80
__ptext36                                  text36       19BD
__ptext37                                  text37       1ABC
__ptext38                                  text38       19FE
__ptext39                                  text39       0842
__ptext4                                   text4        0ADE
__ptext40                                  text40       18EB
__ptext41                                  text41       138A
__ptext42                                  text42       1A43
__ptext43                                  text43       1919
__ptext44                                  text44       1682
__ptext45                                  text45       1504
__ptext46                                  text46       18B1
__ptext47                                  text47       18A6
__ptext48                                  text48       1BA6
__ptext49                                  text49       1CF8
__ptext5                                   text5        1F6D
__ptext50                                  text50       1A93
__ptext51                                  text51       1214
__ptext52                                  text52       1C48
__ptext53                                  text53       189B
__ptext54                                  text54       1874
__ptext55                                  text55       07EE
__ptext56                                  text56       19DD
__ptext57                                  text57       1890
__ptext58                                  text58       102D
__ptext6                                   text6        093D
__ptext7                                   text7        194B
__ptext8                                   text8        1DD1
__ptext9                                   text9        1C11
__size_of_ADC_Media_10bits                 (abs)        0000
__size_of_ADC_init                         (abs)        0000
__size_of_Decodify_Command                 (abs)        0000
__size_of_EEPROM_24C1025_Fill_All          (abs)        0000
__size_of_EEPROM_24C1025_Read_Buffer       (abs)        0000
__size_of_EEPROM_24C1025_Read_Buffer_USART (abs)        0000
__size_of_EEPROM_24C1025_Read_Byte         (abs)        0000
__size_of_EEPROM_24C1025_Read_Int          (abs)        0000
__size_of_EEPROM_24C1025_Read_Str          (abs)        0000
__size_of_EEPROM_24C1025_Write_Buffer      (abs)        0000
__size_of_EEPROM_24C1025_Write_Byte        (abs)        0000
__size_of_EEPROM_24C1025_Write_Int         (abs)        0000
__size_of_EEPROM_24C1025_Write_Str         (abs)        0000
__size_of_EEPROM_Read_Byte                 (abs)        0000
__size_of_EEPROM_Read_Integer              (abs)        0000
__size_of_EEPROM_Read_String               (abs)        0000
__size_of_EEPROM_Write_Byte                (abs)        0000
__size_of_EEPROM_Write_Integer             (abs)        0000
__size_of_EEPROM_Write_String              (abs)        0000
__size_of_I2C_Master_Init                  (abs)        0000
__size_of_I2C_Master_Read                  (abs)        0000
__size_of_I2C_Master_RepeatedStart         (abs)        0000
__size_of_I2C_Master_Start                 (abs)        0000
__size_of_I2C_Master_Stop                  (abs)        0000
__size_of_I2C_Master_Wait                  (abs)        0000
__size_of_I2C_Master_Write                 (abs)        0000
__size_of_MediaPlacaVaccum                 (abs)        0000
__size_of_PROCULUS_Buzzer                  (abs)        0000
__size_of_PROCULUS_Control_Register_Write  (abs)        0000
__size_of_PROCULUS_Delay                   (abs)        0000
__size_of_PROCULUS_Show_Screen             (abs)        0000
__size_of_PROCULUS_VP_Write                (abs)        0000
__size_of_PROCULUS_VP_Write_String         (abs)        0000
__size_of_Package_Usart_is_for_me          (abs)        0000
__size_of_Save_Log                         (abs)        0000
__size_of_Send_Reply_OK                    (abs)        0000
__size_of_Send_To_MB                       (abs)        0000
__size_of_USART_init                       (abs)        0000
__size_of_USART_put_int                    (abs)        0000
__size_of_USART_put_string                 (abs)        0000
__size_of_USART_putc                       (abs)        0000
__size_of_USART_to_Protocol                (abs)        0000
__size_of__Umul8_16                        (abs)        0000
__size_of___fladd                          (abs)        0000
__size_of___fldiv                          (abs)        0000
__size_of___flge                           (abs)        0000
__size_of___flmul                          (abs)        0000
__size_of___flsub                          (abs)        0000
__size_of___fltol                          (abs)        0000
__size_of___lldiv                          (abs)        0000
__size_of___lwdiv                          (abs)        0000
__size_of___xxtofl                         (abs)        0000
__size_of_captura                          (abs)        0000
__size_of_isr                              (abs)        0000
__size_of_main                             (abs)        0000
__size_of_my_delay_ms                      (abs)        0000
__size_of_my_delay_ms_WDT                  (abs)        0000
__size_of_strcpy                           (abs)        0000
__size_of_strlen                           (abs)        0000
__stringbase                               strings      180F
__stringtab                                strings      1800
_buffer                                    bssBANK3     01CA
_canal                                     bssBANK1     00E2
_captura                                   text10       1886
_count                                     bssBANK1     00D5
_destino                                   bssBANK1     00E0
_generic_status                            bssBANK1     00E4
_header                                    bssBANK1     00D7
_hora                                      bssCOMMON    007C
_isr                                       text58       102D
_main                                      maintext     111B
_milisegundo                               bssBANK1     00D9
_minuto                                    bssCOMMON    007A
_my_delay_ms                               text9        1C11
_my_delay_ms_WDT                           text52       1C48
_pointer                                   bssBANK1     00DF
_segundo                                   bssCOMMON    007D
_statuspower                               bssBANK1     00E3
_strcpy                                    text15       1981
_strlen                                    text25       1932
_tempodecorrido                            bssBANK1     00D3
_usart_buffer                              bssBANK2     0110
_usart_protocol                            bssBANK3     0190
btemp                                      (abs)        007E
clear_ram0                                 clrtext      186C
end_of_initialization                      cinit        0033
interrupt_function                         intentry     0004
intlevel0                                  functab      0000
intlevel1                                  functab      0000
intlevel2                                  functab      0000
intlevel3                                  functab      0000
intlevel4                                  functab      0000
intlevel5                                  functab      0000
isr@tempo                                  cstackCOMMON 0076
main@reset                                 cstackBANK1  00C7
my_delay_ms@i                              cstackBANK0  0026
my_delay_ms@time                           cstackBANK0  0020
my_delay_ms_WDT@i                          cstackBANK0  0026
my_delay_ms_WDT@time                       cstackBANK0  0020
reset_vec                                  reset_vec    0000
saved_w                                    (abs)        007E
start                                      init         0012
start_initialization                       cinit        0015
strcpy@cp                                  cstackBANK0  0023
strcpy@from                                cstackBANK0  0020
strcpy@to                                  cstackBANK0  0022
strlen@cp                                  cstackBANK0  0023
strlen@s                                   cstackBANK0  0024
wtemp0                                     (abs)        007E


MODULE INFORMATION

Module		Function		Class		Link	Load	Size
protocolo.c
		_Package_Usart_is_for_me		CODE           	194B	0000	25

protocolo.c estimated size: 25

C:\Program Files\Microchip\xc8\v2.32\pic\sources\c90\common\sprcadd.c
		___flsub       		CODE           	199F	0000	30
		___fladd       		CODE           	0ADE	0000	557

C:\Program Files\Microchip\xc8\v2.32\pic\sources\c90\common\sprcadd.c estimated size: 587

C:\Program Files\Microchip\xc8\v2.32\pic\sources\c90\common\flge.c
		___flge        		CODE           	1F6D	0000	147

C:\Program Files\Microchip\xc8\v2.32\pic\sources\c90\common\flge.c estimated size: 147

my_delay.c
		_my_delay_ms_WDT		CODE           	1C48	0000	56
		_my_delay_ms   		CODE           	1C11	0000	55

my_delay.c estimated size: 111

usart.c
		_USART_putc    		CODE           	18B1	0000	16
		_USART_to_Protocol		CODE           	1D7C	0000	85
		_USART_put_string		CODE           	1B73	0000	51
		_USART_put_int 		CODE           	18C1	0000	21
		_USART_init    		CODE           	0800	0000	66

usart.c estimated size: 239

C:\Program Files\Microchip\xc8\v2.32\pic\sources\c90\common\xxtofl.c
		___xxtofl      		CODE           	074B	0000	163

C:\Program Files\Microchip\xc8\v2.32\pic\sources\c90\common\xxtofl.c estimated size: 163

I2C.c
		_I2C_Master_Read		CODE           	1BA6	0000	53
		_I2C_Master_Wait		CODE           	19DD	0000	33
		_I2C_Master_Init		CODE           	1B10	0000	49
		_I2C_Master_Stop		CODE           	1874	0000	9
		_I2C_Master_RepeatedStart		CODE           	18A6	0000	11
		_I2C_Master_Write		CODE           	189B	0000	11
		_I2C_Master_Start		CODE           	07EE	0000	17

I2C.c estimated size: 183

C:\Program Files\Microchip\xc8\v2.32\pic\sources\c90\common\Umul8_16.c
		__Umul8_16     		CODE           	1A20	0000	35

C:\Program Files\Microchip\xc8\v2.32\pic\sources\c90\common\Umul8_16.c estimated size: 35

C:\Program Files\Microchip\xc8\v2.32\pic\sources\c90\common\strlen.c
		_strlen        		CODE           	1932	0000	25

C:\Program Files\Microchip\xc8\v2.32\pic\sources\c90\common\strlen.c estimated size: 25

C:\Program Files\Microchip\xc8\v2.32\pic\sources\c90\common\strcpy.c
		_strcpy        		CODE           	1981	0000	30

C:\Program Files\Microchip\xc8\v2.32\pic\sources\c90\common\strcpy.c estimated size: 30

proculus.c
		_PROCULUS_Control_Register_Write		CODE           	1BDB	0000	54
		_PROCULUS_Show_Screen		CODE           	18D6	0000	21
		_PROCULUS_VP_Write_String		CODE           	1901	0000	24
		_PROCULUS_VP_Write		CODE           	1D38	0000	68
		_PROCULUS_Delay		CODE           	1964	0000	29
		_PROCULUS_Buzzer		CODE           	1AE6	0000	42

proculus.c estimated size: 238

eeprom.c
		_EEPROM_Write_String		CODE           	1002	0000	43
		_EEPROM_Read_Byte		CODE           	19FE	0000	34
		_EEPROM_Write_Byte		CODE           	1C80	0000	60
		_EEPROM_Read_Integer		CODE           	1ABC	0000	42
		_EEPROM_Read_String		CODE           	19BD	0000	32
		_EEPROM_Write_Integer		CODE           	1B41	0000	50

eeprom.c estimated size: 261

adc.c
		_captura       		CODE           	1886	0000	10
		_ADC_Media_10bits		CODE           	1DD1	0000	86
		_ADC_init      		CODE           	1890	0000	11

adc.c estimated size: 107

SlaveLiofilizadorVer1.c
		_MediaPlacaVaccum		CODE           	0037	0000	968
		_Send_To_MB    		CODE           	1A6B	0000	40
		_main          		CODE           	111B	0000	249
		_Decodify_Command		CODE           	03FF	0000	844
		_Send_Reply_OK 		CODE           	187D	0000	9
		_Save_Log      		CODE           	1EF0	0000	125

SlaveLiofilizadorVer1.c estimated size: 2235

isr.c
		_isr           		CODE           	102D	0000	238

isr.c estimated size: 238

shared
		_PT100_TRANSLADA		STRING         	0000	0000	0
		__stringtab    		STRING         	1800	0000	16
		_RESISTOR_ROOM_TEMP		STRING         	0000	0000	0
		_PT100_CONSTANT		STRING         	0000	0000	0
		_ROOM_TEMP     		STRING         	0000	0000	0
		_BETA          		STRING         	0000	0000	0
		__initialization		CODE           	0015	0000	30
		log@coeff      		STRING         	0000	0000	0
		_BALANCE_RESISTOR		STRING         	0000	0000	0
		_MAX_ADC       		STRING         	0000	0000	0

shared estimated size: 46

C:\Program Files\Microchip\xc8\v2.32\pic\sources\c90\common\sprcmul.c
		___flmul       		CODE           	0D0B	0000	757

C:\Program Files\Microchip\xc8\v2.32\pic\sources\c90\common\sprcmul.c estimated size: 757

C:\Program Files\Microchip\xc8\v2.32\pic\sources\c90\common\sprcdiv.c
		___fldiv       		CODE           	093D	0000	417

C:\Program Files\Microchip\xc8\v2.32\pic\sources\c90\common\sprcdiv.c estimated size: 417

EEPROM_24C1025.c
		_EEPROM_24C1025_Read_Str		CODE           	138A	0000	378
		_EEPROM_24C1025_Read_Buffer_USART		CODE           	1504	0000	382
		_EEPROM_24C1025_Write_Int		CODE           	1A93	0000	41
		_EEPROM_24C1025_Read_Byte		CODE           	1919	0000	25
		_EEPROM_24C1025_Read_Buffer		CODE           	1682	0000	382
		_EEPROM_24C1025_Write_Byte		CODE           	18EB	0000	22
		_EEPROM_24C1025_Write_Buffer		CODE           	1214	0000	374
		_EEPROM_24C1025_Fill_All		CODE           	1CF8	0000	64
		_EEPROM_24C1025_Read_Int		CODE           	1A43	0000	40
		_EEPROM_24C1025_Write_Str		CODE           	0842	0000	251

EEPROM_24C1025.c estimated size: 1959

C:\Program Files\Microchip\xc8\v2.32\pic\sources\c90\common\lwdiv.c
		___lwdiv       		CODE           	1CBC	0000	60

C:\Program Files\Microchip\xc8\v2.32\pic\sources\c90\common\lwdiv.c estimated size: 60

C:\Program Files\Microchip\xc8\v2.32\pic\sources\c90\common\fltol.c
		___fltol       		CODE           	1E85	0000	107

C:\Program Files\Microchip\xc8\v2.32\pic\sources\c90\common\fltol.c estimated size: 107

C:\Program Files\Microchip\xc8\v2.32\pic\sources\c90\common\__lldiv.c
		___lldiv       		CODE           	1E27	0000	94

C:\Program Files\Microchip\xc8\v2.32\pic\sources\c90\common\__lldiv.c estimated size: 94

