Microchip MPLAB XC8 Compiler V2.10 ()

Linker command line:

-W-3 --edf=C:\Program Files (x86)\Microchip\xc8\v2.10\pic\dat\en_msgs.txt \
  -cs \
  -h+dist/default/production\Liofilizador_-_Placa_Filha.X.production.sym \
  --cmf=dist/default/production\Liofilizador_-_Placa_Filha.X.production.cmf \
  -z -Q16F886 -oC:\Users\Dell\AppData\Local\Temp\sb34.2 \
  --defsym=__MPLAB_BUILD=1 \
  -Mdist/default/production/Liofilizador_-_Placa_Filha.X.production.map -E1 \
  -ver=XC8 --acfsm=1493 -ASTACK=0144h-016Fh -pstack=STACK \
  -ACODE=00h-07FFhx4 -ASTRCODE=00h-01FFFh -ASTRING=00h-0FFhx32 \
  -ACONST=00h-0FFhx32 -AENTRY=00h-0FFhx32 -ACOMMON=070h-07Fh \
  -ABANK0=020h-06Fh -ABANK1=0A0h-0EFh -ABANK2=0110h-016Fh \
  -ABANK3=0190h-01EFh -ARAM=020h-06Fh,0A0h-0EFh,0110h-016Fh,0190h-01EFh \
  -AABS1=020h-07Fh,0A0h-0EFh,0110h-016Fh,0190h-01EFh -ASFR0=00h-01Fh \
  -ASFR1=080h-09Fh -ASFR2=0100h-010Fh -ASFR3=0180h-018Fh \
  -preset_vec=00h,intentry=04h,init,end_init -ppowerup=CODE -pcinit=CODE \
  -pfunctab=ENTRY -ACONFIG=02007h-02008h -pconfig=CONFIG -DCONFIG=2 \
  -AIDLOC=02000h-02003h -pidloc=IDLOC -DIDLOC=2 -AEEDATA=00h-0FFh/02100h \
  -peeprom_data=EEDATA -DEEDATA=2 -DCODE=2 -DSTRCODE=2 -DSTRING=2 -DCONST=2 \
  -DENTRY=2 -k C:\Users\Dell\AppData\Local\Temp\sb34.o \
  dist/default/production\Liofilizador_-_Placa_Filha.X.production.o 

Object code version is 3.11

Machine type is 16F886



                Name                               Link     Load   Length Selector   Space Scale
C:\Users\Dell\AppData\Local\Temp\sb34.o
                end_init                             12       12        3        8       0
                reset_vec                             0        0        3        0       0
                config                             2007     2007        2     400E       0
dist/default/production\Liofilizador_-_Placa_Filha.X.production.o
                cinit                                15       15       29        8       0
                intentry                              4        4        E        8       0
                text57                             14BB     14BB       EB     2976       0
                text56                             1CE0     1CE0        B     39C0       0
                text55                             1E67     1E67       21     3CCE       0
                text54                             1D11     1D11       11     3A22       0
                text53                             1CC4     1CC4        9     3988       0
                text52                             1CEB     1CEB        B     39D6       0
                text51                             10F7     10F7       38     21EE       0
                text50                             1696     1696      16A     2D2C       0
                text49                             1E27     1E27       20     3C4E       0
                text48                             121B     121B       3F     2436       0
                text47                             108B     108B       35     2116       0
                text46                             1CF6     1CF6        B     39EC       0
                text45                              AC0      AC0      172     1580       0
                text44                             1D62     1D62       19     3AC4       0
                text43                             1EEF     1EEF       28     3DDE       0
                text42                              954      954      16C     12A8       0
                text41                             1D36     1D36       16     3A6C       0
                text40                              861      861       F3     10C2       0
                text39                             1E88     1E88       22     3D10       0
                text38                             1F40     1F40       2A     3E80       0
                text37                             1E47     1E47       20     3C8E       0
                text36                             1167     1167       3C     22CE       0
                text35                             1F9B     1F9B       32     3F36       0
                text34                             1060     1060       2B     20C0       0
                text33                             1DB1     1DB1       1D     3B62       0
                text32                             1D01     1D01       10     3A02       0
                text31                             1D4C     1D4C       16     3A98       0
                text30                             112F     112F       38     225E       0
                text29                             11A3     11A3       3C     2346       0
                text28                             1EAA     1EAA       22     3D54       0
                text27                              7EB      7EB       15        8       0
                text26                             125A     125A       47     24B4       0
                text25                             1D95     1D95       1C     3B2A       0
                text24                             1D7B     1D7B       1A     3AF6       0
                text23                             1ECC     1ECC       23     3D98       0
                text22                              3DB      3DB      2F5        8       0
                text21                             13AD     13AD       6B     275A       0
                text20                             134B     134B       62     2696       0
                text19                             1FCD     1FCD       33     3F9A       0
                text18                             1CCD     1CCD        9     399A       0
                text17                             1F17     1F17       29     3E2E       0
                text16                             1DCE     1DCE       1D     3B9C       0
                text15                             12A1     12A1       55     2542       0
                text14                             1DEB     1DEB       1E     3BD6       0
                text13                               3E       3E      39D        8       0
                text12                              803      803       5E     1006       0
                text11                             1F6A     1F6A       31     3ED4       0
                text10                             11DF     11DF       3C     23BE       0
                text9                              1418     1418       A3     2830       0
                text8                              1CD6     1CD6        A     39AC       0
                text7                              10C0     10C0       37     2180       0
                text6                              12F6     12F6       55     25EC       0
                text5                              1D22     1D22       14     3A44       0
                text4                               C32      C32      1A1     1864       0
                text3                               DD3      DD3      22D     1BA6       0
                text2                              1E09     1E09       1E     3C12       0
                text1                               6D0      6D0      11B        8       0
                maintext                           15A6     15A6       F0     2B4C       0
                cstackBANK0                          20       20       48       20       1
                cstackCOMMON                         70       70        8       70       1
                cstackBANK1                          D8       D8        F       A0       1
                clrtext                            1CBC     1CBC        8     3978       0
                bssBANK2                            110      110       34      110       1
                bssBANK3                            190      190       3A      190       1
                bssBANK1                             A0       A0       38       A0       1
                bssBANK0                             68       68        5       20       1
                bssCOMMON                            78       78        6       70       1
                strings                            1000     1000       5B     2000       0

TOTAL           Name                               Link     Load   Length     Space
        CLASS   STACK          

        CLASS   CODE           
                end_init                             12       12        3         0
                cinit                                15       15       29         0
                intentry                              4        4        E         0
                reset_vec                             0        0        3         0
                text57                             14BB     14BB       EB         0
                text56                             1CE0     1CE0        B         0
                text55                             1E67     1E67       21         0
                text54                             1D11     1D11       11         0
                text53                             1CC4     1CC4        9         0
                text52                             1CEB     1CEB        B         0
                text51                             10F7     10F7       38         0
                text50                             1696     1696      16A         0
                text49                             1E27     1E27       20         0
                text48                             121B     121B       3F         0
                text47                             108B     108B       35         0
                text46                             1CF6     1CF6        B         0
                text45                              AC0      AC0      172         0
                text44                             1D62     1D62       19         0
                text43                             1EEF     1EEF       28         0
                text42                              954      954      16C         0
                text41                             1D36     1D36       16         0
                text40                              861      861       F3         0
                text39                             1E88     1E88       22         0
                text38                             1F40     1F40       2A         0
                text37                             1E47     1E47       20         0
                text36                             1167     1167       3C         0
                text35                             1F9B     1F9B       32         0
                text34                             1060     1060       2B         0
                text33                             1DB1     1DB1       1D         0
                text32                             1D01     1D01       10         0
                text31                             1D4C     1D4C       16         0
                text30                             112F     112F       38         0
                text29                             11A3     11A3       3C         0
                text28                             1EAA     1EAA       22         0
                text27                              7EB      7EB       15         0
                text26                             125A     125A       47         0
                text25                             1D95     1D95       1C         0
                text24                             1D7B     1D7B       1A         0
                text23                             1ECC     1ECC       23         0
                text22                              3DB      3DB      2F5         0
                text21                             13AD     13AD       6B         0
                text20                             134B     134B       62         0
                text19                             1FCD     1FCD       33         0
                text18                             1CCD     1CCD        9         0
                text17                             1F17     1F17       29         0
                text16                             1DCE     1DCE       1D         0
                text15                             12A1     12A1       55         0
                text14                             1DEB     1DEB       1E         0
                text13                               3E       3E      39D         0
                text12                              803      803       5E         0
                text11                             1F6A     1F6A       31         0
                text10                             11DF     11DF       3C         0
                text9                              1418     1418       A3         0
                text8                              1CD6     1CD6        A         0
                text7                              10C0     10C0       37         0
                text6                              12F6     12F6       55         0
                text5                              1D22     1D22       14         0
                text4                               C32      C32      1A1         0
                text3                               DD3      DD3      22D         0
                text2                              1E09     1E09       1E         0
                text1                               6D0      6D0      11B         0
                maintext                           15A6     15A6       F0         0
                clrtext                            1CBC     1CBC        8         0

        CLASS   STRCODE        

        CLASS   STRING         
                strings                            1000     1000       5B         0

        CLASS   CONST          

        CLASS   ENTRY          

        CLASS   COMMON         
                cstackCOMMON                         70       70        8         1
                bssCOMMON                            78       78        6         1

        CLASS   BANK0          
                cstackBANK0                          20       20       48         1
                bssBANK0                             68       68        5         1

        CLASS   BANK1          
                cstackBANK1                          D8       D8        F         1
                bssBANK1                             A0       A0       38         1

        CLASS   BANK2          
                bssBANK2                            110      110       34         1

        CLASS   BANK3          
                bssBANK3                            190      190       3A         1

        CLASS   RAM            

        CLASS   ABS1           
                abs_s1                               7E       7E        2         1

        CLASS   SFR0           

        CLASS   SFR1           

        CLASS   SFR2           

        CLASS   SFR3           

        CLASS   CONFIG         
                config                             2007     2007        2         0

        CLASS   IDLOC          

        CLASS   EEDATA         



SEGMENTS        Name                           Load    Length   Top    Selector   Space  Class     Delta

                reset_vec                      000000  000003  000003         0       0  CODE        2
                intentry                       000004  0007FC  000800         8       0  CODE        2
                cstackBANK0                    000020  00004D  00006D        20       1  BANK0       1
                cstackCOMMON                   000070  00000E  00007E        70       1  COMMON      1
                bssBANK1                       0000A0  000047  0000E7        A0       1  BANK1       1
                bssBANK2                       000110  000034  000144       110       1  BANK2       1
                bssBANK3                       000190  00003A  0001CA       190       1  BANK3       1
                text12                         000803  00005E  000861      1006       0  CODE        2
                text40                         000861  0000F3  000954      10C2       0  CODE        2
                text42                         000954  00016C  000AC0      12A8       0  CODE        2
                text45                         000AC0  000172  000C32      1580       0  CODE        2
                text4                          000C32  0001A1  000DD3      1864       0  CODE        2
                text3                          000DD3  00022D  001000      1BA6       0  CODE        2
                strings                        001000  00005B  00105B      2000       0  STRING      2
                text34                         001060  00002B  00108B      20C0       0  CODE        2
                text47                         00108B  000035  0010C0      2116       0  CODE        2
                text7                          0010C0  000037  0010F7      2180       0  CODE        2
                text51                         0010F7  000038  00112F      21EE       0  CODE        2
                text30                         00112F  000038  001167      225E       0  CODE        2
                text36                         001167  00003C  0011A3      22CE       0  CODE        2
                text29                         0011A3  00003C  0011DF      2346       0  CODE        2
                text10                         0011DF  00003C  00121B      23BE       0  CODE        2
                text48                         00121B  00003F  00125A      2436       0  CODE        2
                text26                         00125A  000047  0012A1      24B4       0  CODE        2
                text15                         0012A1  000055  0012F6      2542       0  CODE        2
                text6                          0012F6  000055  00134B      25EC       0  CODE        2
                text20                         00134B  000062  0013AD      2696       0  CODE        2
                text21                         0013AD  00006B  001418      275A       0  CODE        2
                text9                          001418  0000A3  0014BB      2830       0  CODE        2
                text57                         0014BB  0000EB  0015A6      2976       0  CODE        2
                maintext                       0015A6  0000F0  001696      2B4C       0  CODE        2
                text50                         001696  00016A  001800      2D2C       0  CODE        2
                clrtext                        001CBC  000008  001CC4      3978       0  CODE        2
                text53                         001CC4  000009  001CCD      3988       0  CODE        2
                text18                         001CCD  000009  001CD6      399A       0  CODE        2
                text8                          001CD6  00000A  001CE0      39AC       0  CODE        2
                text56                         001CE0  00000B  001CEB      39C0       0  CODE        2
                text52                         001CEB  00000B  001CF6      39D6       0  CODE        2
                text46                         001CF6  00000B  001D01      39EC       0  CODE        2
                text32                         001D01  000010  001D11      3A02       0  CODE        2
                text54                         001D11  000011  001D22      3A22       0  CODE        2
                text5                          001D22  000014  001D36      3A44       0  CODE        2
                text41                         001D36  000016  001D4C      3A6C       0  CODE        2
                text31                         001D4C  000016  001D62      3A98       0  CODE        2
                text44                         001D62  000019  001D7B      3AC4       0  CODE        2
                text24                         001D7B  00001A  001D95      3AF6       0  CODE        2
                text25                         001D95  00001C  001DB1      3B2A       0  CODE        2
                text33                         001DB1  00001D  001DCE      3B62       0  CODE        2
                text16                         001DCE  00001D  001DEB      3B9C       0  CODE        2
                text14                         001DEB  00001E  001E09      3BD6       0  CODE        2
                text2                          001E09  00001E  001E27      3C12       0  CODE        2
                text49                         001E27  000020  001E47      3C4E       0  CODE        2
                text37                         001E47  000020  001E67      3C8E       0  CODE        2
                text55                         001E67  000021  001E88      3CCE       0  CODE        2
                text39                         001E88  000022  001EAA      3D10       0  CODE        2
                text28                         001EAA  000022  001ECC      3D54       0  CODE        2
                text23                         001ECC  000023  001EEF      3D98       0  CODE        2
                text43                         001EEF  000028  001F17      3DDE       0  CODE        2
                text17                         001F17  000029  001F40      3E2E       0  CODE        2
                text38                         001F40  00002A  001F6A      3E80       0  CODE        2
                text11                         001F6A  000031  001F9B      3ED4       0  CODE        2
                text35                         001F9B  000032  001FCD      3F36       0  CODE        2
                text19                         001FCD  000033  002000      3F9A       0  CODE        2
                config                         002007  000002  002009      400E       0  CONFIG      2


UNUSED ADDRESS RANGES

        Name                Unused          Largest block    Delta
        BANK0            006D-006F              3           1
        BANK1            00E7-00EF              9           1
        BANK2            0144-016F             2C           1
        BANK3            01CA-01EF             26           1
        CODE             0003-0003              1           2
                         0800-0802              3
                         105B-105F              5
                         1800-1CBB            4BC
        CONST            0003-0003              1           2
                         0800-0802              3
                         105B-105F              5
                         1800-1CBB            100
        EEDATA           2100-21FF            100           2
        ENTRY            0003-0003              1           2
                         0800-0802              3
                         105B-105F              5
                         1800-1CBB            100
        IDLOC            2000-2003              4           2
        RAM              006D-006F              3           1
                         00E7-00EF              9
                         0144-016F             2C
                         01CA-01EF             26
        SFR0             0000-001F             20           1
        SFR1             0080-009F             20           1
        SFR2             0100-010F             10           1
        SFR3             0180-018F             10           1
        STACK            0144-016F             2C           1
        STRCODE          0003-0003              1           2
                         0800-0802              3
                         105B-105F              5
                         1800-1CBB            4BC
        STRING           0003-0003              1           2
                         0800-0802              3
                         105B-105F              5
                         1800-1CBB            100

                                  Symbol Table

?_ADC_Media_10bits                        cstackBANK0  002E
?_EEPROM_24C1025_Read_Int                 cstackBANK0  0037
?_EEPROM_Read_Integer                     cstackBANK0  0023
?_I2C_Master_Read                         cstackBANK0  0023
?__Umul8_16                               cstackBANK0  0020
?___fladd                                 cstackBANK0  0037
?___fldiv                                 cstackBANK0  002E
?___flmul                                 cstackBANK0  0029
?___flsub                                 cstackBANK0  004B
?___fltol                                 cstackBANK0  0043
?___lldiv                                 cstackBANK0  0020
?___lwdiv                                 cstackBANK0  0020
?___xxtofl                                cstackBANK0  0020
?_captura                                 cstackBANK0  0020
?_strlen                                  cstackBANK0  0020
ADC_Media_10bits@canal                    cstackBANK0  0033
ADC_Media_10bits@i                        cstackBANK0  0036
ADC_Media_10bits@value                    cstackBANK0  0034
Decodify_Command@OutPut                   cstackBANK1  00DE
Decodify_Command@add                      cstackBANK1  00DA
Decodify_Command@add_24LCxxxx             cstackBANK1  00E3
Decodify_Command@dados                    cstackBANK1  00D8
Decodify_Command@sizedata                 cstackBANK1  00DB
Decodify_Command@tempchar                 cstackBANK1  00E2
Decodify_Command@tempint                  cstackBANK1  00DC
EEPROM_24C1025_Fill_All@chip_add          cstackBANK0  005A
EEPROM_24C1025_Fill_All@mem_add           cstackBANK0  005B
EEPROM_24C1025_Fill_All@value             cstackBANK0  0058
EEPROM_24C1025_Read_Buffer@chip_add       cstackBANK0  0034
EEPROM_24C1025_Read_Buffer@cnt_103        cstackBANK0  0033
EEPROM_24C1025_Read_Buffer@ctrl           cstackBANK0  0036
EEPROM_24C1025_Read_Buffer@data           cstackBANK0  002F
EEPROM_24C1025_Read_Buffer@mem_add        cstackBANK0  002A
EEPROM_24C1025_Read_Buffer@range          cstackBANK0  0035
EEPROM_24C1025_Read_Buffer@sizedata       cstackBANK0  002E
EEPROM_24C1025_Read_Byte@chip_add         cstackBANK0  003C
EEPROM_24C1025_Read_Byte@data             cstackBANK0  003D
EEPROM_24C1025_Read_Byte@mem_add          cstackBANK0  0037
EEPROM_24C1025_Read_Int@chip_add          cstackBANK0  003D
EEPROM_24C1025_Read_Int@data              cstackBANK0  003E
EEPROM_24C1025_Read_Int@mem_add           cstackBANK0  0037
EEPROM_24C1025_Read_Str@buffer            cstackBANK0  002D
EEPROM_24C1025_Read_Str@chip_add          cstackBANK0  0031
EEPROM_24C1025_Read_Str@cnt               cstackBANK0  0030
EEPROM_24C1025_Read_Str@ctrl              cstackBANK0  0033
EEPROM_24C1025_Read_Str@mem_add           cstackBANK0  0029
EEPROM_24C1025_Read_Str@range             cstackBANK0  0032
EEPROM_24C1025_Write_Buffer@chip_add      cstackBANK0  0034
EEPROM_24C1025_Write_Buffer@count         cstackBANK0  0033
EEPROM_24C1025_Write_Buffer@ctrl          cstackBANK0  0036
EEPROM_24C1025_Write_Buffer@data          cstackBANK0  002F
EEPROM_24C1025_Write_Buffer@mem_add       cstackBANK0  002A
EEPROM_24C1025_Write_Buffer@range         cstackBANK0  0035
EEPROM_24C1025_Write_Buffer@sizedata      cstackBANK0  002E
EEPROM_24C1025_Write_Byte@chip_add        cstackBANK0  003C
EEPROM_24C1025_Write_Byte@data            cstackBANK0  003B
EEPROM_24C1025_Write_Byte@mem_add         cstackBANK0  0037
EEPROM_24C1025_Write_Int@chip_add         cstackBANK0  0055
EEPROM_24C1025_Write_Int@data             cstackBANK0  0052
EEPROM_24C1025_Write_Int@local            cstackBANK0  0056
EEPROM_24C1025_Write_Int@mem_add          cstackBANK0  004E
EEPROM_24C1025_Write_Str@chip_add         cstackBANK0  0031
EEPROM_24C1025_Write_Str@ctrl             cstackBANK0  0033
EEPROM_24C1025_Write_Str@data             cstackBANK0  002E
EEPROM_24C1025_Write_Str@mem_add          cstackBANK0  002A
EEPROM_24C1025_Write_Str@range            cstackBANK0  0032
EEPROM_Read_Byte@addr                     cstackBANK0  0022
EEPROM_Read_Integer@addr                  cstackBANK0  0026
EEPROM_Read_Integer@i                     cstackBANK0  002A
EEPROM_Read_Integer@ptr                   cstackBANK0  0027
EEPROM_Read_Integer@result                cstackBANK0  0028
EEPROM_Read_String@addr                   cstackBANK0  0025
EEPROM_Read_String@c                      cstackBANK0  0026
EEPROM_Read_String@dado                   cstackBANK0  0023
EEPROM_Write_Byte@addr                    cstackBANK0  0023
EEPROM_Write_Byte@dado                    cstackBANK0  0020
EEPROM_Write_Byte@last_GIE                cstackBANK0  0024
EEPROM_Write_Integer@addr                 cstackBANK0  002B
EEPROM_Write_Integer@dado                 cstackBANK0  0025
EEPROM_Write_Integer@i                    cstackBANK0  002C
EEPROM_Write_Integer@ptr                  cstackBANK0  002A
EEPROM_Write_String@addr                  cstackBANK0  0027
EEPROM_Write_String@dado                  cstackBANK0  0025
I2C_Master_Init@c                         cstackBANK0  002E
I2C_Master_Read@a                         cstackBANK0  0023
I2C_Master_Read@temp                      cstackBANK0  0027
I2C_Master_Wait@tempo                     cstackBANK0  0022
I2C_Master_Write@d                        cstackBANK0  0023
PROCULUS_Buzzer@time_ms_x_10              cstackBANK0  0056
PROCULUS_Buzzer@vetor                     cstackBANK0  0059
PROCULUS_Control_Register_Write@i         cstackBANK0  0055
PROCULUS_Control_Register_Write@size      cstackBANK0  0052
PROCULUS_Control_Register_Write@vetor     cstackBANK0  0054
PROCULUS_Delay@i                          cstackBANK0  0024
PROCULUS_Delay@tempo_ms                   cstackBANK0  0020
PROCULUS_Show_Screen@screen               cstackBANK0  0056
PROCULUS_Show_Screen@vetor                cstackBANK0  0059
PROCULUS_VP_Write@i                       cstackBANK0  0059
PROCULUS_VP_Write@size                    cstackBANK0  0056
PROCULUS_VP_Write@vetor                   cstackBANK0  0054
PROCULUS_VP_Write@vp                      cstackBANK0  0052
PROCULUS_VP_Write_String@text             cstackBANK0  005C
PROCULUS_VP_Write_String@vp               cstackBANK0  005A
Package_Usart_is_for_me@retorno           cstackBANK0  0020
Save_Log@add_datalog                      cstackBANK0  0058
Send_To_MB@size                           cstackBANK0  0021
USART_init@baudrate                       cstackBANK0  0020
USART_init@i                              cstackBANK0  0026
USART_put_buffer@loop                     cstackBANK0  0024
USART_put_buffer@ptr                      cstackBANK0  0025
USART_put_buffer@size                     cstackBANK0  0021
USART_put_buffer@vetor                    cstackBANK0  0023
USART_put_int@dado                        cstackBANK0  0051
USART_put_int@value                       cstackBANK0  004E
USART_put_string@ptr                      cstackBANK0  0023
USART_put_string@vetor                    cstackBANK0  0021
USART_putc@value                          cstackBANK0  0020
USART_to_Protocol@i                       cstackBANK0  0022
USART_to_Protocol@usart_protocol          cstackBANK0  0024
_ADCON0bits                               (abs)        001F
_ADCON1                                   (abs)        009F
_ADCON1bits                               (abs)        009F
_ADC_Media_10bits                         text6        12F6
_ADC_init                                 text56       1CE0
_ADRESH                                   (abs)        001E
_ADRESL                                   (abs)        009E
_ANSEL                                    (abs)        0188
_ANSELH                                   (abs)        0189
_BAUDCTLbits                              (abs)        0187
_Board_Number                             bssBANK0     0069
_CREN                                     (abs)        00C4
_Decodify_Command                         text13       003E
_Delay_Led_Memory                         bssBANK1     00B4
_Delay_Led_Tmr0                           bssCOMMON    0078
_Delay_Led_Usart                          bssBANK1     00B2
_EEADR                                    (abs)        010D
_EECON1bits                               (abs)        018C
_EECON2                                   (abs)        018D
_EEDATA                                   (abs)        010C
_EEPROM_24C1025_Fill_All                  text48       121B
_EEPROM_24C1025_Read_Buffer               text45       0AC0
_EEPROM_24C1025_Read_Byte                 text44       1D62
_EEPROM_24C1025_Read_Int                  text43       1EEF
_EEPROM_24C1025_Read_Str                  text42       0954
_EEPROM_24C1025_Write_Buffer              text50       1696
_EEPROM_24C1025_Write_Byte                text41       1D36
_EEPROM_24C1025_Write_Int                 text49       1E27
_EEPROM_24C1025_Write_Str                 text40       0861
_EEPROM_Read_Byte                         text39       1E88
_EEPROM_Read_Integer                      text38       1F40
_EEPROM_Read_String                       text37       1E47
_EEPROM_Write_Byte                        text36       1167
_EEPROM_Write_Integer                     text35       1F9B
_EEPROM_Write_String                      text34       1060
_I2C_Master_Init                          text11       1F6A
_I2C_Master_Read                          text47       108B
_I2C_Master_RepeatedStart                 text46       1CF6
_I2C_Master_Start                         text54       1D11
_I2C_Master_Stop                          text53       1CC4
_I2C_Master_Wait                          text55       1E67
_I2C_Master_Write                         text52       1CEB
_INTCONbits                               (abs)        000B
_OPTION_REGbits                           (abs)        0081
_OSCCONbits                               (abs)        008F
_PIE1bits                                 (abs)        008C
_PIR1bits                                 (abs)        000C
_PORTA                                    (abs)        0005
_PORTAbits                                (abs)        0005
_PORTB                                    (abs)        0006
_PORTBbits                                (abs)        0006
_PORTC                                    (abs)        0007
_PORTCbits                                (abs)        0007
_PORTE                                    (abs)        0009
_PROCULUS_Buzzer                          text28       1EAA
_PROCULUS_Control_Register_Write          text30       112F
_PROCULUS_Delay                           text33       1DB1
_PROCULUS_Show_Screen                     text27       07EB
_PROCULUS_VP_Write                        text26       125A
_PROCULUS_VP_Write_String                 text24       1D7B
_Package_Usart_is_for_me                  text5        1D22
_RCREG                                    (abs)        001A
_RCSTAbits                                (abs)        0018
_SPBRG                                    (abs)        0099
_SSPADD                                   (abs)        0093
_SSPBUF                                   (abs)        0013
_SSPCON                                   (abs)        0014
_SSPCON2                                  (abs)        0091
_SSPCON2bits                              (abs)        0091
_SSPSTAT                                  (abs)        0094
_Save_Log                                 text20       134B
_Send_Reply_OK                            text18       1CCD
_Send_To_MB                               text17       1F17
_T1CKPS0                                  (abs)        0084
_T1CKPS1                                  (abs)        0085
_T1CON                                    (abs)        0010
_TMR1CS                                   (abs)        0081
_TMR1H                                    (abs)        000F
_TMR1IE                                   (abs)        0460
_TMR1L                                    (abs)        000E
_TRISA                                    (abs)        0085
_TRISB                                    (abs)        0086
_TRISC                                    (abs)        0087
_TRISC3                                   (abs)        043B
_TRISC4                                   (abs)        043C
_TRISC6                                   (abs)        043E
_TRISC7                                   (abs)        043F
_TRISE                                    (abs)        0089
_TXREG                                    (abs)        0019
_TXSTAbits                                (abs)        0098
_Temperatura0                             bssBANK1     00A4
_USART_init                               text10       11DF
_USART_put_buffer                         text16       1DCE
_USART_put_int                            text31       1D4C
_USART_put_string                         text19       1FCD
_USART_putc                               text32       1D01
_USART_to_Protocol                        text15       12A1
_Umidade1                                 bssBANK1     00A0
_WPUB                                     (abs)        0095
__CFG_BOR4V$BOR40V                        (abs)        0000
__CFG_BOREN$ON                            (abs)        0000
__CFG_CP$ON                               (abs)        0000
__CFG_CPD$OFF                             (abs)        0000
__CFG_FCMEN$ON                            (abs)        0000
__CFG_FOSC$INTRC_NOCLKOUT                 (abs)        0000
__CFG_IESO$ON                             (abs)        0000
__CFG_LVP$OFF                             (abs)        0000
__CFG_MCLRE$OFF                           (abs)        0000
__CFG_PWRTE$ON                            (abs)        0000
__CFG_WDTE$ON                             (abs)        0000
__CFG_WRT$OFF                             (abs)        0000
__Habs1                                   abs1         0000
__Hbank0                                  bank0        0000
__Hbank1                                  bank1        0000
__Hbank2                                  bank2        0000
__Hbank3                                  bank3        0000
__HbssBANK0                               bssBANK0     0000
__HbssBANK1                               bssBANK1     0000
__HbssBANK2                               bssBANK2     0000
__HbssBANK3                               bssBANK3     0000
__HbssCOMMON                              bssCOMMON    0000
__Hcinit                                  cinit        003E
__Hclrtext                                clrtext      0000
__Hcode                                   code         0000
__Hcommon                                 common       0000
__Hconfig                                 config       2009
__HcstackBANK0                            cstackBANK0  0000
__HcstackBANK1                            cstackBANK1  0000
__HcstackCOMMON                           cstackCOMMON 0000
__Heeprom_data                            eeprom_data  0000
__Hend_init                               end_init     0015
__Hfunctab                                functab      0000
__Hidloc                                  idloc        0000
__Hinit                                   init         0012
__Hintentry                               intentry     0012
__Hmaintext                               maintext     0000
__Hpowerup                                powerup      0000
__Hram                                    ram          0000
__Hreset_vec                              reset_vec    0003
__Hsfr0                                   sfr0         0000
__Hsfr1                                   sfr1         0000
__Hsfr2                                   sfr2         0000
__Hsfr3                                   sfr3         0000
__Hspace_0                                (abs)        2009
__Hspace_1                                (abs)        01CA
__Hspace_2                                (abs)        0000
__Hspace_3                                (abs)        0000
__Hstack                                  stack        0000
__Hstrings                                strings      0000
__Htext                                   text         0000
__Labs1                                   abs1         0000
__Lbank0                                  bank0        0000
__Lbank1                                  bank1        0000
__Lbank2                                  bank2        0000
__Lbank3                                  bank3        0000
__LbssBANK0                               bssBANK0     0000
__LbssBANK1                               bssBANK1     0000
__LbssBANK2                               bssBANK2     0000
__LbssBANK3                               bssBANK3     0000
__LbssCOMMON                              bssCOMMON    0000
__Lcinit                                  cinit        0015
__Lclrtext                                clrtext      0000
__Lcode                                   code         0000
__Lcommon                                 common       0000
__Lconfig                                 config       2007
__LcstackBANK0                            cstackBANK0  0000
__LcstackBANK1                            cstackBANK1  0000
__LcstackCOMMON                           cstackCOMMON 0000
__Leeprom_data                            eeprom_data  0000
__Lend_init                               end_init     0012
__Lfunctab                                functab      0000
__Lidloc                                  idloc        0000
__Linit                                   init         0012
__Lintentry                               intentry     0004
__Lmaintext                               maintext     0000
__Lpowerup                                powerup      0000
__Lram                                    ram          0000
__Lreset_vec                              reset_vec    0000
__Lsfr0                                   sfr0         0000
__Lsfr1                                   sfr1         0000
__Lsfr2                                   sfr2         0000
__Lsfr3                                   sfr3         0000
__Lspace_0                                (abs)        0000
__Lspace_1                                (abs)        0000
__Lspace_2                                (abs)        0000
__Lspace_3                                (abs)        0000
__Lstack                                  stack        0000
__Lstrings                                strings      0000
__Ltext                                   text         0000
__S0                                      (abs)        2009
__S1                                      (abs)        01CA
__S2                                      (abs)        0000
__S3                                      (abs)        0000
__Umul8_16                                text23       1ECC
__Umul8_16@multiplicand                   cstackBANK0  0020
__Umul8_16@multiplier                     cstackBANK0  0028
__Umul8_16@product                        cstackBANK0  0024
__Umul8_16@word_mpld                      cstackBANK0  0026
___fladd                                  text3        0DD3
___fladd@a                                cstackBANK0  003B
___fladd@aexp                             cstackBANK0  0048
___fladd@b                                cstackBANK0  0037
___fladd@bexp                             cstackBANK0  0049
___fladd@grs                              cstackBANK0  004A
___fladd@signs                            cstackBANK0  0047
___fldiv                                  text4        0C32
___fldiv@a                                cstackBANK0  002E
___fldiv@aexp                             cstackBANK0  0047
___fldiv@b                                cstackBANK0  0032
___fldiv@bexp                             cstackBANK0  0046
___fldiv@grs                              cstackBANK0  0042
___fldiv@new_exp                          cstackBANK0  0040
___fldiv@rem                              cstackBANK0  003B
___fldiv@sign                             cstackBANK0  003F
___flmul                                  text22       03DB
___flmul@a                                cstackBANK0  002D
___flmul@aexp                             cstackBANK0  0037
___flmul@b                                cstackBANK0  0029
___flmul@bexp                             cstackBANK0  003C
___flmul@grs                              cstackBANK0  0038
___flmul@prod                             cstackBANK0  003D
___flmul@sign                             cstackBANK0  0036
___flmul@temp                             cstackBANK0  0041
___flsub                                  text2        1E09
___flsub@a                                cstackBANK0  004B
___flsub@b                                cstackBANK0  004F
___fltol                                  text21       13AD
___fltol@exp1                             cstackBANK0  004D
___fltol@f1                               cstackBANK0  0043
___fltol@sign1                            cstackBANK0  004C
___int_sp                                 stack        0000
___latbits                                (abs)        0002
___lldiv                                  text12       0803
___lldiv@counter                          cstackBANK0  002D
___lldiv@dividend                         cstackBANK0  0024
___lldiv@divisor                          cstackBANK0  0020
___lldiv@quotient                         cstackBANK0  0029
___lwdiv                                  text29       11A3
___lwdiv@counter                          cstackBANK0  0027
___lwdiv@dividend                         cstackBANK0  0022
___lwdiv@divisor                          cstackBANK0  0020
___lwdiv@quotient                         cstackBANK0  0025
___sp                                     stack        0000
___stackhi                                (abs)        0000
___stacklo                                (abs)        0000
___xxtofl                                 text9        1418
___xxtofl@arg                             cstackBANK0  002A
___xxtofl@exp                             cstackBANK0  0029
___xxtofl@sign                            cstackBANK0  0028
___xxtofl@val                             cstackBANK0  0020
__end_of_ADC_Media_10bits                 text6        134B
__end_of_ADC_init                         text56       1CEB
__end_of_BALANCE_RESISTOR                 strings      1050
__end_of_BETA                             strings      104C
__end_of_Decodify_Command                 text13       03DB
__end_of_EEPROM_24C1025_Fill_All          text48       125A
__end_of_EEPROM_24C1025_Read_Buffer       text45       0C32
__end_of_EEPROM_24C1025_Read_Byte         text44       1D7B
__end_of_EEPROM_24C1025_Read_Int          text43       1F17
__end_of_EEPROM_24C1025_Read_Str          text42       0AC0
__end_of_EEPROM_24C1025_Write_Buffer      text50       1800
__end_of_EEPROM_24C1025_Write_Byte        text41       1D4C
__end_of_EEPROM_24C1025_Write_Int         text49       1E47
__end_of_EEPROM_24C1025_Write_Str         text40       0954
__end_of_EEPROM_Read_Byte                 text39       1EAA
__end_of_EEPROM_Read_Integer              text38       1F6A
__end_of_EEPROM_Read_String               text37       1E67
__end_of_EEPROM_Write_Byte                text36       11A3
__end_of_EEPROM_Write_Integer             text35       1FCD
__end_of_EEPROM_Write_String              text34       108B
__end_of_I2C_Master_Init                  text11       1F9B
__end_of_I2C_Master_Read                  text47       10C0
__end_of_I2C_Master_RepeatedStart         text46       1D01
__end_of_I2C_Master_Start                 text54       1D22
__end_of_I2C_Master_Stop                  text53       1CCD
__end_of_I2C_Master_Wait                  text55       1E88
__end_of_I2C_Master_Write                 text52       1CF6
__end_of_MAX_ADC                          strings      1024
__end_of_PROCULUS_Buzzer                  text28       1ECC
__end_of_PROCULUS_Control_Register_Write  text30       1167
__end_of_PROCULUS_Delay                   text33       1DCE
__end_of_PROCULUS_Show_Screen             text27       0800
__end_of_PROCULUS_VP_Write                text26       12A1
__end_of_PROCULUS_VP_Write_String         text24       1D95
__end_of_PT100_CONSTANT                   strings      1018
__end_of_PT100_TRANSLADA                  strings      1014
__end_of_Package_Usart_is_for_me          text5        1D36
__end_of_RESISTOR_ROOM_TEMP               strings      101C
__end_of_ROOM_TEMP                        strings      1020
__end_of_Save_Log                         text20       13AD
__end_of_Send_Reply_OK                    text18       1CD6
__end_of_Send_To_MB                       text17       1F40
__end_of_USART_init                       text10       121B
__end_of_USART_put_buffer                 text16       1DEB
__end_of_USART_put_int                    text31       1D62
__end_of_USART_put_string                 text19       2000
__end_of_USART_putc                       text32       1D11
__end_of_USART_to_Protocol                text15       12F6
__end_of__Umul8_16                        text23       1EEF
__end_of___fladd                          text3        1000
__end_of___fldiv                          text4        0DD3
__end_of___flmul                          text22       06D0
__end_of___flsub                          text2        1E27
__end_of___fltol                          text21       1418
__end_of___lldiv                          text12       0861
__end_of___lwdiv                          text29       11DF
__end_of___xxtofl                         text9        14BB
__end_of__initialization                  cinit        003A
__end_of__stringtab                       strings      1010
__end_of_captura                          text8        1CE0
__end_of_isr                              text57       15A6
__end_of_main                             maintext     1696
__end_of_mediaLeituraPt100Umidadde        text1        07EB
__end_of_my_delay_ms                      text7        10F7
__end_of_my_delay_ms_WDT                  text51       112F
__end_of_strcpy                           text14       1E09
__end_of_strlen                           text25       1DB1
__end_oflog@coeff                         strings      1048
__initialization                          cinit        0015
__pbssBANK0                               bssBANK0     0068
__pbssBANK1                               bssBANK1     00A0
__pbssBANK2                               bssBANK2     0110
__pbssBANK3                               bssBANK3     0190
__pbssCOMMON                              bssCOMMON    0078
__pcstackBANK0                            cstackBANK0  0020
__pcstackBANK1                            cstackBANK1  00D8
__pcstackCOMMON                           cstackCOMMON 0070
__pintentry                               intentry     0004
__pmaintext                               maintext     15A6
__pstrings                                strings      1000
__ptext1                                  text1        06D0
__ptext10                                 text10       11DF
__ptext11                                 text11       1F6A
__ptext12                                 text12       0803
__ptext13                                 text13       003E
__ptext14                                 text14       1DEB
__ptext15                                 text15       12A1
__ptext16                                 text16       1DCE
__ptext17                                 text17       1F17
__ptext18                                 text18       1CCD
__ptext19                                 text19       1FCD
__ptext2                                  text2        1E09
__ptext20                                 text20       134B
__ptext21                                 text21       13AD
__ptext22                                 text22       03DB
__ptext23                                 text23       1ECC
__ptext24                                 text24       1D7B
__ptext25                                 text25       1D95
__ptext26                                 text26       125A
__ptext27                                 text27       07EB
__ptext28                                 text28       1EAA
__ptext29                                 text29       11A3
__ptext3                                  text3        0DD3
__ptext30                                 text30       112F
__ptext31                                 text31       1D4C
__ptext32                                 text32       1D01
__ptext33                                 text33       1DB1
__ptext34                                 text34       1060
__ptext35                                 text35       1F9B
__ptext36                                 text36       1167
__ptext37                                 text37       1E47
__ptext38                                 text38       1F40
__ptext39                                 text39       1E88
__ptext4                                  text4        0C32
__ptext40                                 text40       0861
__ptext41                                 text41       1D36
__ptext42                                 text42       0954
__ptext43                                 text43       1EEF
__ptext44                                 text44       1D62
__ptext45                                 text45       0AC0
__ptext46                                 text46       1CF6
__ptext47                                 text47       108B
__ptext48                                 text48       121B
__ptext49                                 text49       1E27
__ptext5                                  text5        1D22
__ptext50                                 text50       1696
__ptext51                                 text51       10F7
__ptext52                                 text52       1CEB
__ptext53                                 text53       1CC4
__ptext54                                 text54       1D11
__ptext55                                 text55       1E67
__ptext56                                 text56       1CE0
__ptext57                                 text57       14BB
__ptext6                                  text6        12F6
__ptext7                                  text7        10C0
__ptext8                                  text8        1CD6
__ptext9                                  text9        1418
__size_of_ADC_Media_10bits                (abs)        0000
__size_of_ADC_init                        (abs)        0000
__size_of_Decodify_Command                (abs)        0000
__size_of_EEPROM_24C1025_Fill_All         (abs)        0000
__size_of_EEPROM_24C1025_Read_Buffer      (abs)        0000
__size_of_EEPROM_24C1025_Read_Byte        (abs)        0000
__size_of_EEPROM_24C1025_Read_Int         (abs)        0000
__size_of_EEPROM_24C1025_Read_Str         (abs)        0000
__size_of_EEPROM_24C1025_Write_Buffer     (abs)        0000
__size_of_EEPROM_24C1025_Write_Byte       (abs)        0000
__size_of_EEPROM_24C1025_Write_Int        (abs)        0000
__size_of_EEPROM_24C1025_Write_Str        (abs)        0000
__size_of_EEPROM_Read_Byte                (abs)        0000
__size_of_EEPROM_Read_Integer             (abs)        0000
__size_of_EEPROM_Read_String              (abs)        0000
__size_of_EEPROM_Write_Byte               (abs)        0000
__size_of_EEPROM_Write_Integer            (abs)        0000
__size_of_EEPROM_Write_String             (abs)        0000
__size_of_I2C_Master_Init                 (abs)        0000
__size_of_I2C_Master_Read                 (abs)        0000
__size_of_I2C_Master_RepeatedStart        (abs)        0000
__size_of_I2C_Master_Start                (abs)        0000
__size_of_I2C_Master_Stop                 (abs)        0000
__size_of_I2C_Master_Wait                 (abs)        0000
__size_of_I2C_Master_Write                (abs)        0000
__size_of_PROCULUS_Buzzer                 (abs)        0000
__size_of_PROCULUS_Control_Register_Write (abs)        0000
__size_of_PROCULUS_Delay                  (abs)        0000
__size_of_PROCULUS_Show_Screen            (abs)        0000
__size_of_PROCULUS_VP_Write               (abs)        0000
__size_of_PROCULUS_VP_Write_String        (abs)        0000
__size_of_Package_Usart_is_for_me         (abs)        0000
__size_of_Save_Log                        (abs)        0000
__size_of_Send_Reply_OK                   (abs)        0000
__size_of_Send_To_MB                      (abs)        0000
__size_of_USART_init                      (abs)        0000
__size_of_USART_put_buffer                (abs)        0000
__size_of_USART_put_int                   (abs)        0000
__size_of_USART_put_string                (abs)        0000
__size_of_USART_putc                      (abs)        0000
__size_of_USART_to_Protocol               (abs)        0000
__size_of__Umul8_16                       (abs)        0000
__size_of___fladd                         (abs)        0000
__size_of___fldiv                         (abs)        0000
__size_of___flmul                         (abs)        0000
__size_of___flsub                         (abs)        0000
__size_of___fltol                         (abs)        0000
__size_of___lldiv                         (abs)        0000
__size_of___lwdiv                         (abs)        0000
__size_of___xxtofl                        (abs)        0000
__size_of_captura                         (abs)        0000
__size_of_isr                             (abs)        0000
__size_of_main                            (abs)        0000
__size_of_mediaLeituraPt100Umidadde       (abs)        0000
__size_of_my_delay_ms                     (abs)        0000
__size_of_my_delay_ms_WDT                 (abs)        0000
__size_of_strcpy                          (abs)        0000
__size_of_strlen                          (abs)        0000
__stringbase                              strings      100F
__stringtab                               strings      1000
_buffer                                   bssBANK1     00B7
_canal                                    bssBANK0     006A
_captura                                  text8        1CD6
_count                                    bssBANK1     00AC
_destino                                  bssBANK0     0068
_generic_status                           bssBANK0     006C
_header                                   bssBANK1     00AE
_hora                                     bssCOMMON    007C
_isr                                      text57       14BB
_main                                     maintext     15A6
_mediaLeituraPt100Umidadde                text1        06D0
_milisegundo                              bssBANK1     00B0
_minuto                                   bssCOMMON    007A
_my_delay_ms                              text7        10C0
_my_delay_ms_WDT                          text51       10F7
_pointer                                  bssBANK1     00B6
_segundo                                  bssCOMMON    007D
_statuspower                              bssBANK0     006B
_strcpy                                   text14       1DEB
_strlen                                   text25       1D95
_tempodecorrido                           bssBANK1     00AA
_usart_buffer                             bssBANK2     0110
_usart_protocol                           bssBANK3     0190
btemp                                     (abs)        007E
clear_ram0                                clrtext      1CBC
end_of_initialization                     cinit        003A
interrupt_function                        intentry     0004
intlevel0                                 functab      0000
intlevel1                                 functab      0000
intlevel2                                 functab      0000
intlevel3                                 functab      0000
intlevel4                                 functab      0000
intlevel5                                 functab      0000
isr@tempo                                 cstackCOMMON 0076
main@reset                                cstackBANK0  0066
mediaLeituraPt100Umidadde@Temp            cstackBANK0  005D
mediaLeituraPt100Umidadde@canal           cstackBANK0  005B
mediaLeituraPt100Umidadde@i               cstackBANK0  005C
mediaLeituraPt100Umidadde@tensao          cstackBANK0  0057
my_delay_ms@i                             cstackBANK0  0026
my_delay_ms@time                          cstackBANK0  0020
my_delay_ms_WDT@i                         cstackBANK0  0026
my_delay_ms_WDT@time                      cstackBANK0  0020
reset_vec                                 reset_vec    0000
saved_w                                   (abs)        007E
start                                     init         0012
start_initialization                      cinit        0015
strcpy@cp                                 cstackBANK0  0023
strcpy@from                               cstackBANK0  0020
strcpy@to                                 cstackBANK0  0022
strlen@cp                                 cstackBANK0  0022
strlen@s                                  cstackBANK0  0020
wtemp0                                    (abs)        007E


FUNCTION INFORMATION:

 *************** function _main *****************
 Defined at:
		line 144 in file "SlaveLiofilizadorVer1.c"
 Parameters:    Size  Location     Type
		None
 Auto vars:     Size  Location     Type
  reset           2   70[BANK0 ] unsigned int 
 Return value:  Size  Location     Type
                  1    wreg      void 
 Registers used:
		wreg, fsr0l, fsr0h, status,2, status,0, btemp+1, pclath, cstack
 Tracked objects:
		On entry : 
		On exit  : 
		Unchanged: 
 Data sizes:     COMMON   BANK0   BANK1   BANK3   BANK2
      Params:         0       0       0       0       0
      Locals:         0       2       0       0       0
      Temps:          0       3       0       0       0
      Totals:         0       5       0       0       0
Total ram usage:        5 bytes
 Hardware stack levels required when called:    7
 This function calls:
		_ADC_init
		_Decodify_Command
		_EEPROM_Read_Integer
		_EEPROM_Write_Integer
		_I2C_Master_Init
		_USART_init
		_mediaLeituraPt100Umidadde
		_my_delay_ms_WDT
 This function is called by:
		Startup code after reset
 This function uses a non-reentrant model


 *************** function _mediaLeituraPt100Umidadde *****************
 Defined at:
		line 685 in file "SlaveLiofilizadorVer1.c"
 Parameters:    Size  Location     Type
  canal           1    wreg     unsigned char 
 Auto vars:     Size  Location     Type
  canal           1   59[BANK0 ] unsigned char 
  Temp            4   61[BANK0 ] float 
  tensao          4   55[BANK0 ] float 
  i               1   60[BANK0 ] unsigned char 
 Return value:  Size  Location     Type
                  1    wreg      void 
 Registers used:
		wreg, status,2, status,0, btemp+1, pclath, cstack
 Tracked objects:
		On entry : 
		On exit  : 
		Unchanged: 
 Data sizes:     COMMON   BANK0   BANK1   BANK3   BANK2
      Params:         0       0       0       0       0
      Locals:         0      10       0       0       0
      Temps:          0       4       0       0       0
      Totals:         0      14       0       0       0
Total ram usage:       14 bytes
 Hardware stack levels used:    1
 Hardware stack levels required when called:    3
 This function calls:
		_ADC_Media_10bits
		_Package_Usart_is_for_me
		___fladd
		___fldiv
		___flmul
		___flsub
		___xxtofl
		_my_delay_ms
 This function is called by:
		_main
 This function uses a non-reentrant model


 *************** function ___flsub *****************
 Defined at:
		line 242 in file "C:\Program Files (x86)\Microchip\xc8\v2.10\pic\sources\c90\common\sprcadd.c"
 Parameters:    Size  Location     Type
  a               4   43[BANK0 ] void 
  b               4   47[BANK0 ] void 
 Auto vars:     Size  Location     Type
		None
 Return value:  Size  Location     Type
                  4   43[BANK0 ] void 
 Registers used:
		wreg, status,2, status,0, btemp+1, pclath, cstack
 Tracked objects:
		On entry : 
		On exit  : 
		Unchanged: 
 Data sizes:     COMMON   BANK0   BANK1   BANK3   BANK2
      Params:         0       8       0       0       0
      Locals:         0       0       0       0       0
      Temps:          0       0       0       0       0
      Totals:         0       8       0       0       0
Total ram usage:        8 bytes
 Hardware stack levels used:    1
 Hardware stack levels required when called:    2
 This function calls:
		___fladd
 This function is called by:
		_mediaLeituraPt100Umidadde
 This function uses a non-reentrant model


 *************** function ___fladd *****************
 Defined at:
		line 10 in file "C:\Program Files (x86)\Microchip\xc8\v2.10\pic\sources\c90\common\sprcadd.c"
 Parameters:    Size  Location     Type
  b               4   23[BANK0 ] void 
  a               4   27[BANK0 ] void 
 Auto vars:     Size  Location     Type
  grs             1   42[BANK0 ] unsigned char 
  bexp            1   41[BANK0 ] unsigned char 
  aexp            1   40[BANK0 ] unsigned char 
  signs           1   39[BANK0 ] unsigned char 
 Return value:  Size  Location     Type
                  4   23[BANK0 ] unsigned char 
 Registers used:
		wreg, status,2, status,0, btemp+1
 Tracked objects:
		On entry : 
		On exit  : 
		Unchanged: 
 Data sizes:     COMMON   BANK0   BANK1   BANK3   BANK2
      Params:         0       8       0       0       0
      Locals:         0       4       0       0       0
      Temps:          0       8       0       0       0
      Totals:         0      20       0       0       0
Total ram usage:       20 bytes
 Hardware stack levels used:    1
 Hardware stack levels required when called:    1
 This function calls:
		Nothing
 This function is called by:
		_mediaLeituraPt100Umidadde
		___flsub
 This function uses a non-reentrant model


 *************** function ___fldiv *****************
 Defined at:
		line 8 in file "C:\Program Files (x86)\Microchip\xc8\v2.10\pic\sources\c90\common\sprcdiv.c"
 Parameters:    Size  Location     Type
  a               4   14[BANK0 ] unsigned char 
  b               4   18[BANK0 ] unsigned char 
 Auto vars:     Size  Location     Type
  grs             4   34[BANK0 ] unsigned long 
  rem             4   27[BANK0 ] unsigned long 
  new_exp         2   32[BANK0 ] int 
  aexp            1   39[BANK0 ] unsigned char 
  bexp            1   38[BANK0 ] unsigned char 
  sign            1   31[BANK0 ] unsigned char 
 Return value:  Size  Location     Type
                  4   14[BANK0 ] unsigned char 
 Registers used:
		wreg, status,2, status,0, btemp+1
 Tracked objects:
		On entry : 
		On exit  : 
		Unchanged: 
 Data sizes:     COMMON   BANK0   BANK1   BANK3   BANK2
      Params:         0       8       0       0       0
      Locals:         0      13       0       0       0
      Temps:          0       5       0       0       0
      Totals:         0      26       0       0       0
Total ram usage:       26 bytes
 Hardware stack levels used:    1
 Hardware stack levels required when called:    1
 This function calls:
		Nothing
 This function is called by:
		_mediaLeituraPt100Umidadde
 This function uses a non-reentrant model


 *************** function _Package_Usart_is_for_me *****************
 Defined at:
		line 8 in file "protocolo.c"
 Parameters:    Size  Location     Type
		None
 Auto vars:     Size  Location     Type
  retorno         1    0[BANK0 ] unsigned char 
 Return value:  Size  Location     Type
                  1    wreg      unsigned char 
 Registers used:
		wreg, status,2, status,0
 Tracked objects:
		On entry : 
		On exit  : 
		Unchanged: 
 Data sizes:     COMMON   BANK0   BANK1   BANK3   BANK2
      Params:         0       0       0       0       0
      Locals:         0       1       0       0       0
      Temps:          0       0       0       0       0
      Totals:         0       1       0       0       0
Total ram usage:        1 bytes
 Hardware stack levels used:    1
 Hardware stack levels required when called:    1
 This function calls:
		Nothing
 This function is called by:
		_mediaLeituraPt100Umidadde
 This function uses a non-reentrant model


 *************** function _ADC_Media_10bits *****************
 Defined at:
		line 20 in file "adc.c"
 Parameters:    Size  Location     Type
  canal           1    wreg     unsigned char 
 Auto vars:     Size  Location     Type
  canal           1   19[BANK0 ] unsigned char 
  value           2   20[BANK0 ] unsigned int 
  i               1   22[BANK0 ] unsigned char 
 Return value:  Size  Location     Type
                  4   14[BANK0 ] float 
 Registers used:
		wreg, status,2, status,0, btemp+1, pclath, cstack
 Tracked objects:
		On entry : 
		On exit  : 
		Unchanged: 
 Data sizes:     COMMON   BANK0   BANK1   BANK3   BANK2
      Params:         0       4       0       0       0
      Locals:         0       4       0       0       0
      Temps:          0       1       0       0       0
      Totals:         0       9       0       0       0
Total ram usage:        9 bytes
 Hardware stack levels used:    1
 Hardware stack levels required when called:    2
 This function calls:
		___lwdiv
		___xxtofl
		_captura
		_my_delay_ms
 This function is called by:
		_mediaLeituraPt100Umidadde
 This function uses a non-reentrant model


 *************** function _my_delay_ms *****************
 Defined at:
		line 5 in file "my_delay.c"
 Parameters:    Size  Location     Type
  time            4    0[BANK0 ] long 
 Auto vars:     Size  Location     Type
  i               4    6[BANK0 ] long 
 Return value:  Size  Location     Type
                  1    wreg      void 
 Registers used:
		wreg, btemp+1
 Tracked objects:
		On entry : 
		On exit  : 
		Unchanged: 
 Data sizes:     COMMON   BANK0   BANK1   BANK3   BANK2
      Params:         0       4       0       0       0
      Locals:         0       4       0       0       0
      Temps:          0       2       0       0       0
      Totals:         0      10       0       0       0
Total ram usage:       10 bytes
 Hardware stack levels used:    1
 Hardware stack levels required when called:    1
 This function calls:
		Nothing
 This function is called by:
		_mediaLeituraPt100Umidadde
		_ADC_Media_10bits
 This function uses a non-reentrant model


 *************** function _captura *****************
 Defined at:
		line 140 in file "adc.c"
 Parameters:    Size  Location     Type
		None
 Auto vars:     Size  Location     Type
		None
 Return value:  Size  Location     Type
                  2    0[BANK0 ] unsigned int 
 Registers used:
		wreg
 Tracked objects:
		On entry : 
		On exit  : 
		Unchanged: 
 Data sizes:     COMMON   BANK0   BANK1   BANK3   BANK2
      Params:         0       2       0       0       0
      Locals:         0       0       0       0       0
      Temps:          0       0       0       0       0
      Totals:         0       2       0       0       0
Total ram usage:        2 bytes
 Hardware stack levels used:    1
 Hardware stack levels required when called:    1
 This function calls:
		Nothing
 This function is called by:
		_ADC_Media_10bits
 This function uses a non-reentrant model


 *************** function ___xxtofl *****************
 Defined at:
		line 10 in file "C:\Program Files (x86)\Microchip\xc8\v2.10\pic\sources\c90\common\xxtofl.c"
 Parameters:    Size  Location     Type
  sign            1    wreg     unsigned char 
  val             4    0[BANK0 ] long 
 Auto vars:     Size  Location     Type
  sign            1    8[BANK0 ] unsigned char 
  arg             4   10[BANK0 ] unsigned long 
  exp             1    9[BANK0 ] unsigned char 
 Return value:  Size  Location     Type
                  4    0[BANK0 ] unsigned char 
 Registers used:
		wreg, status,2, status,0
 Tracked objects:
		On entry : 
		On exit  : 
		Unchanged: 
 Data sizes:     COMMON   BANK0   BANK1   BANK3   BANK2
      Params:         0       4       0       0       0
      Locals:         0       6       0       0       0
      Temps:          0       4       0       0       0
      Totals:         0      14       0       0       0
Total ram usage:       14 bytes
 Hardware stack levels used:    1
 Hardware stack levels required when called:    1
 This function calls:
		Nothing
 This function is called by:
		_mediaLeituraPt100Umidadde
		_ADC_Media_10bits
 This function uses a non-reentrant model


 *************** function _USART_init *****************
 Defined at:
		line 18 in file "usart.c"
 Parameters:    Size  Location     Type
  baudrate        4    0[BANK0 ] unsigned long 
 Auto vars:     Size  Location     Type
  i               1    6[BANK0 ] unsigned char 
  erro            1    0        unsigned char 
 Return value:  Size  Location     Type
                  1    wreg      void 
 Registers used:
		wreg, status,2, status,0
 Tracked objects:
		On entry : 
		On exit  : 
		Unchanged: 
 Data sizes:     COMMON   BANK0   BANK1   BANK3   BANK2
      Params:         0       4       0       0       0
      Locals:         0       2       0       0       0
      Temps:          0       1       0       0       0
      Totals:         0       7       0       0       0
Total ram usage:        7 bytes
 Hardware stack levels used:    1
 Hardware stack levels required when called:    1
 This function calls:
		Nothing
 This function is called by:
		_main
 This function uses a non-reentrant model


 *************** function _I2C_Master_Init *****************
 Defined at:
		line 7 in file "I2C.c"
 Parameters:    Size  Location     Type
  c               4   14[BANK0 ] const unsigned long 
 Auto vars:     Size  Location     Type
		None
 Return value:  Size  Location     Type
                  1    wreg      void 
 Registers used:
		wreg, status,2, status,0, pclath, cstack
 Tracked objects:
		On entry : 
		On exit  : 
		Unchanged: 
 Data sizes:     COMMON   BANK0   BANK1   BANK3   BANK2
      Params:         0       4       0       0       0
      Locals:         0       0       0       0       0
      Temps:          0       4       0       0       0
      Totals:         0       8       0       0       0
Total ram usage:        8 bytes
 Hardware stack levels used:    1
 Hardware stack levels required when called:    2
 This function calls:
		___lldiv
 This function is called by:
		_main
 This function uses a non-reentrant model


 *************** function ___lldiv *****************
 Defined at:
		line 5 in file "C:\Program Files (x86)\Microchip\xc8\v2.10\pic\sources\c90\common\__lldiv.c"
 Parameters:    Size  Location     Type
  divisor         4    0[BANK0 ] unsigned long 
  dividend        4    4[BANK0 ] unsigned long 
 Auto vars:     Size  Location     Type
  quotient        4    9[BANK0 ] unsigned long 
  counter         1   13[BANK0 ] unsigned char 
 Return value:  Size  Location     Type
                  4    0[BANK0 ] unsigned long 
 Registers used:
		wreg, status,2, status,0
 Tracked objects:
		On entry : 
		On exit  : 
		Unchanged: 
 Data sizes:     COMMON   BANK0   BANK1   BANK3   BANK2
      Params:         0       8       0       0       0
      Locals:         0       5       0       0       0
      Temps:          0       1       0       0       0
      Totals:         0      14       0       0       0
Total ram usage:       14 bytes
 Hardware stack levels used:    1
 Hardware stack levels required when called:    1
 This function calls:
		Nothing
 This function is called by:
		_I2C_Master_Init
 This function uses a non-reentrant model


 *************** function _Decodify_Command *****************
 Defined at:
		line 304 in file "SlaveLiofilizadorVer1.c"
 Parameters:    Size  Location     Type
		None
 Auto vars:     Size  Location     Type
  sizedata        1    3[BANK1 ] unsigned char 
  add             1    2[BANK1 ] unsigned char 
  add_24LCxxxx    4   11[BANK1 ] unsigned long 
  OutPut          4    6[BANK1 ] float 
  tempint         2    4[BANK1 ] int 
  dados           2    0[BANK1 ] int 
  tempchar        1   10[BANK1 ] unsigned char 
 Return value:  Size  Location     Type
                  1    wreg      void 
 Registers used:
		wreg, fsr0l, fsr0h, status,2, status,0, btemp+1, pclath, cstack
 Tracked objects:
		On entry : 
		On exit  : 
		Unchanged: 
 Data sizes:     COMMON   BANK0   BANK1   BANK3   BANK2
      Params:         0       0       0       0       0
      Locals:         0       0      15       0       0
      Temps:          0       4       0       0       0
      Totals:         0       4      15       0       0
Total ram usage:       19 bytes
 Hardware stack levels used:    1
 Hardware stack levels required when called:    6
 This function calls:
		_EEPROM_24C1025_Fill_All
		_EEPROM_24C1025_Read_Buffer
		_EEPROM_24C1025_Read_Byte
		_EEPROM_24C1025_Read_Int
		_EEPROM_24C1025_Read_Str
		_EEPROM_24C1025_Write_Buffer
		_EEPROM_24C1025_Write_Byte
		_EEPROM_24C1025_Write_Int
		_EEPROM_24C1025_Write_Str
		_EEPROM_Read_Byte
		_EEPROM_Read_Integer
		_EEPROM_Read_String
		_EEPROM_Write_Byte
		_EEPROM_Write_Integer
		_EEPROM_Write_String
		_PROCULUS_Buzzer
		_PROCULUS_Show_Screen
		_PROCULUS_VP_Write_String
		_Save_Log
		_Send_Reply_OK
		_Send_To_MB
		_USART_put_buffer
		_USART_put_int
		_USART_put_string
		_USART_putc
		_USART_to_Protocol
		___flmul
		___fltol
		_strcpy
		_strlen
 This function is called by:
		_main
 This function uses a non-reentrant model


 *************** function _strcpy *****************
 Defined at:
		line 8 in file "C:\Program Files (x86)\Microchip\xc8\v2.10\pic\sources\c90\common\strcpy.c"
 Parameters:    Size  Location     Type
  to              1    wreg     PTR unsigned char 
		 -> buffer(33), 
  from            1    0[BANK0 ] PTR const unsigned char 
		 -> STR_1(8), 
 Auto vars:     Size  Location     Type
  to              1    2[BANK0 ] PTR unsigned char 
		 -> buffer(33), 
  cp              1    3[BANK0 ] PTR unsigned char 
		 -> buffer(33), 
 Return value:  Size  Location     Type
                  1    wreg      PTR unsigned char 
 Registers used:
		wreg, fsr0l, fsr0h, status,2, status,0, pclath
 Tracked objects:
		On entry : 
		On exit  : 
		Unchanged: 
 Data sizes:     COMMON   BANK0   BANK1   BANK3   BANK2
      Params:         0       1       0       0       0
      Locals:         0       2       0       0       0
      Temps:          0       1       0       0       0
      Totals:         0       4       0       0       0
Total ram usage:        4 bytes
 Hardware stack levels used:    2
 Hardware stack levels required when called:    1
 This function calls:
		Nothing
 This function is called by:
		_Decodify_Command
 This function uses a non-reentrant model


 *************** function _USART_to_Protocol *****************
 Defined at:
		line 77 in file "usart.c"
 Parameters:    Size  Location     Type
  usart_protoc    1    wreg     PTR struct .
		 -> usart_protocol(58), 
 Auto vars:     Size  Location     Type
  usart_protoc    1    4[BANK0 ] PTR struct .
		 -> usart_protocol(58), 
  i               2    2[BANK0 ] int 
 Return value:  Size  Location     Type
                  1    wreg      void 
 Registers used:
		wreg, fsr0l, fsr0h, status,2, status,0
 Tracked objects:
		On entry : 
		On exit  : 
		Unchanged: 
 Data sizes:     COMMON   BANK0   BANK1   BANK3   BANK2
      Params:         0       0       0       0       0
      Locals:         0       3       0       0       0
      Temps:          0       2       0       0       0
      Totals:         0       5       0       0       0
Total ram usage:        5 bytes
 Hardware stack levels used:    1
 Hardware stack levels required when called:    1
 This function calls:
		Nothing
 This function is called by:
		_Decodify_Command
 This function uses a non-reentrant model


 *************** function _USART_put_buffer *****************
 Defined at:
		line 99 in file "usart.c"
 Parameters:    Size  Location     Type
  vetor           1    wreg     PTR unsigned char 
		 -> buffer(33), 
  size            1    1[BANK0 ] unsigned char 
[...]
		 -> buffer(33), EEPROM_24C1025_Read_Int@data(2), EEPROM_24C1025_Read_Byte@data(1), 
 Auto vars:     Size  Location     Type
  chip_add        1   20[BANK0 ] unsigned char 
  cnt             1   19[BANK0 ] unsigned char 
  ctrl            1   22[BANK0 ] unsigned char 
  range           1   21[BANK0 ] unsigned char 
  cnt             1    0        unsigned char 
 Return value:  Size  Location     Type
                  1    wreg      void 
 Registers used:
		wreg, fsr0l, fsr0h, status,2, status,0, btemp+1, pclath, cstack
 Tracked objects:
		On entry : 
		On exit  : 
		Unchanged: 
 Data sizes:     COMMON   BANK0   BANK1   BANK3   BANK2
      Params:         0       6       0       0       0
      Locals:         0       5       0       0       0
      Temps:          0       2       0       0       0
      Totals:         0      13       0       0       0
Total ram usage:       13 bytes
 Hardware stack levels used:    1
 Hardware stack levels required when called:    3
 This function calls:
		_I2C_Master_Read
		_I2C_Master_RepeatedStart
		_I2C_Master_Start
		_I2C_Master_Stop
		_I2C_Master_Write
		_my_delay_ms_WDT
 This function is called by:
		_EEPROM_24C1025_Read_Byte
		_EEPROM_24C1025_Read_Int
		_Decodify_Command
 This function uses a non-reentrant model


 *************** function _I2C_Master_RepeatedStart *****************
 Defined at:
		line 62 in file "I2C.c"
 Parameters:    Size  Location     Type
		None
 Auto vars:     Size  Location     Type
		None
 Return value:  Size  Location     Type
                  1    wreg      void 
 Registers used:
		wreg, status,2, status,0, pclath, cstack
 Tracked objects:
		On entry : 
		On exit  : 
		Unchanged: 
 Data sizes:     COMMON   BANK0   BANK1   BANK3   BANK2
      Params:         0       0       0       0       0
      Locals:         0       0       0       0       0
      Temps:          0       0       0       0       0
      Totals:         0       0       0       0       0
Total ram usage:        0 bytes
 Hardware stack levels used:    1
 Hardware stack levels required when called:    2
 This function calls:
		_I2C_Master_Wait
 This function is called by:
		_EEPROM_24C1025_Read_Buffer
		_EEPROM_24C1025_Read_Str
 This function uses a non-reentrant model


 *************** function _I2C_Master_Read *****************
 Defined at:
		line 87 in file "I2C.c"
 Parameters:    Size  Location     Type
  a               2    3[BANK0 ] unsigned short 
 Auto vars:     Size  Location     Type
  temp            2    7[BANK0 ] unsigned short 
 Return value:  Size  Location     Type
                  2    3[BANK0 ] unsigned short 
 Registers used:
		wreg, status,2, status,0, pclath, cstack
 Tracked objects:
		On entry : 
		On exit  : 
		Unchanged: 
 Data sizes:     COMMON   BANK0   BANK1   BANK3   BANK2
      Params:         0       2       0       0       0
      Locals:         0       2       0       0       0
      Temps:          0       2       0       0       0
      Totals:         0       6       0       0       0
Total ram usage:        6 bytes
 Hardware stack levels used:    1
 Hardware stack levels required when called:    2
 This function calls:
		_I2C_Master_Wait
 This function is called by:
		_EEPROM_24C1025_Read_Buffer
		_EEPROM_24C1025_Read_Str
 This function uses a non-reentrant model


 *************** function _EEPROM_24C1025_Fill_All *****************
 Defined at:
		line 294 in file "EEPROM_24C1025.c"
 Parameters:    Size  Location     Type
  chip_add        1    wreg     unsigned char 
  value           2   56[BANK0 ] unsigned int 
 Auto vars:     Size  Location     Type
  chip_add        1   58[BANK0 ] unsigned char 
  mem_add         4   59[BANK0 ] unsigned long 
 Return value:  Size  Location     Type
                  1    wreg      void 
 Registers used:
		wreg, fsr0l, fsr0h, status,2, status,0, btemp+1, pclath, cstack
 Tracked objects:
		On entry : 
		On exit  : 
		Unchanged: 
 Data sizes:     COMMON   BANK0   BANK1   BANK3   BANK2
      Params:         0       2       0       0       0
      Locals:         0       5       0       0       0
      Temps:          0       0       0       0       0
      Totals:         0       7       0       0       0
Total ram usage:        7 bytes
 Hardware stack levels used:    1
 Hardware stack levels required when called:    5
 This function calls:
		_EEPROM_24C1025_Write_Int
 This function is called by:
		_Decodify_Command
 This function uses a non-reentrant model


 *************** function _EEPROM_24C1025_Write_Int *****************
 Defined at:
		line 279 in file "EEPROM_24C1025.c"
 Parameters:    Size  Location     Type
  chip_add        1    wreg     unsigned char 
  mem_add         4   46[BANK0 ] unsigned long 
  data            2   50[BANK0 ] int 
 Auto vars:     Size  Location     Type
  chip_add        1   53[BANK0 ] unsigned char 
  local           2   54[BANK0 ] unsigned char [2]
 Return value:  Size  Location     Type
                  1    wreg      void 
 Registers used:
		wreg, fsr0l, fsr0h, status,2, status,0, btemp+1, pclath, cstack
 Tracked objects:
		On entry : 
		On exit  : 
		Unchanged: 
 Data sizes:     COMMON   BANK0   BANK1   BANK3   BANK2
      Params:         0       6       0       0       0
      Locals:         0       3       0       0       0
      Temps:          0       1       0       0       0
      Totals:         0      10       0       0       0
Total ram usage:       10 bytes
 Hardware stack levels used:    1
 Hardware stack levels required when called:    4
 This function calls:
		_EEPROM_24C1025_Write_Buffer
 This function is called by:
		_EEPROM_24C1025_Fill_All
		_Decodify_Command
		_Save_Log
 This function uses a non-reentrant model


 *************** function _EEPROM_24C1025_Write_Buffer *****************
 Defined at:
		line 15 in file "EEPROM_24C1025.c"
 Parameters:    Size  Location     Type
  chip_add        1    wreg     unsigned char 
  mem_add         4   10[BANK0 ] unsigned long 
  sizedata        1   14[BANK0 ] unsigned char 
  data            2   15[BANK0 ] PTR unsigned char 
		 -> usart_protocol.value(52), usart_protocol(58), EEPROM_24C1025_Write_Int@local(2), EEPROM_24C1025_Write_Byte@data(1), 
 Auto vars:     Size  Location     Type
  chip_add        1   20[BANK0 ] unsigned char 
  ctrl            1   22[BANK0 ] unsigned char 
  range           1   21[BANK0 ] unsigned char 
  count           1   19[BANK0 ] unsigned char 
 Return value:  Size  Location     Type
                  1    wreg      void 
 Registers used:
		wreg, fsr0l, fsr0h, status,2, status,0, btemp+1, pclath, cstack
 Tracked objects:
		On entry : 
		On exit  : 
		Unchanged: 
 Data sizes:     COMMON   BANK0   BANK1   BANK3   BANK2
      Params:         0       7       0       0       0
      Locals:         0       4       0       0       0
      Temps:          0       2       0       0       0
      Totals:         0      13       0       0       0
Total ram usage:       13 bytes
 Hardware stack levels used:    1
 Hardware stack levels required when called:    3
 This function calls:
		_I2C_Master_Start
		_I2C_Master_Stop
		_I2C_Master_Write
		_my_delay_ms_WDT
 This function is called by:
		_EEPROM_24C1025_Write_Byte
		_EEPROM_24C1025_Write_Int
		_Decodify_Command
 This function uses a non-reentrant model


 *************** function _my_delay_ms_WDT *****************
 Defined at:
		line 13 in file "my_delay.c"
 Parameters:    Size  Location     Type
  time            4    0[BANK0 ] long 
 Auto vars:     Size  Location     Type
  i               4    6[BANK0 ] long 
 Return value:  Size  Location     Type
                  1    wreg      void 
 Registers used:
		wreg, btemp+1
 Tracked objects:
		On entry : 
		On exit  : 
		Unchanged: 
 Data sizes:     COMMON   BANK0   BANK1   BANK3   BANK2
      Params:         0       4       0       0       0
      Locals:         0       4       0       0       0
      Temps:          0       2       0       0       0
      Totals:         0      10       0       0       0
Total ram usage:       10 bytes
 Hardware stack levels used:    1
 Hardware stack levels required when called:    1
 This function calls:
		Nothing
 This function is called by:
		_EEPROM_24C1025_Write_Buffer
		_EEPROM_24C1025_Read_Buffer
		_EEPROM_24C1025_Write_Str
		_main
 This function uses a non-reentrant model


 *************** function _I2C_Master_Write *****************
 Defined at:
		line 79 in file "I2C.c"
 Parameters:    Size  Location     Type
  d               2    3[BANK0 ] unsigned int 
 Auto vars:     Size  Location     Type
		None
 Return value:  Size  Location     Type
                  1    wreg      void 
 Registers used:
		wreg, status,2, status,0, pclath, cstack
 Tracked objects:
		On entry : 
		On exit  : 
		Unchanged: 
 Data sizes:     COMMON   BANK0   BANK1   BANK3   BANK2
      Params:         0       2       0       0       0
      Locals:         0       0       0       0       0
      Temps:          0       0       0       0       0
      Totals:         0       2       0       0       0
Total ram usage:        2 bytes
 Hardware stack levels used:    1
 Hardware stack levels required when called:    2
 This function calls:
		_I2C_Master_Wait
 This function is called by:
		_EEPROM_24C1025_Write_Buffer
		_EEPROM_24C1025_Read_Buffer
		_EEPROM_24C1025_Write_Str
		_EEPROM_24C1025_Read_Str
 This function uses a non-reentrant model


 *************** function _I2C_Master_Stop *****************
 Defined at:
		line 70 in file "I2C.c"
 Parameters:    Size  Location     Type
		None
 Auto vars:     Size  Location     Type
		None
 Return value:  Size  Location     Type
                  1    wreg      void 
 Registers used:
		wreg, status,2, status,0, pclath, cstack
 Tracked objects:
		On entry : 
		On exit  : 
		Unchanged: 
 Data sizes:     COMMON   BANK0   BANK1   BANK3   BANK2
      Params:         0       0       0       0       0
      Locals:         0       0       0       0       0
      Temps:          0       0       0       0       0
      Totals:         0       0       0       0       0
Total ram usage:        0 bytes
 Hardware stack levels used:    1
 Hardware stack levels required when called:    2
 This function calls:
		_I2C_Master_Wait
 This function is called by:
		_EEPROM_24C1025_Write_Buffer
		_EEPROM_24C1025_Read_Buffer
		_EEPROM_24C1025_Write_Str
		_EEPROM_24C1025_Read_Str
 This function uses a non-reentrant model


 *************** function _I2C_Master_Start *****************
 Defined at:
		line 52 in file "I2C.c"
 Parameters:    Size  Location     Type
		None
 Auto vars:     Size  Location     Type
		None
 Return value:  Size  Location     Type
                  1    wreg      void 
 Registers used:
		wreg, status,2, status,0, pclath, cstack
 Tracked objects:
		On entry : 
		On exit  : 
		Unchanged: 
 Data sizes:     COMMON   BANK0   BANK1   BANK3   BANK2
      Params:         0       0       0       0       0
      Locals:         0       0       0       0       0
      Temps:          0       0       0       0       0
      Totals:         0       0       0       0       0
Total ram usage:        0 bytes
 Hardware stack levels used:    1
 Hardware stack levels required when called:    2
 This function calls:
		_I2C_Master_Wait
 This function is called by:
		_EEPROM_24C1025_Write_Buffer
		_EEPROM_24C1025_Read_Buffer
		_EEPROM_24C1025_Write_Str
		_EEPROM_24C1025_Read_Str
 This function uses a non-reentrant model


 *************** function _I2C_Master_Wait *****************
 Defined at:
		line 37 in file "I2C.c"
 Parameters:    Size  Location     Type
		None
 Auto vars:     Size  Location     Type
  tempo           1    2[BANK0 ] unsigned char 
 Return value:  Size  Location     Type
                  1    wreg      unsigned char 
 Registers used:
		wreg, status,2, status,0
 Tracked objects:
		On entry : 
		On exit  : 
		Unchanged: 
 Data sizes:     COMMON   BANK0   BANK1   BANK3   BANK2
      Params:         0       0       0       0       0
      Locals:         0       1       0       0       0
      Temps:          0       2       0       0       0
      Totals:         0       3       0       0       0
Total ram usage:        3 bytes
 Hardware stack levels used:    1
 Hardware stack levels required when called:    1
 This function calls:
		Nothing
 This function is called by:
		_I2C_Master_Start
		_I2C_Master_RepeatedStart
		_I2C_Master_Stop
		_I2C_Master_Write
		_I2C_Master_Read
 This function uses a non-reentrant model


 *************** function _ADC_init *****************
 Defined at:
		line 10 in file "adc.c"
 Parameters:    Size  Location     Type
		None
 Auto vars:     Size  Location     Type
		None
 Return value:  Size  Location     Type
                  1    wreg      void 
 Registers used:
		wreg, status,2, status,0
 Tracked objects:
		On entry : 
		On exit  : 
		Unchanged: 
 Data sizes:     COMMON   BANK0   BANK1   BANK3   BANK2
      Params:         0       0       0       0       0
      Locals:         0       0       0       0       0
      Temps:          0       0       0       0       0
      Totals:         0       0       0       0       0
Total ram usage:        0 bytes
 Hardware stack levels used:    1
 Hardware stack levels required when called:    1
 This function calls:
		Nothing
 This function is called by:
		_main
 This function uses a non-reentrant model


 *************** function _isr *****************
 Defined at:
		line 29 in file "isr.c"
 Parameters:    Size  Location     Type
		None
 Auto vars:     Size  Location     Type
  tempo           2    6[COMMON] unsigned int 
 Return value:  Size  Location     Type
                  1    wreg      void 
 Registers used:
		wreg, fsr0l, fsr0h, status,2, status,0, btemp+1
 Tracked objects:
		On entry : 
		On exit  : 
		Unchanged: 
 Data sizes:     COMMON   BANK0   BANK1   BANK3   BANK2
      Params:         0       0       0       0       0
      Locals:         2       0       0       0       0
      Temps:          6       0       0       0       0
      Totals:         8       0       0       0       0
Total ram usage:        8 bytes
 Hardware stack levels used:    1
 This function calls:
		Nothing
 This function is called by:
		Interrupt level 1
 This function uses a non-reentrant model



MODULE INFORMATION

Module		Function		Class		Link	Load	Size
protocolo.c
		_Package_Usart_is_for_me		CODE           	1D22	0000	21

protocolo.c estimated size: 21

C:\Program Files (x86)\Microchip\xc8\v2.10\pic\sources\c90\common\lwdiv.c
		___lwdiv       		CODE           	11A3	0000	61

C:\Program Files (x86)\Microchip\xc8\v2.10\pic\sources\c90\common\lwdiv.c estimated size: 61

C:\Program Files (x86)\Microchip\xc8\v2.10\pic\sources\c90\common\fltol.c
		___fltol       		CODE           	13AD	0000	108

C:\Program Files (x86)\Microchip\xc8\v2.10\pic\sources\c90\common\fltol.c estimated size: 108

my_delay.c
		_my_delay_ms_WDT		CODE           	10F7	0000	57
		_my_delay_ms   		CODE           	10C0	0000	56

my_delay.c estimated size: 113

usart.c
		_USART_putc    		CODE           	1D01	0000	17
		_USART_to_Protocol		CODE           	12A1	0000	86
		_USART_put_string		CODE           	1FCD	0000	52
		_USART_put_int 		CODE           	1D4C	0000	23
		_USART_put_buffer		CODE           	1DCE	0000	30
		_USART_init    		CODE           	11DF	0000	61

usart.c estimated size: 269

I2C.c
		_I2C_Master_Read		CODE           	108B	0000	54
		_I2C_Master_Wait		CODE           	1E67	0000	34
		_I2C_Master_Init		CODE           	1F6A	0000	50
		_I2C_Master_Stop		CODE           	1CC4	0000	10
		_I2C_Master_RepeatedStart		CODE           	1CF6	0000	12
		_I2C_Master_Write		CODE           	1CEB	0000	12
		_I2C_Master_Start		CODE           	1D11	0000	18

I2C.c estimated size: 190

C:\Program Files (x86)\Microchip\xc8\v2.10\pic\sources\c90\common\sprcmul.c
		___flmul       		CODE           	03DB	0000	758

C:\Program Files (x86)\Microchip\xc8\v2.10\pic\sources\c90\common\sprcmul.c estimated size: 758

proculus.c
		_PROCULUS_Control_Register_Write		CODE           	112F	0000	57
		_PROCULUS_Show_Screen		CODE           	07EB	0000	22
		_PROCULUS_VP_Write_String		CODE           	1D7B	0000	27
		_PROCULUS_VP_Write		CODE           	125A	0000	72
		_PROCULUS_Delay		CODE           	1DB1	0000	30
		_PROCULUS_Buzzer		CODE           	1EAA	0000	35

proculus.c estimated size: 243

C:\Program Files (x86)\Microchip\xc8\v2.10\pic\sources\c90\common\Umul8_16.c
		__Umul8_16     		CODE           	1ECC	0000	36

C:\Program Files (x86)\Microchip\xc8\v2.10\pic\sources\c90\common\Umul8_16.c estimated size: 36

C:\Program Files (x86)\Microchip\xc8\v2.10\pic\sources\c90\common\__lldiv.c
		___lldiv       		CODE           	0803	0000	95

C:\Program Files (x86)\Microchip\xc8\v2.10\pic\sources\c90\common\__lldiv.c estimated size: 95

eeprom.c
		_EEPROM_Write_String		CODE           	1060	0000	44
		_EEPROM_Read_Byte		CODE           	1E88	0000	35
		_EEPROM_Write_Byte		CODE           	1167	0000	61
		_EEPROM_Read_Integer		CODE           	1F40	0000	43
		_EEPROM_Read_String		CODE           	1E47	0000	33
		_EEPROM_Write_Integer		CODE           	1F9B	0000	51

eeprom.c estimated size: 267

C:\Program Files (x86)\Microchip\xc8\v2.10\pic\sources\c90\common\sprcdiv.c
		___fldiv       		CODE           	0C32	0000	418

C:\Program Files (x86)\Microchip\xc8\v2.10\pic\sources\c90\common\sprcdiv.c estimated size: 418

adc.c
		_captura       		CODE           	1CD6	0000	11
		_ADC_Media_10bits		CODE           	12F6	0000	86
		_ADC_init      		CODE           	1CE0	0000	12

adc.c estimated size: 109

SlaveLiofilizadorVer1.c
		_Send_To_MB    		CODE           	1F17	0000	42
		_mediaLeituraPt100Umidadde		CODE           	06D0	0000	284
		_main          		CODE           	15A6	0000	241
		_Decodify_Command		CODE           	003E	0000	926
		_Send_Reply_OK 		CODE           	1CCD	0000	10
		_Save_Log      		CODE           	134B	0000	99

SlaveLiofilizadorVer1.c estimated size: 1602

isr.c
		_isr           		CODE           	14BB	0000	236

isr.c estimated size: 236

C:\Program Files (x86)\Microchip\xc8\v2.10\pic\sources\c90\common\xxtofl.c
		___xxtofl      		CODE           	1418	0000	164

C:\Program Files (x86)\Microchip\xc8\v2.10\pic\sources\c90\common\xxtofl.c estimated size: 164

shared
		_PT100_TRANSLADA		STRING         	0000	0000	0
		__stringtab    		STRING         	1000	0000	17
		_RESISTOR_ROOM_TEMP		STRING         	0000	0000	0
		_PT100_CONSTANT		STRING         	0000	0000	0
		_ROOM_TEMP     		STRING         	0000	0000	0
		_BETA          		STRING         	0000	0000	0
		__initialization		CODE           	0015	0000	38
		log@coeff      		STRING         	0000	0000	0
		_BALANCE_RESISTOR		STRING         	0000	0000	0
		_MAX_ADC       		STRING         	0000	0000	0

shared estimated size: 55

C:\Program Files (x86)\Microchip\xc8\v2.10\pic\sources\c90\common\strlen.c
		_strlen        		CODE           	1D95	0000	29

C:\Program Files (x86)\Microchip\xc8\v2.10\pic\sources\c90\common\strlen.c estimated size: 29

C:\Program Files (x86)\Microchip\xc8\v2.10\pic\sources\c90\common\strcpy.c
		_strcpy        		CODE           	1DEB	0000	31

C:\Program Files (x86)\Microchip\xc8\v2.10\pic\sources\c90\common\strcpy.c estimated size: 31

EEPROM_24C1025.c
		_EEPROM_24C1025_Read_Str		CODE           	0954	0000	365
		_EEPROM_24C1025_Write_Int		CODE           	1E27	0000	33
		_EEPROM_24C1025_Read_Byte		CODE           	1D62	0000	26
		_EEPROM_24C1025_Read_Buffer		CODE           	0AC0	0000	371
		_EEPROM_24C1025_Write_Byte		CODE           	1D36	0000	23
		_EEPROM_24C1025_Write_Buffer		CODE           	1696	0000	363
		_EEPROM_24C1025_Fill_All		CODE           	121B	0000	64
		_EEPROM_24C1025_Read_Int		CODE           	1EEF	0000	41
		_EEPROM_24C1025_Write_Str		CODE           	0861	0000	244

EEPROM_24C1025.c estimated size: 1530

C:\Program Files (x86)\Microchip\xc8\v2.10\pic\sources\c90\common\sprcadd.c
		___flsub       		CODE           	1E09	0000	31
		___fladd       		CODE           	0DD3	0000	558

C:\Program Files (x86)\Microchip\xc8\v2.10\pic\sources\c90\common\sprcadd.c estimated size: 589

