Microchip MPLAB XC8 Compiler V2.10 ()

Linker command line:

-W-3 --edf=C:\Program Files (x86)\Microchip\xc8\v2.10\pic\dat\en_msgs.txt \
  -cs \
  -h+dist/default/production\Liofilizador_-_Placa_Filha.X.production.sym \
  --cmf=dist/default/production\Liofilizador_-_Placa_Filha.X.production.cmf \
  -z -Q16F886 -oC:\Users\Home\AppData\Local\Temp\s3cg.2 \
  --defsym=__MPLAB_BUILD=1 \
  -Mdist/default/production/Liofilizador_-_Placa_Filha.X.production.map -E1 \
  -ver=XC8 --acfsm=1493 -ASTACK=01E3h-01EFh -pstack=STACK \
  -ACODE=00h-07FFhx4 -ASTRCODE=00h-01FFFh -ASTRING=00h-0FFhx32 \
  -ACONST=00h-0FFhx32 -AENTRY=00h-0FFhx32 -ACOMMON=070h-07Fh \
  -ABANK0=020h-06Fh -ABANK1=0A0h-0EFh -ABANK2=0110h-016Fh \
  -ABANK3=0190h-01EFh -ARAM=020h-06Fh,0A0h-0EFh,0110h-016Fh,0190h-01EFh \
  -AABS1=020h-07Fh,0A0h-0EFh,0110h-016Fh,0190h-01EFh -ASFR0=00h-01Fh \
  -ASFR1=080h-09Fh -ASFR2=0100h-010Fh -ASFR3=0180h-018Fh \
  -preset_vec=00h,intentry=04h,init,end_init -ppowerup=CODE -pcinit=CODE \
  -pfunctab=ENTRY -ACONFIG=02007h-02008h -pconfig=CONFIG -DCONFIG=2 \
  -AIDLOC=02000h-02003h -pidloc=IDLOC -DIDLOC=2 -AEEDATA=00h-0FFh/02100h \
  -peeprom_data=EEDATA -DEEDATA=2 -DCODE=2 -DSTRCODE=2 -DSTRING=2 -DCONST=2 \
  -DENTRY=2 -k C:\Users\Home\AppData\Local\Temp\s3cg.o \
  dist/default/production\Liofilizador_-_Placa_Filha.X.production.o 

Object code version is 3.11

Machine type is 16F886



                Name                               Link     Load   Length Selector   Space Scale
C:\Users\Home\AppData\Local\Temp\s3cg.o
                end_init                             12       12        3        8       0
                reset_vec                             0        0        3        0       0
                config                             2007     2007        2     400E       0
dist/default/production\Liofilizador_-_Placa_Filha.X.production.o
                cinit                                15       15       1F        8       0
                intentry                              4        4        E        8       0
                text73                              6CB      6CB       DA        8       0
                text72                              7F0      7F0        B        8       0
                text66                              2EE      2EE      1A4        8       0
                text56                             1D6C     1D6C       3B     3AD8       0
                text52                             1C87     1C87       1B     390E       0
                text51                             1CA2     1CA2       1B     3944       0
                text49                             1C5D     1C5D       15     38BA       0
                text46                              492      492      141        8       0
                text44                             1F01     1F01       7C     3E02       0
                text33                             1DA7     1DA7       72     3B4E       0
                text32                              810      810      7F0     1020       0
                text30                             1C4A     1C4A       13     3894       0
                text25                               34       34      2BA        8       0
                text24                             1CD9     1CD9       2D     39B2       0
                text21                             1CBD     1CBD       1C     397A       0
                text20                              7A5      7A5       4B        8       0
                text18                             1E19     1E19       73     3C32       0
                text15                             1C72     1C72       15     38E4       0
                text12                             1E8C     1E8C       75     3D18       0
                text11                             1D33     1D33       39     3A66       0
                text7                              1F7D     1F7D       83     3EFA       0
                text2                              1012     1012      7EE     2024       0
                text1                              1D06     1D06       2D     3A0C       0
                maintext                            5D3      5D3       F8        8       0
                cstackBANK0                          20       20       50       20       1
                cstackCOMMON                         77       77        6       70       1
                cstackBANK1                          A0       A0       50       A0       1
                cstackBANK3                         1DE      1DE        3      190       1
                clrtext                             808      808        8     1010       0
                bssBANK2                            110      110       59      110       1
                dataBANK3                           1E1      1E1        2      190       1
                bssBANK3                            190      190       4E      190       1
                bssCOMMON                            70       70        7       70       1
                strings                            1800     1800       4A     3000       0

TOTAL           Name                               Link     Load   Length     Space
        CLASS   STACK          

        CLASS   CODE           
                end_init                             12       12        3         0
                cinit                                15       15       1F         0
                intentry                              4        4        E         0
                reset_vec                             0        0        3         0
                text73                              6CB      6CB       DA         0
                text72                              7F0      7F0        B         0
                text66                              2EE      2EE      1A4         0
                text56                             1D6C     1D6C       3B         0
                text52                             1C87     1C87       1B         0
                text51                             1CA2     1CA2       1B         0
                text49                             1C5D     1C5D       15         0
                text46                              492      492      141         0
                text44                             1F01     1F01       7C         0
                text33                             1DA7     1DA7       72         0
                text32                              810      810      7F0         0
                text30                             1C4A     1C4A       13         0
                text25                               34       34      2BA         0
                text24                             1CD9     1CD9       2D         0
                text21                             1CBD     1CBD       1C         0
                text20                              7A5      7A5       4B         0
                text18                             1E19     1E19       73         0
                text15                             1C72     1C72       15         0
                text12                             1E8C     1E8C       75         0
                text11                             1D33     1D33       39         0
                text7                              1F7D     1F7D       83         0
                text2                              1012     1012      7EE         0
                text1                              1D06     1D06       2D         0
                maintext                            5D3      5D3       F8         0
                clrtext                             808      808        8         0

        CLASS   STRCODE        

        CLASS   STRING         
                strings                            1800     1800       4A         0

        CLASS   CONST          

        CLASS   ENTRY          

        CLASS   COMMON         
                cstackCOMMON                         77       77        6         1
                bssCOMMON                            70       70        7         1

        CLASS   BANK0          
                cstackBANK0                          20       20       50         1

        CLASS   BANK1          
                cstackBANK1                          A0       A0       50         1

        CLASS   BANK2          
                bssBANK2                            110      110       59         1

        CLASS   BANK3          
                cstackBANK3                         1DE      1DE        3         1
                dataBANK3                           1E1      1E1        2         1
                bssBANK3                            190      190       4E         1

        CLASS   RAM            

        CLASS   ABS1           
                abs_s1                               7E       7E        2         1

        CLASS   SFR0           

        CLASS   SFR1           

        CLASS   SFR2           

        CLASS   SFR3           

        CLASS   CONFIG         
                config                             2007     2007        2         0

        CLASS   IDLOC          

        CLASS   EEDATA         



SEGMENTS        Name                           Load    Length   Top    Selector   Space  Class     Delta

                reset_vec                      000000  000003  000003         0       0  CODE        2
                intentry                       000004  0007F7  0007FB         8       0  CODE        2
                cstackBANK0                    000020  000050  000070        20       1  BANK0       1
                bssCOMMON                      000070  00000D  00007D        70       1  COMMON      1
                cstackBANK1                    0000A0  000050  0000F0        A0       1  BANK1       1
                bssBANK2                       000110  000059  000169       110       1  BANK2       1
                bssBANK3                       000190  000053  0001E3       190       1  BANK3       1
                clrtext                        000808  000008  000810      1010       0  CODE        2
                text32                         000810  0007F0  001000      1020       0  CODE        2
                text2                          001012  0007EE  001800      2024       0  CODE        2
                strings                        001800  00004A  00184A      3000       0  STRING      2
                text30                         001C4A  000013  001C5D      3894       0  CODE        2
                text49                         001C5D  000015  001C72      38BA       0  CODE        2
                text15                         001C72  000015  001C87      38E4       0  CODE        2
                text52                         001C87  00001B  001CA2      390E       0  CODE        2
                text51                         001CA2  00001B  001CBD      3944       0  CODE        2
                text21                         001CBD  00001C  001CD9      397A       0  CODE        2
                text24                         001CD9  00002D  001D06      39B2       0  CODE        2
                text1                          001D06  00002D  001D33      3A0C       0  CODE        2
                text11                         001D33  000039  001D6C      3A66       0  CODE        2
                text56                         001D6C  00003B  001DA7      3AD8       0  CODE        2
                text33                         001DA7  000072  001E19      3B4E       0  CODE        2
                text18                         001E19  000073  001E8C      3C32       0  CODE        2
                text12                         001E8C  000075  001F01      3D18       0  CODE        2
                text44                         001F01  00007C  001F7D      3E02       0  CODE        2
                text7                          001F7D  000083  002000      3EFA       0  CODE        2
                config                         002007  000002  002009      400E       0  CONFIG      2


UNUSED ADDRESS RANGES

        Name                Unused          Largest block    Delta
        BANK2            0169-016F              7           1
        BANK3            01E3-01EF              D           1
        CODE             0003-0003              1           2
                         07FB-0807              5
                         1000-1011             12
                         184A-1C49            400
        COMMON           007D-007D              1           1
        CONST            0003-0003              1           2
                         07FB-0807              5
                         1000-1011             12
                         184A-1C49            100
        EEDATA           2100-21FF            100           2
        ENTRY            0003-0003              1           2
                         07FB-0807              5
                         1000-1011             12
                         184A-1C49            100
        IDLOC            2000-2003              4           2
        RAM              0169-016F              7           1
                         01E3-01EF              D
        SFR0             0000-001F             20           1
        SFR1             0080-009F             20           1
        SFR2             0100-010F             10           1
        SFR3             0180-018F             10           1
        STACK            01E3-01EF              D           1
        STRCODE          0003-0003              1           2
                         07FB-0807              D
                         1000-1011             12
                         184A-1C49            400
        STRING           0003-0003              1           2
                         07FB-0807              5
                         1000-1011             12
                         184A-1C49            100

                                  Symbol Table

?_ADC_Read_NTC                            cstackBANK1  00B9
?_EEPROM_24C1025_Read_Int                 cstackBANK0  0031
?_EEPROM_Read_Integer                     cstackBANK0  0023
?_I2C_Master_Read                         cstackBANK0  0020
?__Umul8_16                               cstackBANK0  0020
?___fladd                                 cstackBANK0  0039
?___fldiv                                 cstackBANK1  00A0
?___flmul                                 cstackBANK0  0055
?___flsub                                 cstackBANK0  004D
?___fltol                                 cstackBANK1  00A0
?___lldiv                                 cstackBANK0  0020
?___lwdiv                                 cstackBANK0  0020
?___lwmod                                 cstackBANK0  0020
?___xxtofl                                cstackBANK0  002B
?_captura                                 cstackBANK0  0020
?_eval_poly                               cstackBANK1  00A0
?_frexp                                   cstackBANK0  002C
?_log                                     cstackBANK1  00B0
?_strlen                                  cstackBANK0  0020
ADC_Read_NTC@B                            cstackBANK1  00C2
ADC_Read_NTC@calc                         cstackBANK1  00BE
ADC_Read_NTC@i                            cstackBANK1  00C8
ADC_Read_NTC@resistencia                  cstackBANK1  00C4
ADC_Read_NTC@temperatura                  cstackBANK1  00CB
ADC_Read_NTC@value                        cstackBANK1  00C9
Decodify_Command@OutPut                   cstackBANK1  00E2
Decodify_Command@add                      cstackBANK1  00DF
Decodify_Command@add_24LCxxxx             cstackBANK1  00EA
Decodify_Command@dados                    cstackBANK1  00DD
Decodify_Command@hh                       cstackBANK1  00BF
Decodify_Command@mm                       cstackBANK1  00C9
Decodify_Command@sizedata                 cstackBANK1  00E9
Decodify_Command@ss                       cstackBANK1  00D3
Decodify_Command@tempchar                 cstackBANK1  00E6
Decodify_Command@tempint                  cstackBANK1  00E0
Decodify_Command@valor                    cstackBANK1  00E7
EEPROM_24C1025_Fill_All@chip_add          cstackBANK0  0032
EEPROM_24C1025_Fill_All@i                 cstackBANK0  0033
EEPROM_24C1025_Fill_All@page              cstackBANK0  0034
EEPROM_24C1025_Fill_All@value             cstackBANK0  002F
EEPROM_24C1025_Read_Buffer@chip_add       cstackBANK0  002E
EEPROM_24C1025_Read_Buffer@cnt_1519       cstackBANK0  002D
EEPROM_24C1025_Read_Buffer@ctrl           cstackBANK0  0030
EEPROM_24C1025_Read_Buffer@data           cstackBANK0  0029
EEPROM_24C1025_Read_Buffer@mem_add        cstackBANK0  0024
EEPROM_24C1025_Read_Buffer@range          cstackBANK0  002F
EEPROM_24C1025_Read_Buffer@sizedata       cstackBANK0  0028
EEPROM_24C1025_Read_Byte@chip_add         cstackBANK0  0035
EEPROM_24C1025_Read_Byte@data             cstackBANK0  0036
EEPROM_24C1025_Read_Byte@mem_add          cstackBANK0  0031
EEPROM_24C1025_Read_Int@chip_add          cstackBANK0  0035
EEPROM_24C1025_Read_Int@data              cstackBANK0  0036
EEPROM_24C1025_Read_Int@mem_add           cstackBANK0  0031
EEPROM_24C1025_Read_Str@chip_add          cstackBANK0  002C
EEPROM_24C1025_Read_Str@cnt               cstackBANK0  002B
EEPROM_24C1025_Read_Str@ctrl              cstackBANK0  002E
EEPROM_24C1025_Read_Str@mem_add           cstackBANK0  0024
EEPROM_24C1025_Read_Str@range             cstackBANK0  002D
EEPROM_24C1025_Read_Str@texto             cstackBANK0  0028
EEPROM_24C1025_Write_Buffer@chip_add      cstackBANK0  002C
EEPROM_24C1025_Write_Buffer@count         cstackBANK0  002B
EEPROM_24C1025_Write_Buffer@ctrl          cstackBANK0  002E
EEPROM_24C1025_Write_Buffer@data          cstackBANK0  0027
EEPROM_24C1025_Write_Buffer@mem_add       cstackBANK0  0022
EEPROM_24C1025_Write_Buffer@range         cstackBANK0  002D
EEPROM_24C1025_Write_Buffer@sizedata      cstackBANK0  0026
EEPROM_24C1025_Write_Byte@chip_add        cstackBANK0  0034
EEPROM_24C1025_Write_Byte@data            cstackBANK0  0033
EEPROM_24C1025_Write_Byte@mem_add         cstackBANK0  002F
EEPROM_24C1025_Write_Int@chip_add         cstackBANK1  00AE
EEPROM_24C1025_Write_Int@data             cstackBANK1  00AC
EEPROM_24C1025_Write_Int@local            cstackBANK1  00AF
EEPROM_24C1025_Write_Int@mem_add          cstackBANK1  00A8
EEPROM_24C1025_Write_Str@chip_add         cstackBANK0  0029
EEPROM_24C1025_Write_Str@ctrl             cstackBANK0  002B
EEPROM_24C1025_Write_Str@data             cstackBANK0  0026
EEPROM_24C1025_Write_Str@mem_add          cstackBANK0  0022
EEPROM_24C1025_Write_Str@range            cstackBANK0  002A
EEPROM_Read_Byte@addr                     cstackBANK0  0022
EEPROM_Read_Integer@addr                  cstackBANK0  0026
EEPROM_Read_Integer@i                     cstackBANK0  002A
EEPROM_Read_Integer@ptr                   cstackBANK0  0027
EEPROM_Read_Integer@result                cstackBANK0  0028
EEPROM_Read_String@addr                   cstackBANK0  0024
EEPROM_Read_String@c                      cstackBANK0  0025
EEPROM_Read_String@dado                   cstackBANK0  0023
EEPROM_Write_Byte@addr                    cstackBANK0  0023
EEPROM_Write_Byte@dado                    cstackBANK0  0020
EEPROM_Write_Byte@last_GIE                cstackBANK0  0024
EEPROM_Write_Integer@addr                 cstackBANK0  0029
EEPROM_Write_Integer@dado                 cstackBANK0  0025
EEPROM_Write_Integer@i                    cstackBANK0  002B
EEPROM_Write_Integer@ptr                  cstackBANK0  002A
EEPROM_Write_String@addr                  cstackBANK0  0026
EEPROM_Write_String@dado                  cstackBANK0  0025
I2C_Master_Init@c                         cstackBANK0  002D
I2C_Master_Read@a                         cstackBANK0  0020
I2C_Master_Read@temp                      cstackBANK0  0022
I2C_Master_Write@d                        cstackBANK0  0020
PL10                                      text66       047C
PL12                                      text25       0295
PL14                                      text46       05BA
PL16                                      text25       02A6
PL18                                      text2        1775
PL2                                       text66       0431
PL20                                      text25       02B5
PL22                                      text2        1785
PL24                                      text25       02C5
PL26                                      text2        178F
PL28                                      text2        1798
PL30                                      text2        17A1
PL32                                      text32       0FA9
PL34                                      text66       0484
PL36                                      text32       0FB2
PL38                                      text25       02D3
PL4                                       text66       0462
PL40                                      text25       02DD
PL42                                      text32       0FBC
PL44                                      text32       0FC6
PL46                                      text2        17AA
PL48                                      text2        17B3
PL50                                      text32       0FCF
PL52                                      text32       0FD6
PL54                                      text2        17BC
PL56                                      text32       0FDC
PL58                                      text25       02E7
PL6                                       text25       0272
PL60                                      text2        17C3
PL62                                      text2        17C9
PL64                                      text44       1F77
PL66                                      text66       048C
PL68                                      text7        1FFA
PL70                                      text32       0FE3
PL72                                      text32       0FE8
PL74                                      text32       0FEE
PL76                                      text32       0FF4
PL78                                      text32       0FFA
PL8                                       text25       028C
PL80                                      text2        17CE
PROCULUS_Buzzer@time_ms_x_10              cstackBANK1  00AF
PROCULUS_Buzzer@vetor                     cstackBANK1  00B1
PROCULUS_Control_Register_Write@i         cstackBANK1  00AE
PROCULUS_Control_Register_Write@size      cstackBANK1  00AB
PROCULUS_Control_Register_Write@vetor     cstackBANK1  00AD
PROCULUS_Delay@i                          cstackBANK0  0024
PROCULUS_Delay@tempo_ms                   cstackBANK0  0020
PROCULUS_Show_Screen@screen               cstackBANK1  00AF
PROCULUS_Show_Screen@vetor                cstackBANK1  00B1
PROCULUS_VP_Write@i                       cstackBANK1  00B2
PROCULUS_VP_Write@size                    cstackBANK1  00AF
PROCULUS_VP_Write@vetor                   cstackBANK1  00AD
PROCULUS_VP_Write@vp                      cstackBANK1  00AB
PROCULUS_VP_Write_String@text             cstackBANK1  00B5
PROCULUS_VP_Write_String@vp               cstackBANK1  00B3
Package_Usart_is_for_me@retorno           cstackBANK0  0020
Save_Log@add_memory                       cstackBANK1  00B1
Send_To_MB@size                           cstackBANK0  0021
USART_init@baudrate                       cstackBANK0  0020
USART_init@i                              cstackBANK0  0024
USART_put_buffer@loop                     cstackBANK0  0025
USART_put_buffer@ptr                      cstackBANK0  0026
USART_put_buffer@size                     cstackBANK0  0021
USART_put_buffer@vetor                    cstackBANK0  0027
USART_put_int@dado                        cstackBANK1  00AA
USART_put_int@value                       cstackBANK1  00A8
USART_put_string@ptr                      cstackBANK0  0023
USART_put_string@vetor                    cstackBANK0  0021
USART_putc@value                          cstackBANK0  0020
USART_to_Protocol@i                       cstackBANK0  0022
USART_to_Protocol@usart_protocol          cstackBANK0  0024
_ACKDT                                    (abs)        048D
_ACKEN                                    (abs)        048C
_ADCON0bits                               (abs)        001F
_ADCON1                                   (abs)        009F
_ADCON1bits                               (abs)        009F
_ADC_Read_NTC                             text2        1337
_ADC_init                                 text72       07F0
_ADRESH                                   (abs)        001E
_ADRESL                                   (abs)        009E
_ANSEL                                    (abs)        0188
_ANSELH                                   (abs)        0189
_Auto_Relay0                              text66       02EE
_Auto_Relay1                              text66       0348
_BAUDCTLbits                              (abs)        0187
_Board_Number                             bssBANK3     01B4
_CREN                                     (abs)        00C4
_Decodify_Command                         text32       0845
_Delay_Led_Memory                         bssBANK3     01B0
_Delay_Led_Tmr0                           bssBANK3     01AE
_Delay_Led_Usart                          bssBANK3     01AC
_EEADR                                    (abs)        010D
_EECON1bits                               (abs)        018C
_EECON2                                   (abs)        018D
_EEDATA                                   (abs)        010C
_EEPROM_24C1025_Fill_All                  text56       1D6C
_EEPROM_24C1025_Read_Buffer               text32       0D6F
_EEPROM_24C1025_Read_Byte                 text52       1C87
_EEPROM_24C1025_Read_Int                  text51       1CA2
_EEPROM_24C1025_Read_Str                  text32       0C8A
_EEPROM_24C1025_Write_Buffer              text32       0E4F
_EEPROM_24C1025_Write_Byte                text49       1C5D
_EEPROM_24C1025_Write_Int                 text25       01F9
_EEPROM_24C1025_Write_Str                 text32       0BEE
_EEPROM_Read_Byte                         text46       057E
_EEPROM_Read_Integer                      text46       059F
_EEPROM_Read_String                       text46       0492
_EEPROM_Write_Byte                        text44       1F3C
_EEPROM_Write_Integer                     text44       1F01
_EEPROM_Write_String                      text44       1F24
_Histerese0                               bssBANK3     019C
_Histerese1                               bssBANK3     01B8
_I2C_Master_Init                          text12       1E8C
_I2C_Master_Read                          text32       0F37
_I2C_Master_RepeatedStart                 text32       0F62
_I2C_Master_Start                         text32       0F2C
_I2C_Master_Stop                          text32       0F34
_I2C_Master_Wait                          text32       0F59
_I2C_Master_Write                         text32       0F26
_INTCONbits                               (abs)        000B
_Load_Work                                text46       04A6
_OPTION_REGbits                           (abs)        0081
_OSCCONbits                               (abs)        008F
_PEN                                      (abs)        048A
_PIE1bits                                 (abs)        008C
_PIR1bits                                 (abs)        000C
_PORTA                                    (abs)        0005
_PORTAbits                                (abs)        0005
_PORTB                                    (abs)        0006
_PORTBbits                                (abs)        0006
_PORTC                                    (abs)        0007
_PORTCbits                                (abs)        0007
_PORTE                                    (abs)        0009
_PROCULUS_Buzzer                          text33       1DB1
_PROCULUS_Control_Register_Write          text33       1DD1
_PROCULUS_Delay                           text33       1DFF
_PROCULUS_Show_Screen                     text33       1DA7
_PROCULUS_VP_Write                        text32       0810
_PROCULUS_VP_Write_String                 text30       1C4A
_Package_Usart_is_for_me                  text2        175F
_RCEN                                     (abs)        048B
_RCREG                                    (abs)        001A
_RCSTAbits                                (abs)        0018
_RL0Status                                dataBANK3    01E2
_RL1Status                                dataBANK3    01E1
_RSEN                                     (abs)        0489
_Rele0Desligado                           text66       0429
_Rele0Ligado                              text2        10F0
_Rele1Desligado                           text66       042D
_Rele1Ligado                              text2        1107
_SEN                                      (abs)        0488
_SPBRG                                    (abs)        0099
_SSPADD                                   (abs)        0093
_SSPBUF                                   (abs)        0013
_SSPCON                                   (abs)        0014
_SSPCON2                                  (abs)        0091
_SSPSTAT                                  (abs)        0094
_Save_Log                                 text25       0034
_Send_Reply_OK                            text32       0FA0
_Send_To_MB                               text32       0BA1
_SetPoint0                                bssCOMMON    0070
_SetPoint1                                bssBANK3     0198
_Status0                                  bssBANK3     01A8
_Status1                                  bssBANK3     01A6
_T1CKPS0                                  (abs)        0084
_T1CKPS1                                  (abs)        0085
_T1CON                                    (abs)        0010
_TMR1CS                                   (abs)        0081
_TMR1H                                    (abs)        000F
_TMR1IE                                   (abs)        0460
_TMR1L                                    (abs)        000E
_TRISA                                    (abs)        0085
_TRISB                                    (abs)        0086
_TRISC                                    (abs)        0087
_TRISC3                                   (abs)        043B
_TRISC4                                   (abs)        043C
_TRISC6                                   (abs)        043E
_TRISC7                                   (abs)        043F
_TRISE                                    (abs)        0089
_TXREG                                    (abs)        0019
_TXSTAbits                                (abs)        0098
_Temperatura0                             bssBANK3     0194
_Temperatura1                             bssBANK3     0190
_TempoCNT_0                               bssCOMMON    0075
_TempoCNT_1                               bssCOMMON    0074
_TempoOFF_0                               bssBANK3     01B9
_TempoOFF_1                               bssBANK3     01B6
_TempoON_0                                bssBANK3     01BA
_TempoON_1                                bssBANK3     01B7
_USART_init                               text11       1D33
_USART_put_buffer                         text21       1CBD
_USART_put_int                            text32       0F7F
_USART_put_string                         text24       1CD9
_USART_putc                               text32       0BDD
_USART_to_Protocol                        text20       07A5
_WPUB                                     (abs)        0095
__CFG_BOR4V$BOR40V                        (abs)        0000
__CFG_BOREN$ON                            (abs)        0000
__CFG_CP$ON                               (abs)        0000
__CFG_CPD$OFF                             (abs)        0000
__CFG_FCMEN$ON                            (abs)        0000
__CFG_FOSC$INTRC_NOCLKOUT                 (abs)        0000
__CFG_IESO$ON                             (abs)        0000
__CFG_LVP$OFF                             (abs)        0000
__CFG_MCLRE$OFF                           (abs)        0000
__CFG_PWRTE$ON                            (abs)        0000
__CFG_WDTE$ON                             (abs)        0000
__CFG_WRT$OFF                             (abs)        0000
__Habs1                                   abs1         0000
__Hbank0                                  bank0        0000
__Hbank1                                  bank1        0000
__Hbank2                                  bank2        0000
__Hbank3                                  bank3        0000
__HbssBANK2                               bssBANK2     0000
__HbssBANK3                               bssBANK3     0000
__HbssCOMMON                              bssCOMMON    0000
__Hcinit                                  cinit        0034
__Hclrtext                                clrtext      0000
__Hcode                                   code         0000
__Hcommon                                 common       0000
__Hconfig                                 config       2009
__HcstackBANK0                            cstackBANK0  0000
__HcstackBANK1                            cstackBANK1  0000
__HcstackBANK3                            cstackBANK3  0000
__HcstackCOMMON                           cstackCOMMON 0000
__HdataBANK3                              dataBANK3    0000
__Heeprom_data                            eeprom_data  0000
__Hend_init                               end_init     0015
__Hfunctab                                functab      0000
__HidataBANK3                             idataBANK3   0000
__Hidloc                                  idloc        0000
__Hinit                                   init         0012
__Hintentry                               intentry     0012
__Hmaintext                               maintext     0000
__Hpa_nodes0                              pa_nodes0    0000
__Hpowerup                                powerup      0000
__Hram                                    ram          0000
__Hreset_vec                              reset_vec    0003
__Hsfr0                                   sfr0         0000
__Hsfr1                                   sfr1         0000
__Hsfr2                                   sfr2         0000
__Hsfr3                                   sfr3         0000
__Hspace_0                                (abs)        2009
__Hspace_1                                (abs)        01E3
__Hspace_2                                (abs)        0000
__Hspace_3                                (abs)        0000
__Hstack                                  stack        0000
__Hstrings                                strings      0000
__Htext                                   text         0000
__Labs1                                   abs1         0000
__Lbank0                                  bank0        0000
__Lbank1                                  bank1        0000
__Lbank2                                  bank2        0000
__Lbank3                                  bank3        0000
__LbssBANK2                               bssBANK2     0000
__LbssBANK3                               bssBANK3     0000
__LbssCOMMON                              bssCOMMON    0000
__Lcinit                                  cinit        0015
__Lclrtext                                clrtext      0000
__Lcode                                   code         0000
__Lcommon                                 common       0000
__Lconfig                                 config       2007
__LcstackBANK0                            cstackBANK0  0000
__LcstackBANK1                            cstackBANK1  0000
__LcstackBANK3                            cstackBANK3  0000
__LcstackCOMMON                           cstackCOMMON 0000
__LdataBANK3                              dataBANK3    0000
__Leeprom_data                            eeprom_data  0000
__Lend_init                               end_init     0012
__Lfunctab                                functab      0000
__LidataBANK3                             idataBANK3   0000
__Lidloc                                  idloc        0000
__Linit                                   init         0012
__Lintentry                               intentry     0004
__Lmaintext                               maintext     0000
__Lpa_nodes0                              pa_nodes0    0000
__Lpowerup                                powerup      0000
__Lram                                    ram          0000
__Lreset_vec                              reset_vec    0000
__Lsfr0                                   sfr0         0000
__Lsfr1                                   sfr1         0000
__Lsfr2                                   sfr2         0000
__Lsfr3                                   sfr3         0000
__Lspace_0                                (abs)        0000
__Lspace_1                                (abs)        0000
__Lspace_2                                (abs)        0000
__Lspace_3                                (abs)        0000
__Lstack                                  stack        0000
__Lstrings                                strings      0000
__Ltext                                   text         0000
__S0                                      (abs)        2009
__S1                                      (abs)        01E3
__S2                                      (abs)        0000
__S3                                      (abs)        0000
__Umul8_16                                text25       01DE
__Umul8_16@multiplicand                   cstackBANK0  0020
__Umul8_16@multiplier                     cstackBANK0  0027
__Umul8_16@product                        cstackBANK0  0023
__Umul8_16@word_mpld                      cstackBANK0  0025
___fladd                                  text2        11C8
___fladd@a                                cstackBANK0  003D
___fladd@aexp                             cstackBANK0  004A
___fladd@b                                cstackBANK0  0039
___fladd@bexp                             cstackBANK0  004B
___fladd@grs                              cstackBANK0  004C
___fladd@signs                            cstackBANK0  0049
___fldiv                                  text2        1517
___fldiv@a                                cstackBANK1  00A0
___fldiv@aexp                             cstackBANK1  00B8
___fldiv@b                                cstackBANK1  00A4
___fldiv@bexp                             cstackBANK1  00B7
___fldiv@grs                              cstackBANK1  00B3
___fldiv@new_exp                          cstackBANK1  00B1
___fldiv@rem                              cstackBANK1  00AC
___fldiv@sign                             cstackBANK1  00B0
___fleq                                   text7        1FC4
___fleq@ff1                               cstackBANK0  0020
___fleq@ff2                               cstackBANK0  0024
___flge                                   text66       03BB
___flge@ff1                               cstackBANK0  0055
___flge@ff2                               cstackBANK0  0059
___flmul                                  text25       008A
___flmul@a                                cstackBANK0  0059
___flmul@aexp                             cstackBANK0  0062
___flmul@b                                cstackBANK0  0055
___flmul@bexp                             cstackBANK0  0063
___flmul@grs                              cstackBANK0  0064
___flmul@prod                             cstackBANK0  0068
___flmul@sign                             cstackBANK0  0061
___flmul@temp                             cstackBANK0  006C
___flsub                                  text2        1638
___flsub@a                                cstackBANK0  004D
___flsub@b                                cstackBANK0  0051
___fltol                                  text25       0218
___fltol@exp1                             cstackBANK0  006F
___fltol@f1                               cstackBANK1  00A0
___fltol@sign1                            cstackBANK0  006E
___int_sp                                 stack        0000
___latbits                                (abs)        0002
___lldiv                                  text12       1EB9
___lldiv@counter                          cstackBANK0  002C
___lldiv@dividend                         cstackBANK0  0024
___lldiv@divisor                          cstackBANK0  0020
___lldiv@quotient                         cstackBANK0  0028
___lwdiv                                  text2        1654
___lwdiv@counter                          cstackBANK0  0024
___lwdiv@dividend                         cstackBANK0  0022
___lwdiv@divisor                          cstackBANK0  0020
___lwdiv@quotient                         cstackBANK0  0025
___lwmod                                  text18       1E68
___lwmod@counter                          cstackBANK0  0024
___lwmod@dividend                         cstackBANK0  0022
___lwmod@divisor                          cstackBANK0  0020
___sp                                     stack        0000
___stackhi                                (abs)        0000
___stacklo                                (abs)        0000
___xxtofl                                 text2        14A9
___xxtofl@arg                             cstackBANK0  0035
___xxtofl@exp                             cstackBANK0  0034
___xxtofl@sign                            cstackBANK0  0033
___xxtofl@val                             cstackBANK0  002B
__end_ofPL10                              text66       0484
__end_ofPL12                              text25       02A6
__end_ofPL14                              text46       05D3
__end_ofPL16                              text25       02B5
__end_ofPL18                              text2        1785
__end_ofPL2                               text66       0462
__end_ofPL20                              text25       02C5
__end_ofPL22                              text2        178F
__end_ofPL24                              text25       02D3
__end_ofPL26                              text2        1798
__end_ofPL28                              text2        17A1
__end_ofPL30                              text2        17AA
__end_ofPL32                              text32       0FB2
__end_ofPL34                              text66       048C
__end_ofPL36                              text32       0FBC
__end_ofPL38                              text25       02DD
__end_ofPL4                               text66       047C
__end_ofPL40                              text25       02E7
__end_ofPL42                              text32       0FC6
__end_ofPL44                              text32       0FCF
__end_ofPL46                              text2        17B3
__end_ofPL48                              text2        17BC
__end_ofPL50                              text32       0FD6
__end_ofPL52                              text32       0FDC
__end_ofPL54                              text2        17C3
__end_ofPL56                              text32       0FE3
__end_ofPL58                              text25       02EE
__end_ofPL6                               text25       028C
__end_ofPL60                              text2        17C9
__end_ofPL62                              text2        17CE
__end_ofPL64                              text44       1F7D
__end_ofPL66                              text66       0492
__end_ofPL68                              text7        2000
__end_ofPL70                              text32       0FE8
__end_ofPL72                              text32       0FEE
__end_ofPL74                              text32       0FF4
__end_ofPL76                              text32       0FFA
__end_ofPL78                              text32       1000
__end_ofPL8                               text25       0295
__end_ofPL80                              text2        17D4
__end_of_ADC_Read_NTC                     text2        14A9
__end_of_ADC_init                         text72       07FB
__end_of_Auto_Relay0                      text66       0348
__end_of_Auto_Relay1                      text66       03BB
__end_of_BALANCE_RESISTOR                 strings      183C
__end_of_BETA                             strings      1838
__end_of_Decodify_Command                 text32       0BA1
__end_of_EEPROM_24C1025_Fill_All          text56       1DA7
__end_of_EEPROM_24C1025_Read_Buffer       text32       0E4F
__end_of_EEPROM_24C1025_Read_Byte         text52       1CA2
__end_of_EEPROM_24C1025_Read_Int          text51       1CBD
__end_of_EEPROM_24C1025_Read_Str          text32       0D6F
__end_of_EEPROM_24C1025_Write_Buffer      text32       0F26
__end_of_EEPROM_24C1025_Write_Byte        text49       1C72
__end_of_EEPROM_24C1025_Write_Int         text25       0218
__end_of_EEPROM_24C1025_Write_Str         text32       0C8A
__end_of_EEPROM_Read_Byte                 text46       059F
__end_of_EEPROM_Read_Integer              text46       05BA
__end_of_EEPROM_Read_String               text46       04A6
__end_of_EEPROM_Write_Byte                text44       1F77
__end_of_EEPROM_Write_Integer             text44       1F24
__end_of_EEPROM_Write_String              text44       1F3C
__end_of_I2C_Master_Init                  text12       1EB9
__end_of_I2C_Master_Read                  text32       0F59
__end_of_I2C_Master_RepeatedStart         text32       0F65
__end_of_I2C_Master_Start                 text32       0F34
__end_of_I2C_Master_Stop                  text32       0F37
__end_of_I2C_Master_Wait                  text32       0F62
__end_of_I2C_Master_Write                 text32       0F2C
__end_of_Load_Work                        text46       057E
__end_of_PROCULUS_Buzzer                  text33       1DD1
__end_of_PROCULUS_Control_Register_Write  text33       1DFF
__end_of_PROCULUS_Delay                   text33       1E19
__end_of_PROCULUS_Show_Screen             text33       1DB1
__end_of_PROCULUS_VP_Write                text32       0845
__end_of_PROCULUS_VP_Write_String         text30       1C5D
__end_of_Package_Usart_is_for_me          text2        1775
__end_of_Rele0Desligado                   text66       042D
__end_of_Rele0Ligado                      text2        1107
__end_of_Rele1Desligado                   text66       0431
__end_of_Rele1Ligado                      text2        111E
__end_of_Save_Log                         text25       008A
__end_of_Send_Reply_OK                    text32       0FA9
__end_of_Send_To_MB                       text32       0BBD
__end_of_USART_init                       text11       1D6C
__end_of_USART_put_buffer                 text21       1CD9
__end_of_USART_put_int                    text32       0F8D
__end_of_USART_put_string                 text24       1D06
__end_of_USART_putc                       text32       0BEE
__end_of_USART_to_Protocol                text20       07F0
__end_of__Umul8_16                        text25       01F9
__end_of___fladd                          text2        1337
__end_of___fldiv                          text2        1638
__end_of___fleq                           text7        1FFA
__end_of___flge                           text66       0429
__end_of___flmul                          text25       01DE
__end_of___flsub                          text2        1654
__end_of___fltol                          text25       0272
__end_of___lldiv                          text12       1F01
__end_of___lwdiv                          text2        167E
__end_of___lwmod                          text18       1E8C
__end_of___xxtofl                         text2        1517
__end_of__initialization                  cinit        0030
__end_of__stringtab                       strings      1810
__end_of_captura                          text2        168C
__end_of_eval_poly                        text2        11C8
__end_of_frexp                            text7        1FC4
__end_of_isr                              text73       07A5
__end_of_itoa                             text32       0F7F
__end_of_log                              text2        175F
__end_of_main                             maintext     06CB
__end_of_mediatemperaturaNTC              text2        10F0
__end_of_my_delay_ms                      text2        1800
__end_of_my_delay_ms_WDT                  text1        1D33
__end_of_strcat                           text32       0BDD
__end_of_strcpy                           text15       1C87
__end_of_strlen                           text32       0FA0
__end_of_utoa                             text18       1E68
__end_oflog@coeff                         strings      1834
__initialization                          cinit        0015
__pbssBANK2                               bssBANK2     0110
__pbssBANK3                               bssBANK3     0190
__pbssCOMMON                              bssCOMMON    0070
__pcstackBANK0                            cstackBANK0  0020
__pcstackBANK1                            cstackBANK1  00A0
__pcstackBANK3                            cstackBANK3  01DE
__pcstackCOMMON                           cstackCOMMON 0077
__pdataBANK3                              dataBANK3    01E1
__pidataBANK3                             idataBANK3   0000
__pintentry                               intentry     0004
__pmaintext                               maintext     05D3
__pstrings                                strings      1800
__ptext1                                  text1        1D06
__ptext10                                 text2        167E
__ptext11                                 text11       1D33
__ptext12                                 text12       1E8C
__ptext13                                 text12       1EB9
__ptext14                                 text32       0845
__ptext15                                 text15       1C72
__ptext16                                 text32       0BBD
__ptext17                                 text32       0F65
__ptext18                                 text18       1E19
__ptext19                                 text18       1E68
__ptext2                                  text2        1012
__ptext20                                 text20       07A5
__ptext21                                 text21       1CBD
__ptext22                                 text32       0BA1
__ptext23                                 text32       0FA0
__ptext24                                 text24       1CD9
__ptext25                                 text25       0034
__ptext26                                 text25       0218
__ptext27                                 text25       008A
__ptext28                                 text25       01DE
__ptext29                                 text25       01F9
__ptext3                                  text2        17D4
__ptext30                                 text30       1C4A
__ptext31                                 text32       0F8D
__ptext32                                 text32       0810
__ptext33                                 text33       1DA7
__ptext34                                 text33       1DB1
__ptext35                                 text2        1654
__ptext36                                 text33       1DD1
__ptext37                                 text32       0F7F
__ptext38                                 text32       0BDD
__ptext39                                 text33       1DFF
__ptext4                                  text2        175F
__ptext40                                 text46       04A6
__ptext41                                 text2        1517
__ptext42                                 text46       059F
__ptext43                                 text44       1F24
__ptext44                                 text44       1F01
__ptext45                                 text44       1F3C
__ptext46                                 text46       0492
__ptext47                                 text46       057E
__ptext48                                 text32       0BEE
__ptext49                                 text49       1C5D
__ptext5                                  text2        1337
__ptext50                                 text32       0C8A
__ptext51                                 text51       1CA2
__ptext52                                 text52       1C87
__ptext53                                 text32       0D6F
__ptext54                                 text32       0F62
__ptext55                                 text32       0F37
__ptext56                                 text56       1D6C
__ptext57                                 text32       0E4F
__ptext58                                 text32       0F26
__ptext59                                 text32       0F34
__ptext6                                  text2        168C
__ptext60                                 text32       0F2C
__ptext61                                 text32       0F59
__ptext62                                 text66       0348
__ptext63                                 text2        14A9
__ptext64                                 text2        1107
__ptext65                                 text66       042D
__ptext66                                 text66       02EE
__ptext67                                 text2        1638
__ptext68                                 text2        11C8
__ptext69                                 text66       03BB
__ptext7                                  text7        1F7D
__ptext70                                 text2        10F0
__ptext71                                 text66       0429
__ptext72                                 text72       07F0
__ptext73                                 text73       06CB
__ptext8                                  text7        1FC4
__ptext9                                  text2        111E
__size_of_ADC_Read_NTC                    (abs)        0000
__size_of_ADC_init                        (abs)        0000
__size_of_Auto_Relay0                     (abs)        0000
__size_of_Auto_Relay1                     (abs)        0000
__size_of_Decodify_Command                (abs)        0000
__size_of_EEPROM_24C1025_Fill_All         (abs)        0000
__size_of_EEPROM_24C1025_Read_Buffer      (abs)        0000
__size_of_EEPROM_24C1025_Read_Byte        (abs)        0000
__size_of_EEPROM_24C1025_Read_Int         (abs)        0000
__size_of_EEPROM_24C1025_Read_Str         (abs)        0000
__size_of_EEPROM_24C1025_Write_Buffer     (abs)        0000
__size_of_EEPROM_24C1025_Write_Byte       (abs)        0000
__size_of_EEPROM_24C1025_Write_Int        (abs)        0000
__size_of_EEPROM_24C1025_Write_Str        (abs)        0000
__size_of_EEPROM_Read_Byte                (abs)        0000
__size_of_EEPROM_Read_Integer             (abs)        0000
__size_of_EEPROM_Read_String              (abs)        0000
__size_of_EEPROM_Write_Byte               (abs)        0000
__size_of_EEPROM_Write_Integer            (abs)        0000
__size_of_EEPROM_Write_String             (abs)        0000
__size_of_I2C_Master_Init                 (abs)        0000
__size_of_I2C_Master_Read                 (abs)        0000
__size_of_I2C_Master_RepeatedStart        (abs)        0000
__size_of_I2C_Master_Start                (abs)        0000
__size_of_I2C_Master_Stop                 (abs)        0000
__size_of_I2C_Master_Wait                 (abs)        0000
__size_of_I2C_Master_Write                (abs)        0000
__size_of_Load_Work                       (abs)        0000
__size_of_PROCULUS_Buzzer                 (abs)        0000
__size_of_PROCULUS_Control_Register_Write (abs)        0000
__size_of_PROCULUS_Delay                  (abs)        0000
__size_of_PROCULUS_Show_Screen            (abs)        0000
__size_of_PROCULUS_VP_Write               (abs)        0000
__size_of_PROCULUS_VP_Write_String        (abs)        0000
__size_of_Package_Usart_is_for_me         (abs)        0000
__size_of_Rele0Desligado                  (abs)        0000
__size_of_Rele0Ligado                     (abs)        0000
__size_of_Rele1Desligado                  (abs)        0000
__size_of_Rele1Ligado                     (abs)        0000
__size_of_Save_Log                        (abs)        0000
__size_of_Send_Reply_OK                   (abs)        0000
__size_of_Send_To_MB                      (abs)        0000
__size_of_USART_init                      (abs)        0000
__size_of_USART_put_buffer                (abs)        0000
__size_of_USART_put_int                   (abs)        0000
__size_of_USART_put_string                (abs)        0000
__size_of_USART_putc                      (abs)        0000
__size_of_USART_to_Protocol               (abs)        0000
__size_of__Umul8_16                       (abs)        0000
__size_of___fladd                         (abs)        0000
__size_of___fldiv                         (abs)        0000
__size_of___fleq                          (abs)        0000
__size_of___flge                          (abs)        0000
__size_of___flmul                         (abs)        0000
__size_of___flsub                         (abs)        0000
__size_of___fltol                         (abs)        0000
__size_of___lldiv                         (abs)        0000
__size_of___lwdiv                         (abs)        0000
__size_of___lwmod                         (abs)        0000
__size_of___xxtofl                        (abs)        0000
__size_of_captura                         (abs)        0000
__size_of_eval_poly                       (abs)        0000
__size_of_frexp                           (abs)        0000
__size_of_isr                             (abs)        0000
__size_of_itoa                            (abs)        0000
__size_of_log                             (abs)        0000
__size_of_main                            (abs)        0000
__size_of_mediatemperaturaNTC             (abs)        0000
__size_of_my_delay_ms                     (abs)        0000
__size_of_my_delay_ms_WDT                 (abs)        0000
__size_of_strcat                          (abs)        0000
__size_of_strcpy                          (abs)        0000
__size_of_strlen                          (abs)        0000
__size_of_utoa                            (abs)        0000
__stringbase                              strings      180F
__stringtab                               strings      1800
_buffer                                   bssBANK2     0110
_canal                                    bssBANK3     01B5
_captura                                  text2        167E
_count                                    bssBANK3     01A2
_destino                                  bssBANK3     01B3
_eval_poly                                text2        111E
_frexp                                    text7        1F7D
_generic_status                           bssCOMMON    0076
_header                                   bssBANK3     01A4
_hora                                     bssBANK3     01BC
_isr                                      text73       06CB
_itoa                                     text32       0F65
_log                                      text2        168C
_main                                     maintext     05D3
_mediatemperaturaNTC                      text2        1012
_mediatemperaturaNTC$2294                 cstackBANK1  00D0
_milisegundo                              bssBANK3     01AA
_minuto                                   bssBANK3     01BB
_my_delay_ms                              text2        17D4
_my_delay_ms_WDT                          text1        1D06
_pointer                                  bssBANK3     01B2
_segundo                                  bssBANK3     01BD
_strcat                                   text32       0BBD
_strcpy                                   text15       1C72
_strlen                                   text32       0F8D
_tempodecorrido                           bssBANK3     01A0
_texto                                    bssBANK3     01BE
_usart_buffer                             bssBANK2     0150
_usart_protocol                           bssBANK3     01CE
_utoa                                     text18       1E19
btemp                                     (abs)        007E
clear_ram0                                clrtext      0808
end_of_initialization                     cinit        0030
eval_poly@d                               cstackBANK1  00A4
eval_poly@n                               cstackBANK1  00A5
eval_poly@res                             cstackBANK1  00AC
eval_poly@x                               cstackBANK1  00A0
frexp@eptr                                cstackBANK0  0030
frexp@value                               cstackBANK0  002C
interrupt_function                        intentry     0004
intlevel0                                 functab      0000
intlevel1                                 functab      0000
intlevel2                                 functab      0000
intlevel3                                 functab      0000
intlevel4                                 functab      0000
intlevel5                                 functab      0000
isr@tempo                                 cstackCOMMON 007B
itoa@base                                 cstackBANK0  0031
itoa@buf                                  cstackBANK0  0034
itoa@val                                  cstackBANK0  002F
log@coeff                                 strings      1810
log@exponent                              cstackBANK0  006E
log@x                                     cstackBANK1  00B0
main@reset                                cstackBANK1  00EE
mediatemperaturaNTC@Temp                  cstackBANK1  00D5
mediatemperaturaNTC@canal                 cstackBANK1  00D4
mediatemperaturaNTC@i                     cstackBANK1  00D9
my_delay_ms@i                             cstackBANK0  0026
my_delay_ms@time                          cstackBANK0  0020
my_delay_ms_WDT@i                         cstackBANK0  0026
my_delay_ms_WDT@time                      cstackBANK0  0020
reset_vec                                 reset_vec    0000
saved_w                                   (abs)        007E
start                                     init         0012
start_initialization                      cinit        0015
strcat@cp                                 cstackBANK0  0023
strcat@from                               cstackBANK0  0020
strcat@to                                 cstackBANK0  0024
strcpy@cp                                 cstackBANK0  0023
strcpy@from                               cstackBANK0  0020
strcpy@to                                 cstackBANK0  0022
strlen@cp                                 cstackBANK0  0023
strlen@s                                  cstackBANK0  0024
utoa@base                                 cstackBANK0  0029
utoa@buf                                  cstackBANK0  002E
utoa@c                                    cstackBANK0  002D
utoa@v                                    cstackBANK0  002B
utoa@val                                  cstackBANK0  0027
wtemp0                                    (abs)        007E


FUNCTION INFORMATION:

 *************** function _main *****************
 Defined at:
		line 145 in file "SlaveLiofilizadorVer1.c"
 Parameters:    Size  Location     Type
		None
 Auto vars:     Size  Location     Type
  reset           2   78[BANK1 ] unsigned int 
 Return value:  Size  Location     Type
                  1    wreg      void 
 Registers used:
		wreg, fsr0l, fsr0h, status,2, status,0, btemp+1, pclath, cstack
 Tracked objects:
		On entry : 
		On exit  : 
		Unchanged: 
 Data sizes:     COMMON   BANK0   BANK1   BANK3   BANK2
      Params:         0       0       0       0       0
      Locals:         0       0       2       0       0
      Temps:          0       0       0       3       0
      Totals:         0       0       2       3       0
Total ram usage:        5 bytes
 Hardware stack levels required when called:    7
 This function calls:
		_ADC_init
		_Auto_Relay0
		_Auto_Relay1
		_Decodify_Command
		_EEPROM_Read_Integer
		_EEPROM_Write_Integer
		_I2C_Master_Init
		_Load_Work
		_USART_init
		_mediatemperaturaNTC
		_my_delay_ms_WDT
 This function is called by:
		Startup code after reset
 This function uses a non-reentrant model


 *************** function _my_delay_ms_WDT *****************
 Defined at:
		line 13 in file "my_delay.c"
 Parameters:    Size  Location     Type
  time            4    0[BANK0 ] long 
 Auto vars:     Size  Location     Type
  i               4    6[BANK0 ] long 
 Return value:  Size  Location     Type
                  1    wreg      void 
 Registers used:
		wreg, status,2, status,0, btemp+1
 Tracked objects:
		On entry : 
		On exit  : 
		Unchanged: 
 Data sizes:     COMMON   BANK0   BANK1   BANK3   BANK2
      Params:         0       4       0       0       0
      Locals:         0       4       0       0       0
      Temps:          0       2       0       0       0
      Totals:         0      10       0       0       0
Total ram usage:       10 bytes
 Hardware stack levels used:    1
 Hardware stack levels required when called:    1
 This function calls:
		Nothing
 This function is called by:
		_main
 This function uses a non-reentrant model


 *************** function _mediatemperaturaNTC *****************
 Defined at:
		line 676 in file "SlaveLiofilizadorVer1.c"
 Parameters:    Size  Location     Type
  canal           1    wreg     unsigned char 
 Auto vars:     Size  Location     Type
  canal           1   52[BANK1 ] unsigned char 
  Temp            4   53[BANK1 ] float 
  i               1   57[BANK1 ] unsigned char 
 Return value:  Size  Location     Type
                  1    wreg      void 
 Registers used:
		wreg, fsr0l, fsr0h, status,2, status,0, btemp+1, pclath, cstack
 Tracked objects:
		On entry : 
		On exit  : 
		Unchanged: 
 Data sizes:     COMMON   BANK0   BANK1   BANK3   BANK2
      Params:         0       0       0       0       0
      Locals:         0       0      10       0       0
      Temps:          0       0       1       0       0
      Totals:         0       0      11       0       0
Total ram usage:       11 bytes
 Hardware stack levels used:    1
 Hardware stack levels required when called:    6
 This function calls:
		_ADC_Read_NTC
		_Package_Usart_is_for_me
		_Rele0Ligado
		_Rele1Ligado
		___fladd
		___fldiv
		___xxtofl
		_my_delay_ms
 This function is called by:
		_main
 This function uses a non-reentrant model


 *************** function _my_delay_ms *****************
 Defined at:
		line 5 in file "my_delay.c"
 Parameters:    Size  Location     Type
  time            4    0[BANK0 ] long 
 Auto vars:     Size  Location     Type
  i               4    6[BANK0 ] long 
 Return value:  Size  Location     Type
                  1    wreg      void 
 Registers used:
		wreg, status,2, status,0, btemp+1
 Tracked objects:
		On entry : 
		On exit  : 
		Unchanged: 
 Data sizes:     COMMON   BANK0   BANK1   BANK3   BANK2
      Params:         0       4       0       0       0
      Locals:         0       4       0       0       0
      Temps:          0       2       0       0       0
      Totals:         0      10       0       0       0
Total ram usage:       10 bytes
 Hardware stack levels used:    1
 Hardware stack levels required when called:    1
 This function calls:
		Nothing
 This function is called by:
		_mediatemperaturaNTC
 This function uses a non-reentrant model


 *************** function _Package_Usart_is_for_me *****************
 Defined at:
		line 8 in file "protocolo.c"
 Parameters:    Size  Location     Type
		None
 Auto vars:     Size  Location     Type
  retorno         1    0[BANK0 ] unsigned char 
 Return value:  Size  Location     Type
                  1    wreg      unsigned char 
 Registers used:
		wreg, status,2, status,0
 Tracked objects:
		On entry : 
		On exit  : 
		Unchanged: 
 Data sizes:     COMMON   BANK0   BANK1   BANK3   BANK2
      Params:         0       0       0       0       0
      Locals:         0       1       0       0       0
      Temps:          0       0       0       0       0
      Totals:         0       1       0       0       0
Total ram usage:        1 bytes
 Hardware stack levels used:    1
 Hardware stack levels required when called:    1
 This function calls:
		Nothing
 This function is called by:
		_mediatemperaturaNTC
 This function uses a non-reentrant model


 *************** function _ADC_Read_NTC *****************
 Defined at:
		line 56 in file "adc.c"
 Parameters:    Size  Location     Type
  canal           1    wreg     unsigned char 
 Auto vars:     Size  Location     Type
  canal           1    0[COMMON] unsigned char 
  temperatura     4   43[BANK1 ] float 
  resistencia     4   36[BANK1 ] float 
  calc            4   30[BANK1 ] float 
  value           2   41[BANK1 ] unsigned int 
  B               2   34[BANK1 ] int 
  i               1   40[BANK1 ] unsigned char 
 Return value:  Size  Location     Type
                  4   25[BANK1 ] float 
 Registers used:
		wreg, fsr0l, fsr0h, status,2, status,0, btemp+1, pclath, cstack
 Tracked objects:
		On entry : 
		On exit  : 
		Unchanged: 
 Data sizes:     COMMON   BANK0   BANK1   BANK3   BANK2
      Params:         0       0       5       0       0
      Locals:         0       0      17       0       0
      Temps:          0       0       0       0       0
      Totals:         0       0      22       0       0
Total ram usage:       22 bytes
 Hardware stack levels used:    1
 Hardware stack levels required when called:    5
 This function calls:
		___fladd
		___fldiv
		___flmul
		___flsub
		___lwdiv
		___xxtofl
		_captura
		_log
 This function is called by:
		_mediatemperaturaNTC
 This function uses a non-reentrant model


 *************** function _log *****************
 Defined at:
		line 5 in file "C:\Program Files (x86)\Microchip\xc8\v2.10\pic\sources\c90\common\log.c"
 Parameters:    Size  Location     Type
  x               4   16[BANK1 ] float 
 Auto vars:     Size  Location     Type
  exponent        2   78[BANK0 ] int 
 Return value:  Size  Location     Type
                  4   16[BANK1 ] int 
 Registers used:
		wreg, fsr0l, fsr0h, status,2, status,0, btemp+1, pclath, cstack
 Tracked objects:
		On entry : 
		On exit  : 
		Unchanged: 
 Data sizes:     COMMON   BANK0   BANK1   BANK3   BANK2
      Params:         0       0       4       0       0
      Locals:         0       2       0       0       0
      Temps:          0       0       0       0       0
      Totals:         0       2       4       0       0
Total ram usage:        6 bytes
 Hardware stack levels used:    1
 Hardware stack levels required when called:    4
 This function calls:
		___fladd
		___fleq
		___flge
		___flmul
		___xxtofl
		_eval_poly
		_frexp
 This function is called by:
		_ADC_Read_NTC
 This function uses a non-reentrant model


 *************** function _frexp *****************
 Defined at:
		line 254 in file "C:\Program Files (x86)\Microchip\xc8\v2.10\pic\sources\c90\common\frexp.c"
 Parameters:    Size  Location     Type
  value           4   12[BANK0 ] int 
  eptr            1   16[BANK0 ] PTR int 
		 -> log@exponent(2), 
 Auto vars:     Size  Location     Type
		None
 Return value:  Size  Location     Type
                  4   12[BANK0 ] PTR int 
 Registers used:
		wreg, fsr0l, fsr0h, status,2, status,0, btemp+1, pclath, cstack
 Tracked objects:
		On entry : 
		On exit  : 
		Unchanged: 
 Data sizes:     COMMON   BANK0   BANK1   BANK3   BANK2
      Params:         0       5       0       0       0
      Locals:         0       0       0       0       0
      Temps:          0       2       0       0       0
      Totals:         0       7       0       0       0
Total ram usage:        7 bytes
 Hardware stack levels used:    1
 Hardware stack levels required when called:    2
 This function calls:
		___fleq
 This function is called by:
		_log
 This function uses a non-reentrant model


 *************** function ___fleq *****************
 Defined at:
		line 4 in file "C:\Program Files (x86)\Microchip\xc8\v2.10\pic\sources\c90\common\fleq.c"
 Parameters:    Size  Location     Type
  ff1             4    0[BANK0 ] PTR int 
  ff2             4    4[BANK0 ] PTR int 
 Auto vars:     Size  Location     Type
		None
 Return value:  Size  Location     Type
		None               void
 Registers used:
		wreg, status,2, status,0
 Tracked objects:
		On entry : 
		On exit  : 
		Unchanged: 
 Data sizes:     COMMON   BANK0   BANK1   BANK3   BANK2
      Params:         0       8       0       0       0
      Locals:         0       0       0       0       0
      Temps:          0       4       0       0       0
      Totals:         0      12       0       0       0
Total ram usage:       12 bytes
 Hardware stack levels used:    1
 Hardware stack levels required when called:    1
 This function calls:
		Nothing
 This function is called by:
		_log
		_frexp
 This function uses a non-reentrant model


 *************** function _eval_poly *****************
 Defined at:
		line 4 in file "C:\Program Files (x86)\Microchip\xc8\v2.10\pic\sources\c90\common\evalpoly.c"
 Parameters:    Size  Location     Type
  x               4    0[BANK1 ] PTR int 
  d               1    4[BANK1 ] PTR const 
		 -> log@coeff(36), 
  n               2    5[BANK1 ] int 
 Auto vars:     Size  Location     Type
  res             4   12[BANK1 ] int 
 Return value:  Size  Location     Type
                  4    0[BANK1 ] int 
 Registers used:
		wreg, fsr0l, fsr0h, status,2, status,0, btemp+1, pclath, cstack
 Tracked objects:
		On entry : 
		On exit  : 
		Unchanged: 
 Data sizes:     COMMON   BANK0   BANK1   BANK3   BANK2
      Params:         0       0       7       0       0
      Locals:         0       0       4       0       0
      Temps:          0       0       5       0       0
      Totals:         0       0      16       0       0
Total ram usage:       16 bytes
 Hardware stack levels used:    1
 Hardware stack levels required when called:    3
 This function calls:
		___fladd
		___flmul
 This function is called by:
		_log
 This function uses a non-reentrant model


 *************** function _captura *****************
 Defined at:
		line 123 in file "adc.c"
 Parameters:    Size  Location     Type
		None
 Auto vars:     Size  Location     Type
		None
 Return value:  Size  Location     Type
                  2    0[BANK0 ] unsigned int 
 Registers used:
		wreg
 Tracked objects:
		On entry : 
		On exit  : 
		Unchanged: 
 Data sizes:     COMMON   BANK0   BANK1   BANK3   BANK2
      Params:         0       2       0       0       0
      Locals:         0       0       0       0       0
      Temps:          0       0       0       0       0
      Totals:         0       2       0       0       0
Total ram usage:        2 bytes
 Hardware stack levels used:    1
 Hardware stack levels required when called:    1
 This function calls:
		Nothing
 This function is called by:
		_ADC_Read_NTC
 This function uses a non-reentrant model


 *************** function _USART_init *****************
 Defined at:
		line 18 in file "usart.c"
 Parameters:    Size  Location     Type
  baudrate        4    0[BANK0 ] unsigned long 
 Auto vars:     Size  Location     Type
  i               1    4[BANK0 ] unsigned char 
  erro            1    0        unsigned char 
 Return value:  Size  Location     Type
                  1    wreg      void 
 Registers used:
		wreg, status,2, status,0
 Tracked objects:
		On entry : 
		On exit  : 
		Unchanged: 
 Data sizes:     COMMON   BANK0   BANK1   BANK3   BANK2
      Params:         0       4       0       0       0
      Locals:         0       1       0       0       0
      Temps:          0       0       0       0       0
      Totals:         0       5       0       0       0
Total ram usage:        5 bytes
 Hardware stack levels used:    1
 Hardware stack levels required when called:    1
 This function calls:
		Nothing
 This function is called by:
		_main
 This function uses a non-reentrant model


 *************** function _I2C_Master_Init *****************
 Defined at:
		line 7 in file "I2C.c"
 Parameters:    Size  Location     Type
  c               4   13[BANK0 ] const unsigned long 
 Auto vars:     Size  Location     Type
		None
 Return value:  Size  Location     Type
                  1    wreg      void 
 Registers used:
		wreg, status,2, status,0, pclath, cstack
 Tracked objects:
		On entry : 
		On exit  : 
		Unchanged: 
 Data sizes:     COMMON   BANK0   BANK1   BANK3   BANK2
      Params:         0       4       0       0       0
      Locals:         0       0       0       0       0
      Temps:          0       4       0       0       0
      Totals:         0       8       0       0       0
Total ram usage:        8 bytes
 Hardware stack levels used:    1
 Hardware stack levels required when called:    2
 This function calls:
		___lldiv
 This function is called by:
		_main
 This function uses a non-reentrant model


 *************** function ___lldiv *****************
 Defined at:
		line 5 in file "C:\Program Files (x86)\Microchip\xc8\v2.10\pic\sources\c90\common\__lldiv.c"
 Parameters:    Size  Location     Type
  divisor         4    0[BANK0 ] unsigned long 
  dividend        4    4[BANK0 ] unsigned long 
 Auto vars:     Size  Location     Type
  quotient        4    8[BANK0 ] unsigned long 
  counter         1   12[BANK0 ] unsigned char 
 Return value:  Size  Location     Type
                  4    0[BANK0 ] unsigned long 
 Registers used:
		wreg, status,2, status,0
 Tracked objects:
		On entry : 
		On exit  : 
		Unchanged: 
 Data sizes:     COMMON   BANK0   BANK1   BANK3   BANK2
      Params:         0       8       0       0       0
      Locals:         0       5       0       0       0
      Temps:          0       0       0       0       0
      Totals:         0      13       0       0       0
Total ram usage:       13 bytes
 Hardware stack levels used:    1
 Hardware stack levels required when called:    1
 This function calls:
		Nothing
 This function is called by:
		_I2C_Master_Init
 This function uses a non-reentrant model


 *************** function _Decodify_Command *****************
 Defined at:
		line 304 in file "SlaveLiofilizadorVer1.c"
 Parameters:    Size  Location     Type
		None
 Auto vars:     Size  Location     Type
  ss             10   51[BANK1 ] unsigned char [10]
  mm             10   41[BANK1 ] unsigned char [10]
  hh             10   31[BANK1 ] unsigned char [10]
  sizedata        1   73[BANK1 ] unsigned char 
  valor           2   71[BANK1 ] int 
  add             1   63[BANK1 ] unsigned char 
  add_24LCxxxx    4   74[BANK1 ] unsigned long 
  OutPut          4   66[BANK1 ] float 
  tempint         2   64[BANK1 ] int 
  dados           2   61[BANK1 ] int 
  tempchar        1   70[BANK1 ] unsigned char 
 Return value:  Size  Location     Type
                  1    wreg      void 
 Registers used:
		wreg, fsr0l, fsr0h, status,2, status,0, btemp+1, pclath, cstack
 Tracked objects:
		On entry : 
		On exit  : 
		Unchanged: 
 Data sizes:     COMMON   BANK0   BANK1   BANK3   BANK2
      Params:         0       0       0       0       0
      Locals:         0       0      47       0       0
      Temps:          0       0       2       0       0
      Totals:         0       0      49       0       0
Total ram usage:       49 bytes
 Hardware stack levels used:    1
 Hardware stack levels required when called:    6
 This function calls:
		_EEPROM_24C1025_Fill_All
		_EEPROM_24C1025_Read_Buffer
		_EEPROM_24C1025_Read_Byte
		_EEPROM_24C1025_Read_Int
		_EEPROM_24C1025_Read_Str
		_EEPROM_24C1025_Write_Buffer
		_EEPROM_24C1025_Write_Byte
		_EEPROM_24C1025_Write_Int
		_EEPROM_24C1025_Write_Str
		_EEPROM_Read_Byte
		_EEPROM_Read_Integer
		_EEPROM_Read_String
		_EEPROM_Write_Byte
		_EEPROM_Write_Integer
[...]
		wreg, status,2, status,0
 Tracked objects:
		On entry : 
		On exit  : 
		Unchanged: 
 Data sizes:     COMMON   BANK0   BANK1   BANK3   BANK2
      Params:         0       4       0       0       0
      Locals:         0       6       0       0       0
      Temps:          0       4       0       0       0
      Totals:         0      14       0       0       0
Total ram usage:       14 bytes
 Hardware stack levels used:    1
 Hardware stack levels required when called:    1
 This function calls:
		Nothing
 This function is called by:
		_mediatemperaturaNTC
		_Auto_Relay1
		_Load_Work
		_ADC_Read_NTC
		_log
 This function uses a non-reentrant model


 *************** function _Rele1Ligado *****************
 Defined at:
		line 954 in file "SlaveLiofilizadorVer1.c"
 Parameters:    Size  Location     Type
		None
 Auto vars:     Size  Location     Type
		None
 Return value:  Size  Location     Type
                  1    wreg      void 
 Registers used:
		wreg, status,2, status,0
 Tracked objects:
		On entry : 
		On exit  : 
		Unchanged: 
 Data sizes:     COMMON   BANK0   BANK1   BANK3   BANK2
      Params:         0       0       0       0       0
      Locals:         0       0       0       0       0
      Temps:          0       0       0       0       0
      Totals:         0       0       0       0       0
Total ram usage:        0 bytes
 Hardware stack levels used:    1
 Hardware stack levels required when called:    1
 This function calls:
		Nothing
 This function is called by:
		_mediatemperaturaNTC
		_Auto_Relay1
 This function uses a non-reentrant model


 *************** function _Rele1Desligado *****************
 Defined at:
		line 928 in file "SlaveLiofilizadorVer1.c"
 Parameters:    Size  Location     Type
		None
 Auto vars:     Size  Location     Type
		None
 Return value:  Size  Location     Type
                  1    wreg      void 
 Registers used:
		None
 Tracked objects:
		On entry : 
		On exit  : 
		Unchanged: 
 Data sizes:     COMMON   BANK0   BANK1   BANK3   BANK2
      Params:         0       0       0       0       0
      Locals:         0       0       0       0       0
      Temps:          0       0       0       0       0
      Totals:         0       0       0       0       0
Total ram usage:        0 bytes
 Hardware stack levels used:    1
 Hardware stack levels required when called:    1
 This function calls:
		Nothing
 This function is called by:
		_Auto_Relay1
 This function uses a non-reentrant model


 *************** function _Auto_Relay0 *****************
 Defined at:
		line 853 in file "SlaveLiofilizadorVer1.c"
 Parameters:    Size  Location     Type
		None
 Auto vars:     Size  Location     Type
		None
 Return value:  Size  Location     Type
                  1    wreg      void 
 Registers used:
		wreg, status,2, status,0, btemp+1, pclath, cstack
 Tracked objects:
		On entry : 
		On exit  : 
		Unchanged: 
 Data sizes:     COMMON   BANK0   BANK1   BANK3   BANK2
      Params:         0       0       0       0       0
      Locals:         0       0       0       0       0
      Temps:          0       0       0       0       0
      Totals:         0       0       0       0       0
Total ram usage:        0 bytes
 Hardware stack levels used:    1
 Hardware stack levels required when called:    3
 This function calls:
		_Rele0Desligado
		_Rele0Ligado
		___flge
		___flsub
 This function is called by:
		_main
 This function uses a non-reentrant model


 *************** function ___flsub *****************
 Defined at:
		line 242 in file "C:\Program Files (x86)\Microchip\xc8\v2.10\pic\sources\c90\common\sprcadd.c"
 Parameters:    Size  Location     Type
  a               4   45[BANK0 ] void 
  b               4   49[BANK0 ] void 
 Auto vars:     Size  Location     Type
		None
 Return value:  Size  Location     Type
                  4   45[BANK0 ] void 
 Registers used:
		wreg, status,2, status,0, btemp+1, pclath, cstack
 Tracked objects:
		On entry : 
		On exit  : 
		Unchanged: 
 Data sizes:     COMMON   BANK0   BANK1   BANK3   BANK2
      Params:         0       8       0       0       0
      Locals:         0       0       0       0       0
      Temps:          0       0       0       0       0
      Totals:         0       8       0       0       0
Total ram usage:        8 bytes
 Hardware stack levels used:    1
 Hardware stack levels required when called:    2
 This function calls:
		___fladd
 This function is called by:
		_Auto_Relay0
		_Auto_Relay1
		_ADC_Read_NTC
 This function uses a non-reentrant model


 *************** function ___fladd *****************
 Defined at:
		line 10 in file "C:\Program Files (x86)\Microchip\xc8\v2.10\pic\sources\c90\common\sprcadd.c"
 Parameters:    Size  Location     Type
  b               4   25[BANK0 ] void 
  a               4   29[BANK0 ] void 
 Auto vars:     Size  Location     Type
  grs             1   44[BANK0 ] unsigned char 
  bexp            1   43[BANK0 ] unsigned char 
  aexp            1   42[BANK0 ] unsigned char 
  signs           1   41[BANK0 ] unsigned char 
 Return value:  Size  Location     Type
                  4   25[BANK0 ] unsigned char 
 Registers used:
		wreg, status,2, status,0, btemp+1
 Tracked objects:
		On entry : 
		On exit  : 
		Unchanged: 
 Data sizes:     COMMON   BANK0   BANK1   BANK3   BANK2
      Params:         0       8       0       0       0
      Locals:         0       4       0       0       0
      Temps:          0       8       0       0       0
      Totals:         0      20       0       0       0
Total ram usage:       20 bytes
 Hardware stack levels used:    1
 Hardware stack levels required when called:    1
 This function calls:
		Nothing
 This function is called by:
		_mediatemperaturaNTC
		_ADC_Read_NTC
		___flsub
		_log
		_eval_poly
 This function uses a non-reentrant model


 *************** function ___flge *****************
 Defined at:
		line 4 in file "C:\Program Files (x86)\Microchip\xc8\v2.10\pic\sources\c90\common\flge.c"
 Parameters:    Size  Location     Type
  ff1             4   53[BANK0 ] unsigned char 
  ff2             4   57[BANK0 ] unsigned char 
 Auto vars:     Size  Location     Type
		None
 Return value:  Size  Location     Type
		None               void
 Registers used:
		wreg, status,2, status,0
 Tracked objects:
		On entry : 
		On exit  : 
		Unchanged: 
 Data sizes:     COMMON   BANK0   BANK1   BANK3   BANK2
      Params:         0       8       0       0       0
      Locals:         0       0       0       0       0
      Temps:          0       4       0       0       0
      Totals:         0      12       0       0       0
Total ram usage:       12 bytes
 Hardware stack levels used:    1
 Hardware stack levels required when called:    1
 This function calls:
		Nothing
 This function is called by:
		_Auto_Relay0
		_Auto_Relay1
		_log
 This function uses a non-reentrant model


 *************** function _Rele0Ligado *****************
 Defined at:
		line 933 in file "SlaveLiofilizadorVer1.c"
 Parameters:    Size  Location     Type
		None
 Auto vars:     Size  Location     Type
		None
 Return value:  Size  Location     Type
                  1    wreg      void 
 Registers used:
		wreg, status,2, status,0
 Tracked objects:
		On entry : 
		On exit  : 
		Unchanged: 
 Data sizes:     COMMON   BANK0   BANK1   BANK3   BANK2
      Params:         0       0       0       0       0
      Locals:         0       0       0       0       0
      Temps:          0       0       0       0       0
      Totals:         0       0       0       0       0
Total ram usage:        0 bytes
 Hardware stack levels used:    1
 Hardware stack levels required when called:    1
 This function calls:
		Nothing
 This function is called by:
		_mediatemperaturaNTC
		_Auto_Relay0
 This function uses a non-reentrant model


 *************** function _Rele0Desligado *****************
 Defined at:
		line 924 in file "SlaveLiofilizadorVer1.c"
 Parameters:    Size  Location     Type
		None
 Auto vars:     Size  Location     Type
		None
 Return value:  Size  Location     Type
                  1    wreg      void 
 Registers used:
		None
 Tracked objects:
		On entry : 
		On exit  : 
		Unchanged: 
 Data sizes:     COMMON   BANK0   BANK1   BANK3   BANK2
      Params:         0       0       0       0       0
      Locals:         0       0       0       0       0
      Temps:          0       0       0       0       0
      Totals:         0       0       0       0       0
Total ram usage:        0 bytes
 Hardware stack levels used:    1
 Hardware stack levels required when called:    1
 This function calls:
		Nothing
 This function is called by:
		_Auto_Relay0
 This function uses a non-reentrant model


 *************** function _ADC_init *****************
 Defined at:
		line 10 in file "adc.c"
 Parameters:    Size  Location     Type
		None
 Auto vars:     Size  Location     Type
		None
 Return value:  Size  Location     Type
                  1    wreg      void 
 Registers used:
		wreg, status,2, status,0
 Tracked objects:
		On entry : 
		On exit  : 
		Unchanged: 
 Data sizes:     COMMON   BANK0   BANK1   BANK3   BANK2
      Params:         0       0       0       0       0
      Locals:         0       0       0       0       0
      Temps:          0       0       0       0       0
      Totals:         0       0       0       0       0
Total ram usage:        0 bytes
 Hardware stack levels used:    1
 Hardware stack levels required when called:    1
 This function calls:
		Nothing
 This function is called by:
		_main
 This function uses a non-reentrant model


 *************** function _isr *****************
 Defined at:
		line 29 in file "isr.c"
 Parameters:    Size  Location     Type
		None
 Auto vars:     Size  Location     Type
  tempo           2    4[COMMON] unsigned int 
 Return value:  Size  Location     Type
                  1    wreg      void 
 Registers used:
		wreg, fsr0l, fsr0h, status,2, status,0, btemp+1
 Tracked objects:
		On entry : 
		On exit  : 
		Unchanged: 
 Data sizes:     COMMON   BANK0   BANK1   BANK3   BANK2
      Params:         0       0       0       0       0
      Locals:         2       0       0       0       0
      Temps:          4       0       0       0       0
      Totals:         6       0       0       0       0
Total ram usage:        6 bytes
 Hardware stack levels used:    1
 This function calls:
		Nothing
 This function is called by:
		Interrupt level 1
 This function uses a non-reentrant model



MODULE INFORMATION

Module		Function		Class		Link	Load	Size
C:\Program Files (x86)\Microchip\xc8\v2.10\pic\sources\c90\common\fleq.c
		___fleq        		CODE           	1FC4	0000	55

C:\Program Files (x86)\Microchip\xc8\v2.10\pic\sources\c90\common\fleq.c estimated size: 55

C:\Program Files (x86)\Microchip\xc8\v2.10\pic\sources\c90\common\log.c
		_log           		CODE           	168C	0000	212

C:\Program Files (x86)\Microchip\xc8\v2.10\pic\sources\c90\common\log.c estimated size: 212

protocolo.c
		_Package_Usart_is_for_me		CODE           	175F	0000	23

protocolo.c estimated size: 23

C:\Program Files (x86)\Microchip\xc8\v2.10\pic\sources\c90\common\lwdiv.c
		___lwdiv       		CODE           	1654	0000	43

C:\Program Files (x86)\Microchip\xc8\v2.10\pic\sources\c90\common\lwdiv.c estimated size: 43

C:\Program Files (x86)\Microchip\xc8\v2.10\pic\sources\c90\common\fltol.c
		___fltol       		CODE           	0218	0000	91

C:\Program Files (x86)\Microchip\xc8\v2.10\pic\sources\c90\common\fltol.c estimated size: 91

C:\Program Files (x86)\Microchip\xc8\v2.10\pic\sources\c90\common\evalpoly.c
		_eval_poly     		CODE           	111E	0000	171

C:\Program Files (x86)\Microchip\xc8\v2.10\pic\sources\c90\common\evalpoly.c estimated size: 171

my_delay.c
		_my_delay_ms_WDT		CODE           	1D06	0000	46
		_my_delay_ms   		CODE           	17D4	0000	45

my_delay.c estimated size: 91

usart.c
		_USART_putc    		CODE           	0BDD	0000	18
		_USART_to_Protocol		CODE           	07A5	0000	76
		_USART_put_string		CODE           	1CD9	0000	46
		_USART_put_int 		CODE           	0F7F	0000	15
		_USART_put_buffer		CODE           	1CBD	0000	29
		_USART_init    		CODE           	1D33	0000	58

usart.c estimated size: 242

I2C.c
		_I2C_Master_Read		CODE           	0F37	0000	35
		_I2C_Master_Wait		CODE           	0F59	0000	10
		_I2C_Master_Init		CODE           	1E8C	0000	46
		_I2C_Master_Stop		CODE           	0F34	0000	4
		_I2C_Master_RepeatedStart		CODE           	0F62	0000	4
		_I2C_Master_Write		CODE           	0F26	0000	7
		_I2C_Master_Start		CODE           	0F2C	0000	9

I2C.c estimated size: 115

C:\Program Files (x86)\Microchip\xc8\v2.10\pic\sources\c90\common\itoa.c
		_itoa          		CODE           	0F65	0000	27
		_utoa          		CODE           	1E19	0000	80

C:\Program Files (x86)\Microchip\xc8\v2.10\pic\sources\c90\common\itoa.c estimated size: 107

C:\Program Files (x86)\Microchip\xc8\v2.10\pic\sources\c90\common\sprcmul.c
		___flmul       		CODE           	008A	0000	341

C:\Program Files (x86)\Microchip\xc8\v2.10\pic\sources\c90\common\sprcmul.c estimated size: 341

proculus.c
		_PROCULUS_Control_Register_Write		CODE           	1DD1	0000	47
		_PROCULUS_Show_Screen		CODE           	1DA7	0000	11
		_PROCULUS_VP_Write_String		CODE           	1C4A	0000	20
		_PROCULUS_VP_Write		CODE           	0810	0000	54
		_PROCULUS_Delay		CODE           	1DFF	0000	27
		_PROCULUS_Buzzer		CODE           	1DB1	0000	33

proculus.c estimated size: 192

C:\Program Files (x86)\Microchip\xc8\v2.10\pic\sources\c90\common\Umul8_16.c
		__Umul8_16     		CODE           	01DE	0000	28

C:\Program Files (x86)\Microchip\xc8\v2.10\pic\sources\c90\common\Umul8_16.c estimated size: 28

C:\Program Files (x86)\Microchip\xc8\v2.10\pic\sources\c90\common\__lldiv.c
		___lldiv       		CODE           	1EB9	0000	73

C:\Program Files (x86)\Microchip\xc8\v2.10\pic\sources\c90\common\__lldiv.c estimated size: 73

eeprom.c
		_EEPROM_Write_String		CODE           	1F24	0000	25
		_EEPROM_Read_Byte		CODE           	057E	0000	34
		_EEPROM_Write_Byte		CODE           	1F3C	0000	60
		_EEPROM_Read_Integer		CODE           	059F	0000	28
		_EEPROM_Read_String		CODE           	0492	0000	21
		_EEPROM_Write_Integer		CODE           	1F01	0000	36

eeprom.c estimated size: 204

C:\Program Files (x86)\Microchip\xc8\v2.10\pic\sources\c90\common\sprcdiv.c
		___fldiv       		CODE           	1517	0000	290

C:\Program Files (x86)\Microchip\xc8\v2.10\pic\sources\c90\common\sprcdiv.c estimated size: 290

adc.c
		_captura       		CODE           	167E	0000	15
		_ADC_init      		CODE           	07F0	0000	12
		_ADC_Read_NTC  		CODE           	1337	0000	371

adc.c estimated size: 398

SlaveLiofilizadorVer1.c
		_Rele1Desligado		CODE           	042D	0000	5
		_Send_To_MB    		CODE           	0BA1	0000	29
		_Rele0Ligado   		CODE           	10F0	0000	24
		_Rele1Ligado   		CODE           	1107	0000	24
		_main          		CODE           	05D3	0000	249
		_Decodify_Command		CODE           	0845	0000	861
		_mediatemperaturaNTC		CODE           	1012	0000	223
		_Send_Reply_OK 		CODE           	0FA0	0000	10
		_Save_Log      		CODE           	0034	0000	87
		_Load_Work     		CODE           	04A6	0000	217
		_Rele0Desligado		CODE           	0429	0000	5
		_Auto_Relay0   		CODE           	02EE	0000	91
		_Auto_Relay1   		CODE           	0348	0000	116

SlaveLiofilizadorVer1.c estimated size: 1941

C:\Program Files (x86)\Microchip\xc8\v2.10\pic\sources\c90\common\strcat.c
		_strcat        		CODE           	0BBD	0000	33

C:\Program Files (x86)\Microchip\xc8\v2.10\pic\sources\c90\common\strcat.c estimated size: 33

C:\Program Files (x86)\Microchip\xc8\v2.10\pic\sources\c90\common\flge.c
		___flge        		CODE           	03BB	0000	111

C:\Program Files (x86)\Microchip\xc8\v2.10\pic\sources\c90\common\flge.c estimated size: 111

isr.c
		_isr           		CODE           	06CB	0000	219

isr.c estimated size: 219

C:\Program Files (x86)\Microchip\xc8\v2.10\pic\sources\c90\common\xxtofl.c
		___xxtofl      		CODE           	14A9	0000	111

C:\Program Files (x86)\Microchip\xc8\v2.10\pic\sources\c90\common\xxtofl.c estimated size: 111

shared
		PL12           		CODE           	0295	0000	18
		PL50           		CODE           	0FCF	0000	8
		PL8            		CODE           	028C	0000	10
		PL22           		CODE           	1785	0000	11
		PL60           		CODE           	17C3	0000	7
		PL32           		CODE           	0FA9	0000	10
		PL70           		CODE           	0FE3	0000	6
		PL42           		CODE           	0FBC	0000	11
		PL80           		CODE           	17CE	0000	7
		PL14           		CODE           	05BA	0000	26
		PL52           		CODE           	0FD6	0000	7
		PL24           		CODE           	02C5	0000	15
		PL62           		CODE           	17C9	0000	6
		__stringtab    		STRING         	1800	0000	17
		PL34           		CODE           	0484	0000	9
		PL72           		CODE           	0FE8	0000	7
		PL44           		CODE           	0FC6	0000	10
		PL16           		CODE           	02A6	0000	16
		PL54           		CODE           	17BC	0000	8
		PL26           		CODE           	178F	0000	10
		PL64           		CODE           	1F77	0000	7
		PL36           		CODE           	0FB2	0000	11
		PL74           		CODE           	0FEE	0000	7
		PL46           		CODE           	17AA	0000	10
		PL18           		CODE           	1775	0000	17
		PL56           		CODE           	0FDC	0000	8
		PL28           		CODE           	1798	0000	10
		PL66           		CODE           	048C	0000	7
		PL38           		CODE           	02D3	0000	11
		PL76           		CODE           	0FF4	0000	7
		PL48           		CODE           	17B3	0000	10
		PL58           		CODE           	02E7	0000	8
		PL68           		CODE           	1FFA	0000	7
		PL78           		CODE           	0FFA	0000	7
		_BETA          		STRING         	0000	0000	0
		__initialization		CODE           	0015	0000	28
		log@coeff      		STRING         	1810	0000	37
		_BALANCE_RESISTOR		STRING         	0000	0000	0
		PL2            		CODE           	0431	0000	50
		PL10           		CODE           	047C	0000	9
		PL4            		CODE           	0462	0000	27
		PL20           		CODE           	02B5	0000	17
		PL30           		CODE           	17A1	0000	10
		PL6            		CODE           	0272	0000	27
		PL40           		CODE           	02DD	0000	11

shared estimated size: 562

C:\Program Files (x86)\Microchip\xc8\v2.10\pic\sources\c90\common\strlen.c
		_strlen        		CODE           	0F8D	0000	20

C:\Program Files (x86)\Microchip\xc8\v2.10\pic\sources\c90\common\strlen.c estimated size: 20

C:\Program Files (x86)\Microchip\xc8\v2.10\pic\sources\c90\common\strcpy.c
		_strcpy        		CODE           	1C72	0000	22

C:\Program Files (x86)\Microchip\xc8\v2.10\pic\sources\c90\common\strcpy.c estimated size: 22

C:\Program Files (x86)\Microchip\xc8\v2.10\pic\sources\c90\common\lwmod.c
		___lwmod       		CODE           	1E68	0000	37

C:\Program Files (x86)\Microchip\xc8\v2.10\pic\sources\c90\common\lwmod.c estimated size: 37

EEPROM_24C1025.c
		_EEPROM_24C1025_Read_Str		CODE           	0C8A	0000	230
		_EEPROM_24C1025_Write_Int		CODE           	01F9	0000	32
		_EEPROM_24C1025_Read_Byte		CODE           	1C87	0000	28
		_EEPROM_24C1025_Read_Buffer		CODE           	0D6F	0000	225
		_EEPROM_24C1025_Write_Byte		CODE           	1C5D	0000	22
		_EEPROM_24C1025_Write_Buffer		CODE           	0E4F	0000	216
		_EEPROM_24C1025_Fill_All		CODE           	1D6C	0000	60
		_EEPROM_24C1025_Read_Int		CODE           	1CA2	0000	28
		_EEPROM_24C1025_Write_Str		CODE           	0BEE	0000	157

EEPROM_24C1025.c estimated size: 998

C:\Program Files (x86)\Microchip\xc8\v2.10\pic\sources\c90\common\sprcadd.c
		___flsub       		CODE           	1638	0000	29
		___fladd       		CODE           	11C8	0000	368

C:\Program Files (x86)\Microchip\xc8\v2.10\pic\sources\c90\common\sprcadd.c estimated size: 397

C:\Program Files (x86)\Microchip\xc8\v2.10\pic\sources\c90\common\frexp.c
		_frexp         		CODE           	1F7D	0000	72

C:\Program Files (x86)\Microchip\xc8\v2.10\pic\sources\c90\common\frexp.c estimated size: 72

