Microchip MPLAB XC8 Compiler V2.32

Linker command line:

-W-3 --edf=C:\Program Files\Microchip\xc8\v2.32\pic\dat\en_msgs.txt -cn \
  -h+dist/default/production\Liofilizador_-_Placa_Filha.X.production.sym \
  --cmf=dist/default/production\Liofilizador_-_Placa_Filha.X.production.cmf \
  -z -Q16F886 -oC:\Users\Nera\AppData\Local\Temp\xcAs1p0.4 \
  --defsym=__MPLAB_BUILD=1 \
  -Mdist/default/production/Liofilizador_-_Placa_Filha.X.production.map -E1 \
  -ver=XC8 Compiler --acfsm=1493 -ASTACK=0144h-016Fh -pstack=STACK \
  -ACODE=00h-07FFhx4 -ASTRCODE=00h-01FFFh -ASTRING=00h-0FFhx32 \
  -ACONST=00h-0FFhx32 -AENTRY=00h-0FFhx32 -ACOMMON=070h-07Fh \
  -ABANK0=020h-06Fh -ABANK1=0A0h-0EFh -ABANK2=0110h-016Fh \
  -ABANK3=0190h-01EFh -ARAM=020h-06Fh,0A0h-0EFh,0110h-016Fh,0190h-01EFh \
  -AABS1=020h-07Fh,0A0h-0EFh,0110h-016Fh,0190h-01EFh -ASFR0=00h-01Fh \
  -ASFR1=080h-09Fh -ASFR2=0100h-010Fh -ASFR3=0180h-018Fh \
  -ACONFIG=02007h-02008h -DCONFIG=2 -AIDLOC=02000h-02003h -DIDLOC=2 \
  -AEEDATA=00h-0FFh/02100h -peeprom_data=EEDATA -DEEDATA=2 -DCODE=2 \
  -DSTRCODE=2 -DSTRING=2 -DCONST=2 -DENTRY=2 \
  -preset_vec=00h,intentry=04h,init,end_init -ppowerup=CODE -pcinit=CODE \
  -pfunctab=ENTRY -k C:\Users\Nera\AppData\Local\Temp\xcAs1p0.o \
  dist/default/production\Liofilizador_-_Placa_Filha.X.production.o 

Object code version is 3.11

Machine type is 16F886



                Name                               Link     Load   Length Selector   Space Scale
C:\Users\Nera\AppData\Local\Temp\xcAs1p0.o
                end_init                             12       12        3        8       0
                reset_vec                             0        0        3        0       0
                config                             2007     2007        2        0       4
dist/default/production\Liofilizador_-_Placa_Filha.X.production.o
                cinit                                15       15       25        8       0
                intentry                              4        4        E        8       0
                config                             2007     2007        2        0       4
                text58                             11B4     11B4       EB     2368       0
                text57                             19DA     19DA        B     33B4       0
                text56                             1B28     1B28       21     3650       0
                text55                             1002     1002       11     2004       0
                text54                             19BE     19BE        9     337C       0
                text53                             19E5     19E5        B     33CA       0
                text52                             1D8C     1D8C       38     3B18       0
                text51                             1392     1392      176     2724       0
                text50                             1AE8     1AE8       20     35D0       0
                text49                             1E74     1E74       41     3CE8       0
                text48                             1CEB     1CEB       35     39D6       0
                text47                             19F0     19F0        B     33E0       0
                text46                             19FB     19FB       10     33F6       0
                text45                             1682     1682      17E     2D04       0
                text44                              865      865      17E     10CA       0
                text43                             1A7B     1A7B       19     34F6       0
                text42                             1BB0     1BB0       28     3760       0
                text41                             1508     1508      17A     2A10       0
                text40                             1A20     1A20       16     3440       0
                text39                              6BD      6BD       FB        8       0
                text38                             1B49     1B49       22     3692       0
                text37                             1C00     1C00       2A     3800       0
                text36                             1B08     1B08       20     3610       0
                text35                             1DFC     1DFC       3C     3BF8       0
                text34                             1C86     1C86       32     390C       0
                text33                             1C2A     1C2A       2B     3854       0
                text32                             1AAD     1AAD       1D     355A       0
                text31                             1A36     1A36       16     346C       0
                text30                             1DC4     1DC4       38     3B88       0
                text29                             1E38     1E38       3C     3C70       0
                text28                             1B6B     1B6B       22     36D6       0
                text27                             1A0B     1A0B       15     3416       0
                text26                              7B8      7B8       47        8       0
                text25                             1A94     1A94       19     3528       0
                text24                             1A4C     1A4C       17     3498       0
                text23                             1B8D     1B8D       23     371A       0
                text22                              3C8      3C8      2F5        8       0
                text21                             1013     1013       6B     2026       0
                text20                              801      801       64     1002       0
                text19                             1CB8     1CB8       33     3970       0
                text18                             19C7     19C7        9     338E       0
                text17                             1BD8     1BD8       28     37B0       0
                text16                             1EF7     1EF7       55     3DEE       0
                text15                             1ACA     1ACA       1E     3594       0
                text14                               3A       3A      38E        8       0
                text13                             1FA2     1FA2       5E     3F44       0
                text12                             1C55     1C55       31     38AA       0
                text11                             1EB5     1EB5       42     3D6A       0
                text10                             1111     1111       A3     2222       0
                text9                              19D0     19D0        A     33A0       0
                text8                              1D55     1D55       37     3AAA       0
                text7                              1F4C     1F4C       56     3E98       0
                text6                              1A63     1A63       18     34C6       0
                text5                               9E3      9E3      1A1     13C6       0
                text4                              107E     107E       93     20FC       0
                text3                               D6F      D6F      291     1ADE       0
                text2                              1D20     1D20       35     3A40       0
                text1                               B84      B84      1EB     1708       0
                maintext                           129F     129F       F3     253E       0
                cstackBANK0                          20       20       4F       20       1
                cstackCOMMON                         70       70        8       70       1
                cstackBANK1                          A0       A0       1D       A0       1
                clrtext                            19B6     19B6        8     336C       0
                bssBANK2                            110      110       34      110       1
                bssBANK3                            190      190       5B      190       1
                bssBANK1                             BD       BD       1B       A0       1
                bssBANK0                             6F       6F        1       20       1
                bssCOMMON                            78       78        6       70       1
                strings                            1800     1800       5C     3000       0

TOTAL           Name                               Link     Load   Length     Space
        CLASS   STACK          

        CLASS   CODE           
                end_init                             12       12        3         0
                cinit                                15       15       25         0
                intentry                              4        4        E         0
                reset_vec                             0        0        3         0
                text58                             11B4     11B4       EB         0
                text57                             19DA     19DA        B         0
                text56                             1B28     1B28       21         0
                text55                             1002     1002       11         0
                text54                             19BE     19BE        9         0
                text53                             19E5     19E5        B         0
                text52                             1D8C     1D8C       38         0
                text51                             1392     1392      176         0
                text50                             1AE8     1AE8       20         0
                text49                             1E74     1E74       41         0
                text48                             1CEB     1CEB       35         0
                text47                             19F0     19F0        B         0
                text46                             19FB     19FB       10         0
                text45                             1682     1682      17E         0
                text44                              865      865      17E         0
                text43                             1A7B     1A7B       19         0
                text42                             1BB0     1BB0       28         0
                text41                             1508     1508      17A         0
                text40                             1A20     1A20       16         0
                text39                              6BD      6BD       FB         0
                text38                             1B49     1B49       22         0
                text37                             1C00     1C00       2A         0
                text36                             1B08     1B08       20         0
                text35                             1DFC     1DFC       3C         0
                text34                             1C86     1C86       32         0
                text33                             1C2A     1C2A       2B         0
                text32                             1AAD     1AAD       1D         0
                text31                             1A36     1A36       16         0
                text30                             1DC4     1DC4       38         0
                text29                             1E38     1E38       3C         0
                text28                             1B6B     1B6B       22         0
                text27                             1A0B     1A0B       15         0
                text26                              7B8      7B8       47         0
                text25                             1A94     1A94       19         0
                text24                             1A4C     1A4C       17         0
                text23                             1B8D     1B8D       23         0
                text22                              3C8      3C8      2F5         0
                text21                             1013     1013       6B         0
                text20                              801      801       64         0
                text19                             1CB8     1CB8       33         0
                text18                             19C7     19C7        9         0
                text17                             1BD8     1BD8       28         0
                text16                             1EF7     1EF7       55         0
                text15                             1ACA     1ACA       1E         0
                text14                               3A       3A      38E         0
                text13                             1FA2     1FA2       5E         0
                text12                             1C55     1C55       31         0
                text11                             1EB5     1EB5       42         0
                text10                             1111     1111       A3         0
                text9                              19D0     19D0        A         0
                text8                              1D55     1D55       37         0
                text7                              1F4C     1F4C       56         0
                text6                              1A63     1A63       18         0
                text5                               9E3      9E3      1A1         0
                text4                              107E     107E       93         0
                text3                               D6F      D6F      291         0
                text2                              1D20     1D20       35         0
                text1                               B84      B84      1EB         0
                maintext                           129F     129F       F3         0
                clrtext                            19B6     19B6        8         0

        CLASS   STRCODE        

        CLASS   STRING         
                strings                            1800     1800       5C         0

        CLASS   CONST          

        CLASS   ENTRY          

        CLASS   COMMON         
                cstackCOMMON                         70       70        8         1
                bssCOMMON                            78       78        6         1

        CLASS   BANK0          
                cstackBANK0                          20       20       4F         1
                bssBANK0                             6F       6F        1         1

        CLASS   BANK1          
                cstackBANK1                          A0       A0       1D         1
                bssBANK1                             BD       BD       1B         1

        CLASS   BANK2          
                bssBANK2                            110      110       34         1

        CLASS   BANK3          
                bssBANK3                            190      190       5B         1

        CLASS   RAM            

        CLASS   ABS1           
                abs_s1                               7E       7E        2         1

        CLASS   SFR0           

        CLASS   SFR1           

        CLASS   SFR2           

        CLASS   SFR3           

        CLASS   CONFIG         
                config                             2007     2007        2         4

        CLASS   IDLOC          

        CLASS   EEDATA         



SEGMENTS        Name                           Load    Length   Top    Selector   Space  Class     Delta

                reset_vec                      000000  000003  000003         0       0  CODE        2
                intentry                       000004  0007FB  0007FF         8       0  CODE        2
                cstackBANK0                    000020  000050  000070        20       1  BANK0       1
                cstackCOMMON                   000070  00000E  00007E        70       1  COMMON      1
                cstackBANK1                    0000A0  000038  0000D8        A0       1  BANK1       1
                bssBANK2                       000110  000034  000144       110       1  BANK2       1
                bssBANK3                       000190  00005B  0001EB       190       1  BANK3       1
                text20                         000801  000064  000865      1002       0  CODE        2
                text44                         000865  00017E  0009E3      10CA       0  CODE        2
                text5                          0009E3  0001A1  000B84      13C6       0  CODE        2
                text1                          000B84  0001EB  000D6F      1708       0  CODE        2
                text3                          000D6F  000291  001000      1ADE       0  CODE        2
                text55                         001002  000011  001013      2004       0  CODE        2
                text21                         001013  00006B  00107E      2026       0  CODE        2
                text4                          00107E  000093  001111      20FC       0  CODE        2
                text10                         001111  0000A3  0011B4      2222       0  CODE        2
                text58                         0011B4  0000EB  00129F      2368       0  CODE        2
                maintext                       00129F  0000F3  001392      253E       0  CODE        2
                text51                         001392  000176  001508      2724       0  CODE        2
                text41                         001508  00017A  001682      2A10       0  CODE        2
                text45                         001682  00017E  001800      2D04       0  CODE        2
                strings                        001800  00005C  00185C      3000       0  STRING      2
                clrtext                        0019B6  000008  0019BE      336C       0  CODE        2
                text54                         0019BE  000009  0019C7      337C       0  CODE        2
                text18                         0019C7  000009  0019D0      338E       0  CODE        2
                text9                          0019D0  00000A  0019DA      33A0       0  CODE        2
                text57                         0019DA  00000B  0019E5      33B4       0  CODE        2
                text53                         0019E5  00000B  0019F0      33CA       0  CODE        2
                text47                         0019F0  00000B  0019FB      33E0       0  CODE        2
                text46                         0019FB  000010  001A0B      33F6       0  CODE        2
                text27                         001A0B  000015  001A20      3416       0  CODE        2
                text40                         001A20  000016  001A36      3440       0  CODE        2
                text31                         001A36  000016  001A4C      346C       0  CODE        2
                text24                         001A4C  000017  001A63      3498       0  CODE        2
                text6                          001A63  000018  001A7B      34C6       0  CODE        2
                text43                         001A7B  000019  001A94      34F6       0  CODE        2
                text25                         001A94  000019  001AAD      3528       0  CODE        2
                text32                         001AAD  00001D  001ACA      355A       0  CODE        2
                text15                         001ACA  00001E  001AE8      3594       0  CODE        2
                text50                         001AE8  000020  001B08      35D0       0  CODE        2
                text36                         001B08  000020  001B28      3610       0  CODE        2
                text56                         001B28  000021  001B49      3650       0  CODE        2
                text38                         001B49  000022  001B6B      3692       0  CODE        2
                text28                         001B6B  000022  001B8D      36D6       0  CODE        2
                text23                         001B8D  000023  001BB0      371A       0  CODE        2
                text42                         001BB0  000028  001BD8      3760       0  CODE        2
                text17                         001BD8  000028  001C00      37B0       0  CODE        2
                text37                         001C00  00002A  001C2A      3800       0  CODE        2
                text33                         001C2A  00002B  001C55      3854       0  CODE        2
                text12                         001C55  000031  001C86      38AA       0  CODE        2
                text34                         001C86  000032  001CB8      390C       0  CODE        2
                text19                         001CB8  000033  001CEB      3970       0  CODE        2
                text48                         001CEB  000035  001D20      39D6       0  CODE        2
                text2                          001D20  000035  001D55      3A40       0  CODE        2
                text8                          001D55  000037  001D8C      3AAA       0  CODE        2
                text52                         001D8C  000038  001DC4      3B18       0  CODE        2
                text30                         001DC4  000038  001DFC      3B88       0  CODE        2
                text35                         001DFC  00003C  001E38      3BF8       0  CODE        2
                text29                         001E38  00003C  001E74      3C70       0  CODE        2
                text49                         001E74  000041  001EB5      3CE8       0  CODE        2
                text11                         001EB5  000042  001EF7      3D6A       0  CODE        2
                text16                         001EF7  000055  001F4C      3DEE       0  CODE        2
                text7                          001F4C  000056  001FA2      3E98       0  CODE        2
                text13                         001FA2  00005E  002000      3F44       0  CODE        2


UNUSED ADDRESS RANGES

        Name                Unused          Largest block    Delta
        BANK1            00D8-00EF             18           1
        BANK2            0144-016F             2C           1
        BANK3            01EB-01EF              5           1
        CODE             0003-0003              1           2
                         07FF-0800              1
                         1000-1001              2
                         185C-19B5            15A
        CONST            0003-0003              1           2
                         07FF-0800              1
                         1000-1001              2
                         185C-19B5             A4
        EEDATA           2100-21FF            100           2
        ENTRY            0003-0003              1           2
                         07FF-0800              1
                         1000-1001              2
                         185C-19B5             A4
        IDLOC            2000-2003              4           2
        RAM              00D8-00EF             18           1
                         0144-016F             2C
                         01EB-01EF              5
        SFR0             0000-001F             20           1
        SFR1             0080-009F             20           1
        SFR2             0100-010F             10           1
        SFR3             0180-018F             10           1
        STACK            0144-016F             2C           1
        STRCODE          0003-0003              1           2
                         07FF-0800              2
                         1000-1001              2
                         185C-19B5            15A
        STRING           0003-0003              1           2
                         07FF-0800              1
                         1000-1001              2
                         185C-19B5             A4

                                  Symbol Table

?_ADC_Media_10bits                         cstackBANK0  002E
?_EEPROM_24C1025_Read_Int                  cstackBANK0  0036
?_EEPROM_Read_Integer                      cstackBANK0  0023
?_I2C_Master_Read                          cstackBANK0  0023
?__Umul8_16                                cstackBANK0  0020
?___fladd                                  cstackBANK0  005D
?___fldiv                                  cstackBANK0  0043
?___flmul                                  cstackBANK0  0029
?___flsub                                  cstackBANK1  00A4
?___fltol                                  cstackBANK0  0043
?___lldiv                                  cstackBANK0  0020
?___lwdiv                                  cstackBANK0  0020
?___xxtofl                                 cstackBANK0  0020
?_captura                                  cstackBANK0  0020
?_strlen                                   cstackBANK0  0020
ADC_Media_10bits@canal                     cstackBANK0  0033
ADC_Media_10bits@i                         cstackBANK0  0036
ADC_Media_10bits@value                     cstackBANK0  0034
Decodify_Command@OutPut                    cstackBANK1  00A6
Decodify_Command@add                       cstackBANK1  00A2
Decodify_Command@add_24LCxxxx              cstackBANK1  00AB
Decodify_Command@dados                     cstackBANK1  00A0
Decodify_Command@sizedata                  cstackBANK1  00A3
Decodify_Command@tempchar                  cstackBANK1  00AA
Decodify_Command@tempint                   cstackBANK1  00A4
EEPROM_24C1025_Fill_All@chip_add           cstackBANK0  005A
EEPROM_24C1025_Fill_All@mem_add            cstackBANK0  005B
EEPROM_24C1025_Fill_All@value              cstackBANK0  0058
EEPROM_24C1025_Read_Buffer@chip_add        cstackBANK0  0033
EEPROM_24C1025_Read_Buffer@cnt_108         cstackBANK0  0032
EEPROM_24C1025_Read_Buffer@ctrl            cstackBANK0  0035
EEPROM_24C1025_Read_Buffer@data            cstackBANK0  002F
EEPROM_24C1025_Read_Buffer@mem_add         cstackBANK0  002A
EEPROM_24C1025_Read_Buffer@range           cstackBANK0  0034
EEPROM_24C1025_Read_Buffer@sizedata        cstackBANK0  002E
EEPROM_24C1025_Read_Buffer_USART@chip_add  cstackBANK0  0032
EEPROM_24C1025_Read_Buffer_USART@cnt_117   cstackBANK0  0031
EEPROM_24C1025_Read_Buffer_USART@ctrl      cstackBANK0  0034
EEPROM_24C1025_Read_Buffer_USART@data      cstackBANK0  002E
EEPROM_24C1025_Read_Buffer_USART@mem_add   cstackBANK0  0029
EEPROM_24C1025_Read_Buffer_USART@range     cstackBANK0  0033
EEPROM_24C1025_Read_Buffer_USART@sizedata  cstackBANK0  002D
EEPROM_24C1025_Read_Byte@chip_add          cstackBANK0  003B
EEPROM_24C1025_Read_Byte@data              cstackBANK0  003C
EEPROM_24C1025_Read_Byte@mem_add           cstackBANK0  0036
EEPROM_24C1025_Read_Int@chip_add           cstackBANK0  003C
EEPROM_24C1025_Read_Int@data               cstackBANK0  003D
EEPROM_24C1025_Read_Int@mem_add            cstackBANK0  0036
EEPROM_24C1025_Read_Str@buffer             cstackBANK0  002D
EEPROM_24C1025_Read_Str@chip_add           cstackBANK0  0031
EEPROM_24C1025_Read_Str@cnt                cstackBANK0  0030
EEPROM_24C1025_Read_Str@ctrl               cstackBANK0  0033
EEPROM_24C1025_Read_Str@mem_add            cstackBANK0  0029
EEPROM_24C1025_Read_Str@range              cstackBANK0  0032
EEPROM_24C1025_Write_Buffer@chip_add       cstackBANK0  0034
EEPROM_24C1025_Write_Buffer@count          cstackBANK0  0033
EEPROM_24C1025_Write_Buffer@ctrl           cstackBANK0  0036
EEPROM_24C1025_Write_Buffer@data           cstackBANK0  002F
EEPROM_24C1025_Write_Buffer@mem_add        cstackBANK0  002A
EEPROM_24C1025_Write_Buffer@range          cstackBANK0  0035
EEPROM_24C1025_Write_Buffer@sizedata       cstackBANK0  002E
EEPROM_24C1025_Write_Byte@chip_add         cstackBANK0  003C
EEPROM_24C1025_Write_Byte@data             cstackBANK0  003B
EEPROM_24C1025_Write_Byte@mem_add          cstackBANK0  0037
EEPROM_24C1025_Write_Int@chip_add          cstackBANK0  0055
EEPROM_24C1025_Write_Int@data              cstackBANK0  0052
EEPROM_24C1025_Write_Int@local             cstackBANK0  0056
EEPROM_24C1025_Write_Int@mem_add           cstackBANK0  004E
EEPROM_24C1025_Write_Str@chip_add          cstackBANK0  0031
EEPROM_24C1025_Write_Str@ctrl              cstackBANK0  0033
EEPROM_24C1025_Write_Str@data              cstackBANK0  002E
EEPROM_24C1025_Write_Str@mem_add           cstackBANK0  002A
EEPROM_24C1025_Write_Str@range             cstackBANK0  0032
EEPROM_Read_Byte@addr                      cstackBANK0  0022
EEPROM_Read_Integer@addr                   cstackBANK0  0026
EEPROM_Read_Integer@i                      cstackBANK0  002A
EEPROM_Read_Integer@ptr                    cstackBANK0  0027
EEPROM_Read_Integer@result                 cstackBANK0  0028
EEPROM_Read_String@addr                    cstackBANK0  0025
EEPROM_Read_String@c                       cstackBANK0  0026
EEPROM_Read_String@dado                    cstackBANK0  0023
EEPROM_Write_Byte@addr                     cstackBANK0  0023
EEPROM_Write_Byte@dado                     cstackBANK0  0020
EEPROM_Write_Byte@last_GIE                 cstackBANK0  0024
EEPROM_Write_Integer@addr                  cstackBANK0  002A
EEPROM_Write_Integer@dado                  cstackBANK0  0025
EEPROM_Write_Integer@i                     cstackBANK0  002B
EEPROM_Write_Integer@ptr                   cstackBANK0  0029
EEPROM_Write_String@addr                   cstackBANK0  0027
EEPROM_Write_String@dado                   cstackBANK0  0025
I2C_Master_Init@c                          cstackBANK0  002E
I2C_Master_Read@a                          cstackBANK0  0023
I2C_Master_Read@temp                       cstackBANK0  0027
I2C_Master_Wait@tempo                      cstackBANK0  0022
I2C_Master_Write@d                         cstackBANK0  0023
PROCULUS_Buzzer@time_ms_x_10               cstackBANK0  0056
PROCULUS_Buzzer@vetor                      cstackBANK0  0059
PROCULUS_Control_Register_Write@i          cstackBANK0  0055
PROCULUS_Control_Register_Write@size       cstackBANK0  0052
PROCULUS_Control_Register_Write@vetor      cstackBANK0  0054
PROCULUS_Delay@i                           cstackBANK0  0024
PROCULUS_Delay@tempo_ms                    cstackBANK0  0020
PROCULUS_Show_Screen@screen                cstackBANK0  0056
PROCULUS_Show_Screen@vetor                 cstackBANK0  0059
PROCULUS_VP_Write@i                        cstackBANK0  0059
PROCULUS_VP_Write@size                     cstackBANK0  0056
PROCULUS_VP_Write@vetor                    cstackBANK0  0054
PROCULUS_VP_Write@vp                       cstackBANK0  0052
PROCULUS_VP_Write_String@text              cstackBANK0  005C
PROCULUS_VP_Write_String@vp                cstackBANK0  005A
Package_Usart_is_for_me@retorno            cstackBANK0  0020
Save_Log@add_datalog                       cstackBANK0  0058
Send_To_MB@size                            cstackBANK0  0021
USART_init@baudrate                        cstackBANK0  0020
USART_init@i                               cstackBANK0  0025
USART_put_int@dado                         cstackBANK0  0051
USART_put_int@value                        cstackBANK0  004E
USART_put_string@ptr                       cstackBANK0  0023
USART_put_string@vetor                     cstackBANK0  0021
USART_putc@value                           cstackBANK0  0020
USART_to_Protocol@i                        cstackBANK0  0022
USART_to_Protocol@usart_protocol           cstackBANK0  0024
_ADCON0bits                                (abs)        001F
_ADCON1                                    (abs)        009F
_ADCON1bits                                (abs)        009F
_ADC_Media_10bits                          text7        1F4C
_ADC_init                                  text57       19DA
_ADRESH                                    (abs)        001E
_ADRESL                                    (abs)        009E
_ANSEL                                     (abs)        0188
_ANSELH                                    (abs)        0189
_BAUDCTLbits                               (abs)        0187
_Board_Number                              bssBANK1     00D5
_CREN                                      (abs)        00C4
_Decodify_Command                          text14       003A
_Delay_Led_Memory                          bssBANK1     00D1
_Delay_Led_Tmr0                            bssCOMMON    0078
_Delay_Led_Usart                           bssBANK1     00CF
_EEADR                                     (abs)        010D
_EECON1bits                                (abs)        018C
_EECON2                                    (abs)        018D
_EEDATA                                    (abs)        010C
_EEPROM_24C1025_Fill_All                   text49       1E74
_EEPROM_24C1025_Read_Buffer                text44       0865
_EEPROM_24C1025_Read_Buffer_USART          text45       1682
_EEPROM_24C1025_Read_Byte                  text43       1A7B
_EEPROM_24C1025_Read_Int                   text42       1BB0
_EEPROM_24C1025_Read_Str                   text41       1508
_EEPROM_24C1025_Write_Buffer               text51       1392
_EEPROM_24C1025_Write_Byte                 text40       1A20
_EEPROM_24C1025_Write_Int                  text50       1AE8
_EEPROM_24C1025_Write_Str                  text39       06BD
_EEPROM_Read_Byte                          text38       1B49
_EEPROM_Read_Integer                       text37       1C00
_EEPROM_Read_String                        text36       1B08
_EEPROM_Write_Byte                         text35       1DFC
_EEPROM_Write_Integer                      text34       1C86
_EEPROM_Write_String                       text33       1C2A
_I2C_Master_Init                           text12       1C55
_I2C_Master_Read                           text48       1CEB
_I2C_Master_RepeatedStart                  text47       19F0
_I2C_Master_Start                          text55       1002
_I2C_Master_Stop                           text54       19BE
_I2C_Master_Wait                           text56       1B28
_I2C_Master_Write                          text53       19E5
_INTCONbits                                (abs)        000B
_OPTION_REGbits                            (abs)        0081
_OSCCONbits                                (abs)        008F
_PIE1bits                                  (abs)        008C
_PIR1bits                                  (abs)        000C
_PORTA                                     (abs)        0005
_PORTAbits                                 (abs)        0005
_PORTB                                     (abs)        0006
_PORTBbits                                 (abs)        0006
_PORTC                                     (abs)        0007
_PORTCbits                                 (abs)        0007
_PORTE                                     (abs)        0009
_PROCULUS_Buzzer                           text28       1B6B
_PROCULUS_Control_Register_Write           text30       1DC4
_PROCULUS_Delay                            text32       1AAD
_PROCULUS_Show_Screen                      text27       1A0B
_PROCULUS_VP_Write                         text26       07B8
_PROCULUS_VP_Write_String                  text24       1A4C
_Package_Usart_is_for_me                   text6        1A63
_RCREG                                     (abs)        001A
_RCSTAbits                                 (abs)        0018
_SPBRG                                     (abs)        0099
_SSPADD                                    (abs)        0093
_SSPBUF                                    (abs)        0013
_SSPCON                                    (abs)        0014
_SSPCON2                                   (abs)        0091
_SSPCON2bits                               (abs)        0091
_SSPSTAT                                   (abs)        0094
_Save_Log                                  text20       0801
_Send_Reply_OK                             text18       19C7
_Send_To_MB                                text17       1BD8
_T1CKPS0                                   (abs)        0084
_T1CKPS1                                   (abs)        0085
_T1CON                                     (abs)        0010
_TMR1CS                                    (abs)        0081
_TMR1H                                     (abs)        000F
_TMR1IE                                    (abs)        0460
_TMR1L                                     (abs)        000E
_TRISA                                     (abs)        0085
_TRISB                                     (abs)        0086
_TRISC                                     (abs)        0087
_TRISC3                                    (abs)        043B
_TRISC4                                    (abs)        043C
_TRISC6                                    (abs)        043E
_TRISC7                                    (abs)        043F
_TRISE                                     (abs)        0089
_TXREG                                     (abs)        0019
_TXSTAbits                                 (abs)        0098
_Temperatura0                              bssBANK1     00C1
_USART_init                                text11       1EB5
_USART_put_int                             text31       1A36
_USART_put_string                          text19       1CB8
_USART_putc                                text46       19FB
_USART_to_Protocol                         text16       1EF7
_Umidade1                                  bssBANK1     00BD
_WPUB                                      (abs)        0095
__Habs1                                    abs1         0000
__Hbank0                                   bank0        0000
__Hbank1                                   bank1        0000
__Hbank2                                   bank2        0000
__Hbank3                                   bank3        0000
__HbssBANK0                                bssBANK0     0000
__HbssBANK1                                bssBANK1     0000
__HbssBANK2                                bssBANK2     0000
__HbssBANK3                                bssBANK3     0000
__HbssCOMMON                               bssCOMMON    0000
__Hcinit                                   cinit        003A
__Hclrtext                                 clrtext      0000
__Hcode                                    code         0000
__Hcommon                                  common       0000
__Hconfig                                  config       2009
__HcstackBANK0                             cstackBANK0  0000
__HcstackBANK1                             cstackBANK1  0000
__HcstackCOMMON                            cstackCOMMON 0000
__Heeprom_data                             eeprom_data  0000
__Hend_init                                end_init     0015
__Hfunctab                                 functab      0000
__Hinit                                    init         0012
__Hintentry                                intentry     0012
__Hmaintext                                maintext     0000
__Hpowerup                                 powerup      0000
__Hram                                     ram          0000
__Hreset_vec                               reset_vec    0003
__Hsfr0                                    sfr0         0000
__Hsfr1                                    sfr1         0000
__Hsfr2                                    sfr2         0000
__Hsfr3                                    sfr3         0000
__Hspace_0                                 (abs)        2000
__Hspace_1                                 (abs)        01EB
__Hspace_2                                 (abs)        0000
__Hspace_3                                 (abs)        0000
__Hspace_4                                 (abs)        4010
__Hstack                                   stack        0000
__Hstrings                                 strings      0000
__Htext                                    text         0000
__Labs1                                    abs1         0000
__Lbank0                                   bank0        0000
__Lbank1                                   bank1        0000
__Lbank2                                   bank2        0000
__Lbank3                                   bank3        0000
__LbssBANK0                                bssBANK0     0000
__LbssBANK1                                bssBANK1     0000
__LbssBANK2                                bssBANK2     0000
__LbssBANK3                                bssBANK3     0000
__LbssCOMMON                               bssCOMMON    0000
__Lcinit                                   cinit        0015
__Lclrtext                                 clrtext      0000
__Lcode                                    code         0000
__Lcommon                                  common       0000
__Lconfig                                  config       0000
__LcstackBANK0                             cstackBANK0  0000
__LcstackBANK1                             cstackBANK1  0000
__LcstackCOMMON                            cstackCOMMON 0000
__Leeprom_data                             eeprom_data  0000
__Lend_init                                end_init     0012
__Lfunctab                                 functab      0000
__Linit                                    init         0012
__Lintentry                                intentry     0004
__Lmaintext                                maintext     0000
__Lpowerup                                 powerup      0000
__Lram                                     ram          0000
__Lreset_vec                               reset_vec    0000
__Lsfr0                                    sfr0         0000
__Lsfr1                                    sfr1         0000
__Lsfr2                                    sfr2         0000
__Lsfr3                                    sfr3         0000
__Lspace_0                                 (abs)        0000
__Lspace_1                                 (abs)        0000
__Lspace_2                                 (abs)        0000
__Lspace_3                                 (abs)        0000
__Lspace_4                                 (abs)        0000
__Lstack                                   stack        0000
__Lstrings                                 strings      0000
__Ltext                                    text         0000
__S0                                       (abs)        2000
__S1                                       (abs)        01EB
__S2                                       (abs)        0000
__S3                                       (abs)        0000
__Umul8_16                                 text23       1B8D
__Umul8_16@multiplicand                    cstackBANK0  0020
__Umul8_16@multiplier                      cstackBANK0  0028
__Umul8_16@product                         cstackBANK0  0024
__Umul8_16@word_mpld                       cstackBANK0  0026
___fladd                                   text3        0D6F
___fladd@a                                 cstackBANK0  0061
___fladd@aexp                              cstackBANK1  00A1
___fladd@b                                 cstackBANK0  005D
___fladd@bexp                              cstackBANK1  00A2
___fladd@grs                               cstackBANK1  00A3
___fladd@signs                             cstackBANK1  00A0
___fldiv                                   text5        09E3
___fldiv@a                                 cstackBANK0  0043
___fldiv@aexp                              cstackBANK0  005C
___fldiv@b                                 cstackBANK0  0047
___fldiv@bexp                              cstackBANK0  005B
___fldiv@grs                               cstackBANK0  0057
___fldiv@new_exp                           cstackBANK0  0055
___fldiv@rem                               cstackBANK0  0050
___fldiv@sign                              cstackBANK0  0054
___flge                                    text4        107E
___flge@ff1                                cstackBANK0  0020
___flge@ff2                                cstackBANK0  0024
___flmul                                   text22       03C8
___flmul@a                                 cstackBANK0  002D
___flmul@aexp                              cstackBANK0  0037
___flmul@b                                 cstackBANK0  0029
___flmul@bexp                              cstackBANK0  003C
___flmul@grs                               cstackBANK0  0038
___flmul@prod                              cstackBANK0  003D
___flmul@sign                              cstackBANK0  0036
___flmul@temp                              cstackBANK0  0041
___flsub                                   text2        1D20
___flsub@a                                 cstackBANK1  00A4
___flsub@b                                 cstackBANK1  00A8
___fltol                                   text21       1013
___fltol@exp1                              cstackBANK0  004D
___fltol@f1                                cstackBANK0  0043
___fltol@sign1                             cstackBANK0  004C
___int_sp                                  stack        0000
___latbits                                 (abs)        0002
___lldiv                                   text13       1FA2
___lldiv@counter                           cstackBANK0  002D
___lldiv@dividend                          cstackBANK0  0024
___lldiv@divisor                           cstackBANK0  0020
___lldiv@quotient                          cstackBANK0  0029
___lwdiv                                   text29       1E38
___lwdiv@counter                           cstackBANK0  0027
___lwdiv@dividend                          cstackBANK0  0022
___lwdiv@divisor                           cstackBANK0  0020
___lwdiv@quotient                          cstackBANK0  0025
___sp                                      stack        0000
___stackhi                                 (abs)        0000
___stacklo                                 (abs)        0000
___xxtofl                                  text10       1111
___xxtofl@arg                              cstackBANK0  002A
___xxtofl@exp                              cstackBANK0  0029
___xxtofl@sign                             cstackBANK0  0028
___xxtofl@val                              cstackBANK0  0020
__end_of_ADC_Media_10bits                  text7        1FA2
__end_of_ADC_init                          text57       19E5
__end_of_BALANCE_RESISTOR                  strings      1850
__end_of_BETA                              strings      184C
__end_of_Decodify_Command                  text14       03C8
__end_of_EEPROM_24C1025_Fill_All           text49       1EB5
__end_of_EEPROM_24C1025_Read_Buffer        text44       09E3
__end_of_EEPROM_24C1025_Read_Buffer_USART  text45       1800
__end_of_EEPROM_24C1025_Read_Byte          text43       1A94
__end_of_EEPROM_24C1025_Read_Int           text42       1BD8
__end_of_EEPROM_24C1025_Read_Str           text41       1682
__end_of_EEPROM_24C1025_Write_Buffer       text51       1508
__end_of_EEPROM_24C1025_Write_Byte         text40       1A36
__end_of_EEPROM_24C1025_Write_Int          text50       1B08
__end_of_EEPROM_24C1025_Write_Str          text39       07B8
__end_of_EEPROM_Read_Byte                  text38       1B6B
__end_of_EEPROM_Read_Integer               text37       1C2A
__end_of_EEPROM_Read_String                text36       1B28
__end_of_EEPROM_Write_Byte                 text35       1E38
__end_of_EEPROM_Write_Integer              text34       1CB8
__end_of_EEPROM_Write_String               text33       1C55
__end_of_I2C_Master_Init                   text12       1C86
__end_of_I2C_Master_Read                   text48       1D20
__end_of_I2C_Master_RepeatedStart          text47       19FB
__end_of_I2C_Master_Start                  text55       1013
__end_of_I2C_Master_Stop                   text54       19C7
__end_of_I2C_Master_Wait                   text56       1B49
__end_of_I2C_Master_Write                  text53       19F0
__end_of_MAX_ADC                           strings      1824
__end_of_PROCULUS_Buzzer                   text28       1B8D
__end_of_PROCULUS_Control_Register_Write   text30       1DFC
__end_of_PROCULUS_Delay                    text32       1ACA
__end_of_PROCULUS_Show_Screen              text27       1A20
__end_of_PROCULUS_VP_Write                 text26       07FF
__end_of_PROCULUS_VP_Write_String          text24       1A63
__end_of_PT100_CONSTANT                    strings      1818
__end_of_PT100_TRANSLADA                   strings      1814
__end_of_Package_Usart_is_for_me           text6        1A7B
__end_of_RESISTOR_ROOM_TEMP                strings      181C
__end_of_ROOM_TEMP                         strings      1820
__end_of_Save_Log                          text20       0865
__end_of_Send_Reply_OK                     text18       19D0
__end_of_Send_To_MB                        text17       1C00
__end_of_USART_init                        text11       1EF7
__end_of_USART_put_int                     text31       1A4C
__end_of_USART_put_string                  text19       1CEB
__end_of_USART_putc                        text46       1A0B
__end_of_USART_to_Protocol                 text16       1F4C
__end_of__Umul8_16                         text23       1BB0
__end_of___fladd                           text3        1000
__end_of___fldiv                           text5        0B84
__end_of___flge                            text4        1111
__end_of___flmul                           text22       06BD
__end_of___flsub                           text2        1D55
__end_of___fltol                           text21       107E
__end_of___lldiv                           text13       2000
__end_of___lwdiv                           text29       1E74
__end_of___xxtofl                          text10       11B4
__end_of__initialization                   cinit        0036
__end_of__stringtab                        strings      1810
__end_of_captura                           text9        19DA
__end_of_isr                               text58       129F
__end_of_main                              maintext     1392
__end_of_mediaLeituraPt100Umidadde         text1        0D6F
__end_of_my_delay_ms                       text8        1D8C
__end_of_my_delay_ms_WDT                   text52       1DC4
__end_of_strcpy                            text15       1AE8
__end_of_strlen                            text25       1AAD
__end_oflog@coeff                          strings      1848
__initialization                           cinit        0015
__pbssBANK0                                bssBANK0     006F
__pbssBANK1                                bssBANK1     00BD
__pbssBANK2                                bssBANK2     0110
__pbssBANK3                                bssBANK3     0190
__pbssCOMMON                               bssCOMMON    0078
__pcstackBANK0                             cstackBANK0  0020
__pcstackBANK1                             cstackBANK1  00A0
__pcstackCOMMON                            cstackCOMMON 0070
__pintentry                                intentry     0004
__pmaintext                                maintext     129F
__pstrings                                 strings      1800
__ptext1                                   text1        0B84
__ptext10                                  text10       1111
__ptext11                                  text11       1EB5
__ptext12                                  text12       1C55
__ptext13                                  text13       1FA2
__ptext14                                  text14       003A
__ptext15                                  text15       1ACA
__ptext16                                  text16       1EF7
__ptext17                                  text17       1BD8
__ptext18                                  text18       19C7
__ptext19                                  text19       1CB8
__ptext2                                   text2        1D20
__ptext20                                  text20       0801
__ptext21                                  text21       1013
__ptext22                                  text22       03C8
__ptext23                                  text23       1B8D
__ptext24                                  text24       1A4C
__ptext25                                  text25       1A94
__ptext26                                  text26       07B8
__ptext27                                  text27       1A0B
__ptext28                                  text28       1B6B
__ptext29                                  text29       1E38
__ptext3                                   text3        0D6F
__ptext30                                  text30       1DC4
__ptext31                                  text31       1A36
__ptext32                                  text32       1AAD
__ptext33                                  text33       1C2A
__ptext34                                  text34       1C86
__ptext35                                  text35       1DFC
__ptext36                                  text36       1B08
__ptext37                                  text37       1C00
__ptext38                                  text38       1B49
__ptext39                                  text39       06BD
__ptext4                                   text4        107E
__ptext40                                  text40       1A20
__ptext41                                  text41       1508
__ptext42                                  text42       1BB0
__ptext43                                  text43       1A7B
__ptext44                                  text44       0865
__ptext45                                  text45       1682
__ptext46                                  text46       19FB
__ptext47                                  text47       19F0
__ptext48                                  text48       1CEB
__ptext49                                  text49       1E74
__ptext5                                   text5        09E3
__ptext50                                  text50       1AE8
__ptext51                                  text51       1392
__ptext52                                  text52       1D8C
__ptext53                                  text53       19E5
__ptext54                                  text54       19BE
__ptext55                                  text55       1002
__ptext56                                  text56       1B28
__ptext57                                  text57       19DA
__ptext58                                  text58       11B4
__ptext6                                   text6        1A63
__ptext7                                   text7        1F4C
__ptext8                                   text8        1D55
__ptext9                                   text9        19D0
__size_of_ADC_Media_10bits                 (abs)        0000
__size_of_ADC_init                         (abs)        0000
__size_of_Decodify_Command                 (abs)        0000
__size_of_EEPROM_24C1025_Fill_All          (abs)        0000
__size_of_EEPROM_24C1025_Read_Buffer       (abs)        0000
__size_of_EEPROM_24C1025_Read_Buffer_USART (abs)        0000
__size_of_EEPROM_24C1025_Read_Byte         (abs)        0000
__size_of_EEPROM_24C1025_Read_Int          (abs)        0000
__size_of_EEPROM_24C1025_Read_Str          (abs)        0000
__size_of_EEPROM_24C1025_Write_Buffer      (abs)        0000
__size_of_EEPROM_24C1025_Write_Byte        (abs)        0000
__size_of_EEPROM_24C1025_Write_Int         (abs)        0000
__size_of_EEPROM_24C1025_Write_Str         (abs)        0000
__size_of_EEPROM_Read_Byte                 (abs)        0000
__size_of_EEPROM_Read_Integer              (abs)        0000
__size_of_EEPROM_Read_String               (abs)        0000
__size_of_EEPROM_Write_Byte                (abs)        0000
__size_of_EEPROM_Write_Integer             (abs)        0000
__size_of_EEPROM_Write_String              (abs)        0000
__size_of_I2C_Master_Init                  (abs)        0000
__size_of_I2C_Master_Read                  (abs)        0000
__size_of_I2C_Master_RepeatedStart         (abs)        0000
__size_of_I2C_Master_Start                 (abs)        0000
__size_of_I2C_Master_Stop                  (abs)        0000
__size_of_I2C_Master_Wait                  (abs)        0000
__size_of_I2C_Master_Write                 (abs)        0000
__size_of_PROCULUS_Buzzer                  (abs)        0000
__size_of_PROCULUS_Control_Register_Write  (abs)        0000
__size_of_PROCULUS_Delay                   (abs)        0000
__size_of_PROCULUS_Show_Screen             (abs)        0000
__size_of_PROCULUS_VP_Write                (abs)        0000
__size_of_PROCULUS_VP_Write_String         (abs)        0000
__size_of_Package_Usart_is_for_me          (abs)        0000
__size_of_Save_Log                         (abs)        0000
__size_of_Send_Reply_OK                    (abs)        0000
__size_of_Send_To_MB                       (abs)        0000
__size_of_USART_init                       (abs)        0000
__size_of_USART_put_int                    (abs)        0000
__size_of_USART_put_string                 (abs)        0000
__size_of_USART_putc                       (abs)        0000
__size_of_USART_to_Protocol                (abs)        0000
__size_of__Umul8_16                        (abs)        0000
__size_of___fladd                          (abs)        0000
__size_of___fldiv                          (abs)        0000
__size_of___flge                           (abs)        0000
__size_of___flmul                          (abs)        0000
__size_of___flsub                          (abs)        0000
__size_of___fltol                          (abs)        0000
__size_of___lldiv                          (abs)        0000
__size_of___lwdiv                          (abs)        0000
__size_of___xxtofl                         (abs)        0000
__size_of_captura                          (abs)        0000
__size_of_isr                              (abs)        0000
__size_of_main                             (abs)        0000
__size_of_mediaLeituraPt100Umidadde        (abs)        0000
__size_of_my_delay_ms                      (abs)        0000
__size_of_my_delay_ms_WDT                  (abs)        0000
__size_of_strcpy                           (abs)        0000
__size_of_strlen                           (abs)        0000
__stringbase                               strings      180F
__stringtab                                strings      1800
_buffer                                    bssBANK3     01CA
_canal                                     bssBANK1     00D6
_captura                                   text9        19D0
_count                                     bssBANK1     00C9
_destino                                   bssBANK1     00D4
_generic_status                            bssBANK0     006F
_header                                    bssBANK1     00CB
_hora                                      bssCOMMON    007C
_isr                                       text58       11B4
_main                                      maintext     129F
_mediaLeituraPt100Umidadde                 text1        0B84
_mediaLeituraPt100Umidadde$2363            cstackBANK1  00B0
_milisegundo                               bssBANK1     00CD
_minuto                                    bssCOMMON    007A
_my_delay_ms                               text8        1D55
_my_delay_ms_WDT                           text52       1D8C
_pointer                                   bssBANK1     00D3
_segundo                                   bssCOMMON    007D
_statuspower                               bssBANK1     00D7
_strcpy                                    text15       1ACA
_strlen                                    text25       1A94
_tempodecorrido                            bssBANK1     00C7
_usart_buffer                              bssBANK2     0110
_usart_protocol                            bssBANK3     0190
btemp                                      (abs)        007E
clear_ram0                                 clrtext      19B6
end_of_initialization                      cinit        0036
interrupt_function                         intentry     0004
intlevel0                                  functab      0000
intlevel1                                  functab      0000
intlevel2                                  functab      0000
intlevel3                                  functab      0000
intlevel4                                  functab      0000
intlevel5                                  functab      0000
isr@tempo                                  cstackCOMMON 0076
main@reset                                 cstackBANK0  006D
mediaLeituraPt100Umidadde@Temp             cstackBANK1  00B5
mediaLeituraPt100Umidadde@canal            cstackBANK1  00B4
mediaLeituraPt100Umidadde@i                cstackBANK1  00B9
my_delay_ms@i                              cstackBANK0  0026
my_delay_ms@time                           cstackBANK0  0020
my_delay_ms_WDT@i                          cstackBANK0  0026
my_delay_ms_WDT@time                       cstackBANK0  0020
reset_vec                                  reset_vec    0000
saved_w                                    (abs)        007E
start                                      init         0012
start_initialization                       cinit        0015
strcpy@cp                                  cstackBANK0  0023
strcpy@from                                cstackBANK0  0020
strcpy@to                                  cstackBANK0  0022
strlen@cp                                  cstackBANK0  0023
strlen@s                                   cstackBANK0  0024
wtemp0                                     (abs)        007E


MODULE INFORMATION

Module		Function		Class		Link	Load	Size
protocolo.c
		_Package_Usart_is_for_me		CODE           	1A63	0000	24

protocolo.c estimated size: 24

C:\Program Files\Microchip\xc8\v2.32\pic\sources\c90\common\sprcadd.c
		___flsub       		CODE           	1D20	0000	53
		___fladd       		CODE           	0D6F	0000	657

C:\Program Files\Microchip\xc8\v2.32\pic\sources\c90\common\sprcadd.c estimated size: 710

C:\Program Files\Microchip\xc8\v2.32\pic\sources\c90\common\flge.c
		___flge        		CODE           	107E	0000	147

C:\Program Files\Microchip\xc8\v2.32\pic\sources\c90\common\flge.c estimated size: 147

my_delay.c
		_my_delay_ms_WDT		CODE           	1D8C	0000	56
		_my_delay_ms   		CODE           	1D55	0000	55

my_delay.c estimated size: 111

usart.c
		_USART_putc    		CODE           	19FB	0000	16
		_USART_to_Protocol		CODE           	1EF7	0000	85
		_USART_put_string		CODE           	1CB8	0000	51
		_USART_put_int 		CODE           	1A36	0000	22
		_USART_init    		CODE           	1EB5	0000	66

usart.c estimated size: 240

C:\Program Files\Microchip\xc8\v2.32\pic\sources\c90\common\xxtofl.c
		___xxtofl      		CODE           	1111	0000	163

C:\Program Files\Microchip\xc8\v2.32\pic\sources\c90\common\xxtofl.c estimated size: 163

I2C.c
		_I2C_Master_Read		CODE           	1CEB	0000	53
		_I2C_Master_Wait		CODE           	1B28	0000	33
		_I2C_Master_Init		CODE           	1C55	0000	49
		_I2C_Master_Stop		CODE           	19BE	0000	9
		_I2C_Master_RepeatedStart		CODE           	19F0	0000	11
		_I2C_Master_Write		CODE           	19E5	0000	11
		_I2C_Master_Start		CODE           	1002	0000	17

I2C.c estimated size: 183

C:\Program Files\Microchip\xc8\v2.32\pic\sources\c90\common\Umul8_16.c
		__Umul8_16     		CODE           	1B8D	0000	35

C:\Program Files\Microchip\xc8\v2.32\pic\sources\c90\common\Umul8_16.c estimated size: 35

C:\Program Files\Microchip\xc8\v2.32\pic\sources\c90\common\strlen.c
		_strlen        		CODE           	1A94	0000	25

C:\Program Files\Microchip\xc8\v2.32\pic\sources\c90\common\strlen.c estimated size: 25

C:\Program Files\Microchip\xc8\v2.32\pic\sources\c90\common\strcpy.c
		_strcpy        		CODE           	1ACA	0000	30

C:\Program Files\Microchip\xc8\v2.32\pic\sources\c90\common\strcpy.c estimated size: 30

proculus.c
		_PROCULUS_Control_Register_Write		CODE           	1DC4	0000	56
		_PROCULUS_Show_Screen		CODE           	1A0B	0000	21
		_PROCULUS_VP_Write_String		CODE           	1A4C	0000	23
		_PROCULUS_VP_Write		CODE           	07B8	0000	71
		_PROCULUS_Delay		CODE           	1AAD	0000	29
		_PROCULUS_Buzzer		CODE           	1B6B	0000	34

proculus.c estimated size: 234

eeprom.c
		_EEPROM_Write_String		CODE           	1C2A	0000	43
		_EEPROM_Read_Byte		CODE           	1B49	0000	34
		_EEPROM_Write_Byte		CODE           	1DFC	0000	60
		_EEPROM_Read_Integer		CODE           	1C00	0000	42
		_EEPROM_Read_String		CODE           	1B08	0000	32
		_EEPROM_Write_Integer		CODE           	1C86	0000	50

eeprom.c estimated size: 261

adc.c
		_captura       		CODE           	19D0	0000	10
		_ADC_Media_10bits		CODE           	1F4C	0000	86
		_ADC_init      		CODE           	19DA	0000	11

adc.c estimated size: 107

SlaveLiofilizadorVer1.c
		_Send_To_MB    		CODE           	1BD8	0000	40
		_mediaLeituraPt100Umidadde		CODE           	0B84	0000	491
		_main          		CODE           	129F	0000	243
		_Decodify_Command		CODE           	003A	0000	910
		_Send_Reply_OK 		CODE           	19C7	0000	9
		_Save_Log      		CODE           	0801	0000	100

SlaveLiofilizadorVer1.c estimated size: 1793

isr.c
		_isr           		CODE           	11B4	0000	235

isr.c estimated size: 235

shared
		_PT100_TRANSLADA		STRING         	0000	0000	0
		__stringtab    		STRING         	1800	0000	16
		_RESISTOR_ROOM_TEMP		STRING         	0000	0000	0
		_PT100_CONSTANT		STRING         	0000	0000	0
		_ROOM_TEMP     		STRING         	0000	0000	0
		_BETA          		STRING         	0000	0000	0
		__initialization		CODE           	0015	0000	33
		log@coeff      		STRING         	0000	0000	0
		_BALANCE_RESISTOR		STRING         	0000	0000	0
		_MAX_ADC       		STRING         	0000	0000	0

shared estimated size: 49

C:\Program Files\Microchip\xc8\v2.32\pic\sources\c90\common\sprcmul.c
		___flmul       		CODE           	03C8	0000	757

C:\Program Files\Microchip\xc8\v2.32\pic\sources\c90\common\sprcmul.c estimated size: 757

C:\Program Files\Microchip\xc8\v2.32\pic\sources\c90\common\sprcdiv.c
		___fldiv       		CODE           	09E3	0000	417

C:\Program Files\Microchip\xc8\v2.32\pic\sources\c90\common\sprcdiv.c estimated size: 417

EEPROM_24C1025.c
		_EEPROM_24C1025_Read_Str		CODE           	1508	0000	378
		_EEPROM_24C1025_Read_Buffer_USART		CODE           	1682	0000	382
		_EEPROM_24C1025_Write_Int		CODE           	1AE8	0000	32
		_EEPROM_24C1025_Read_Byte		CODE           	1A7B	0000	25
		_EEPROM_24C1025_Read_Buffer		CODE           	0865	0000	382
		_EEPROM_24C1025_Write_Byte		CODE           	1A20	0000	22
		_EEPROM_24C1025_Write_Buffer		CODE           	1392	0000	374
		_EEPROM_24C1025_Fill_All		CODE           	1E74	0000	65
		_EEPROM_24C1025_Read_Int		CODE           	1BB0	0000	40
		_EEPROM_24C1025_Write_Str		CODE           	06BD	0000	251

EEPROM_24C1025.c estimated size: 1951

C:\Program Files\Microchip\xc8\v2.32\pic\sources\c90\common\lwdiv.c
		___lwdiv       		CODE           	1E38	0000	60

C:\Program Files\Microchip\xc8\v2.32\pic\sources\c90\common\lwdiv.c estimated size: 60

C:\Program Files\Microchip\xc8\v2.32\pic\sources\c90\common\fltol.c
		___fltol       		CODE           	1013	0000	107

C:\Program Files\Microchip\xc8\v2.32\pic\sources\c90\common\fltol.c estimated size: 107

C:\Program Files\Microchip\xc8\v2.32\pic\sources\c90\common\__lldiv.c
		___lldiv       		CODE           	1FA2	0000	94

C:\Program Files\Microchip\xc8\v2.32\pic\sources\c90\common\__lldiv.c estimated size: 94

