Microchip MPLAB XC8 Compiler V2.32

Linker command line:

-W-3 --edf=C:\Program Files\Microchip\xc8\v2.32\pic\dat\en_msgs.txt -cn \
  -h+dist/default/production\Liofilizador_-_Placa_Filha.X.production.sym \
  --cmf=dist/default/production\Liofilizador_-_Placa_Filha.X.production.cmf \
  -z -Q16F886 -oC:\Users\Nera\AppData\Local\Temp\xcAs3ic.5 \
  --defsym=__MPLAB_BUILD=1 \
  -Mdist/default/production/Liofilizador_-_Placa_Filha.X.production.map -E1 \
  -ver=XC8 Compiler --acfsm=1493 -ASTACK=0144h-016Fh -pstack=STACK \
  -ACODE=00h-07FFhx4 -ASTRCODE=00h-01FFFh -ASTRING=00h-0FFhx32 \
  -ACONST=00h-0FFhx32 -AENTRY=00h-0FFhx32 -ACOMMON=070h-07Fh \
  -ABANK0=020h-06Fh -ABANK1=0A0h-0EFh -ABANK2=0110h-016Fh \
  -ABANK3=0190h-01EFh -ARAM=020h-06Fh,0A0h-0EFh,0110h-016Fh,0190h-01EFh \
  -AABS1=020h-07Fh,0A0h-0EFh,0110h-016Fh,0190h-01EFh -ASFR0=00h-01Fh \
  -ASFR1=080h-09Fh -ASFR2=0100h-010Fh -ASFR3=0180h-018Fh \
  -ACONFIG=02007h-02008h -DCONFIG=2 -AIDLOC=02000h-02003h -DIDLOC=2 \
  -AEEDATA=00h-0FFh/02100h -peeprom_data=EEDATA -DEEDATA=2 -DCODE=2 \
  -DSTRCODE=2 -DSTRING=2 -DCONST=2 -DENTRY=2 \
  -preset_vec=00h,intentry=04h,init,end_init -ppowerup=CODE -pcinit=CODE \
  -pfunctab=ENTRY -k C:\Users\Nera\AppData\Local\Temp\xcAs3ic.o \
  dist/default/production\Liofilizador_-_Placa_Filha.X.production.o 

Object code version is 3.11

Machine type is 16F886



                Name                               Link     Load   Length Selector   Space Scale
C:\Users\Nera\AppData\Local\Temp\xcAs3ic.o
                end_init                             12       12        3        8       0
                reset_vec                             0        0        3        0       0
                config                             2007     2007        2        0       4
dist/default/production\Liofilizador_-_Placa_Filha.X.production.o
                cinit                                15       15       25        8       0
                intentry                              4        4        E        8       0
                config                             2007     2007        2        0       4
                text56                             11BB     11BB       EB     2376       0
                text55                             1AA5     1AA5        B     354A       0
                text54                             1BE6     1BE6       21     37CC       0
                text53                             1AD6     1AD6       11     35AC       0
                text52                             1A89     1A89        9     3512       0
                text51                             1AB0     1AB0        B     3560       0
                text50                             1DEA     1DEA       38     3BD4       0
                text49                             1399     1399      176     2732       0
                text48                             1BA6     1BA6       20     374C       0
                text47                             1ED2     1ED2       41     3DA4       0
                text46                             1D7E     1D7E       35     3AFC       0
                text45                             1ABB     1ABB        B     3576       0
                text44                             1AC6     1AC6       10     358C       0
                text43                              8D2      8D2      17E     11A4       0
                text42                              A50      A50      17E     14A0       0
                text41                             1B57     1B57       19     36AE       0
                text40                             1C6E     1C6E       28     38DC       0
                text39                             1686     1686      17A     2D0C       0
                text38                             1AFC     1AFC       16     35F8       0
                text37                              6BD      6BD       FB        8       0
                text36                             1C07     1C07       22     380E       0
                text35                             1CBE     1CBE       2A     397C       0
                text34                             1BC6     1BC6       20     378C       0
                text33                             1E5A     1E5A       3C     3CB4       0
                text32                             1D19     1D19       32     3A32       0
                text31                              804      804       2B     1008       0
                text30                             1B89     1B89       1D     3712       0
                text29                             1B12     1B12       16     3624       0
                text28                             1E22     1E22       38     3C44       0
                text27                             1E96     1E96       3C     3D2C       0
                text26                             1C29     1C29       22     3852       0
                text25                             1AE7     1AE7       15     35CE       0
                text24                              7B8      7B8       47        8       0
                text23                             1B70     1B70       19     36E0       0
                text22                             1B28     1B28       17     3650       0
                text21                             1C4B     1C4B       23     3896       0
                text20                              3C8      3C8      2F5        8       0
                text19                             10D7     10D7       6B     21AE       0
                text18                             1142     1142       79     2284       0
                text17                             1D4B     1D4B       33     3A96       0
                text16                             1A92     1A92        9     3524       0
                text15                             1C96     1C96       28     392C       0
                text14                             1F55     1F55       55     3EAA       0
                text13                             105B     105B       1E     20B6       0
                text12                               3A       3A      38E        8       0
                text11                             1079     1079       5E     20F2       0
                text10                             1CE8     1CE8       31     39D0       0
                text9                              1F13     1F13       42     3E26       0
                text8                               82F      82F       A3     105E       0
                text7                              1A9B     1A9B        A     3536       0
                text6                              1DB3     1DB3       37     3B66       0
                text5                              1FAA     1FAA       56     3F54       0
                text4                              1B3F     1B3F       18     367E       0
                text3                               D6F      D6F      291     1ADE       0
                text2                               BCE      BCE      1A1     179C       0
                text1                              150F     150F      177     2A1E       0
                maintext                           12A6     12A6       F3     254C       0
                cstackBANK0                          20       20       4F       20       1
                cstackCOMMON                         70       70        8       70       1
                cstackBANK1                          BB       BB       12       A0       1
                clrtext                            1A81     1A81        8     3502       0
                bssBANK2                            110      110       34      110       1
                bssBANK3                            190      190       5B      190       1
                bssBANK1                             A0       A0       1B       A0       1
                bssBANK0                             6F       6F        1       20       1
                bssCOMMON                            78       78        6       70       1
                strings                            1000     1000       5B     2000       0

TOTAL           Name                               Link     Load   Length     Space
        CLASS   STACK          

        CLASS   CODE           
                end_init                             12       12        3         0
                cinit                                15       15       25         0
                intentry                              4        4        E         0
                reset_vec                             0        0        3         0
                text56                             11BB     11BB       EB         0
                text55                             1AA5     1AA5        B         0
                text54                             1BE6     1BE6       21         0
                text53                             1AD6     1AD6       11         0
                text52                             1A89     1A89        9         0
                text51                             1AB0     1AB0        B         0
                text50                             1DEA     1DEA       38         0
                text49                             1399     1399      176         0
                text48                             1BA6     1BA6       20         0
                text47                             1ED2     1ED2       41         0
                text46                             1D7E     1D7E       35         0
                text45                             1ABB     1ABB        B         0
                text44                             1AC6     1AC6       10         0
                text43                              8D2      8D2      17E         0
                text42                              A50      A50      17E         0
                text41                             1B57     1B57       19         0
                text40                             1C6E     1C6E       28         0
                text39                             1686     1686      17A         0
                text38                             1AFC     1AFC       16         0
                text37                              6BD      6BD       FB         0
                text36                             1C07     1C07       22         0
                text35                             1CBE     1CBE       2A         0
                text34                             1BC6     1BC6       20         0
                text33                             1E5A     1E5A       3C         0
                text32                             1D19     1D19       32         0
                text31                              804      804       2B         0
                text30                             1B89     1B89       1D         0
                text29                             1B12     1B12       16         0
                text28                             1E22     1E22       38         0
                text27                             1E96     1E96       3C         0
                text26                             1C29     1C29       22         0
                text25                             1AE7     1AE7       15         0
                text24                              7B8      7B8       47         0
                text23                             1B70     1B70       19         0
                text22                             1B28     1B28       17         0
                text21                             1C4B     1C4B       23         0
                text20                              3C8      3C8      2F5         0
                text19                             10D7     10D7       6B         0
                text18                             1142     1142       79         0
                text17                             1D4B     1D4B       33         0
                text16                             1A92     1A92        9         0
                text15                             1C96     1C96       28         0
                text14                             1F55     1F55       55         0
                text13                             105B     105B       1E         0
                text12                               3A       3A      38E         0
                text11                             1079     1079       5E         0
                text10                             1CE8     1CE8       31         0
                text9                              1F13     1F13       42         0
                text8                               82F      82F       A3         0
                text7                              1A9B     1A9B        A         0
                text6                              1DB3     1DB3       37         0
                text5                              1FAA     1FAA       56         0
                text4                              1B3F     1B3F       18         0
                text3                               D6F      D6F      291         0
                text2                               BCE      BCE      1A1         0
                text1                              150F     150F      177         0
                maintext                           12A6     12A6       F3         0
                clrtext                            1A81     1A81        8         0

        CLASS   STRCODE        

        CLASS   STRING         
                strings                            1000     1000       5B         0

        CLASS   CONST          

        CLASS   ENTRY          

        CLASS   COMMON         
                cstackCOMMON                         70       70        8         1
                bssCOMMON                            78       78        6         1

        CLASS   BANK0          
                cstackBANK0                          20       20       4F         1
                bssBANK0                             6F       6F        1         1

        CLASS   BANK1          
                cstackBANK1                          BB       BB       12         1
                bssBANK1                             A0       A0       1B         1

        CLASS   BANK2          
                bssBANK2                            110      110       34         1

        CLASS   BANK3          
                bssBANK3                            190      190       5B         1

        CLASS   RAM            

        CLASS   ABS1           
                abs_s1                               7E       7E        2         1

        CLASS   SFR0           

        CLASS   SFR1           

        CLASS   SFR2           

        CLASS   SFR3           

        CLASS   CONFIG         
                config                             2007     2007        2         4

        CLASS   IDLOC          

        CLASS   EEDATA         



SEGMENTS        Name                           Load    Length   Top    Selector   Space  Class     Delta

                reset_vec                      000000  000003  000003         0       0  CODE        2
                intentry                       000004  0007FB  0007FF         8       0  CODE        2
                cstackBANK0                    000020  000050  000070        20       1  BANK0       1
                cstackCOMMON                   000070  00000E  00007E        70       1  COMMON      1
                bssBANK1                       0000A0  00002D  0000CD        A0       1  BANK1       1
                bssBANK2                       000110  000034  000144       110       1  BANK2       1
                bssBANK3                       000190  00005B  0001EB       190       1  BANK3       1
                text31                         000804  00002B  00082F      1008       0  CODE        2
                text8                          00082F  0000A3  0008D2      105E       0  CODE        2
                text43                         0008D2  00017E  000A50      11A4       0  CODE        2
                text42                         000A50  00017E  000BCE      14A0       0  CODE        2
                text2                          000BCE  0001A1  000D6F      179C       0  CODE        2
                text3                          000D6F  000291  001000      1ADE       0  CODE        2
                strings                        001000  00005B  00105B      2000       0  STRING      2
                text13                         00105B  00001E  001079      20B6       0  CODE        2
                text11                         001079  00005E  0010D7      20F2       0  CODE        2
                text19                         0010D7  00006B  001142      21AE       0  CODE        2
                text18                         001142  000079  0011BB      2284       0  CODE        2
                text56                         0011BB  0000EB  0012A6      2376       0  CODE        2
                maintext                       0012A6  0000F3  001399      254C       0  CODE        2
                text49                         001399  000176  00150F      2732       0  CODE        2
                text1                          00150F  000177  001686      2A1E       0  CODE        2
                text39                         001686  00017A  001800      2D0C       0  CODE        2
                clrtext                        001A81  000008  001A89      3502       0  CODE        2
                text52                         001A89  000009  001A92      3512       0  CODE        2
                text16                         001A92  000009  001A9B      3524       0  CODE        2
                text7                          001A9B  00000A  001AA5      3536       0  CODE        2
                text55                         001AA5  00000B  001AB0      354A       0  CODE        2
                text51                         001AB0  00000B  001ABB      3560       0  CODE        2
                text45                         001ABB  00000B  001AC6      3576       0  CODE        2
                text44                         001AC6  000010  001AD6      358C       0  CODE        2
                text53                         001AD6  000011  001AE7      35AC       0  CODE        2
                text25                         001AE7  000015  001AFC      35CE       0  CODE        2
                text38                         001AFC  000016  001B12      35F8       0  CODE        2
                text29                         001B12  000016  001B28      3624       0  CODE        2
                text22                         001B28  000017  001B3F      3650       0  CODE        2
                text4                          001B3F  000018  001B57      367E       0  CODE        2
                text41                         001B57  000019  001B70      36AE       0  CODE        2
                text23                         001B70  000019  001B89      36E0       0  CODE        2
                text30                         001B89  00001D  001BA6      3712       0  CODE        2
                text48                         001BA6  000020  001BC6      374C       0  CODE        2
                text34                         001BC6  000020  001BE6      378C       0  CODE        2
                text54                         001BE6  000021  001C07      37CC       0  CODE        2
                text36                         001C07  000022  001C29      380E       0  CODE        2
                text26                         001C29  000022  001C4B      3852       0  CODE        2
                text21                         001C4B  000023  001C6E      3896       0  CODE        2
                text40                         001C6E  000028  001C96      38DC       0  CODE        2
                text15                         001C96  000028  001CBE      392C       0  CODE        2
                text35                         001CBE  00002A  001CE8      397C       0  CODE        2
                text10                         001CE8  000031  001D19      39D0       0  CODE        2
                text32                         001D19  000032  001D4B      3A32       0  CODE        2
                text17                         001D4B  000033  001D7E      3A96       0  CODE        2
                text46                         001D7E  000035  001DB3      3AFC       0  CODE        2
                text6                          001DB3  000037  001DEA      3B66       0  CODE        2
                text50                         001DEA  000038  001E22      3BD4       0  CODE        2
                text28                         001E22  000038  001E5A      3C44       0  CODE        2
                text33                         001E5A  00003C  001E96      3CB4       0  CODE        2
                text27                         001E96  00003C  001ED2      3D2C       0  CODE        2
                text47                         001ED2  000041  001F13      3DA4       0  CODE        2
                text9                          001F13  000042  001F55      3E26       0  CODE        2
                text14                         001F55  000055  001FAA      3EAA       0  CODE        2
                text5                          001FAA  000056  002000      3F54       0  CODE        2


UNUSED ADDRESS RANGES

        Name                Unused          Largest block    Delta
        BANK1            00CD-00EF             23           1
        BANK2            0144-016F             2C           1
        BANK3            01EB-01EF              5           1
        CODE             0003-0003              1           2
                         07FF-0803              1
                         1800-1A80            281
        CONST            0003-0003              1           2
                         07FF-0803              1
                         1800-1A80            100
        EEDATA           2100-21FF            100           2
        ENTRY            0003-0003              1           2
                         07FF-0803              1
                         1800-1A80            100
        IDLOC            2000-2003              4           2
        RAM              00CD-00EF             23           1
                         0144-016F             2C
                         01EB-01EF              5
        SFR0             0000-001F             20           1
        SFR1             0080-009F             20           1
        SFR2             0100-010F             10           1
        SFR3             0180-018F             10           1
        STACK            0144-016F             2C           1
        STRCODE          0003-0003              1           2
                         07FF-0803              5
                         1800-1A80            281
        STRING           0003-0003              1           2
                         07FF-0803              1
                         1800-1A80            100

                                  Symbol Table

?_ADC_Media_10bits                         cstackBANK0  002E
?_EEPROM_24C1025_Read_Int                  cstackBANK0  0036
?_EEPROM_Read_Integer                      cstackBANK0  0023
?_I2C_Master_Read                          cstackBANK0  0023
?__Umul8_16                                cstackBANK0  0020
?___fladd                                  cstackBANK0  005D
?___fldiv                                  cstackBANK0  0043
?___flmul                                  cstackBANK0  0029
?___fltol                                  cstackBANK0  0043
?___lldiv                                  cstackBANK0  0020
?___lwdiv                                  cstackBANK0  0020
?___xxtofl                                 cstackBANK0  0020
?_captura                                  cstackBANK0  0020
?_strlen                                   cstackBANK0  0020
ADC_Media_10bits@canal                     cstackBANK0  0033
ADC_Media_10bits@i                         cstackBANK0  0036
ADC_Media_10bits@value                     cstackBANK0  0034
Decodify_Command@OutPut                    cstackBANK1  00C1
Decodify_Command@add                       cstackBANK1  00BD
Decodify_Command@add_24LCxxxx              cstackBANK1  00C6
Decodify_Command@dados                     cstackBANK1  00BB
Decodify_Command@sizedata                  cstackBANK1  00BE
Decodify_Command@tempchar                  cstackBANK1  00C5
Decodify_Command@tempint                   cstackBANK1  00BF
EEPROM_24C1025_Fill_All@chip_add           cstackBANK0  005A
EEPROM_24C1025_Fill_All@mem_add            cstackBANK0  005B
EEPROM_24C1025_Fill_All@value              cstackBANK0  0058
EEPROM_24C1025_Read_Buffer@chip_add        cstackBANK0  0033
EEPROM_24C1025_Read_Buffer@cnt_108         cstackBANK0  0032
EEPROM_24C1025_Read_Buffer@ctrl            cstackBANK0  0035
EEPROM_24C1025_Read_Buffer@data            cstackBANK0  002F
EEPROM_24C1025_Read_Buffer@mem_add         cstackBANK0  002A
EEPROM_24C1025_Read_Buffer@range           cstackBANK0  0034
EEPROM_24C1025_Read_Buffer@sizedata        cstackBANK0  002E
EEPROM_24C1025_Read_Buffer_USART@chip_add  cstackBANK0  0032
EEPROM_24C1025_Read_Buffer_USART@cnt_117   cstackBANK0  0031
EEPROM_24C1025_Read_Buffer_USART@ctrl      cstackBANK0  0034
EEPROM_24C1025_Read_Buffer_USART@data      cstackBANK0  002E
EEPROM_24C1025_Read_Buffer_USART@mem_add   cstackBANK0  0029
EEPROM_24C1025_Read_Buffer_USART@range     cstackBANK0  0033
EEPROM_24C1025_Read_Buffer_USART@sizedata  cstackBANK0  002D
EEPROM_24C1025_Read_Byte@chip_add          cstackBANK0  003B
EEPROM_24C1025_Read_Byte@data              cstackBANK0  003C
EEPROM_24C1025_Read_Byte@mem_add           cstackBANK0  0036
EEPROM_24C1025_Read_Int@chip_add           cstackBANK0  003C
EEPROM_24C1025_Read_Int@data               cstackBANK0  003D
EEPROM_24C1025_Read_Int@mem_add            cstackBANK0  0036
EEPROM_24C1025_Read_Str@buffer             cstackBANK0  002D
EEPROM_24C1025_Read_Str@chip_add           cstackBANK0  0031
EEPROM_24C1025_Read_Str@cnt                cstackBANK0  0030
EEPROM_24C1025_Read_Str@ctrl               cstackBANK0  0033
EEPROM_24C1025_Read_Str@mem_add            cstackBANK0  0029
EEPROM_24C1025_Read_Str@range              cstackBANK0  0032
EEPROM_24C1025_Write_Buffer@chip_add       cstackBANK0  0034
EEPROM_24C1025_Write_Buffer@count          cstackBANK0  0033
EEPROM_24C1025_Write_Buffer@ctrl           cstackBANK0  0036
EEPROM_24C1025_Write_Buffer@data           cstackBANK0  002F
EEPROM_24C1025_Write_Buffer@mem_add        cstackBANK0  002A
EEPROM_24C1025_Write_Buffer@range          cstackBANK0  0035
EEPROM_24C1025_Write_Buffer@sizedata       cstackBANK0  002E
EEPROM_24C1025_Write_Byte@chip_add         cstackBANK0  003C
EEPROM_24C1025_Write_Byte@data             cstackBANK0  003B
EEPROM_24C1025_Write_Byte@mem_add          cstackBANK0  0037
EEPROM_24C1025_Write_Int@chip_add          cstackBANK0  0055
EEPROM_24C1025_Write_Int@data              cstackBANK0  0052
EEPROM_24C1025_Write_Int@local             cstackBANK0  0056
EEPROM_24C1025_Write_Int@mem_add           cstackBANK0  004E
EEPROM_24C1025_Write_Str@chip_add          cstackBANK0  0031
EEPROM_24C1025_Write_Str@ctrl              cstackBANK0  0033
EEPROM_24C1025_Write_Str@data              cstackBANK0  002E
EEPROM_24C1025_Write_Str@mem_add           cstackBANK0  002A
EEPROM_24C1025_Write_Str@range             cstackBANK0  0032
EEPROM_Read_Byte@addr                      cstackBANK0  0022
EEPROM_Read_Integer@addr                   cstackBANK0  0026
EEPROM_Read_Integer@i                      cstackBANK0  002A
EEPROM_Read_Integer@ptr                    cstackBANK0  0027
EEPROM_Read_Integer@result                 cstackBANK0  0028
EEPROM_Read_String@addr                    cstackBANK0  0025
EEPROM_Read_String@c                       cstackBANK0  0026
EEPROM_Read_String@dado                    cstackBANK0  0023
EEPROM_Write_Byte@addr                     cstackBANK0  0023
EEPROM_Write_Byte@dado                     cstackBANK0  0020
EEPROM_Write_Byte@last_GIE                 cstackBANK0  0024
EEPROM_Write_Integer@addr                  cstackBANK0  002A
EEPROM_Write_Integer@dado                  cstackBANK0  0025
EEPROM_Write_Integer@i                     cstackBANK0  002B
EEPROM_Write_Integer@ptr                   cstackBANK0  0029
EEPROM_Write_String@addr                   cstackBANK0  0027
EEPROM_Write_String@dado                   cstackBANK0  0025
I2C_Master_Init@c                          cstackBANK0  002E
I2C_Master_Read@a                          cstackBANK0  0023
I2C_Master_Read@temp                       cstackBANK0  0027
I2C_Master_Wait@tempo                      cstackBANK0  0022
I2C_Master_Write@d                         cstackBANK0  0023
PROCULUS_Buzzer@time_ms_x_10               cstackBANK0  0056
PROCULUS_Buzzer@vetor                      cstackBANK0  0059
PROCULUS_Control_Register_Write@i          cstackBANK0  0055
PROCULUS_Control_Register_Write@size       cstackBANK0  0052
PROCULUS_Control_Register_Write@vetor      cstackBANK0  0054
PROCULUS_Delay@i                           cstackBANK0  0024
PROCULUS_Delay@tempo_ms                    cstackBANK0  0020
PROCULUS_Show_Screen@screen                cstackBANK0  0056
PROCULUS_Show_Screen@vetor                 cstackBANK0  0059
PROCULUS_VP_Write@i                        cstackBANK0  0059
PROCULUS_VP_Write@size                     cstackBANK0  0056
PROCULUS_VP_Write@vetor                    cstackBANK0  0054
PROCULUS_VP_Write@vp                       cstackBANK0  0052
PROCULUS_VP_Write_String@text              cstackBANK0  005C
PROCULUS_VP_Write_String@vp                cstackBANK0  005A
Package_Usart_is_for_me@retorno            cstackBANK0  0020
Save_Log@add_datalog                       cstackBANK0  0058
Send_To_MB@size                            cstackBANK0  0021
USART_init@baudrate                        cstackBANK0  0020
USART_init@i                               cstackBANK0  0025
USART_put_int@dado                         cstackBANK0  0051
USART_put_int@value                        cstackBANK0  004E
USART_put_string@ptr                       cstackBANK0  0023
USART_put_string@vetor                     cstackBANK0  0021
USART_putc@value                           cstackBANK0  0020
USART_to_Protocol@i                        cstackBANK0  0022
USART_to_Protocol@usart_protocol           cstackBANK0  0024
_ADCON0bits                                (abs)        001F
_ADCON1                                    (abs)        009F
_ADCON1bits                                (abs)        009F
_ADC_Media_10bits                          text5        1FAA
_ADC_init                                  text55       1AA5
_ADRESH                                    (abs)        001E
_ADRESL                                    (abs)        009E
_ANSEL                                     (abs)        0188
_ANSELH                                    (abs)        0189
_BAUDCTLbits                               (abs)        0187
_Board_Number                              bssBANK1     00B8
_CREN                                      (abs)        00C4
_Decodify_Command                          text12       003A
_Delay_Led_Memory                          bssBANK1     00B4
_Delay_Led_Tmr0                            bssCOMMON    0078
_Delay_Led_Usart                           bssBANK1     00B2
_EEADR                                     (abs)        010D
_EECON1bits                                (abs)        018C
_EECON2                                    (abs)        018D
_EEDATA                                    (abs)        010C
_EEPROM_24C1025_Fill_All                   text47       1ED2
_EEPROM_24C1025_Read_Buffer                text42       0A50
_EEPROM_24C1025_Read_Buffer_USART          text43       08D2
_EEPROM_24C1025_Read_Byte                  text41       1B57
_EEPROM_24C1025_Read_Int                   text40       1C6E
_EEPROM_24C1025_Read_Str                   text39       1686
_EEPROM_24C1025_Write_Buffer               text49       1399
_EEPROM_24C1025_Write_Byte                 text38       1AFC
_EEPROM_24C1025_Write_Int                  text48       1BA6
_EEPROM_24C1025_Write_Str                  text37       06BD
_EEPROM_Read_Byte                          text36       1C07
_EEPROM_Read_Integer                       text35       1CBE
_EEPROM_Read_String                        text34       1BC6
_EEPROM_Write_Byte                         text33       1E5A
_EEPROM_Write_Integer                      text32       1D19
_EEPROM_Write_String                       text31       0804
_I2C_Master_Init                           text10       1CE8
_I2C_Master_Read                           text46       1D7E
_I2C_Master_RepeatedStart                  text45       1ABB
_I2C_Master_Start                          text53       1AD6
_I2C_Master_Stop                           text52       1A89
_I2C_Master_Wait                           text54       1BE6
_I2C_Master_Write                          text51       1AB0
_INTCONbits                                (abs)        000B
_OPTION_REGbits                            (abs)        0081
_OSCCONbits                                (abs)        008F
_PIE1bits                                  (abs)        008C
_PIR1bits                                  (abs)        000C
_PORTA                                     (abs)        0005
_PORTAbits                                 (abs)        0005
_PORTB                                     (abs)        0006
_PORTBbits                                 (abs)        0006
_PORTC                                     (abs)        0007
_PORTCbits                                 (abs)        0007
_PORTE                                     (abs)        0009
_PROCULUS_Buzzer                           text26       1C29
_PROCULUS_Control_Register_Write           text28       1E22
_PROCULUS_Delay                            text30       1B89
_PROCULUS_Show_Screen                      text25       1AE7
_PROCULUS_VP_Write                         text24       07B8
_PROCULUS_VP_Write_String                  text22       1B28
_Package_Usart_is_for_me                   text4        1B3F
_RCREG                                     (abs)        001A
_RCSTAbits                                 (abs)        0018
_SPBRG                                     (abs)        0099
_SSPADD                                    (abs)        0093
_SSPBUF                                    (abs)        0013
_SSPCON                                    (abs)        0014
_SSPCON2                                   (abs)        0091
_SSPCON2bits                               (abs)        0091
_SSPSTAT                                   (abs)        0094
_Save_Log                                  text18       1142
_Send_Reply_OK                             text16       1A92
_Send_To_MB                                text15       1C96
_T1CKPS0                                   (abs)        0084
_T1CKPS1                                   (abs)        0085
_T1CON                                     (abs)        0010
_TMR1CS                                    (abs)        0081
_TMR1H                                     (abs)        000F
_TMR1IE                                    (abs)        0460
_TMR1L                                     (abs)        000E
_TRISA                                     (abs)        0085
_TRISB                                     (abs)        0086
_TRISC                                     (abs)        0087
_TRISC3                                    (abs)        043B
_TRISC4                                    (abs)        043C
_TRISC6                                    (abs)        043E
_TRISC7                                    (abs)        043F
_TRISE                                     (abs)        0089
_TXREG                                     (abs)        0019
_TXSTAbits                                 (abs)        0098
_Temperatura0                              bssBANK1     00A4
_Temperatura1                              bssBANK1     00A0
_USART_init                                text9        1F13
_USART_put_int                             text29       1B12
_USART_put_string                          text17       1D4B
_USART_putc                                text44       1AC6
_USART_to_Protocol                         text14       1F55
_WPUB                                      (abs)        0095
__Habs1                                    abs1         0000
__Hbank0                                   bank0        0000
__Hbank1                                   bank1        0000
__Hbank2                                   bank2        0000
__Hbank3                                   bank3        0000
__HbssBANK0                                bssBANK0     0000
__HbssBANK1                                bssBANK1     0000
__HbssBANK2                                bssBANK2     0000
__HbssBANK3                                bssBANK3     0000
__HbssCOMMON                               bssCOMMON    0000
__Hcinit                                   cinit        003A
__Hclrtext                                 clrtext      0000
__Hcode                                    code         0000
__Hcommon                                  common       0000
__Hconfig                                  config       2009
__HcstackBANK0                             cstackBANK0  0000
__HcstackBANK1                             cstackBANK1  0000
__HcstackCOMMON                            cstackCOMMON 0000
__Heeprom_data                             eeprom_data  0000
__Hend_init                                end_init     0015
__Hfunctab                                 functab      0000
__Hinit                                    init         0012
__Hintentry                                intentry     0012
__Hmaintext                                maintext     0000
__Hpowerup                                 powerup      0000
__Hram                                     ram          0000
__Hreset_vec                               reset_vec    0003
__Hsfr0                                    sfr0         0000
__Hsfr1                                    sfr1         0000
__Hsfr2                                    sfr2         0000
__Hsfr3                                    sfr3         0000
__Hspace_0                                 (abs)        2000
__Hspace_1                                 (abs)        01EB
__Hspace_2                                 (abs)        0000
__Hspace_3                                 (abs)        0000
__Hspace_4                                 (abs)        4010
__Hstack                                   stack        0000
__Hstrings                                 strings      0000
__Htext                                    text         0000
__Labs1                                    abs1         0000
__Lbank0                                   bank0        0000
__Lbank1                                   bank1        0000
__Lbank2                                   bank2        0000
__Lbank3                                   bank3        0000
__LbssBANK0                                bssBANK0     0000
__LbssBANK1                                bssBANK1     0000
__LbssBANK2                                bssBANK2     0000
__LbssBANK3                                bssBANK3     0000
__LbssCOMMON                               bssCOMMON    0000
__Lcinit                                   cinit        0015
__Lclrtext                                 clrtext      0000
__Lcode                                    code         0000
__Lcommon                                  common       0000
__Lconfig                                  config       0000
__LcstackBANK0                             cstackBANK0  0000
__LcstackBANK1                             cstackBANK1  0000
__LcstackCOMMON                            cstackCOMMON 0000
__Leeprom_data                             eeprom_data  0000
__Lend_init                                end_init     0012
__Lfunctab                                 functab      0000
__Linit                                    init         0012
__Lintentry                                intentry     0004
__Lmaintext                                maintext     0000
__Lpowerup                                 powerup      0000
__Lram                                     ram          0000
__Lreset_vec                               reset_vec    0000
__Lsfr0                                    sfr0         0000
__Lsfr1                                    sfr1         0000
__Lsfr2                                    sfr2         0000
__Lsfr3                                    sfr3         0000
__Lspace_0                                 (abs)        0000
__Lspace_1                                 (abs)        0000
__Lspace_2                                 (abs)        0000
__Lspace_3                                 (abs)        0000
__Lspace_4                                 (abs)        0000
__Lstack                                   stack        0000
__Lstrings                                 strings      0000
__Ltext                                    text         0000
__S0                                       (abs)        2000
__S1                                       (abs)        01EB
__S2                                       (abs)        0000
__S3                                       (abs)        0000
__Umul8_16                                 text21       1C4B
__Umul8_16@multiplicand                    cstackBANK0  0020
__Umul8_16@multiplier                      cstackBANK0  0028
__Umul8_16@product                         cstackBANK0  0024
__Umul8_16@word_mpld                       cstackBANK0  0026
___fladd                                   text3        0D6F
___fladd@a                                 cstackBANK0  0061
___fladd@aexp                              cstackBANK1  00BC
___fladd@b                                 cstackBANK0  005D
___fladd@bexp                              cstackBANK1  00BD
___fladd@grs                               cstackBANK1  00BE
___fladd@signs                             cstackBANK1  00BB
___fldiv                                   text2        0BCE
___fldiv@a                                 cstackBANK0  0043
___fldiv@aexp                              cstackBANK0  005C
___fldiv@b                                 cstackBANK0  0047
___fldiv@bexp                              cstackBANK0  005B
___fldiv@grs                               cstackBANK0  0057
___fldiv@new_exp                           cstackBANK0  0055
___fldiv@rem                               cstackBANK0  0050
___fldiv@sign                              cstackBANK0  0054
___flmul                                   text20       03C8
___flmul@a                                 cstackBANK0  002D
___flmul@aexp                              cstackBANK0  0037
___flmul@b                                 cstackBANK0  0029
___flmul@bexp                              cstackBANK0  003C
___flmul@grs                               cstackBANK0  0038
___flmul@prod                              cstackBANK0  003D
___flmul@sign                              cstackBANK0  0036
___flmul@temp                              cstackBANK0  0041
___fltol                                   text19       10D7
___fltol@exp1                              cstackBANK0  004D
___fltol@f1                                cstackBANK0  0043
___fltol@sign1                             cstackBANK0  004C
___int_sp                                  stack        0000
___latbits                                 (abs)        0002
___lldiv                                   text11       1079
___lldiv@counter                           cstackBANK0  002D
___lldiv@dividend                          cstackBANK0  0024
___lldiv@divisor                           cstackBANK0  0020
___lldiv@quotient                          cstackBANK0  0029
___lwdiv                                   text27       1E96
___lwdiv@counter                           cstackBANK0  0027
___lwdiv@dividend                          cstackBANK0  0022
___lwdiv@divisor                           cstackBANK0  0020
___lwdiv@quotient                          cstackBANK0  0025
___sp                                      stack        0000
___stackhi                                 (abs)        0000
___stacklo                                 (abs)        0000
___xxtofl                                  text8        082F
___xxtofl@arg                              cstackBANK0  002A
___xxtofl@exp                              cstackBANK0  0029
___xxtofl@sign                             cstackBANK0  0028
___xxtofl@val                              cstackBANK0  0020
__end_of_ADC_Media_10bits                  text5        2000
__end_of_ADC_init                          text55       1AB0
__end_of_BALANCE_RESISTOR                  strings      1050
__end_of_BETA                              strings      104C
__end_of_Decodify_Command                  text12       03C8
__end_of_EEPROM_24C1025_Fill_All           text47       1F13
__end_of_EEPROM_24C1025_Read_Buffer        text42       0BCE
__end_of_EEPROM_24C1025_Read_Buffer_USART  text43       0A50
__end_of_EEPROM_24C1025_Read_Byte          text41       1B70
__end_of_EEPROM_24C1025_Read_Int           text40       1C96
__end_of_EEPROM_24C1025_Read_Str           text39       1800
__end_of_EEPROM_24C1025_Write_Buffer       text49       150F
__end_of_EEPROM_24C1025_Write_Byte         text38       1B12
__end_of_EEPROM_24C1025_Write_Int          text48       1BC6
__end_of_EEPROM_24C1025_Write_Str          text37       07B8
__end_of_EEPROM_Read_Byte                  text36       1C29
__end_of_EEPROM_Read_Integer               text35       1CE8
__end_of_EEPROM_Read_String                text34       1BE6
__end_of_EEPROM_Write_Byte                 text33       1E96
__end_of_EEPROM_Write_Integer              text32       1D4B
__end_of_EEPROM_Write_String               text31       082F
__end_of_I2C_Master_Init                   text10       1D19
__end_of_I2C_Master_Read                   text46       1DB3
__end_of_I2C_Master_RepeatedStart          text45       1AC6
__end_of_I2C_Master_Start                  text53       1AE7
__end_of_I2C_Master_Stop                   text52       1A92
__end_of_I2C_Master_Wait                   text54       1C07
__end_of_I2C_Master_Write                  text51       1ABB
__end_of_MAX_ADC                           strings      1024
__end_of_PROCULUS_Buzzer                   text26       1C4B
__end_of_PROCULUS_Control_Register_Write   text28       1E5A
__end_of_PROCULUS_Delay                    text30       1BA6
__end_of_PROCULUS_Show_Screen              text25       1AFC
__end_of_PROCULUS_VP_Write                 text24       07FF
__end_of_PROCULUS_VP_Write_String          text22       1B3F
__end_of_PT100_CONSTANT                    strings      1018
__end_of_PT100_TRANSLADA                   strings      1014
__end_of_Package_Usart_is_for_me           text4        1B57
__end_of_RESISTOR_ROOM_TEMP                strings      101C
__end_of_ROOM_TEMP                         strings      1020
__end_of_Save_Log                          text18       11BB
__end_of_Send_Reply_OK                     text16       1A9B
__end_of_Send_To_MB                        text15       1CBE
__end_of_USART_init                        text9        1F55
__end_of_USART_put_int                     text29       1B28
__end_of_USART_put_string                  text17       1D7E
__end_of_USART_putc                        text44       1AD6
__end_of_USART_to_Protocol                 text14       1FAA
__end_of__Umul8_16                         text21       1C6E
__end_of___fladd                           text3        1000
__end_of___fldiv                           text2        0D6F
__end_of___flmul                           text20       06BD
__end_of___fltol                           text19       1142
__end_of___lldiv                           text11       10D7
__end_of___lwdiv                           text27       1ED2
__end_of___xxtofl                          text8        08D2
__end_of__initialization                   cinit        0036
__end_of__stringtab                        strings      1010
__end_of_captura                           text7        1AA5
__end_of_isr                               text56       12A6
__end_of_main                              maintext     1399
__end_of_mediaLeituraPt100Umidadde         text1        1686
__end_of_my_delay_ms                       text6        1DEA
__end_of_my_delay_ms_WDT                   text50       1E22
__end_of_strcpy                            text13       1079
__end_of_strlen                            text23       1B89
__end_oflog@coeff                          strings      1048
__initialization                           cinit        0015
__pbssBANK0                                bssBANK0     006F
__pbssBANK1                                bssBANK1     00A0
__pbssBANK2                                bssBANK2     0110
__pbssBANK3                                bssBANK3     0190
__pbssCOMMON                               bssCOMMON    0078
__pcstackBANK0                             cstackBANK0  0020
__pcstackBANK1                             cstackBANK1  00BB
__pcstackCOMMON                            cstackCOMMON 0070
__pintentry                                intentry     0004
__pmaintext                                maintext     12A6
__pstrings                                 strings      1000
__ptext1                                   text1        150F
__ptext10                                  text10       1CE8
__ptext11                                  text11       1079
__ptext12                                  text12       003A
__ptext13                                  text13       105B
__ptext14                                  text14       1F55
__ptext15                                  text15       1C96
__ptext16                                  text16       1A92
__ptext17                                  text17       1D4B
__ptext18                                  text18       1142
__ptext19                                  text19       10D7
__ptext2                                   text2        0BCE
__ptext20                                  text20       03C8
__ptext21                                  text21       1C4B
__ptext22                                  text22       1B28
__ptext23                                  text23       1B70
__ptext24                                  text24       07B8
__ptext25                                  text25       1AE7
__ptext26                                  text26       1C29
__ptext27                                  text27       1E96
__ptext28                                  text28       1E22
__ptext29                                  text29       1B12
__ptext3                                   text3        0D6F
__ptext30                                  text30       1B89
__ptext31                                  text31       0804
__ptext32                                  text32       1D19
__ptext33                                  text33       1E5A
__ptext34                                  text34       1BC6
__ptext35                                  text35       1CBE
__ptext36                                  text36       1C07
__ptext37                                  text37       06BD
__ptext38                                  text38       1AFC
__ptext39                                  text39       1686
__ptext4                                   text4        1B3F
__ptext40                                  text40       1C6E
__ptext41                                  text41       1B57
__ptext42                                  text42       0A50
__ptext43                                  text43       08D2
__ptext44                                  text44       1AC6
__ptext45                                  text45       1ABB
__ptext46                                  text46       1D7E
__ptext47                                  text47       1ED2
__ptext48                                  text48       1BA6
__ptext49                                  text49       1399
__ptext5                                   text5        1FAA
__ptext50                                  text50       1DEA
__ptext51                                  text51       1AB0
__ptext52                                  text52       1A89
__ptext53                                  text53       1AD6
__ptext54                                  text54       1BE6
__ptext55                                  text55       1AA5
__ptext56                                  text56       11BB
__ptext6                                   text6        1DB3
__ptext7                                   text7        1A9B
__ptext8                                   text8        082F
__ptext9                                   text9        1F13
__size_of_ADC_Media_10bits                 (abs)        0000
__size_of_ADC_init                         (abs)        0000
__size_of_Decodify_Command                 (abs)        0000
__size_of_EEPROM_24C1025_Fill_All          (abs)        0000
__size_of_EEPROM_24C1025_Read_Buffer       (abs)        0000
__size_of_EEPROM_24C1025_Read_Buffer_USART (abs)        0000
__size_of_EEPROM_24C1025_Read_Byte         (abs)        0000
__size_of_EEPROM_24C1025_Read_Int          (abs)        0000
__size_of_EEPROM_24C1025_Read_Str          (abs)        0000
__size_of_EEPROM_24C1025_Write_Buffer      (abs)        0000
__size_of_EEPROM_24C1025_Write_Byte        (abs)        0000
__size_of_EEPROM_24C1025_Write_Int         (abs)        0000
__size_of_EEPROM_24C1025_Write_Str         (abs)        0000
__size_of_EEPROM_Read_Byte                 (abs)        0000
__size_of_EEPROM_Read_Integer              (abs)        0000
__size_of_EEPROM_Read_String               (abs)        0000
__size_of_EEPROM_Write_Byte                (abs)        0000
__size_of_EEPROM_Write_Integer             (abs)        0000
__size_of_EEPROM_Write_String              (abs)        0000
__size_of_I2C_Master_Init                  (abs)        0000
__size_of_I2C_Master_Read                  (abs)        0000
__size_of_I2C_Master_RepeatedStart         (abs)        0000
__size_of_I2C_Master_Start                 (abs)        0000
__size_of_I2C_Master_Stop                  (abs)        0000
__size_of_I2C_Master_Wait                  (abs)        0000
__size_of_I2C_Master_Write                 (abs)        0000
__size_of_PROCULUS_Buzzer                  (abs)        0000
__size_of_PROCULUS_Control_Register_Write  (abs)        0000
__size_of_PROCULUS_Delay                   (abs)        0000
__size_of_PROCULUS_Show_Screen             (abs)        0000
__size_of_PROCULUS_VP_Write                (abs)        0000
__size_of_PROCULUS_VP_Write_String         (abs)        0000
__size_of_Package_Usart_is_for_me          (abs)        0000
__size_of_Save_Log                         (abs)        0000
__size_of_Send_Reply_OK                    (abs)        0000
__size_of_Send_To_MB                       (abs)        0000
__size_of_USART_init                       (abs)        0000
__size_of_USART_put_int                    (abs)        0000
__size_of_USART_put_string                 (abs)        0000
__size_of_USART_putc                       (abs)        0000
__size_of_USART_to_Protocol                (abs)        0000
__size_of__Umul8_16                        (abs)        0000
__size_of___fladd                          (abs)        0000
__size_of___fldiv                          (abs)        0000
__size_of___flmul                          (abs)        0000
__size_of___fltol                          (abs)        0000
__size_of___lldiv                          (abs)        0000
__size_of___lwdiv                          (abs)        0000
__size_of___xxtofl                         (abs)        0000
__size_of_captura                          (abs)        0000
__size_of_isr                              (abs)        0000
__size_of_main                             (abs)        0000
__size_of_mediaLeituraPt100Umidadde        (abs)        0000
__size_of_my_delay_ms                      (abs)        0000
__size_of_my_delay_ms_WDT                  (abs)        0000
__size_of_strcpy                           (abs)        0000
__size_of_strlen                           (abs)        0000
__stringbase                               strings      100F
__stringtab                                strings      1000
_buffer                                    bssBANK3     01CA
_canal                                     bssBANK1     00B9
_captura                                   text7        1A9B
_count                                     bssBANK1     00AC
_destino                                   bssBANK1     00B7
_generic_status                            bssBANK0     006F
_header                                    bssBANK1     00AE
_hora                                      bssCOMMON    007C
_isr                                       text56       11BB
_main                                      maintext     12A6
_mediaLeituraPt100Umidadde                 text1        150F
_milisegundo                               bssBANK1     00B0
_minuto                                    bssCOMMON    007A
_my_delay_ms                               text6        1DB3
_my_delay_ms_WDT                           text50       1DEA
_pointer                                   bssBANK1     00B6
_segundo                                   bssCOMMON    007D
_statuspower                               bssBANK1     00BA
_strcpy                                    text13       105B
_strlen                                    text23       1B70
_tempodecorrido                            bssBANK1     00AA
_usart_buffer                              bssBANK2     0110
_usart_protocol                            bssBANK3     0190
btemp                                      (abs)        007E
clear_ram0                                 clrtext      1A81
end_of_initialization                      cinit        0036
interrupt_function                         intentry     0004
intlevel0                                  functab      0000
intlevel1                                  functab      0000
intlevel2                                  functab      0000
intlevel3                                  functab      0000
intlevel4                                  functab      0000
intlevel5                                  functab      0000
isr@tempo                                  cstackCOMMON 0076
main@reset                                 cstackBANK0  006D
mediaLeituraPt100Umidadde@Temp             cstackBANK1  00C4
mediaLeituraPt100Umidadde@canal            cstackBANK1  00C3
mediaLeituraPt100Umidadde@i                cstackBANK1  00C8
my_delay_ms@i                              cstackBANK0  0026
my_delay_ms@time                           cstackBANK0  0020
my_delay_ms_WDT@i                          cstackBANK0  0026
my_delay_ms_WDT@time                       cstackBANK0  0020
reset_vec                                  reset_vec    0000
saved_w                                    (abs)        007E
start                                      init         0012
start_initialization                       cinit        0015
strcpy@cp                                  cstackBANK0  0023
strcpy@from                                cstackBANK0  0020
strcpy@to                                  cstackBANK0  0022
strlen@cp                                  cstackBANK0  0023
strlen@s                                   cstackBANK0  0024
wtemp0                                     (abs)        007E


MODULE INFORMATION

Module		Function		Class		Link	Load	Size
protocolo.c
		_Package_Usart_is_for_me		CODE           	1B3F	0000	24

protocolo.c estimated size: 24

C:\Program Files\Microchip\xc8\v2.32\pic\sources\c90\common\sprcadd.c
		___fladd       		CODE           	0D6F	0000	657

C:\Program Files\Microchip\xc8\v2.32\pic\sources\c90\common\sprcadd.c estimated size: 657

my_delay.c
		_my_delay_ms_WDT		CODE           	1DEA	0000	56
		_my_delay_ms   		CODE           	1DB3	0000	55

my_delay.c estimated size: 111

usart.c
		_USART_putc    		CODE           	1AC6	0000	16
		_USART_to_Protocol		CODE           	1F55	0000	85
		_USART_put_string		CODE           	1D4B	0000	51
		_USART_put_int 		CODE           	1B12	0000	22
		_USART_init    		CODE           	1F13	0000	66

usart.c estimated size: 240

C:\Program Files\Microchip\xc8\v2.32\pic\sources\c90\common\xxtofl.c
		___xxtofl      		CODE           	082F	0000	163

C:\Program Files\Microchip\xc8\v2.32\pic\sources\c90\common\xxtofl.c estimated size: 163

I2C.c
		_I2C_Master_Read		CODE           	1D7E	0000	53
		_I2C_Master_Wait		CODE           	1BE6	0000	33
		_I2C_Master_Init		CODE           	1CE8	0000	49
		_I2C_Master_Stop		CODE           	1A89	0000	9
		_I2C_Master_RepeatedStart		CODE           	1ABB	0000	11
		_I2C_Master_Write		CODE           	1AB0	0000	11
		_I2C_Master_Start		CODE           	1AD6	0000	17

I2C.c estimated size: 183

C:\Program Files\Microchip\xc8\v2.32\pic\sources\c90\common\Umul8_16.c
		__Umul8_16     		CODE           	1C4B	0000	35

C:\Program Files\Microchip\xc8\v2.32\pic\sources\c90\common\Umul8_16.c estimated size: 35

C:\Program Files\Microchip\xc8\v2.32\pic\sources\c90\common\strlen.c
		_strlen        		CODE           	1B70	0000	25

C:\Program Files\Microchip\xc8\v2.32\pic\sources\c90\common\strlen.c estimated size: 25

C:\Program Files\Microchip\xc8\v2.32\pic\sources\c90\common\strcpy.c
		_strcpy        		CODE           	105B	0000	30

C:\Program Files\Microchip\xc8\v2.32\pic\sources\c90\common\strcpy.c estimated size: 30

proculus.c
		_PROCULUS_Control_Register_Write		CODE           	1E22	0000	56
		_PROCULUS_Show_Screen		CODE           	1AE7	0000	21
		_PROCULUS_VP_Write_String		CODE           	1B28	0000	23
		_PROCULUS_VP_Write		CODE           	07B8	0000	71
		_PROCULUS_Delay		CODE           	1B89	0000	29
		_PROCULUS_Buzzer		CODE           	1C29	0000	34

proculus.c estimated size: 234

eeprom.c
		_EEPROM_Write_String		CODE           	0804	0000	43
		_EEPROM_Read_Byte		CODE           	1C07	0000	34
		_EEPROM_Write_Byte		CODE           	1E5A	0000	60
		_EEPROM_Read_Integer		CODE           	1CBE	0000	42
		_EEPROM_Read_String		CODE           	1BC6	0000	32
		_EEPROM_Write_Integer		CODE           	1D19	0000	50

eeprom.c estimated size: 261

adc.c
		_captura       		CODE           	1A9B	0000	10
		_ADC_Media_10bits		CODE           	1FAA	0000	86
		_ADC_init      		CODE           	1AA5	0000	11

adc.c estimated size: 107

SlaveLiofilizadorVer1.c
		_Send_To_MB    		CODE           	1C96	0000	40
		_mediaLeituraPt100Umidadde		CODE           	150F	0000	375
		_main          		CODE           	12A6	0000	243
		_Decodify_Command		CODE           	003A	0000	910
		_Send_Reply_OK 		CODE           	1A92	0000	9
		_Save_Log      		CODE           	1142	0000	121

SlaveLiofilizadorVer1.c estimated size: 1698

isr.c
		_isr           		CODE           	11BB	0000	235

isr.c estimated size: 235

shared
		_PT100_TRANSLADA		STRING         	0000	0000	0
		__stringtab    		STRING         	1000	0000	16
		_RESISTOR_ROOM_TEMP		STRING         	0000	0000	0
		_PT100_CONSTANT		STRING         	0000	0000	0
		_ROOM_TEMP     		STRING         	0000	0000	0
		_BETA          		STRING         	0000	0000	0
		__initialization		CODE           	0015	0000	33
		log@coeff      		STRING         	0000	0000	0
		_BALANCE_RESISTOR		STRING         	0000	0000	0
		_MAX_ADC       		STRING         	0000	0000	0

shared estimated size: 49

C:\Program Files\Microchip\xc8\v2.32\pic\sources\c90\common\sprcmul.c
		___flmul       		CODE           	03C8	0000	757

C:\Program Files\Microchip\xc8\v2.32\pic\sources\c90\common\sprcmul.c estimated size: 757

C:\Program Files\Microchip\xc8\v2.32\pic\sources\c90\common\sprcdiv.c
		___fldiv       		CODE           	0BCE	0000	417

C:\Program Files\Microchip\xc8\v2.32\pic\sources\c90\common\sprcdiv.c estimated size: 417

EEPROM_24C1025.c
		_EEPROM_24C1025_Read_Str		CODE           	1686	0000	378
		_EEPROM_24C1025_Read_Buffer_USART		CODE           	08D2	0000	382
		_EEPROM_24C1025_Write_Int		CODE           	1BA6	0000	32
		_EEPROM_24C1025_Read_Byte		CODE           	1B57	0000	25
		_EEPROM_24C1025_Read_Buffer		CODE           	0A50	0000	382
		_EEPROM_24C1025_Write_Byte		CODE           	1AFC	0000	22
		_EEPROM_24C1025_Write_Buffer		CODE           	1399	0000	374
		_EEPROM_24C1025_Fill_All		CODE           	1ED2	0000	65
		_EEPROM_24C1025_Read_Int		CODE           	1C6E	0000	40
		_EEPROM_24C1025_Write_Str		CODE           	06BD	0000	251

EEPROM_24C1025.c estimated size: 1951

C:\Program Files\Microchip\xc8\v2.32\pic\sources\c90\common\lwdiv.c
		___lwdiv       		CODE           	1E96	0000	60

C:\Program Files\Microchip\xc8\v2.32\pic\sources\c90\common\lwdiv.c estimated size: 60

C:\Program Files\Microchip\xc8\v2.32\pic\sources\c90\common\fltol.c
		___fltol       		CODE           	10D7	0000	107

C:\Program Files\Microchip\xc8\v2.32\pic\sources\c90\common\fltol.c estimated size: 107

C:\Program Files\Microchip\xc8\v2.32\pic\sources\c90\common\__lldiv.c
		___lldiv       		CODE           	1079	0000	94

C:\Program Files\Microchip\xc8\v2.32\pic\sources\c90\common\__lldiv.c estimated size: 94

