Microchip MPLAB XC8 Compiler V2.20

Linker command line:

-W-3 --edf=C:\Program Files\Microchip\xc8\v2.20\pic\dat\en_msgs.txt -cn \
  -h+dist/default/production\Liofilizador_-_Placa_Filha.X.production.sym \
  --cmf=dist/default/production\Liofilizador_-_Placa_Filha.X.production.cmf \
  -z -Q16F886 -oC:\Users\Nera\AppData\Local\Temp\s6ck.2 \
  --defsym=__MPLAB_BUILD=1 \
  -Mdist/default/production/Liofilizador_-_Placa_Filha.X.production.map -E1 \
  -ver=XC8 Compiler --acfsm=1493 -ASTACK=0144h-016Fh -pstack=STACK \
  -ACODE=00h-07FFhx4 -ASTRCODE=00h-01FFFh -ASTRING=00h-0FFhx32 \
  -ACONST=00h-0FFhx32 -AENTRY=00h-0FFhx32 -ACOMMON=070h-07Fh \
  -ABANK0=020h-06Fh -ABANK1=0A0h-0EFh -ABANK2=0110h-016Fh \
  -ABANK3=0190h-01EFh -ARAM=020h-06Fh,0A0h-0EFh,0110h-016Fh,0190h-01EFh \
  -AABS1=020h-07Fh,0A0h-0EFh,0110h-016Fh,0190h-01EFh -ASFR0=00h-01Fh \
  -ASFR1=080h-09Fh -ASFR2=0100h-010Fh -ASFR3=0180h-018Fh \
  -ACONFIG=02007h-02008h -DCONFIG=2 -AIDLOC=02000h-02003h -DIDLOC=2 \
  -preset_vec=00h,intentry=04h,init,end_init -ppowerup=CODE -pcinit=CODE \
  -pfunctab=ENTRY -AEEDATA=00h-0FFh/02100h -peeprom_data=EEDATA -DEEDATA=2 \
  -DCODE=2 -DSTRCODE=2 -DSTRING=2 -DCONST=2 -DENTRY=2 -k \
  C:\Users\Nera\AppData\Local\Temp\s6ck.o \
  dist/default/production\Liofilizador_-_Placa_Filha.X.production.o 

Object code version is 3.11

Machine type is 16F886



                Name                               Link     Load   Length Selector   Space Scale
C:\Users\Nera\AppData\Local\Temp\s6ck.o
                end_init                             12       12        3        8       0
                reset_vec                             0        0        3        0       0
                config                             2007     2007        2        0       4
dist/default/production\Liofilizador_-_Placa_Filha.X.production.o
                cinit                                15       15       22        8       0
                intentry                              4        4        E        8       0
                config                             2007     2007        2        0       4
                text58                             1069     1069       EE     20D2       0
                text57                             18D3     18D3        B     31A6       0
                text56                             1A1D     1A1D       21     343A       0
                text55                             18EE     18EE       11     31DC       0
                text54                             18B7     18B7        9     316E       0
                text53                             1000     1000        B     1A16       0
                text52                             1CB1     1CB1       38     3962       0
                text51                             124A     124A      16A     2494       0
                text50                             1A83     1A83       27     3506       0
                text49                             1D9D     1D9D       3E     3B3A       0
                text48                             1C0F     1C0F       35     381E       0
                text47                              7F4      7F4        B        8       0
                text46                             18DE     18DE       10     31BC       0
                text45                             1520     1520      170     2A40       0
                text44                             1690     1690      170     2D20       0
                text43                             1959     1959       19     32B2       0
                text42                             1AAA     1AAA       28     3554       0
                text41                             13B4     13B4      16C     2768       0
                text40                             1914     1914       16     3228       0
                text39                             1157     1157       F3     22AE       0
                text38                             1A3E     1A3E       22     347C       0
                text37                             1AFA     1AFA       2A     35F4       0
                text36                             19FD     19FD       20     33FA       0
                text35                             1CE9     1CE9       3C     39D2       0
                text34                             1BAA     1BAA       32     3754       0
                text33                             1B4E     1B4E       2B     369C       0
                text32                             19A4     19A4       1D     3348       0
                text31                             192A     192A       17     3254       0
                text30                             1C44     1C44       36     3888       0
                text29                             1D25     1D25       3C     3A4A       0
                text28                             1B24     1B24       2A     3648       0
                text27                             18FF     18FF       15     31FE       0
                text26                              800      800       44     1000       0
                text25                             1972     1972       19     32E4       0
                text24                             1941     1941       18     3282       0
                text23                             1A60     1A60       23     34C0       0
                text22                              D0B      D0B      2F5     1A16       0
                text21                             1E86     1E86       6B     3D0C       0
                text20                             1EF1     1EF1       7C     3DE2       0
                text19                             1BDC     1BDC       33     37B8       0
                text18                             18C0     18C0        9     3180       0
                text17                             1AD2     1AD2       28     35A4       0
                text16                             1DDB     1DDB       55     3BB6       0
                text15                             19C1     19C1       1E     3382       0
                text14                              3FF      3FF      352        8       0
                text13                             100B     100B       5E     2016       0
                text12                             1B79     1B79       31     36F2       0
                text11                              751      751       A3        8       0
                text10                             18C9     18C9        A     3192       0
                text9                              1C7A     1C7A       37     38F4       0
                text8                              1E30     1E30       56     3C60       0
                text7                              198B     198B       19     3316       0
                text6                               93D      93D      1A1     127A       0
                text5                              1F6D     1F6D       93     3EDA       0
                text4                               ADE      ADE      22D     15BC       0
                text3                              19DF     19DF       1E     33BE       0
                text2                                37       37      3C8        8       0
                text1                              1D61     1D61       3C     3AC2       0
                maintext                            844      844       F9     1088       0
                cstackBANK0                          20       20       50       20       1
                cstackCOMMON                         70       70        8       70       1
                cstackBANK1                          A0       A0       28       A0       1
                clrtext                            18AF     18AF        8     315E       0
                bssBANK2                            110      110       34      110       1
                bssBANK3                            190      190       5B      190       1
                bssBANK1                             C8       C8       1C       A0       1
                bssCOMMON                            78       78        6       70       1
                strings                            1800     1800       5B     3000       0

TOTAL           Name                               Link     Load   Length     Space
        CLASS   STACK          

        CLASS   CODE           
                end_init                             12       12        3         0
                cinit                                15       15       22         0
                intentry                              4        4        E         0
                reset_vec                             0        0        3         0
                text58                             1069     1069       EE         0
                text57                             18D3     18D3        B         0
                text56                             1A1D     1A1D       21         0
                text55                             18EE     18EE       11         0
                text54                             18B7     18B7        9         0
                text53                             1000     1000        B         0
                text52                             1CB1     1CB1       38         0
                text51                             124A     124A      16A         0
                text50                             1A83     1A83       27         0
                text49                             1D9D     1D9D       3E         0
                text48                             1C0F     1C0F       35         0
                text47                              7F4      7F4        B         0
                text46                             18DE     18DE       10         0
                text45                             1520     1520      170         0
                text44                             1690     1690      170         0
                text43                             1959     1959       19         0
                text42                             1AAA     1AAA       28         0
                text41                             13B4     13B4      16C         0
                text40                             1914     1914       16         0
                text39                             1157     1157       F3         0
                text38                             1A3E     1A3E       22         0
                text37                             1AFA     1AFA       2A         0
                text36                             19FD     19FD       20         0
                text35                             1CE9     1CE9       3C         0
                text34                             1BAA     1BAA       32         0
                text33                             1B4E     1B4E       2B         0
                text32                             19A4     19A4       1D         0
                text31                             192A     192A       17         0
                text30                             1C44     1C44       36         0
                text29                             1D25     1D25       3C         0
                text28                             1B24     1B24       2A         0
                text27                             18FF     18FF       15         0
                text26                              800      800       44         0
                text25                             1972     1972       19         0
                text24                             1941     1941       18         0
                text23                             1A60     1A60       23         0
                text22                              D0B      D0B      2F5         0
                text21                             1E86     1E86       6B         0
                text20                             1EF1     1EF1       7C         0
                text19                             1BDC     1BDC       33         0
                text18                             18C0     18C0        9         0
                text17                             1AD2     1AD2       28         0
                text16                             1DDB     1DDB       55         0
                text15                             19C1     19C1       1E         0
                text14                              3FF      3FF      352         0
                text13                             100B     100B       5E         0
                text12                             1B79     1B79       31         0
                text11                              751      751       A3         0
                text10                             18C9     18C9        A         0
                text9                              1C7A     1C7A       37         0
                text8                              1E30     1E30       56         0
                text7                              198B     198B       19         0
                text6                               93D      93D      1A1         0
                text5                              1F6D     1F6D       93         0
                text4                               ADE      ADE      22D         0
                text3                              19DF     19DF       1E         0
                text2                                37       37      3C8         0
                text1                              1D61     1D61       3C         0
                maintext                            844      844       F9         0
                clrtext                            18AF     18AF        8         0

        CLASS   STRCODE        

        CLASS   STRING         
                strings                            1800     1800       5B         0

        CLASS   CONST          

        CLASS   ENTRY          

        CLASS   COMMON         
                cstackCOMMON                         70       70        8         1
                bssCOMMON                            78       78        6         1

        CLASS   BANK0          
                cstackBANK0                          20       20       50         1

        CLASS   BANK1          
                cstackBANK1                          A0       A0       28         1
                bssBANK1                             C8       C8       1C         1

        CLASS   BANK2          
                bssBANK2                            110      110       34         1

        CLASS   BANK3          
                bssBANK3                            190      190       5B         1

        CLASS   RAM            

        CLASS   ABS1           
                abs_s1                               7E       7E        2         1

        CLASS   SFR0           

        CLASS   SFR1           

        CLASS   SFR2           

        CLASS   SFR3           

        CLASS   CONFIG         
                config                             2007     2007        2         4

        CLASS   IDLOC          

        CLASS   EEDATA         



SEGMENTS        Name                           Load    Length   Top    Selector   Space  Class     Delta

                reset_vec                      000000  000003  000003         0       0  CODE        2
                intentry                       000004  0007FB  0007FF         8       0  CODE        2
                cstackBANK0                    000020  000050  000070        20       1  BANK0       1
                cstackCOMMON                   000070  00000E  00007E        70       1  COMMON      1
                cstackBANK1                    0000A0  000044  0000E4        A0       1  BANK1       1
                bssBANK2                       000110  000034  000144       110       1  BANK2       1
                bssBANK3                       000190  00005B  0001EB       190       1  BANK3       1
                text26                         000800  000044  000844      1000       0  CODE        2
                maintext                       000844  0000F9  00093D      1088       0  CODE        2
                text6                          00093D  0001A1  000ADE      127A       0  CODE        2
                text4                          000ADE  00022D  000D0B      15BC       0  CODE        2
                text22                         000D0B  000300  00100B      1A16       0  CODE        2
                text13                         00100B  00005E  001069      2016       0  CODE        2
                text58                         001069  0000EE  001157      20D2       0  CODE        2
                text39                         001157  0000F3  00124A      22AE       0  CODE        2
                text51                         00124A  00016A  0013B4      2494       0  CODE        2
                text41                         0013B4  00016C  001520      2768       0  CODE        2
                text45                         001520  000170  001690      2A40       0  CODE        2
                text44                         001690  000170  001800      2D20       0  CODE        2
                strings                        001800  00005B  00185B      3000       0  STRING      2
                clrtext                        0018AF  000008  0018B7      315E       0  CODE        2
                text54                         0018B7  000009  0018C0      316E       0  CODE        2
                text18                         0018C0  000009  0018C9      3180       0  CODE        2
                text10                         0018C9  00000A  0018D3      3192       0  CODE        2
                text57                         0018D3  00000B  0018DE      31A6       0  CODE        2
                text46                         0018DE  000010  0018EE      31BC       0  CODE        2
                text55                         0018EE  000011  0018FF      31DC       0  CODE        2
                text27                         0018FF  000015  001914      31FE       0  CODE        2
                text40                         001914  000016  00192A      3228       0  CODE        2
                text31                         00192A  000017  001941      3254       0  CODE        2
                text24                         001941  000018  001959      3282       0  CODE        2
                text43                         001959  000019  001972      32B2       0  CODE        2
                text25                         001972  000019  00198B      32E4       0  CODE        2
                text7                          00198B  000019  0019A4      3316       0  CODE        2
                text32                         0019A4  00001D  0019C1      3348       0  CODE        2
                text15                         0019C1  00001E  0019DF      3382       0  CODE        2
                text3                          0019DF  00001E  0019FD      33BE       0  CODE        2
                text36                         0019FD  000020  001A1D      33FA       0  CODE        2
                text56                         001A1D  000021  001A3E      343A       0  CODE        2
                text38                         001A3E  000022  001A60      347C       0  CODE        2
                text23                         001A60  000023  001A83      34C0       0  CODE        2
                text50                         001A83  000027  001AAA      3506       0  CODE        2
                text42                         001AAA  000028  001AD2      3554       0  CODE        2
                text17                         001AD2  000028  001AFA      35A4       0  CODE        2
                text37                         001AFA  00002A  001B24      35F4       0  CODE        2
                text28                         001B24  00002A  001B4E      3648       0  CODE        2
                text33                         001B4E  00002B  001B79      369C       0  CODE        2
                text12                         001B79  000031  001BAA      36F2       0  CODE        2
                text34                         001BAA  000032  001BDC      3754       0  CODE        2
                text19                         001BDC  000033  001C0F      37B8       0  CODE        2
                text48                         001C0F  000035  001C44      381E       0  CODE        2
                text30                         001C44  000036  001C7A      3888       0  CODE        2
                text9                          001C7A  000037  001CB1      38F4       0  CODE        2
                text52                         001CB1  000038  001CE9      3962       0  CODE        2
                text35                         001CE9  00003C  001D25      39D2       0  CODE        2
                text29                         001D25  00003C  001D61      3A4A       0  CODE        2
                text1                          001D61  00003C  001D9D      3AC2       0  CODE        2
                text49                         001D9D  00003E  001DDB      3B3A       0  CODE        2
                text16                         001DDB  000055  001E30      3BB6       0  CODE        2
                text8                          001E30  000056  001E86      3C60       0  CODE        2
                text21                         001E86  00006B  001EF1      3D0C       0  CODE        2
                text20                         001EF1  00007C  001F6D      3DE2       0  CODE        2
                text5                          001F6D  000093  002000      3EDA       0  CODE        2


UNUSED ADDRESS RANGES

        Name                Unused          Largest block    Delta
        BANK1            00E4-00EF              C           1
        BANK2            0144-016F             2C           1
        BANK3            01EB-01EF              5           1
        CODE             0003-0003              1           2
                         07FF-07FF              1
                         185B-18AE             54
        CONST            0003-0003              1           2
                         07FF-07FF              1
                         185B-18AE             54
        EEDATA           2100-21FF            100           2
        ENTRY            0003-0003              1           2
                         07FF-07FF              1
                         185B-18AE             54
        IDLOC            2000-2003              4           2
        RAM              00E4-00EF              C           1
                         0144-016F             2C
                         01EB-01EF              5
        SFR0             0000-001F             20           1
        SFR1             0080-009F             20           1
        SFR2             0100-010F             10           1
        SFR3             0180-018F             10           1
        STACK            0144-016F             2C           1
        STRCODE          0003-0003              1           2
                         07FF-07FF              1
                         185B-18AE             54
        STRING           0003-0003              1           2
                         07FF-07FF              1
                         185B-18AE             54

                                  Symbol Table

?_ADC_Media_10bits                         cstackBANK0  002E
?_EEPROM_24C1025_Read_Int                  cstackBANK0  0037
?_EEPROM_Read_Integer                      cstackBANK0  0023
?_I2C_Master_Read                          cstackBANK0  0023
?__Umul8_16                                cstackBANK0  0020
?___fladd                                  cstackBANK0  0037
?___fldiv                                  cstackBANK0  002E
?___flmul                                  cstackBANK0  004B
?___flsub                                  cstackBANK0  004B
?___fltol                                  cstackBANK0  0065
?___lldiv                                  cstackBANK0  0020
?___lwdiv                                  cstackBANK0  0020
?___xxtofl                                 cstackBANK0  0020
?_captura                                  cstackBANK0  0020
?_strlen                                   cstackBANK0  0020
ADC_Media_10bits@canal                     cstackBANK0  0033
ADC_Media_10bits@i                         cstackBANK0  0036
ADC_Media_10bits@value                     cstackBANK0  0034
Decodify_Command@OutPut                    cstackBANK1  00BA
Decodify_Command@add                       cstackBANK1  00B6
Decodify_Command@add_24LCxxxx              cstackBANK1  00BF
Decodify_Command@dados                     cstackBANK1  00B4
Decodify_Command@sizedata                  cstackBANK1  00B7
Decodify_Command@tempchar                  cstackBANK1  00BE
Decodify_Command@tempint                   cstackBANK1  00B8
EEPROM_24C1025_Fill_All@chip_add           cstackBANK1  00AB
EEPROM_24C1025_Fill_All@mem_add            cstackBANK1  00AC
EEPROM_24C1025_Fill_All@value              cstackBANK1  00A9
EEPROM_24C1025_Read_Buffer@chip_add        cstackBANK0  0034
EEPROM_24C1025_Read_Buffer@cnt_108         cstackBANK0  0033
EEPROM_24C1025_Read_Buffer@ctrl            cstackBANK0  0036
EEPROM_24C1025_Read_Buffer@data            cstackBANK0  002F
EEPROM_24C1025_Read_Buffer@mem_add         cstackBANK0  002A
EEPROM_24C1025_Read_Buffer@range           cstackBANK0  0035
EEPROM_24C1025_Read_Buffer@sizedata        cstackBANK0  002E
EEPROM_24C1025_Read_Buffer_USART@chip_add  cstackBANK0  0033
EEPROM_24C1025_Read_Buffer_USART@cnt_117   cstackBANK0  0032
EEPROM_24C1025_Read_Buffer_USART@ctrl      cstackBANK0  0035
EEPROM_24C1025_Read_Buffer_USART@data      cstackBANK0  002E
EEPROM_24C1025_Read_Buffer_USART@mem_add   cstackBANK0  0029
EEPROM_24C1025_Read_Buffer_USART@range     cstackBANK0  0034
EEPROM_24C1025_Read_Buffer_USART@sizedata  cstackBANK0  002D
EEPROM_24C1025_Read_Byte@chip_add          cstackBANK0  003B
EEPROM_24C1025_Read_Byte@data              cstackBANK0  003C
EEPROM_24C1025_Read_Byte@mem_add           cstackBANK0  0037
EEPROM_24C1025_Read_Int@chip_add           cstackBANK0  003D
EEPROM_24C1025_Read_Int@data               cstackBANK0  003E
EEPROM_24C1025_Read_Int@mem_add            cstackBANK0  0037
EEPROM_24C1025_Read_Str@buffer             cstackBANK0  002D
EEPROM_24C1025_Read_Str@chip_add           cstackBANK0  0031
EEPROM_24C1025_Read_Str@cnt                cstackBANK0  0030
EEPROM_24C1025_Read_Str@ctrl               cstackBANK0  0033
EEPROM_24C1025_Read_Str@mem_add            cstackBANK0  0029
EEPROM_24C1025_Read_Str@range              cstackBANK0  0032
EEPROM_24C1025_Write_Buffer@chip_add       cstackBANK0  0034
EEPROM_24C1025_Write_Buffer@count          cstackBANK0  0033
EEPROM_24C1025_Write_Buffer@ctrl           cstackBANK0  0036
EEPROM_24C1025_Write_Buffer@data           cstackBANK0  002F
EEPROM_24C1025_Write_Buffer@mem_add        cstackBANK0  002A
EEPROM_24C1025_Write_Buffer@range          cstackBANK0  0035
EEPROM_24C1025_Write_Buffer@sizedata       cstackBANK0  002E
EEPROM_24C1025_Write_Byte@chip_add         cstackBANK0  003C
EEPROM_24C1025_Write_Byte@data             cstackBANK0  003B
EEPROM_24C1025_Write_Byte@mem_add          cstackBANK0  0037
EEPROM_24C1025_Write_Int@chip_add          cstackBANK1  00A6
EEPROM_24C1025_Write_Int@data              cstackBANK1  00A4
EEPROM_24C1025_Write_Int@local             cstackBANK1  00A7
EEPROM_24C1025_Write_Int@mem_add           cstackBANK1  00A0
EEPROM_24C1025_Write_Str@chip_add          cstackBANK0  0031
EEPROM_24C1025_Write_Str@ctrl              cstackBANK0  0033
EEPROM_24C1025_Write_Str@data              cstackBANK0  002E
EEPROM_24C1025_Write_Str@mem_add           cstackBANK0  002A
EEPROM_24C1025_Write_Str@range             cstackBANK0  0032
EEPROM_Read_Byte@addr                      cstackBANK0  0022
EEPROM_Read_Integer@addr                   cstackBANK0  0026
EEPROM_Read_Integer@i                      cstackBANK0  002A
EEPROM_Read_Integer@ptr                    cstackBANK0  0027
EEPROM_Read_Integer@result                 cstackBANK0  0028
EEPROM_Read_String@addr                    cstackBANK0  0024
EEPROM_Read_String@c                       cstackBANK0  0025
EEPROM_Read_String@dado                    cstackBANK0  0023
EEPROM_Write_Byte@addr                     cstackBANK0  0023
EEPROM_Write_Byte@dado                     cstackBANK0  0020
EEPROM_Write_Byte@last_GIE                 cstackBANK0  0024
EEPROM_Write_Integer@addr                  cstackBANK0  002B
EEPROM_Write_Integer@dado                  cstackBANK0  0025
EEPROM_Write_Integer@i                     cstackBANK0  002C
EEPROM_Write_Integer@ptr                   cstackBANK0  002A
EEPROM_Write_String@addr                   cstackBANK0  0026
EEPROM_Write_String@dado                   cstackBANK0  0025
I2C_Master_Init@c                          cstackBANK0  002E
I2C_Master_Read@a                          cstackBANK0  0023
I2C_Master_Read@temp                       cstackBANK0  0027
I2C_Master_Wait@tempo                      cstackBANK0  0022
I2C_Master_Write@d                         cstackBANK0  0023
MediaPlacaVaccum@Temp                      cstackBANK1  00A7
MediaPlacaVaccum@canal                     cstackBANK1  00A4
MediaPlacaVaccum@i                         cstackBANK1  00A5
PROCULUS_Buzzer@time_ms_x_10               cstackBANK1  00A6
PROCULUS_Buzzer@vetor                      cstackBANK1  00A8
PROCULUS_Control_Register_Write@i          cstackBANK1  00A5
PROCULUS_Control_Register_Write@size       cstackBANK1  00A2
PROCULUS_Control_Register_Write@vetor      cstackBANK1  00A4
PROCULUS_Delay@i                           cstackBANK0  0024
PROCULUS_Delay@tempo_ms                    cstackBANK0  0020
PROCULUS_Show_Screen@screen                cstackBANK1  00A6
PROCULUS_Show_Screen@vetor                 cstackBANK1  00A8
PROCULUS_VP_Write@i                        cstackBANK1  00A9
PROCULUS_VP_Write@size                     cstackBANK1  00A6
PROCULUS_VP_Write@vetor                    cstackBANK1  00A4
PROCULUS_VP_Write@vp                       cstackBANK1  00A2
PROCULUS_VP_Write_String@text              cstackBANK1  00AC
PROCULUS_VP_Write_String@vp                cstackBANK1  00AA
Package_Usart_is_for_me@retorno            cstackBANK0  0020
Save_Log@add_datalog                       cstackBANK1  00A9
Send_To_MB@size                            cstackBANK0  0021
USART_init@baudrate                        cstackBANK0  0020
USART_init@i                               cstackBANK0  0025
USART_put_int@dado                         cstackBANK0  006F
USART_put_int@value                        cstackBANK1  00A0
USART_put_string@ptr                       cstackBANK0  0023
USART_put_string@vetor                     cstackBANK0  0021
USART_putc@value                           cstackBANK0  0020
USART_to_Protocol@i                        cstackBANK0  0021
USART_to_Protocol@usart_protocol           cstackBANK0  0023
_ADCON0bits                                (abs)        001F
_ADCON1                                    (abs)        009F
_ADCON1bits                                (abs)        009F
_ADC_Media_10bits                          text8        1E30
_ADC_init                                  text57       18D3
_ADRESH                                    (abs)        001E
_ADRESL                                    (abs)        009E
_ANSEL                                     (abs)        0188
_ANSELH                                    (abs)        0189
_BAUDCTLbits                               (abs)        0187
_Board_Number                              bssBANK1     00E0
_CREN                                      (abs)        00C4
_Decodify_Command                          text14       03FF
_Delay_Led_Memory                          bssBANK1     00DC
_Delay_Led_Tmr0                            bssCOMMON    0078
_Delay_Led_Usart                           bssBANK1     00DA
_EEADR                                     (abs)        010D
_EECON1bits                                (abs)        018C
_EECON2                                    (abs)        018D
_EEDATA                                    (abs)        010C
_EEPROM_24C1025_Fill_All                   text49       1D9D
_EEPROM_24C1025_Read_Buffer                text44       1690
_EEPROM_24C1025_Read_Buffer_USART          text45       1520
_EEPROM_24C1025_Read_Byte                  text43       1959
_EEPROM_24C1025_Read_Int                   text42       1AAA
_EEPROM_24C1025_Read_Str                   text41       13B4
_EEPROM_24C1025_Write_Buffer               text51       124A
_EEPROM_24C1025_Write_Byte                 text40       1914
_EEPROM_24C1025_Write_Int                  text50       1A83
_EEPROM_24C1025_Write_Str                  text39       1157
_EEPROM_Read_Byte                          text38       1A3E
_EEPROM_Read_Integer                       text37       1AFA
_EEPROM_Read_String                        text36       19FD
_EEPROM_Write_Byte                         text35       1CE9
_EEPROM_Write_Integer                      text34       1BAA
_EEPROM_Write_String                       text33       1B4E
_I2C_Master_Init                           text12       1B79
_I2C_Master_Read                           text48       1C0F
_I2C_Master_RepeatedStart                  text47       07F4
_I2C_Master_Start                          text55       18EE
_I2C_Master_Stop                           text54       18B7
_I2C_Master_Wait                           text56       1A1D
_I2C_Master_Write                          text53       1000
_INTCONbits                                (abs)        000B
_MediaPlacaVaccum                          text2        0037
_MediaPlacaVaccum$2372                     cstackBANK1  00A0
_OPTION_REGbits                            (abs)        0081
_OSCCONbits                                (abs)        008F
_PIE1bits                                  (abs)        008C
_PIR1bits                                  (abs)        000C
_PORTA                                     (abs)        0005
_PORTAbits                                 (abs)        0005
_PORTB                                     (abs)        0006
_PORTBbits                                 (abs)        0006
_PORTC                                     (abs)        0007
_PORTCbits                                 (abs)        0007
_PORTE                                     (abs)        0009
_PROCULUS_Buzzer                           text28       1B24
_PROCULUS_Control_Register_Write           text30       1C44
_PROCULUS_Delay                            text32       19A4
_PROCULUS_Show_Screen                      text27       18FF
_PROCULUS_VP_Write                         text26       0800
_PROCULUS_VP_Write_String                  text24       1941
_Package_Usart_is_for_me                   text7        198B
_RCREG                                     (abs)        001A
_RCSTAbits                                 (abs)        0018
_SPBRG                                     (abs)        0099
_SSPADD                                    (abs)        0093
_SSPBUF                                    (abs)        0013
_SSPCON                                    (abs)        0014
_SSPCON2                                   (abs)        0091
_SSPCON2bits                               (abs)        0091
_SSPSTAT                                   (abs)        0094
_Save_Log                                  text20       1EF1
_Send_Reply_OK                             text18       18C0
_Send_To_MB                                text17       1AD2
_T1CKPS0                                   (abs)        0084
_T1CKPS1                                   (abs)        0085
_T1CON                                     (abs)        0010
_TMR1CS                                    (abs)        0081
_TMR1H                                     (abs)        000F
_TMR1IE                                    (abs)        0460
_TMR1L                                     (abs)        000E
_TRISA                                     (abs)        0085
_TRISB                                     (abs)        0086
_TRISC                                     (abs)        0087
_TRISC3                                    (abs)        043B
_TRISC4                                    (abs)        043C
_TRISC6                                    (abs)        043E
_TRISC7                                    (abs)        043F
_TRISE                                     (abs)        0089
_TXREG                                     (abs)        0019
_TXSTAbits                                 (abs)        0098
_Tensao1                                   bssBANK1     00C8
_USART_init                                text1        1D61
_USART_put_int                             text31       192A
_USART_put_string                          text19       1BDC
_USART_putc                                text46       18DE
_USART_to_Protocol                         text16       1DDB
_Vaccum0                                   bssBANK1     00CC
_WPUB                                      (abs)        0095
__Habs1                                    abs1         0000
__Hbank0                                   bank0        0000
__Hbank1                                   bank1        0000
__Hbank2                                   bank2        0000
__Hbank3                                   bank3        0000
__HbssBANK1                                bssBANK1     0000
__HbssBANK2                                bssBANK2     0000
__HbssBANK3                                bssBANK3     0000
__HbssCOMMON                               bssCOMMON    0000
__Hcinit                                   cinit        0037
__Hclrtext                                 clrtext      0000
__Hcode                                    code         0000
__Hcommon                                  common       0000
__Hconfig                                  config       2009
__HcstackBANK0                             cstackBANK0  0000
__HcstackBANK1                             cstackBANK1  0000
__HcstackCOMMON                            cstackCOMMON 0000
__Heeprom_data                             eeprom_data  0000
__Hend_init                                end_init     0015
__Hfunctab                                 functab      0000
__Hinit                                    init         0012
__Hintentry                                intentry     0012
__Hmaintext                                maintext     0000
__Hpowerup                                 powerup      0000
__Hram                                     ram          0000
__Hreset_vec                               reset_vec    0003
__Hsfr0                                    sfr0         0000
__Hsfr1                                    sfr1         0000
__Hsfr2                                    sfr2         0000
__Hsfr3                                    sfr3         0000
__Hspace_0                                 (abs)        2000
__Hspace_1                                 (abs)        01EB
__Hspace_2                                 (abs)        0000
__Hspace_3                                 (abs)        0000
__Hspace_4                                 (abs)        4010
__Hstack                                   stack        0000
__Hstrings                                 strings      0000
__Htext                                    text         0000
__Labs1                                    abs1         0000
__Lbank0                                   bank0        0000
__Lbank1                                   bank1        0000
__Lbank2                                   bank2        0000
__Lbank3                                   bank3        0000
__LbssBANK1                                bssBANK1     0000
__LbssBANK2                                bssBANK2     0000
__LbssBANK3                                bssBANK3     0000
__LbssCOMMON                               bssCOMMON    0000
__Lcinit                                   cinit        0015
__Lclrtext                                 clrtext      0000
__Lcode                                    code         0000
__Lcommon                                  common       0000
__Lconfig                                  config       0000
__LcstackBANK0                             cstackBANK0  0000
__LcstackBANK1                             cstackBANK1  0000
__LcstackCOMMON                            cstackCOMMON 0000
__Leeprom_data                             eeprom_data  0000
__Lend_init                                end_init     0012
__Lfunctab                                 functab      0000
__Linit                                    init         0012
__Lintentry                                intentry     0004
__Lmaintext                                maintext     0000
__Lpowerup                                 powerup      0000
__Lram                                     ram          0000
__Lreset_vec                               reset_vec    0000
__Lsfr0                                    sfr0         0000
__Lsfr1                                    sfr1         0000
__Lsfr2                                    sfr2         0000
__Lsfr3                                    sfr3         0000
__Lspace_0                                 (abs)        0000
__Lspace_1                                 (abs)        0000
__Lspace_2                                 (abs)        0000
__Lspace_3                                 (abs)        0000
__Lspace_4                                 (abs)        0000
__Lstack                                   stack        0000
__Lstrings                                 strings      0000
__Ltext                                    text         0000
__S0                                       (abs)        2000
__S1                                       (abs)        01EB
__S2                                       (abs)        0000
__S3                                       (abs)        0000
__Umul8_16                                 text23       1A60
__Umul8_16@multiplicand                    cstackBANK0  0020
__Umul8_16@multiplier                      cstackBANK0  0028
__Umul8_16@product                         cstackBANK0  0024
__Umul8_16@word_mpld                       cstackBANK0  0026
___fladd                                   text4        0ADE
___fladd@a                                 cstackBANK0  003B
___fladd@aexp                              cstackBANK0  0048
___fladd@b                                 cstackBANK0  0037
___fladd@bexp                              cstackBANK0  0049
___fladd@grs                               cstackBANK0  004A
___fladd@signs                             cstackBANK0  0047
___fldiv                                   text6        093D
___fldiv@a                                 cstackBANK0  002E
___fldiv@aexp                              cstackBANK0  0047
___fldiv@b                                 cstackBANK0  0032
___fldiv@bexp                              cstackBANK0  0046
___fldiv@grs                               cstackBANK0  0042
___fldiv@new_exp                           cstackBANK0  0040
___fldiv@rem                               cstackBANK0  003B
___fldiv@sign                              cstackBANK0  003F
___flge                                    text5        1F6D
___flge@ff1                                cstackBANK0  0020
___flge@ff2                                cstackBANK0  0024
___flmul                                   text22       0D0B
___flmul@a                                 cstackBANK0  004F
___flmul@aexp                              cstackBANK0  0059
___flmul@b                                 cstackBANK0  004B
___flmul@bexp                              cstackBANK0  005E
___flmul@grs                               cstackBANK0  005A
___flmul@prod                              cstackBANK0  005F
___flmul@sign                              cstackBANK0  0058
___flmul@temp                              cstackBANK0  0063
___flsub                                   text3        19DF
___flsub@a                                 cstackBANK0  004B
___flsub@b                                 cstackBANK0  004F
___fltol                                   text21       1E86
___fltol@exp1                              cstackBANK0  006E
___fltol@f1                                cstackBANK0  0065
___fltol@sign1                             cstackBANK0  006D
___int_sp                                  stack        0000
___latbits                                 (abs)        0002
___lldiv                                   text13       100B
___lldiv@counter                           cstackBANK0  002D
___lldiv@dividend                          cstackBANK0  0024
___lldiv@divisor                           cstackBANK0  0020
___lldiv@quotient                          cstackBANK0  0029
___lwdiv                                   text29       1D25
___lwdiv@counter                           cstackBANK0  0026
___lwdiv@dividend                          cstackBANK0  0022
___lwdiv@divisor                           cstackBANK0  0020
___lwdiv@quotient                          cstackBANK0  0024
___sp                                      stack        0000
___stackhi                                 (abs)        0000
___stacklo                                 (abs)        0000
___xxtofl                                  text11       0751
___xxtofl@arg                              cstackBANK0  002A
___xxtofl@exp                              cstackBANK0  0029
___xxtofl@sign                             cstackBANK0  0028
___xxtofl@val                              cstackBANK0  0020
__end_of_ADC_Media_10bits                  text8        1E86
__end_of_ADC_init                          text57       18DE
__end_of_BALANCE_RESISTOR                  strings      1850
__end_of_BETA                              strings      184C
__end_of_Decodify_Command                  text14       0751
__end_of_EEPROM_24C1025_Fill_All           text49       1DDB
__end_of_EEPROM_24C1025_Read_Buffer        text44       1800
__end_of_EEPROM_24C1025_Read_Buffer_USART  text45       1690
__end_of_EEPROM_24C1025_Read_Byte          text43       1972
__end_of_EEPROM_24C1025_Read_Int           text42       1AD2
__end_of_EEPROM_24C1025_Read_Str           text41       1520
__end_of_EEPROM_24C1025_Write_Buffer       text51       13B4
__end_of_EEPROM_24C1025_Write_Byte         text40       192A
__end_of_EEPROM_24C1025_Write_Int          text50       1AAA
__end_of_EEPROM_24C1025_Write_Str          text39       124A
__end_of_EEPROM_Read_Byte                  text38       1A60
__end_of_EEPROM_Read_Integer               text37       1B24
__end_of_EEPROM_Read_String                text36       1A1D
__end_of_EEPROM_Write_Byte                 text35       1D25
__end_of_EEPROM_Write_Integer              text34       1BDC
__end_of_EEPROM_Write_String               text33       1B79
__end_of_I2C_Master_Init                   text12       1BAA
__end_of_I2C_Master_Read                   text48       1C44
__end_of_I2C_Master_RepeatedStart          text47       07FF
__end_of_I2C_Master_Start                  text55       18FF
__end_of_I2C_Master_Stop                   text54       18C0
__end_of_I2C_Master_Wait                   text56       1A3E
__end_of_I2C_Master_Write                  text53       100B
__end_of_MAX_ADC                           strings      1824
__end_of_MediaPlacaVaccum                  text2        03FF
__end_of_PROCULUS_Buzzer                   text28       1B4E
__end_of_PROCULUS_Control_Register_Write   text30       1C7A
__end_of_PROCULUS_Delay                    text32       19C1
__end_of_PROCULUS_Show_Screen              text27       1914
__end_of_PROCULUS_VP_Write                 text26       0844
__end_of_PROCULUS_VP_Write_String          text24       1959
__end_of_PT100_CONSTANT                    strings      1818
__end_of_PT100_TRANSLADA                   strings      1814
__end_of_Package_Usart_is_for_me           text7        19A4
__end_of_RESISTOR_ROOM_TEMP                strings      181C
__end_of_ROOM_TEMP                         strings      1820
__end_of_Save_Log                          text20       1F6D
__end_of_Send_Reply_OK                     text18       18C9
__end_of_Send_To_MB                        text17       1AFA
__end_of_USART_init                        text1        1D9D
__end_of_USART_put_int                     text31       1941
__end_of_USART_put_string                  text19       1C0F
__end_of_USART_putc                        text46       18EE
__end_of_USART_to_Protocol                 text16       1E30
__end_of__Umul8_16                         text23       1A83
__end_of___fladd                           text4        0D0B
__end_of___fldiv                           text6        0ADE
__end_of___flge                            text5        2000
__end_of___flmul                           text22       1000
__end_of___flsub                           text3        19FD
__end_of___fltol                           text21       1EF1
__end_of___lldiv                           text13       1069
__end_of___lwdiv                           text29       1D61
__end_of___xxtofl                          text11       07F4
__end_of__initialization                   cinit        0033
__end_of__stringtab                        strings      1810
__end_of_captura                           text10       18D3
__end_of_isr                               text58       1157
__end_of_main                              maintext     093D
__end_of_my_delay_ms                       text9        1CB1
__end_of_my_delay_ms_WDT                   text52       1CE9
__end_of_strcpy                            text15       19DF
__end_of_strlen                            text25       198B
__end_oflog@coeff                          strings      1848
__initialization                           cinit        0015
__pbssBANK1                                bssBANK1     00C8
__pbssBANK2                                bssBANK2     0110
__pbssBANK3                                bssBANK3     0190
__pbssCOMMON                               bssCOMMON    0078
__pcstackBANK0                             cstackBANK0  0020
__pcstackBANK1                             cstackBANK1  00A0
__pcstackCOMMON                            cstackCOMMON 0070
__pintentry                                intentry     0004
__pmaintext                                maintext     0844
__pstrings                                 strings      1800
__ptext1                                   text1        1D61
__ptext10                                  text10       18C9
__ptext11                                  text11       0751
__ptext12                                  text12       1B79
__ptext13                                  text13       100B
__ptext14                                  text14       03FF
__ptext15                                  text15       19C1
__ptext16                                  text16       1DDB
__ptext17                                  text17       1AD2
__ptext18                                  text18       18C0
__ptext19                                  text19       1BDC
__ptext2                                   text2        0037
__ptext20                                  text20       1EF1
__ptext21                                  text21       1E86
__ptext22                                  text22       0D0B
__ptext23                                  text23       1A60
__ptext24                                  text24       1941
__ptext25                                  text25       1972
__ptext26                                  text26       0800
__ptext27                                  text27       18FF
__ptext28                                  text28       1B24
__ptext29                                  text29       1D25
__ptext3                                   text3        19DF
__ptext30                                  text30       1C44
__ptext31                                  text31       192A
__ptext32                                  text32       19A4
__ptext33                                  text33       1B4E
__ptext34                                  text34       1BAA
__ptext35                                  text35       1CE9
__ptext36                                  text36       19FD
__ptext37                                  text37       1AFA
__ptext38                                  text38       1A3E
__ptext39                                  text39       1157
__ptext4                                   text4        0ADE
__ptext40                                  text40       1914
__ptext41                                  text41       13B4
__ptext42                                  text42       1AAA
__ptext43                                  text43       1959
__ptext44                                  text44       1690
__ptext45                                  text45       1520
__ptext46                                  text46       18DE
__ptext47                                  text47       07F4
__ptext48                                  text48       1C0F
__ptext49                                  text49       1D9D
__ptext5                                   text5        1F6D
__ptext50                                  text50       1A83
__ptext51                                  text51       124A
__ptext52                                  text52       1CB1
__ptext53                                  text53       1000
__ptext54                                  text54       18B7
__ptext55                                  text55       18EE
__ptext56                                  text56       1A1D
__ptext57                                  text57       18D3
__ptext58                                  text58       1069
__ptext6                                   text6        093D
__ptext7                                   text7        198B
__ptext8                                   text8        1E30
__ptext9                                   text9        1C7A
__size_of_ADC_Media_10bits                 (abs)        0000
__size_of_ADC_init                         (abs)        0000
__size_of_Decodify_Command                 (abs)        0000
__size_of_EEPROM_24C1025_Fill_All          (abs)        0000
__size_of_EEPROM_24C1025_Read_Buffer       (abs)        0000
__size_of_EEPROM_24C1025_Read_Buffer_USART (abs)        0000
__size_of_EEPROM_24C1025_Read_Byte         (abs)        0000
__size_of_EEPROM_24C1025_Read_Int          (abs)        0000
__size_of_EEPROM_24C1025_Read_Str          (abs)        0000
__size_of_EEPROM_24C1025_Write_Buffer      (abs)        0000
__size_of_EEPROM_24C1025_Write_Byte        (abs)        0000
__size_of_EEPROM_24C1025_Write_Int         (abs)        0000
__size_of_EEPROM_24C1025_Write_Str         (abs)        0000
__size_of_EEPROM_Read_Byte                 (abs)        0000
__size_of_EEPROM_Read_Integer              (abs)        0000
__size_of_EEPROM_Read_String               (abs)        0000
__size_of_EEPROM_Write_Byte                (abs)        0000
__size_of_EEPROM_Write_Integer             (abs)        0000
__size_of_EEPROM_Write_String              (abs)        0000
__size_of_I2C_Master_Init                  (abs)        0000
__size_of_I2C_Master_Read                  (abs)        0000
__size_of_I2C_Master_RepeatedStart         (abs)        0000
__size_of_I2C_Master_Start                 (abs)        0000
__size_of_I2C_Master_Stop                  (abs)        0000
__size_of_I2C_Master_Wait                  (abs)        0000
__size_of_I2C_Master_Write                 (abs)        0000
__size_of_MediaPlacaVaccum                 (abs)        0000
__size_of_PROCULUS_Buzzer                  (abs)        0000
__size_of_PROCULUS_Control_Register_Write  (abs)        0000
__size_of_PROCULUS_Delay                   (abs)        0000
__size_of_PROCULUS_Show_Screen             (abs)        0000
__size_of_PROCULUS_VP_Write                (abs)        0000
__size_of_PROCULUS_VP_Write_String         (abs)        0000
__size_of_Package_Usart_is_for_me          (abs)        0000
__size_of_Save_Log                         (abs)        0000
__size_of_Send_Reply_OK                    (abs)        0000
__size_of_Send_To_MB                       (abs)        0000
__size_of_USART_init                       (abs)        0000
__size_of_USART_put_int                    (abs)        0000
__size_of_USART_put_string                 (abs)        0000
__size_of_USART_putc                       (abs)        0000
__size_of_USART_to_Protocol                (abs)        0000
__size_of__Umul8_16                        (abs)        0000
__size_of___fladd                          (abs)        0000
__size_of___fldiv                          (abs)        0000
__size_of___flge                           (abs)        0000
__size_of___flmul                          (abs)        0000
__size_of___flsub                          (abs)        0000
__size_of___fltol                          (abs)        0000
__size_of___lldiv                          (abs)        0000
__size_of___lwdiv                          (abs)        0000
__size_of___xxtofl                         (abs)        0000
__size_of_captura                          (abs)        0000
__size_of_isr                              (abs)        0000
__size_of_main                             (abs)        0000
__size_of_my_delay_ms                      (abs)        0000
__size_of_my_delay_ms_WDT                  (abs)        0000
__size_of_strcpy                           (abs)        0000
__size_of_strlen                           (abs)        0000
__stringbase                               strings      180F
__stringtab                                strings      1800
_buffer                                    bssBANK3     01CA
_canal                                     bssBANK1     00E1
_captura                                   text10       18C9
_count                                     bssBANK1     00D4
_destino                                   bssBANK1     00DF
_generic_status                            bssBANK1     00E3
_header                                    bssBANK1     00D6
_hora                                      bssCOMMON    007C
_isr                                       text58       1069
_main                                      maintext     0844
_milisegundo                               bssBANK1     00D8
_minuto                                    bssCOMMON    007A
_my_delay_ms                               text9        1C7A
_my_delay_ms_WDT                           text52       1CB1
_pointer                                   bssBANK1     00DE
_segundo                                   bssCOMMON    007D
_statuspower                               bssBANK1     00E2
_strcpy                                    text15       19C1
_strlen                                    text25       1972
_tempodecorrido                            bssBANK1     00D2
_usart_buffer                              bssBANK2     0110
_usart_protocol                            bssBANK3     0190
btemp                                      (abs)        007E
clear_ram0                                 clrtext      18AF
end_of_initialization                      cinit        0033
interrupt_function                         intentry     0004
intlevel0                                  functab      0000
intlevel1                                  functab      0000
intlevel2                                  functab      0000
intlevel3                                  functab      0000
intlevel4                                  functab      0000
intlevel5                                  functab      0000
isr@tempo                                  cstackCOMMON 0076
main@reset                                 cstackBANK1  00C6
my_delay_ms@i                              cstackBANK0  0026
my_delay_ms@time                           cstackBANK0  0020
my_delay_ms_WDT@i                          cstackBANK0  0026
my_delay_ms_WDT@time                       cstackBANK0  0020
reset_vec                                  reset_vec    0000
saved_w                                    (abs)        007E
start                                      init         0012
start_initialization                       cinit        0015
strcpy@cp                                  cstackBANK0  0022
strcpy@from                                cstackBANK0  0020
strcpy@to                                  cstackBANK0  0021
strlen@cp                                  cstackBANK0  0023
strlen@s                                   cstackBANK0  0024
wtemp0                                     (abs)        007E


FUNCTION INFORMATION:

 *************** function _main *****************
 Defined at:
		line 144 in file "SlaveLiofilizadorVer1.c"
 Parameters:    Size  Location     Type
		None
 Auto vars:     Size  Location     Type
  reset           2   38[BANK1 ] unsigned int 
 Return value:  Size  Location     Type
                  1    wreg      void 
 Registers used:
		wreg, fsr0l, fsr0h, status,2, status,0, btemp+1, pclath, cstack
 Tracked objects:
		On entry : 
		On exit  : 
		Unchanged: 
 Data sizes:     COMMON   BANK0   BANK1   BANK3   BANK2
      Params:         0       0       0       0       0
      Locals:         0       0       2       0       0
      Temps:          0       0       3       0       0
      Totals:         0       0       5       0       0
Total ram usage:        5 bytes
 Hardware stack levels required when called:    7
 This function calls:
		_ADC_init
		_Decodify_Command
		_EEPROM_Read_Integer
		_EEPROM_Write_Integer
		_I2C_Master_Init
		_MediaPlacaVaccum
		_USART_init
		_my_delay_ms_WDT
 This function is called by:
		Startup code after reset
 This function uses a non-reentrant model


 *************** function _USART_init *****************
 Defined at:
		line 18 in file "usart.c"
 Parameters:    Size  Location     Type
  baudrate        4    0[BANK0 ] unsigned long 
 Auto vars:     Size  Location     Type
  i               1    5[BANK0 ] unsigned char 
  erro            1    0        unsigned char 
 Return value:  Size  Location     Type
                  1    wreg      void 
 Registers used:
		wreg, status,2, status,0, btemp+1
 Tracked objects:
		On entry : 
		On exit  : 
		Unchanged: 
 Data sizes:     COMMON   BANK0   BANK1   BANK3   BANK2
      Params:         0       4       0       0       0
      Locals:         0       2       0       0       0
      Temps:          0       0       0       0       0
      Totals:         0       6       0       0       0
Total ram usage:        6 bytes
 Hardware stack levels used:    1
 Hardware stack levels required when called:    1
 This function calls:
		Nothing
 This function is called by:
		_main
 This function uses a non-reentrant model


 *************** function _MediaPlacaVaccum *****************
 Defined at:
		line 740 in file "SlaveLiofilizadorVer1.c"
 Parameters:    Size  Location     Type
  canal           1    wreg     unsigned char 
 Auto vars:     Size  Location     Type
  canal           1    4[BANK1 ] unsigned char 
  Temp            4    7[BANK1 ] float 
  Valor           4    0        float 
  i               2    5[BANK1 ] unsigned int 
 Return value:  Size  Location     Type
                  1    wreg      void 
 Registers used:
		wreg, status,2, status,0, btemp+1, pclath, cstack
 Tracked objects:
		On entry : 
		On exit  : 
		Unchanged: 
 Data sizes:     COMMON   BANK0   BANK1   BANK3   BANK2
      Params:         0       0       0       0       0
      Locals:         0       0      11       0       0
      Temps:          0       1       0       0       0
      Totals:         0       1      11       0       0
Total ram usage:       12 bytes
 Hardware stack levels used:    1
 Hardware stack levels required when called:    3
 This function calls:
		_ADC_Media_10bits
		_Package_Usart_is_for_me
		___fladd
		___fldiv
		___flge
		___flmul
		___flsub
		___xxtofl
		_my_delay_ms
 This function is called by:
		_main
 This function uses a non-reentrant model


 *************** function ___flsub *****************
 Defined at:
		line 242 in file "C:\Program Files\Microchip\xc8\v2.20\pic\sources\c90\common\sprcadd.c"
 Parameters:    Size  Location     Type
  a               4   43[BANK0 ] void 
  b               4   47[BANK0 ] void 
 Auto vars:     Size  Location     Type
		None
 Return value:  Size  Location     Type
                  4   43[BANK0 ] void 
 Registers used:
		wreg, status,2, status,0, btemp+1, pclath, cstack
 Tracked objects:
		On entry : 
		On exit  : 
		Unchanged: 
 Data sizes:     COMMON   BANK0   BANK1   BANK3   BANK2
      Params:         0       8       0       0       0
      Locals:         0       0       0       0       0
      Temps:          0       0       0       0       0
      Totals:         0       8       0       0       0
Total ram usage:        8 bytes
 Hardware stack levels used:    1
 Hardware stack levels required when called:    2
 This function calls:
		___fladd
 This function is called by:
		_MediaPlacaVaccum
 This function uses a non-reentrant model


 *************** function ___fladd *****************
 Defined at:
		line 10 in file "C:\Program Files\Microchip\xc8\v2.20\pic\sources\c90\common\sprcadd.c"
 Parameters:    Size  Location     Type
  b               4   23[BANK0 ] void 
  a               4   27[BANK0 ] void 
 Auto vars:     Size  Location     Type
  grs             1   42[BANK0 ] unsigned char 
  bexp            1   41[BANK0 ] unsigned char 
  aexp            1   40[BANK0 ] unsigned char 
  signs           1   39[BANK0 ] unsigned char 
 Return value:  Size  Location     Type
                  4   23[BANK0 ] unsigned char 
 Registers used:
		wreg, status,2, status,0, btemp+1
 Tracked objects:
		On entry : 
		On exit  : 
		Unchanged: 
 Data sizes:     COMMON   BANK0   BANK1   BANK3   BANK2
      Params:         0       8       0       0       0
      Locals:         0       4       0       0       0
      Temps:          0       8       0       0       0
      Totals:         0      20       0       0       0
Total ram usage:       20 bytes
 Hardware stack levels used:    1
 Hardware stack levels required when called:    1
 This function calls:
		Nothing
 This function is called by:
		_MediaPlacaVaccum
		___flsub
 This function uses a non-reentrant model


 *************** function ___flge *****************
 Defined at:
		line 4 in file "C:\Program Files\Microchip\xc8\v2.20\pic\sources\c90\common\flge.c"
 Parameters:    Size  Location     Type
  ff1             4    0[BANK0 ] unsigned char 
  ff2             4    4[BANK0 ] unsigned char 
 Auto vars:     Size  Location     Type
		None
 Return value:  Size  Location     Type
		None               void
 Registers used:
		wreg, status,2, status,0
 Tracked objects:
		On entry : 
		On exit  : 
		Unchanged: 
 Data sizes:     COMMON   BANK0   BANK1   BANK3   BANK2
      Params:         0       8       0       0       0
      Locals:         0       0       0       0       0
      Temps:          0       4       0       0       0
      Totals:         0      12       0       0       0
Total ram usage:       12 bytes
 Hardware stack levels used:    1
 Hardware stack levels required when called:    1
 This function calls:
		Nothing
 This function is called by:
		_MediaPlacaVaccum
 This function uses a non-reentrant model


 *************** function ___fldiv *****************
 Defined at:
		line 8 in file "C:\Program Files\Microchip\xc8\v2.20\pic\sources\c90\common\sprcdiv.c"
 Parameters:    Size  Location     Type
  a               4   14[BANK0 ] unsigned char 
  b               4   18[BANK0 ] unsigned char 
 Auto vars:     Size  Location     Type
  grs             4   34[BANK0 ] unsigned long 
  rem             4   27[BANK0 ] unsigned long 
  new_exp         2   32[BANK0 ] int 
  aexp            1   39[BANK0 ] unsigned char 
  bexp            1   38[BANK0 ] unsigned char 
  sign            1   31[BANK0 ] unsigned char 
 Return value:  Size  Location     Type
                  4   14[BANK0 ] unsigned char 
 Registers used:
		wreg, status,2, status,0, btemp+1
 Tracked objects:
		On entry : 
		On exit  : 
		Unchanged: 
 Data sizes:     COMMON   BANK0   BANK1   BANK3   BANK2
      Params:         0       8       0       0       0
      Locals:         0      13       0       0       0
      Temps:          0       5       0       0       0
      Totals:         0      26       0       0       0
Total ram usage:       26 bytes
 Hardware stack levels used:    1
 Hardware stack levels required when called:    1
 This function calls:
		Nothing
 This function is called by:
		_MediaPlacaVaccum
 This function uses a non-reentrant model


 *************** function _Package_Usart_is_for_me *****************
 Defined at:
		line 8 in file "protocolo.c"
 Parameters:    Size  Location     Type
		None
 Auto vars:     Size  Location     Type
  retorno         1    0[BANK0 ] unsigned char 
 Return value:  Size  Location     Type
                  1    wreg      unsigned char 
 Registers used:
		wreg, status,2, status,0
 Tracked objects:
		On entry : 
		On exit  : 
		Unchanged: 
 Data sizes:     COMMON   BANK0   BANK1   BANK3   BANK2
      Params:         0       0       0       0       0
      Locals:         0       1       0       0       0
      Temps:          0       0       0       0       0
      Totals:         0       1       0       0       0
Total ram usage:        1 bytes
 Hardware stack levels used:    1
 Hardware stack levels required when called:    1
 This function calls:
		Nothing
 This function is called by:
		_MediaPlacaVaccum
 This function uses a non-reentrant model


 *************** function _ADC_Media_10bits *****************
 Defined at:
		line 20 in file "adc.c"
 Parameters:    Size  Location     Type
  canal           1    wreg     unsigned char 
 Auto vars:     Size  Location     Type
  canal           1   19[BANK0 ] unsigned char 
  value           2   20[BANK0 ] unsigned int 
  i               1   22[BANK0 ] unsigned char 
 Return value:  Size  Location     Type
                  4   14[BANK0 ] float 
 Registers used:
		wreg, status,2, status,0, btemp+1, pclath, cstack
 Tracked objects:
		On entry : 
		On exit  : 
		Unchanged: 
 Data sizes:     COMMON   BANK0   BANK1   BANK3   BANK2
      Params:         0       4       0       0       0
      Locals:         0       4       0       0       0
      Temps:          0       1       0       0       0
      Totals:         0       9       0       0       0
Total ram usage:        9 bytes
 Hardware stack levels used:    1
 Hardware stack levels required when called:    2
 This function calls:
		___lwdiv
		___xxtofl
		_captura
		_my_delay_ms
 This function is called by:
		_MediaPlacaVaccum
 This function uses a non-reentrant model


 *************** function _my_delay_ms *****************
 Defined at:
		line 5 in file "my_delay.c"
 Parameters:    Size  Location     Type
  time            4    0[BANK0 ] long 
 Auto vars:     Size  Location     Type
  i               4    6[BANK0 ] long 
 Return value:  Size  Location     Type
                  1    wreg      void 
 Registers used:
		wreg, btemp+1
 Tracked objects:
		On entry : 
		On exit  : 
		Unchanged: 
 Data sizes:     COMMON   BANK0   BANK1   BANK3   BANK2
      Params:         0       4       0       0       0
      Locals:         0       4       0       0       0
      Temps:          0       2       0       0       0
      Totals:         0      10       0       0       0
Total ram usage:       10 bytes
 Hardware stack levels used:    1
 Hardware stack levels required when called:    1
 This function calls:
		Nothing
 This function is called by:
		_MediaPlacaVaccum
		_ADC_Media_10bits
 This function uses a non-reentrant model


 *************** function _captura *****************
 Defined at:
		line 140 in file "adc.c"
 Parameters:    Size  Location     Type
		None
 Auto vars:     Size  Location     Type
		None
 Return value:  Size  Location     Type
                  2    0[BANK0 ] unsigned int 
 Registers used:
		wreg
 Tracked objects:
		On entry : 
		On exit  : 
		Unchanged: 
 Data sizes:     COMMON   BANK0   BANK1   BANK3   BANK2
      Params:         0       2       0       0       0
      Locals:         0       0       0       0       0
      Temps:          0       0       0       0       0
      Totals:         0       2       0       0       0
Total ram usage:        2 bytes
 Hardware stack levels used:    1
 Hardware stack levels required when called:    1
 This function calls:
		Nothing
 This function is called by:
		_ADC_Media_10bits
 This function uses a non-reentrant model


 *************** function ___xxtofl *****************
 Defined at:
		line 10 in file "C:\Program Files\Microchip\xc8\v2.20\pic\sources\c90\common\xxtofl.c"
 Parameters:    Size  Location     Type
  sign            1    wreg     unsigned char 
  val             4    0[BANK0 ] long 
 Auto vars:     Size  Location     Type
  sign            1    8[BANK0 ] unsigned char 
  arg             4   10[BANK0 ] unsigned long 
  exp             1    9[BANK0 ] unsigned char 
 Return value:  Size  Location     Type
                  4    0[BANK0 ] unsigned char 
 Registers used:
		wreg, status,2, status,0, btemp+1
 Tracked objects:
		On entry : 
		On exit  : 
		Unchanged: 
 Data sizes:     COMMON   BANK0   BANK1   BANK3   BANK2
      Params:         0       4       0       0       0
      Locals:         0       6       0       0       0
      Temps:          0       4       0       0       0
      Totals:         0      14       0       0       0
Total ram usage:       14 bytes
 Hardware stack levels used:    1
 Hardware stack levels required when called:    1
 This function calls:
		Nothing
 This function is called by:
		_MediaPlacaVaccum
		_ADC_Media_10bits
 This function uses a non-reentrant model


 *************** function _I2C_Master_Init *****************
 Defined at:
		line 7 in file "I2C.c"
 Parameters:    Size  Location     Type
  c               4   14[BANK0 ] const unsigned long 
 Auto vars:     Size  Location     Type
		None
 Return value:  Size  Location     Type
                  1    wreg      void 
 Registers used:
		wreg, status,2, status,0, btemp+1, pclath, cstack
 Tracked objects:
		On entry : 
		On exit  : 
		Unchanged: 
 Data sizes:     COMMON   BANK0   BANK1   BANK3   BANK2
      Params:         0       4       0       0       0
      Locals:         0       0       0       0       0
      Temps:          0       4       0       0       0
      Totals:         0       8       0       0       0
Total ram usage:        8 bytes
 Hardware stack levels used:    1
 Hardware stack levels required when called:    2
 This function calls:
		___lldiv
 This function is called by:
		_main
 This function uses a non-reentrant model


 *************** function ___lldiv *****************
 Defined at:
		line 5 in file "C:\Program Files\Microchip\xc8\v2.20\pic\sources\c90\common\__lldiv.c"
 Parameters:    Size  Location     Type
  divisor         4    0[BANK0 ] unsigned long 
  dividend        4    4[BANK0 ] unsigned long 
 Auto vars:     Size  Location     Type
  quotient        4    9[BANK0 ] unsigned long 
  counter         1   13[BANK0 ] unsigned char 
 Return value:  Size  Location     Type
                  4    0[BANK0 ] unsigned long 
 Registers used:
		wreg, status,2, status,0, btemp+1
 Tracked objects:
		On entry : 
		On exit  : 
		Unchanged: 
 Data sizes:     COMMON   BANK0   BANK1   BANK3   BANK2
      Params:         0       8       0       0       0
      Locals:         0       5       0       0       0
      Temps:          0       1       0       0       0
      Totals:         0      14       0       0       0
Total ram usage:       14 bytes
 Hardware stack levels used:    1
 Hardware stack levels required when called:    1
 This function calls:
		Nothing
 This function is called by:
		_I2C_Master_Init
 This function uses a non-reentrant model


 *************** function _Decodify_Command *****************
 Defined at:
		line 304 in file "SlaveLiofilizadorVer1.c"
 Parameters:    Size  Location     Type
		None
 Auto vars:     Size  Location     Type
  sizedata        1   23[BANK1 ] unsigned char 
  add             1   22[BANK1 ] unsigned char 
  add_24LCxxxx    4   31[BANK1 ] unsigned long 
  OutPut          4   26[BANK1 ] float 
  tempint         2   24[BANK1 ] int 
  dados           2   20[BANK1 ] int 
  tempchar        1   30[BANK1 ] unsigned char 
 Return value:  Size  Location     Type
                  1    wreg      void 
 Registers used:
		wreg, fsr0l, fsr0h, status,2, status,0, btemp+1, pclath, cstack
 Tracked objects:
		On entry : 
		On exit  : 
		Unchanged: 
 Data sizes:     COMMON   BANK0   BANK1   BANK3   BANK2
      Params:         0       0       0       0       0
      Locals:         0       0      15       0       0
      Temps:          0       0       4       0       0
      Totals:         0       0      19       0       0
Total ram usage:       19 bytes
 Hardware stack levels used:    1
 Hardware stack levels required when called:    6
 This function calls:
		_EEPROM_24C1025_Fill_All
		_EEPROM_24C1025_Read_Buffer_USART
		_EEPROM_24C1025_Read_Byte
		_EEPROM_24C1025_Read_Int
		_EEPROM_24C1025_Read_Str
		_EEPROM_24C1025_Write_Buffer
		_EEPROM_24C1025_Write_Byte
		_EEPROM_24C1025_Write_Int
		_EEPROM_24C1025_Write_Str
		_EEPROM_Read_Byte
		_EEPROM_Read_Integer
		_EEPROM_Read_String
		_EEPROM_Write_Byte
		_EEPROM_Write_Integer
		_EEPROM_Write_String
		_PROCULUS_Buzzer
		_PROCULUS_Show_Screen
		_PROCULUS_VP_Write_String
		_Save_Log
		_Send_Reply_OK
		_Send_To_MB
		_USART_put_int
		_USART_put_string
		_USART_putc
		_USART_to_Protocol
		___flmul
		___fltol
		_strcpy
		_strlen
 This function is called by:
		_main
 This function uses a non-reentrant model


 *************** function _strcpy *****************
 Defined at:
		line 8 in file "C:\Program Files\Microchip\xc8\v2.20\pic\sources\c90\common\strcpy.c"
 Parameters:    Size  Location     Type
  to              1    wreg     PTR unsigned char 
		 -> buffer(33), 
  from            1    0[BANK0 ] PTR const unsigned char 
		 -> STR_1(8), 
 Auto vars:     Size  Location     Type
  to              1    1[BANK0 ] PTR unsigned char 
		 -> buffer(33), 
  cp              1    2[BANK0 ] PTR unsigned char 
		 -> buffer(33), 
 Return value:  Size  Location     Type
                  1    wreg      PTR unsigned char 
 Registers used:
		wreg, fsr0l, fsr0h, status,2, status,0, btemp+1, pclath
 Tracked objects:
		On entry : 
		On exit  : 
		Unchanged: 
 Data sizes:     COMMON   BANK0   BANK1   BANK3   BANK2
      Params:         0       1       0       0       0
      Locals:         0       2       0       0       0
      Temps:          0       0       0       0       0
      Totals:         0       3       0       0       0
Total ram usage:        3 bytes
 Hardware stack levels used:    2
 Hardware stack levels required when called:    1
 This function calls:
		Nothing
 This function is called by:
		_Decodify_Command
 This function uses a non-reentrant model


 *************** function _USART_to_Protocol *****************
 Defined at:
		line 77 in file "usart.c"
 Parameters:    Size  Location     Type
  usart_protoc    1    wreg     PTR struct .
		 -> usart_protocol(58), 
 Auto vars:     Size  Location     Type
  usart_protoc    1    3[BANK0 ] PTR struct .
		 -> usart_protocol(58), 
  i               2    1[BANK0 ] int 
 Return value:  Size  Location     Type
                  1    wreg      void 
 Registers used:
		wreg, fsr0l, fsr0h, status,2, status,0, btemp+1
 Tracked objects:
		On entry : 
		On exit  : 
		Unchanged: 
[...]
  value           1    wreg     unsigned char 
 Auto vars:     Size  Location     Type
  value           1    0[BANK0 ] unsigned char 
 Return value:  Size  Location     Type
                  1    wreg      void 
 Registers used:
		wreg
 Tracked objects:
		On entry : 
		On exit  : 
		Unchanged: 
 Data sizes:     COMMON   BANK0   BANK1   BANK3   BANK2
      Params:         0       0       0       0       0
      Locals:         0       1       0       0       0
      Temps:          0       0       0       0       0
      Totals:         0       1       0       0       0
Total ram usage:        1 bytes
 Hardware stack levels used:    1
 Hardware stack levels required when called:    1
 This function calls:
		Nothing
 This function is called by:
		_EEPROM_24C1025_Read_Buffer_USART
		_Decodify_Command
		_Send_To_MB
		_PROCULUS_Control_Register_Write
		_PROCULUS_VP_Write
		_USART_put_int
		_USART_put_string
 This function uses a non-reentrant model


 *************** function _I2C_Master_RepeatedStart *****************
 Defined at:
		line 62 in file "I2C.c"
 Parameters:    Size  Location     Type
		None
 Auto vars:     Size  Location     Type
		None
 Return value:  Size  Location     Type
                  1    wreg      void 
 Registers used:
		wreg, status,2, status,0, btemp+1, pclath, cstack
 Tracked objects:
		On entry : 
		On exit  : 
		Unchanged: 
 Data sizes:     COMMON   BANK0   BANK1   BANK3   BANK2
      Params:         0       0       0       0       0
      Locals:         0       0       0       0       0
      Temps:          0       0       0       0       0
      Totals:         0       0       0       0       0
Total ram usage:        0 bytes
 Hardware stack levels used:    1
 Hardware stack levels required when called:    2
 This function calls:
		_I2C_Master_Wait
 This function is called by:
		_EEPROM_24C1025_Read_Buffer
		_EEPROM_24C1025_Read_Buffer_USART
		_EEPROM_24C1025_Read_Str
 This function uses a non-reentrant model


 *************** function _I2C_Master_Read *****************
 Defined at:
		line 87 in file "I2C.c"
 Parameters:    Size  Location     Type
  a               2    3[BANK0 ] unsigned short 
 Auto vars:     Size  Location     Type
  temp            2    7[BANK0 ] unsigned short 
 Return value:  Size  Location     Type
                  2    3[BANK0 ] unsigned short 
 Registers used:
		wreg, status,2, status,0, btemp+1, pclath, cstack
 Tracked objects:
		On entry : 
		On exit  : 
		Unchanged: 
 Data sizes:     COMMON   BANK0   BANK1   BANK3   BANK2
      Params:         0       2       0       0       0
      Locals:         0       2       0       0       0
      Temps:          0       2       0       0       0
      Totals:         0       6       0       0       0
Total ram usage:        6 bytes
 Hardware stack levels used:    1
 Hardware stack levels required when called:    2
 This function calls:
		_I2C_Master_Wait
 This function is called by:
		_EEPROM_24C1025_Read_Buffer
		_EEPROM_24C1025_Read_Buffer_USART
		_EEPROM_24C1025_Read_Str
 This function uses a non-reentrant model


 *************** function _EEPROM_24C1025_Fill_All *****************
 Defined at:
		line 367 in file "EEPROM_24C1025.c"
 Parameters:    Size  Location     Type
  chip_add        1    wreg     unsigned char 
  value           2    9[BANK1 ] unsigned int 
 Auto vars:     Size  Location     Type
  chip_add        1   11[BANK1 ] unsigned char 
  mem_add         4   12[BANK1 ] unsigned long 
 Return value:  Size  Location     Type
                  1    wreg      void 
 Registers used:
		wreg, fsr0l, fsr0h, status,2, status,0, btemp+1, pclath, cstack
 Tracked objects:
		On entry : 
		On exit  : 
		Unchanged: 
 Data sizes:     COMMON   BANK0   BANK1   BANK3   BANK2
      Params:         0       0       2       0       0
      Locals:         0       0       5       0       0
      Temps:          0       0       0       0       0
      Totals:         0       0       7       0       0
Total ram usage:        7 bytes
 Hardware stack levels used:    1
 Hardware stack levels required when called:    5
 This function calls:
		_EEPROM_24C1025_Write_Int
 This function is called by:
		_Decodify_Command
 This function uses a non-reentrant model


 *************** function _EEPROM_24C1025_Write_Int *****************
 Defined at:
		line 352 in file "EEPROM_24C1025.c"
 Parameters:    Size  Location     Type
  chip_add        1    wreg     unsigned char 
  mem_add         4    0[BANK1 ] unsigned long 
  data            2    4[BANK1 ] int 
 Auto vars:     Size  Location     Type
  chip_add        1    6[BANK1 ] unsigned char 
  local           2    7[BANK1 ] unsigned char [2]
 Return value:  Size  Location     Type
                  1    wreg      void 
 Registers used:
		wreg, fsr0l, fsr0h, status,2, status,0, btemp+1, pclath, cstack
 Tracked objects:
		On entry : 
		On exit  : 
		Unchanged: 
 Data sizes:     COMMON   BANK0   BANK1   BANK3   BANK2
      Params:         0       0       6       0       0
      Locals:         0       0       3       0       0
      Temps:          0       0       0       0       0
      Totals:         0       0       9       0       0
Total ram usage:        9 bytes
 Hardware stack levels used:    1
 Hardware stack levels required when called:    4
 This function calls:
		_EEPROM_24C1025_Write_Buffer
 This function is called by:
		_EEPROM_24C1025_Fill_All
		_Decodify_Command
		_Save_Log
 This function uses a non-reentrant model


 *************** function _EEPROM_24C1025_Write_Buffer *****************
 Defined at:
		line 15 in file "EEPROM_24C1025.c"
 Parameters:    Size  Location     Type
  chip_add        1    wreg     unsigned char 
  mem_add         4   10[BANK0 ] unsigned long 
  sizedata        1   14[BANK0 ] unsigned char 
  data            2   15[BANK0 ] PTR unsigned char 
		 -> usart_protocol.value(52), usart_protocol(58), EEPROM_24C1025_Write_Int@local(2), EEPROM_24C1025_Write_Byte@data(1), 
 Auto vars:     Size  Location     Type
  chip_add        1   20[BANK0 ] unsigned char 
  ctrl            1   22[BANK0 ] unsigned char 
  range           1   21[BANK0 ] unsigned char 
  count           1   19[BANK0 ] unsigned char 
 Return value:  Size  Location     Type
                  1    wreg      void 
 Registers used:
		wreg, fsr0l, fsr0h, status,2, status,0, btemp+1, pclath, cstack
 Tracked objects:
		On entry : 
		On exit  : 
		Unchanged: 
 Data sizes:     COMMON   BANK0   BANK1   BANK3   BANK2
      Params:         0       7       0       0       0
      Locals:         0       4       0       0       0
      Temps:          0       2       0       0       0
      Totals:         0      13       0       0       0
Total ram usage:       13 bytes
 Hardware stack levels used:    1
 Hardware stack levels required when called:    3
 This function calls:
		_I2C_Master_Start
		_I2C_Master_Stop
		_I2C_Master_Write
		_my_delay_ms_WDT
 This function is called by:
		_EEPROM_24C1025_Write_Byte
		_EEPROM_24C1025_Write_Int
		_Decodify_Command
 This function uses a non-reentrant model


 *************** function _my_delay_ms_WDT *****************
 Defined at:
		line 13 in file "my_delay.c"
 Parameters:    Size  Location     Type
  time            4    0[BANK0 ] long 
 Auto vars:     Size  Location     Type
  i               4    6[BANK0 ] long 
 Return value:  Size  Location     Type
                  1    wreg      void 
 Registers used:
		wreg, btemp+1
 Tracked objects:
		On entry : 
		On exit  : 
		Unchanged: 
 Data sizes:     COMMON   BANK0   BANK1   BANK3   BANK2
      Params:         0       4       0       0       0
      Locals:         0       4       0       0       0
      Temps:          0       2       0       0       0
      Totals:         0      10       0       0       0
Total ram usage:       10 bytes
 Hardware stack levels used:    1
 Hardware stack levels required when called:    1
 This function calls:
		Nothing
 This function is called by:
		_EEPROM_24C1025_Write_Buffer
		_EEPROM_24C1025_Read_Buffer
		_EEPROM_24C1025_Write_Str
		_main
 This function uses a non-reentrant model


 *************** function _I2C_Master_Write *****************
 Defined at:
		line 79 in file "I2C.c"
 Parameters:    Size  Location     Type
  d               2    3[BANK0 ] unsigned int 
 Auto vars:     Size  Location     Type
		None
 Return value:  Size  Location     Type
                  1    wreg      void 
 Registers used:
		wreg, status,2, status,0, btemp+1, pclath, cstack
 Tracked objects:
		On entry : 
		On exit  : 
		Unchanged: 
 Data sizes:     COMMON   BANK0   BANK1   BANK3   BANK2
      Params:         0       2       0       0       0
      Locals:         0       0       0       0       0
      Temps:          0       0       0       0       0
      Totals:         0       2       0       0       0
Total ram usage:        2 bytes
 Hardware stack levels used:    1
 Hardware stack levels required when called:    2
 This function calls:
		_I2C_Master_Wait
 This function is called by:
		_EEPROM_24C1025_Write_Buffer
		_EEPROM_24C1025_Read_Buffer
		_EEPROM_24C1025_Read_Buffer_USART
		_EEPROM_24C1025_Write_Str
		_EEPROM_24C1025_Read_Str
 This function uses a non-reentrant model


 *************** function _I2C_Master_Stop *****************
 Defined at:
		line 70 in file "I2C.c"
 Parameters:    Size  Location     Type
		None
 Auto vars:     Size  Location     Type
		None
 Return value:  Size  Location     Type
                  1    wreg      void 
 Registers used:
		wreg, status,2, status,0, btemp+1, pclath, cstack
 Tracked objects:
		On entry : 
		On exit  : 
		Unchanged: 
 Data sizes:     COMMON   BANK0   BANK1   BANK3   BANK2
      Params:         0       0       0       0       0
      Locals:         0       0       0       0       0
      Temps:          0       0       0       0       0
      Totals:         0       0       0       0       0
Total ram usage:        0 bytes
 Hardware stack levels used:    1
 Hardware stack levels required when called:    2
 This function calls:
		_I2C_Master_Wait
 This function is called by:
		_EEPROM_24C1025_Write_Buffer
		_EEPROM_24C1025_Read_Buffer
		_EEPROM_24C1025_Read_Buffer_USART
		_EEPROM_24C1025_Write_Str
		_EEPROM_24C1025_Read_Str
 This function uses a non-reentrant model


 *************** function _I2C_Master_Start *****************
 Defined at:
		line 52 in file "I2C.c"
 Parameters:    Size  Location     Type
		None
 Auto vars:     Size  Location     Type
		None
 Return value:  Size  Location     Type
                  1    wreg      void 
 Registers used:
		wreg, status,2, status,0, btemp+1, pclath, cstack
 Tracked objects:
		On entry : 
		On exit  : 
		Unchanged: 
 Data sizes:     COMMON   BANK0   BANK1   BANK3   BANK2
      Params:         0       0       0       0       0
      Locals:         0       0       0       0       0
      Temps:          0       0       0       0       0
      Totals:         0       0       0       0       0
Total ram usage:        0 bytes
 Hardware stack levels used:    1
 Hardware stack levels required when called:    2
 This function calls:
		_I2C_Master_Wait
 This function is called by:
		_EEPROM_24C1025_Write_Buffer
		_EEPROM_24C1025_Read_Buffer
		_EEPROM_24C1025_Read_Buffer_USART
		_EEPROM_24C1025_Write_Str
		_EEPROM_24C1025_Read_Str
 This function uses a non-reentrant model


 *************** function _I2C_Master_Wait *****************
 Defined at:
		line 37 in file "I2C.c"
 Parameters:    Size  Location     Type
		None
 Auto vars:     Size  Location     Type
  tempo           1    2[BANK0 ] unsigned char 
 Return value:  Size  Location     Type
                  1    wreg      unsigned char 
 Registers used:
		wreg, status,2, status,0, btemp+1
 Tracked objects:
		On entry : 
		On exit  : 
		Unchanged: 
 Data sizes:     COMMON   BANK0   BANK1   BANK3   BANK2
      Params:         0       0       0       0       0
      Locals:         0       1       0       0       0
      Temps:          0       2       0       0       0
      Totals:         0       3       0       0       0
Total ram usage:        3 bytes
 Hardware stack levels used:    1
 Hardware stack levels required when called:    1
 This function calls:
		Nothing
 This function is called by:
		_I2C_Master_Start
		_I2C_Master_RepeatedStart
		_I2C_Master_Stop
		_I2C_Master_Write
		_I2C_Master_Read
 This function uses a non-reentrant model


 *************** function _ADC_init *****************
 Defined at:
		line 10 in file "adc.c"
 Parameters:    Size  Location     Type
		None
 Auto vars:     Size  Location     Type
		None
 Return value:  Size  Location     Type
                  1    wreg      void 
 Registers used:
		wreg, status,2, status,0
 Tracked objects:
		On entry : 
		On exit  : 
		Unchanged: 
 Data sizes:     COMMON   BANK0   BANK1   BANK3   BANK2
      Params:         0       0       0       0       0
      Locals:         0       0       0       0       0
      Temps:          0       0       0       0       0
      Totals:         0       0       0       0       0
Total ram usage:        0 bytes
 Hardware stack levels used:    1
 Hardware stack levels required when called:    1
 This function calls:
		Nothing
 This function is called by:
		_main
 This function uses a non-reentrant model


 *************** function _isr *****************
 Defined at:
		line 29 in file "isr.c"
 Parameters:    Size  Location     Type
		None
 Auto vars:     Size  Location     Type
  tempo           2    6[COMMON] unsigned int 
 Return value:  Size  Location     Type
                  1    wreg      void 
 Registers used:
		wreg, fsr0l, fsr0h, status,2, status,0, btemp+1
 Tracked objects:
		On entry : 
		On exit  : 
		Unchanged: 
 Data sizes:     COMMON   BANK0   BANK1   BANK3   BANK2
      Params:         0       0       0       0       0
      Locals:         2       0       0       0       0
      Temps:          6       0       0       0       0
      Totals:         8       0       0       0       0
Total ram usage:        8 bytes
 Hardware stack levels used:    1
 This function calls:
		Nothing
 This function is called by:
		Interrupt level 1
 This function uses a non-reentrant model



MODULE INFORMATION

Module		Function		Class		Link	Load	Size
protocolo.c
		_Package_Usart_is_for_me		CODE           	198B	0000	26

protocolo.c estimated size: 26

C:\Program Files\Microchip\xc8\v2.20\pic\sources\c90\common\__lldiv.c
		___lldiv       		CODE           	100B	0000	95

C:\Program Files\Microchip\xc8\v2.20\pic\sources\c90\common\__lldiv.c estimated size: 95

my_delay.c
		_my_delay_ms_WDT		CODE           	1CB1	0000	57
		_my_delay_ms   		CODE           	1C7A	0000	56

my_delay.c estimated size: 113

C:\Program Files\Microchip\xc8\v2.20\pic\sources\c90\common\Umul8_16.c
		__Umul8_16     		CODE           	1A60	0000	36

C:\Program Files\Microchip\xc8\v2.20\pic\sources\c90\common\Umul8_16.c estimated size: 36

C:\Program Files\Microchip\xc8\v2.20\pic\sources\c90\common\sprcadd.c
		___flsub       		CODE           	19DF	0000	31
		___fladd       		CODE           	0ADE	0000	558

C:\Program Files\Microchip\xc8\v2.20\pic\sources\c90\common\sprcadd.c estimated size: 589

usart.c
		_USART_putc    		CODE           	18DE	0000	17
		_USART_to_Protocol		CODE           	1DDB	0000	86
		_USART_put_string		CODE           	1BDC	0000	52
		_USART_put_int 		CODE           	192A	0000	24
		_USART_init    		CODE           	1D61	0000	61

usart.c estimated size: 240

I2C.c
		_I2C_Master_Read		CODE           	1C0F	0000	54
		_I2C_Master_Wait		CODE           	1A1D	0000	34
		_I2C_Master_Init		CODE           	1B79	0000	50
		_I2C_Master_Stop		CODE           	18B7	0000	10
		_I2C_Master_RepeatedStart		CODE           	07F4	0000	12
		_I2C_Master_Write		CODE           	1000	0000	12
		_I2C_Master_Start		CODE           	18EE	0000	18

I2C.c estimated size: 190

C:\Program Files\Microchip\xc8\v2.20\pic\sources\c90\common\xxtofl.c
		___xxtofl      		CODE           	0751	0000	164

C:\Program Files\Microchip\xc8\v2.20\pic\sources\c90\common\xxtofl.c estimated size: 164

C:\Program Files\Microchip\xc8\v2.20\pic\sources\c90\common\strlen.c
		_strlen        		CODE           	1972	0000	26

C:\Program Files\Microchip\xc8\v2.20\pic\sources\c90\common\strlen.c estimated size: 26

proculus.c
		_PROCULUS_Control_Register_Write		CODE           	1C44	0000	55
		_PROCULUS_Show_Screen		CODE           	18FF	0000	22
		_PROCULUS_VP_Write_String		CODE           	1941	0000	25
		_PROCULUS_VP_Write		CODE           	0800	0000	69
		_PROCULUS_Delay		CODE           	19A4	0000	30
		_PROCULUS_Buzzer		CODE           	1B24	0000	43

proculus.c estimated size: 244

C:\Program Files\Microchip\xc8\v2.20\pic\sources\c90\common\strcpy.c
		_strcpy        		CODE           	19C1	0000	31

C:\Program Files\Microchip\xc8\v2.20\pic\sources\c90\common\strcpy.c estimated size: 31

eeprom.c
		_EEPROM_Write_String		CODE           	1B4E	0000	44
		_EEPROM_Read_Byte		CODE           	1A3E	0000	35
		_EEPROM_Write_Byte		CODE           	1CE9	0000	61
		_EEPROM_Read_Integer		CODE           	1AFA	0000	43
		_EEPROM_Read_String		CODE           	19FD	0000	33
		_EEPROM_Write_Integer		CODE           	1BAA	0000	51

eeprom.c estimated size: 267

adc.c
		_captura       		CODE           	18C9	0000	11
		_ADC_Media_10bits		CODE           	1E30	0000	87
		_ADC_init      		CODE           	18D3	0000	12

adc.c estimated size: 110

SlaveLiofilizadorVer1.c
		_MediaPlacaVaccum		CODE           	0037	0000	969
		_Send_To_MB    		CODE           	1AD2	0000	41
		_main          		CODE           	0844	0000	250
		_Decodify_Command		CODE           	03FF	0000	851
		_Send_Reply_OK 		CODE           	18C0	0000	10
		_Save_Log      		CODE           	1EF1	0000	125

SlaveLiofilizadorVer1.c estimated size: 2246

isr.c
		_isr           		CODE           	1069	0000	239

isr.c estimated size: 239

C:\Program Files\Microchip\xc8\v2.20\pic\sources\c90\common\flge.c
		___flge        		CODE           	1F6D	0000	148

C:\Program Files\Microchip\xc8\v2.20\pic\sources\c90\common\flge.c estimated size: 148

shared
		_PT100_TRANSLADA		STRING         	0000	0000	0
		__stringtab    		STRING         	1800	0000	17
		_RESISTOR_ROOM_TEMP		STRING         	0000	0000	0
		_PT100_CONSTANT		STRING         	0000	0000	0
		_ROOM_TEMP     		STRING         	0000	0000	0
		_BETA          		STRING         	0000	0000	0
		__initialization		CODE           	0015	0000	31
		log@coeff      		STRING         	0000	0000	0
		_BALANCE_RESISTOR		STRING         	0000	0000	0
		_MAX_ADC       		STRING         	0000	0000	0

shared estimated size: 48

C:\Program Files\Microchip\xc8\v2.20\pic\sources\c90\common\lwdiv.c
		___lwdiv       		CODE           	1D25	0000	61

C:\Program Files\Microchip\xc8\v2.20\pic\sources\c90\common\lwdiv.c estimated size: 61

C:\Program Files\Microchip\xc8\v2.20\pic\sources\c90\common\fltol.c
		___fltol       		CODE           	1E86	0000	108

C:\Program Files\Microchip\xc8\v2.20\pic\sources\c90\common\fltol.c estimated size: 108

EEPROM_24C1025.c
		_EEPROM_24C1025_Read_Str		CODE           	13B4	0000	365
		_EEPROM_24C1025_Read_Buffer_USART		CODE           	1520	0000	369
		_EEPROM_24C1025_Write_Int		CODE           	1A83	0000	40
		_EEPROM_24C1025_Read_Byte		CODE           	1959	0000	26
		_EEPROM_24C1025_Read_Buffer		CODE           	1690	0000	369
		_EEPROM_24C1025_Write_Byte		CODE           	1914	0000	23
		_EEPROM_24C1025_Write_Buffer		CODE           	124A	0000	363
		_EEPROM_24C1025_Fill_All		CODE           	1D9D	0000	63
		_EEPROM_24C1025_Read_Int		CODE           	1AAA	0000	41
		_EEPROM_24C1025_Write_Str		CODE           	1157	0000	244

EEPROM_24C1025.c estimated size: 1903

C:\Program Files\Microchip\xc8\v2.20\pic\sources\c90\common\sprcmul.c
		___flmul       		CODE           	0D0B	0000	758

C:\Program Files\Microchip\xc8\v2.20\pic\sources\c90\common\sprcmul.c estimated size: 758

C:\Program Files\Microchip\xc8\v2.20\pic\sources\c90\common\sprcdiv.c
		___fldiv       		CODE           	093D	0000	418

C:\Program Files\Microchip\xc8\v2.20\pic\sources\c90\common\sprcdiv.c estimated size: 418

