Microchip MPLAB XC8 Compiler V2.32

Linker command line:

-W-3 --edf=C:\Program Files\Microchip\xc8\v2.32\pic\dat\en_msgs.txt -cn \
  -h+dist/default/production\Liofilizador_-_Placa_Filha.X.production.sym \
  --cmf=dist/default/production\Liofilizador_-_Placa_Filha.X.production.cmf \
  -z -Q16F886 -oC:\Users\Nera\AppData\Local\Temp\xcAs7ek.4 \
  --defsym=__MPLAB_BUILD=1 \
  -Mdist/default/production/Liofilizador_-_Placa_Filha.X.production.map -E1 \
  -ver=XC8 Compiler --acfsm=1493 -ASTACK=0144h-016Fh -pstack=STACK \
  -ACODE=00h-07FFhx4 -ASTRCODE=00h-01FFFh -ASTRING=00h-0FFhx32 \
  -ACONST=00h-0FFhx32 -AENTRY=00h-0FFhx32 -ACOMMON=070h-07Fh \
  -ABANK0=020h-06Fh -ABANK1=0A0h-0EFh -ABANK2=0110h-016Fh \
  -ABANK3=0190h-01EFh -ARAM=020h-06Fh,0A0h-0EFh,0110h-016Fh,0190h-01EFh \
  -AABS1=020h-07Fh,0A0h-0EFh,0110h-016Fh,0190h-01EFh -ASFR0=00h-01Fh \
  -ASFR1=080h-09Fh -ASFR2=0100h-010Fh -ASFR3=0180h-018Fh \
  -ACONFIG=02007h-02008h -DCONFIG=2 -AIDLOC=02000h-02003h -DIDLOC=2 \
  -AEEDATA=00h-0FFh/02100h -peeprom_data=EEDATA -DEEDATA=2 -DCODE=2 \
  -DSTRCODE=2 -DSTRING=2 -DCONST=2 -DENTRY=2 \
  -preset_vec=00h,intentry=04h,init,end_init -ppowerup=CODE -pcinit=CODE \
  -pfunctab=ENTRY -k C:\Users\Nera\AppData\Local\Temp\xcAs7ek.o \
  dist/default/production\Liofilizador_-_Placa_Filha.X.production.o 

Object code version is 3.11

Machine type is 16F886



                Name                               Link     Load   Length Selector   Space Scale
C:\Users\Nera\AppData\Local\Temp\xcAs7ek.o
                end_init                             12       12        3        8       0
                reset_vec                             0        0        3        0       0
                config                             2007     2007        2        0       4
dist/default/production\Liofilizador_-_Placa_Filha.X.production.o
                cinit                                15       15       22        8       0
                intentry                              4        4        E        8       0
                config                             2007     2007        2        0       4
                text58                             11A9     11A9       EE     2352       0
                text57                             1983     1983        B     3306       0
                text56                             1ACC     1ACC       21     3598       0
                text55                             19B4     19B4       11     3368       0
                text54                             1971     1971        9     32E2       0
                text53                             198E     198E        B     331C       0
                text52                             1D62     1D62       38     3AC4       0
                text51                             1392     1392      176     2724       0
                text50                             1B82     1B82       29     3704       0
                text49                             1E12     1E12       40     3C24       0
                text48                             1CC0     1CC0       35     3980       0
                text47                             1999     1999        B     3332       0
                text46                             19A4     19A4       10     3348       0
                text45                             1682     1682      17E     2D04       0
                text44                              678      678      17E        8       0
                text43                             1A08     1A08       19     3410       0
                text42                             1B32     1B32       28     3664       0
                text41                             1508     1508      17A     2A10       0
                text40                             19DA     19DA       16     33B4       0
                text39                             1297     1297       FB     252E       0
                text38                             1AED     1AED       22     35DA       0
                text37                             1BAB     1BAB       2A     3756       0
                text36                             1AAC     1AAC       20     3558       0
                text35                             1D9A     1D9A       3C     3B34       0
                text34                             1C5B     1C5B       32     38B6       0
                text33                             1BFF     1BFF       2B     37FE       0
                text32                             1A53     1A53       1D     34A6       0
                text31                             19C5     19C5       15     338A       0
                text30                             1CF5     1CF5       36     39EA       0
                text29                             1DD6     1DD6       3C     3BAC       0
                text28                             1BD5     1BD5       2A     37AA       0
                text27                             1000     1000       15     1A6E       0
                text26                             1E94     1E94       44     3D28       0
                text25                             1A21     1A21       19     3442       0
                text24                             19F0     19F0       18     33E0       0
                text23                             1B0F     1B0F       23     361E       0
                text22                              383      383      2F5        8       0
                text21                              802      802       6B     1004       0
                text20                             1F83     1F83       7D     3F06       0
                text19                             1C8D     1C8D       33     391A       0
                text18                             197A     197A        9     32F4       0
                text17                             1B5A     1B5A       28     36B4       0
                text16                             1ED8     1ED8       55     3DB0       0
                text15                             1A70     1A70       1E     34E0       0
                text14                               37       37      34C        8       0
                text13                             1015     1015       5E     202A       0
                text12                             1C2A     1C2A       31     3854       0
                text11                             1106     1106       A3     220C       0
                text10                              7F6      7F6        A        8       0
                text9                              1D2B     1D2B       37     3A56       0
                text8                              1F2D     1F2D       56     3E5A       0
                text7                              1A3A     1A3A       19     3474       0
                text6                               969      969      1A1     12D2       0
                text5                              1073     1073       93     20E6       0
                text4                               B0A      B0A      22D     1614       0
                text3                              1A8E     1A8E       1E     351C       0
                text2                               D37      D37      2C9     1A6E       0
                text1                              1E52     1E52       42     3CA4       0
                maintext                            86D      86D       FC     10DA       0
                cstackBANK0                          20       20       50       20       1
                cstackCOMMON                         70       70        8       70       1
                cstackBANK1                          A0       A0       29       A0       1
                clrtext                            1969     1969        8     32D2       0
                bssBANK2                            110      110       34      110       1
                bssBANK3                            190      190       5B      190       1
                bssBANK1                             C9       C9       1C       A0       1
                bssCOMMON                            78       78        6       70       1
                strings                            1800     1800       5B     3000       0

TOTAL           Name                               Link     Load   Length     Space
        CLASS   STACK          

        CLASS   CODE           
                end_init                             12       12        3         0
                cinit                                15       15       22         0
                intentry                              4        4        E         0
                reset_vec                             0        0        3         0
                text58                             11A9     11A9       EE         0
                text57                             1983     1983        B         0
                text56                             1ACC     1ACC       21         0
                text55                             19B4     19B4       11         0
                text54                             1971     1971        9         0
                text53                             198E     198E        B         0
                text52                             1D62     1D62       38         0
                text51                             1392     1392      176         0
                text50                             1B82     1B82       29         0
                text49                             1E12     1E12       40         0
                text48                             1CC0     1CC0       35         0
                text47                             1999     1999        B         0
                text46                             19A4     19A4       10         0
                text45                             1682     1682      17E         0
                text44                              678      678      17E         0
                text43                             1A08     1A08       19         0
                text42                             1B32     1B32       28         0
                text41                             1508     1508      17A         0
                text40                             19DA     19DA       16         0
                text39                             1297     1297       FB         0
                text38                             1AED     1AED       22         0
                text37                             1BAB     1BAB       2A         0
                text36                             1AAC     1AAC       20         0
                text35                             1D9A     1D9A       3C         0
                text34                             1C5B     1C5B       32         0
                text33                             1BFF     1BFF       2B         0
                text32                             1A53     1A53       1D         0
                text31                             19C5     19C5       15         0
                text30                             1CF5     1CF5       36         0
                text29                             1DD6     1DD6       3C         0
                text28                             1BD5     1BD5       2A         0
                text27                             1000     1000       15         0
                text26                             1E94     1E94       44         0
                text25                             1A21     1A21       19         0
                text24                             19F0     19F0       18         0
                text23                             1B0F     1B0F       23         0
                text22                              383      383      2F5         0
                text21                              802      802       6B         0
                text20                             1F83     1F83       7D         0
                text19                             1C8D     1C8D       33         0
                text18                             197A     197A        9         0
                text17                             1B5A     1B5A       28         0
                text16                             1ED8     1ED8       55         0
                text15                             1A70     1A70       1E         0
                text14                               37       37      34C         0
                text13                             1015     1015       5E         0
                text12                             1C2A     1C2A       31         0
                text11                             1106     1106       A3         0
                text10                              7F6      7F6        A         0
                text9                              1D2B     1D2B       37         0
                text8                              1F2D     1F2D       56         0
                text7                              1A3A     1A3A       19         0
                text6                               969      969      1A1         0
                text5                              1073     1073       93         0
                text4                               B0A      B0A      22D         0
                text3                              1A8E     1A8E       1E         0
                text2                               D37      D37      2C9         0
                text1                              1E52     1E52       42         0
                maintext                            86D      86D       FC         0
                clrtext                            1969     1969        8         0

        CLASS   STRCODE        

        CLASS   STRING         
                strings                            1800     1800       5B         0

        CLASS   CONST          

        CLASS   ENTRY          

        CLASS   COMMON         
                cstackCOMMON                         70       70        8         1
                bssCOMMON                            78       78        6         1

        CLASS   BANK0          
                cstackBANK0                          20       20       50         1

        CLASS   BANK1          
                cstackBANK1                          A0       A0       29         1
                bssBANK1                             C9       C9       1C         1

        CLASS   BANK2          
                bssBANK2                            110      110       34         1

        CLASS   BANK3          
                bssBANK3                            190      190       5B         1

        CLASS   RAM            

        CLASS   ABS1           
                abs_s1                               7E       7E        2         1

        CLASS   SFR0           

        CLASS   SFR1           

        CLASS   SFR2           

        CLASS   SFR3           

        CLASS   CONFIG         
                config                             2007     2007        2         4

        CLASS   IDLOC          

        CLASS   EEDATA         



SEGMENTS        Name                           Load    Length   Top    Selector   Space  Class     Delta

                reset_vec                      000000  000003  000003         0       0  CODE        2
                intentry                       000004  0007FC  000800         8       0  CODE        2
                cstackBANK0                    000020  000050  000070        20       1  BANK0       1
                cstackCOMMON                   000070  00000E  00007E        70       1  COMMON      1
                cstackBANK1                    0000A0  000045  0000E5        A0       1  BANK1       1
                bssBANK2                       000110  000034  000144       110       1  BANK2       1
                bssBANK3                       000190  00005B  0001EB       190       1  BANK3       1
                text21                         000802  00006B  00086D      1004       0  CODE        2
                maintext                       00086D  0000FC  000969      10DA       0  CODE        2
                text6                          000969  0001A1  000B0A      12D2       0  CODE        2
                text4                          000B0A  00022D  000D37      1614       0  CODE        2
                text2                          000D37  0002DE  001015      1A6E       0  CODE        2
                text13                         001015  00005E  001073      202A       0  CODE        2
                text5                          001073  000093  001106      20E6       0  CODE        2
                text11                         001106  0000A3  0011A9      220C       0  CODE        2
                text58                         0011A9  0000EE  001297      2352       0  CODE        2
                text39                         001297  0000FB  001392      252E       0  CODE        2
                text51                         001392  000176  001508      2724       0  CODE        2
                text41                         001508  00017A  001682      2A10       0  CODE        2
                text45                         001682  00017E  001800      2D04       0  CODE        2
                strings                        001800  00005B  00185B      3000       0  STRING      2
                clrtext                        001969  000008  001971      32D2       0  CODE        2
                text54                         001971  000009  00197A      32E2       0  CODE        2
                text18                         00197A  000009  001983      32F4       0  CODE        2
                text57                         001983  00000B  00198E      3306       0  CODE        2
                text53                         00198E  00000B  001999      331C       0  CODE        2
                text47                         001999  00000B  0019A4      3332       0  CODE        2
                text46                         0019A4  000010  0019B4      3348       0  CODE        2
                text55                         0019B4  000011  0019C5      3368       0  CODE        2
                text31                         0019C5  000015  0019DA      338A       0  CODE        2
                text40                         0019DA  000016  0019F0      33B4       0  CODE        2
                text24                         0019F0  000018  001A08      33E0       0  CODE        2
                text43                         001A08  000019  001A21      3410       0  CODE        2
                text25                         001A21  000019  001A3A      3442       0  CODE        2
                text7                          001A3A  000019  001A53      3474       0  CODE        2
                text32                         001A53  00001D  001A70      34A6       0  CODE        2
                text15                         001A70  00001E  001A8E      34E0       0  CODE        2
                text3                          001A8E  00001E  001AAC      351C       0  CODE        2
                text36                         001AAC  000020  001ACC      3558       0  CODE        2
                text56                         001ACC  000021  001AED      3598       0  CODE        2
                text38                         001AED  000022  001B0F      35DA       0  CODE        2
                text23                         001B0F  000023  001B32      361E       0  CODE        2
                text42                         001B32  000028  001B5A      3664       0  CODE        2
                text17                         001B5A  000028  001B82      36B4       0  CODE        2
                text50                         001B82  000029  001BAB      3704       0  CODE        2
                text37                         001BAB  00002A  001BD5      3756       0  CODE        2
                text28                         001BD5  00002A  001BFF      37AA       0  CODE        2
                text33                         001BFF  00002B  001C2A      37FE       0  CODE        2
                text12                         001C2A  000031  001C5B      3854       0  CODE        2
                text34                         001C5B  000032  001C8D      38B6       0  CODE        2
                text19                         001C8D  000033  001CC0      391A       0  CODE        2
                text48                         001CC0  000035  001CF5      3980       0  CODE        2
                text30                         001CF5  000036  001D2B      39EA       0  CODE        2
                text9                          001D2B  000037  001D62      3A56       0  CODE        2
                text52                         001D62  000038  001D9A      3AC4       0  CODE        2
                text35                         001D9A  00003C  001DD6      3B34       0  CODE        2
                text29                         001DD6  00003C  001E12      3BAC       0  CODE        2
                text49                         001E12  000040  001E52      3C24       0  CODE        2
                text1                          001E52  000042  001E94      3CA4       0  CODE        2
                text26                         001E94  000044  001ED8      3D28       0  CODE        2
                text16                         001ED8  000055  001F2D      3DB0       0  CODE        2
                text8                          001F2D  000056  001F83      3E5A       0  CODE        2
                text20                         001F83  00007D  002000      3F06       0  CODE        2


UNUSED ADDRESS RANGES

        Name                Unused          Largest block    Delta
        BANK1            00E5-00EF              B           1
        BANK2            0144-016F             2C           1
        BANK3            01EB-01EF              5           1
        CODE             0003-0003              1           2
                         0800-0801              2
                         185B-1968            10E
        CONST            0003-0003              1           2
                         0800-0801              2
                         185B-1968             A5
        EEDATA           2100-21FF            100           2
        ENTRY            0003-0003              1           2
                         0800-0801              2
                         185B-1968             A5
        IDLOC            2000-2003              4           2
        RAM              00E5-00EF              B           1
                         0144-016F             2C
                         01EB-01EF              5
        SFR0             0000-001F             20           1
        SFR1             0080-009F             20           1
        SFR2             0100-010F             10           1
        SFR3             0180-018F             10           1
        STACK            0144-016F             2C           1
        STRCODE          0003-0003              1           2
                         0800-0801              2
                         185B-1968            10E
        STRING           0003-0003              1           2
                         0800-0801              2
                         185B-1968             A5

                                  Symbol Table

?_ADC_Media_10bits                         cstackBANK0  002E
?_EEPROM_24C1025_Read_Int                  cstackBANK0  0036
?_EEPROM_Read_Integer                      cstackBANK0  0023
?_I2C_Master_Read                          cstackBANK0  0023
?__Umul8_16                                cstackBANK0  0020
?___fladd                                  cstackBANK0  0037
?___fldiv                                  cstackBANK0  002E
?___flmul                                  cstackBANK0  004B
?___flsub                                  cstackBANK0  004B
?___fltol                                  cstackBANK0  0065
?___lldiv                                  cstackBANK0  0020
?___lwdiv                                  cstackBANK0  0020
?___xxtofl                                 cstackBANK0  0020
?_captura                                  cstackBANK0  0020
?_strlen                                   cstackBANK0  0020
ADC_Media_10bits@canal                     cstackBANK0  0033
ADC_Media_10bits@i                         cstackBANK0  0036
ADC_Media_10bits@value                     cstackBANK0  0034
Decodify_Command@OutPut                    cstackBANK1  00BB
Decodify_Command@add                       cstackBANK1  00B7
Decodify_Command@add_24LCxxxx              cstackBANK1  00C0
Decodify_Command@dados                     cstackBANK1  00B5
Decodify_Command@sizedata                  cstackBANK1  00B8
Decodify_Command@tempchar                  cstackBANK1  00BF
Decodify_Command@tempint                   cstackBANK1  00B9
EEPROM_24C1025_Fill_All@chip_add           cstackBANK1  00AC
EEPROM_24C1025_Fill_All@mem_add            cstackBANK1  00AD
EEPROM_24C1025_Fill_All@value              cstackBANK1  00AA
EEPROM_24C1025_Read_Buffer@chip_add        cstackBANK0  0033
EEPROM_24C1025_Read_Buffer@cnt_108         cstackBANK0  0032
EEPROM_24C1025_Read_Buffer@ctrl            cstackBANK0  0035
EEPROM_24C1025_Read_Buffer@data            cstackBANK0  002F
EEPROM_24C1025_Read_Buffer@mem_add         cstackBANK0  002A
EEPROM_24C1025_Read_Buffer@range           cstackBANK0  0034
EEPROM_24C1025_Read_Buffer@sizedata        cstackBANK0  002E
EEPROM_24C1025_Read_Buffer_USART@chip_add  cstackBANK0  0032
EEPROM_24C1025_Read_Buffer_USART@cnt_117   cstackBANK0  0031
EEPROM_24C1025_Read_Buffer_USART@ctrl      cstackBANK0  0034
EEPROM_24C1025_Read_Buffer_USART@data      cstackBANK0  002E
EEPROM_24C1025_Read_Buffer_USART@mem_add   cstackBANK0  0029
EEPROM_24C1025_Read_Buffer_USART@range     cstackBANK0  0033
EEPROM_24C1025_Read_Buffer_USART@sizedata  cstackBANK0  002D
EEPROM_24C1025_Read_Byte@chip_add          cstackBANK0  003B
EEPROM_24C1025_Read_Byte@data              cstackBANK0  003C
EEPROM_24C1025_Read_Byte@mem_add           cstackBANK0  0036
EEPROM_24C1025_Read_Int@chip_add           cstackBANK0  003C
EEPROM_24C1025_Read_Int@data               cstackBANK0  003D
EEPROM_24C1025_Read_Int@mem_add            cstackBANK0  0036
EEPROM_24C1025_Read_Str@buffer             cstackBANK0  002D
EEPROM_24C1025_Read_Str@chip_add           cstackBANK0  0031
EEPROM_24C1025_Read_Str@cnt                cstackBANK0  0030
EEPROM_24C1025_Read_Str@ctrl               cstackBANK0  0033
EEPROM_24C1025_Read_Str@mem_add            cstackBANK0  0029
EEPROM_24C1025_Read_Str@range              cstackBANK0  0032
EEPROM_24C1025_Write_Buffer@chip_add       cstackBANK0  0034
EEPROM_24C1025_Write_Buffer@count          cstackBANK0  0033
EEPROM_24C1025_Write_Buffer@ctrl           cstackBANK0  0036
EEPROM_24C1025_Write_Buffer@data           cstackBANK0  002F
EEPROM_24C1025_Write_Buffer@mem_add        cstackBANK0  002A
EEPROM_24C1025_Write_Buffer@range          cstackBANK0  0035
EEPROM_24C1025_Write_Buffer@sizedata       cstackBANK0  002E
EEPROM_24C1025_Write_Byte@chip_add         cstackBANK0  003C
EEPROM_24C1025_Write_Byte@data             cstackBANK0  003B
EEPROM_24C1025_Write_Byte@mem_add          cstackBANK0  0037
EEPROM_24C1025_Write_Int@chip_add          cstackBANK1  00A7
EEPROM_24C1025_Write_Int@data              cstackBANK1  00A4
EEPROM_24C1025_Write_Int@local             cstackBANK1  00A8
EEPROM_24C1025_Write_Int@mem_add           cstackBANK1  00A0
EEPROM_24C1025_Write_Str@chip_add          cstackBANK0  0031
EEPROM_24C1025_Write_Str@ctrl              cstackBANK0  0033
EEPROM_24C1025_Write_Str@data              cstackBANK0  002E
EEPROM_24C1025_Write_Str@mem_add           cstackBANK0  002A
EEPROM_24C1025_Write_Str@range             cstackBANK0  0032
EEPROM_Read_Byte@addr                      cstackBANK0  0022
EEPROM_Read_Integer@addr                   cstackBANK0  0026
EEPROM_Read_Integer@i                      cstackBANK0  002A
EEPROM_Read_Integer@ptr                    cstackBANK0  0027
EEPROM_Read_Integer@result                 cstackBANK0  0028
EEPROM_Read_String@addr                    cstackBANK0  0025
EEPROM_Read_String@c                       cstackBANK0  0026
EEPROM_Read_String@dado                    cstackBANK0  0023
EEPROM_Write_Byte@addr                     cstackBANK0  0023
EEPROM_Write_Byte@dado                     cstackBANK0  0020
EEPROM_Write_Byte@last_GIE                 cstackBANK0  0024
EEPROM_Write_Integer@addr                  cstackBANK0  002A
EEPROM_Write_Integer@dado                  cstackBANK0  0025
EEPROM_Write_Integer@i                     cstackBANK0  002B
EEPROM_Write_Integer@ptr                   cstackBANK0  0029
EEPROM_Write_String@addr                   cstackBANK0  0027
EEPROM_Write_String@dado                   cstackBANK0  0025
I2C_Master_Init@c                          cstackBANK0  002E
I2C_Master_Read@a                          cstackBANK0  0023
I2C_Master_Read@temp                       cstackBANK0  0027
I2C_Master_Wait@tempo                      cstackBANK0  0022
I2C_Master_Write@d                         cstackBANK0  0023
MediaPlacaVaccum@Temp                      cstackBANK1  00A7
MediaPlacaVaccum@canal                     cstackBANK1  00A4
MediaPlacaVaccum@i                         cstackBANK1  00A5
PROCULUS_Buzzer@time_ms_x_10               cstackBANK1  00A8
PROCULUS_Buzzer@vetor                      cstackBANK1  00AB
PROCULUS_Control_Register_Write@i          cstackBANK1  00A7
PROCULUS_Control_Register_Write@size       cstackBANK1  00A4
PROCULUS_Control_Register_Write@vetor      cstackBANK1  00A6
PROCULUS_Delay@i                           cstackBANK0  0024
PROCULUS_Delay@tempo_ms                    cstackBANK0  0020
PROCULUS_Show_Screen@screen                cstackBANK1  00A8
PROCULUS_Show_Screen@vetor                 cstackBANK1  00AB
PROCULUS_VP_Write@i                        cstackBANK1  00AB
PROCULUS_VP_Write@size                     cstackBANK1  00A8
PROCULUS_VP_Write@vetor                    cstackBANK1  00A6
PROCULUS_VP_Write@vp                       cstackBANK1  00A4
PROCULUS_VP_Write_String@text              cstackBANK1  00AE
PROCULUS_VP_Write_String@vp                cstackBANK1  00AC
Package_Usart_is_for_me@retorno            cstackBANK0  0020
Save_Log@add_datalog                       cstackBANK1  00AA
Send_To_MB@size                            cstackBANK0  0021
USART_init@baudrate                        cstackBANK0  0020
USART_init@i                               cstackBANK0  0025
USART_put_int@dado                         cstackBANK1  00A3
USART_put_int@value                        cstackBANK1  00A0
USART_put_string@ptr                       cstackBANK0  0023
USART_put_string@vetor                     cstackBANK0  0021
USART_putc@value                           cstackBANK0  0020
USART_to_Protocol@i                        cstackBANK0  0022
USART_to_Protocol@usart_protocol           cstackBANK0  0024
_ADCON0bits                                (abs)        001F
_ADCON1                                    (abs)        009F
_ADCON1bits                                (abs)        009F
_ADC_Media_10bits                          text8        1F2D
_ADC_init                                  text57       1983
_ADRESH                                    (abs)        001E
_ADRESL                                    (abs)        009E
_ANSEL                                     (abs)        0188
_ANSELH                                    (abs)        0189
_BAUDCTLbits                               (abs)        0187
_Board_Number                              bssBANK1     00E1
_CREN                                      (abs)        00C4
_Decodify_Command                          text14       0037
_Delay_Led_Memory                          bssBANK1     00DD
_Delay_Led_Tmr0                            bssCOMMON    0078
_Delay_Led_Usart                           bssBANK1     00DB
_EEADR                                     (abs)        010D
_EECON1bits                                (abs)        018C
_EECON2                                    (abs)        018D
_EEDATA                                    (abs)        010C
_EEPROM_24C1025_Fill_All                   text49       1E12
_EEPROM_24C1025_Read_Buffer                text44       0678
_EEPROM_24C1025_Read_Buffer_USART          text45       1682
_EEPROM_24C1025_Read_Byte                  text43       1A08
_EEPROM_24C1025_Read_Int                   text42       1B32
_EEPROM_24C1025_Read_Str                   text41       1508
_EEPROM_24C1025_Write_Buffer               text51       1392
_EEPROM_24C1025_Write_Byte                 text40       19DA
_EEPROM_24C1025_Write_Int                  text50       1B82
_EEPROM_24C1025_Write_Str                  text39       1297
_EEPROM_Read_Byte                          text38       1AED
_EEPROM_Read_Integer                       text37       1BAB
_EEPROM_Read_String                        text36       1AAC
_EEPROM_Write_Byte                         text35       1D9A
_EEPROM_Write_Integer                      text34       1C5B
_EEPROM_Write_String                       text33       1BFF
_I2C_Master_Init                           text12       1C2A
_I2C_Master_Read                           text48       1CC0
_I2C_Master_RepeatedStart                  text47       1999
_I2C_Master_Start                          text55       19B4
_I2C_Master_Stop                           text54       1971
_I2C_Master_Wait                           text56       1ACC
_I2C_Master_Write                          text53       198E
_INTCONbits                                (abs)        000B
_MediaPlacaVaccum                          text2        0D37
_MediaPlacaVaccum$2372                     cstackBANK1  00A0
_OPTION_REGbits                            (abs)        0081
_OSCCONbits                                (abs)        008F
_PIE1bits                                  (abs)        008C
_PIR1bits                                  (abs)        000C
_PORTA                                     (abs)        0005
_PORTAbits                                 (abs)        0005
_PORTB                                     (abs)        0006
_PORTBbits                                 (abs)        0006
_PORTC                                     (abs)        0007
_PORTCbits                                 (abs)        0007
_PORTE                                     (abs)        0009
_PROCULUS_Buzzer                           text28       1BD5
_PROCULUS_Control_Register_Write           text30       1CF5
_PROCULUS_Delay                            text32       1A53
_PROCULUS_Show_Screen                      text27       1000
_PROCULUS_VP_Write                         text26       1E94
_PROCULUS_VP_Write_String                  text24       19F0
_Package_Usart_is_for_me                   text7        1A3A
_RCREG                                     (abs)        001A
_RCSTAbits                                 (abs)        0018
_SPBRG                                     (abs)        0099
_SSPADD                                    (abs)        0093
_SSPBUF                                    (abs)        0013
_SSPCON                                    (abs)        0014
_SSPCON2                                   (abs)        0091
_SSPCON2bits                               (abs)        0091
_SSPSTAT                                   (abs)        0094
_Save_Log                                  text20       1F83
_Send_Reply_OK                             text18       197A
_Send_To_MB                                text17       1B5A
_T1CKPS0                                   (abs)        0084
_T1CKPS1                                   (abs)        0085
_T1CON                                     (abs)        0010
_TMR1CS                                    (abs)        0081
_TMR1H                                     (abs)        000F
_TMR1IE                                    (abs)        0460
_TMR1L                                     (abs)        000E
_TRISA                                     (abs)        0085
_TRISB                                     (abs)        0086
_TRISC                                     (abs)        0087
_TRISC3                                    (abs)        043B
_TRISC4                                    (abs)        043C
_TRISC6                                    (abs)        043E
_TRISC7                                    (abs)        043F
_TRISE                                     (abs)        0089
_TXREG                                     (abs)        0019
_TXSTAbits                                 (abs)        0098
_Tensao1                                   bssBANK1     00C9
_USART_init                                text1        1E52
_USART_put_int                             text31       19C5
_USART_put_string                          text19       1C8D
_USART_putc                                text46       19A4
_USART_to_Protocol                         text16       1ED8
_Vaccum0                                   bssBANK1     00CD
_WPUB                                      (abs)        0095
__Habs1                                    abs1         0000
__Hbank0                                   bank0        0000
__Hbank1                                   bank1        0000
__Hbank2                                   bank2        0000
__Hbank3                                   bank3        0000
__HbssBANK1                                bssBANK1     0000
__HbssBANK2                                bssBANK2     0000
__HbssBANK3                                bssBANK3     0000
__HbssCOMMON                               bssCOMMON    0000
__Hcinit                                   cinit        0037
__Hclrtext                                 clrtext      0000
__Hcode                                    code         0000
__Hcommon                                  common       0000
__Hconfig                                  config       2009
__HcstackBANK0                             cstackBANK0  0000
__HcstackBANK1                             cstackBANK1  0000
__HcstackCOMMON                            cstackCOMMON 0000
__Heeprom_data                             eeprom_data  0000
__Hend_init                                end_init     0015
__Hfunctab                                 functab      0000
__Hinit                                    init         0012
__Hintentry                                intentry     0012
__Hmaintext                                maintext     0000
__Hpowerup                                 powerup      0000
__Hram                                     ram          0000
__Hreset_vec                               reset_vec    0003
__Hsfr0                                    sfr0         0000
__Hsfr1                                    sfr1         0000
__Hsfr2                                    sfr2         0000
__Hsfr3                                    sfr3         0000
__Hspace_0                                 (abs)        2000
__Hspace_1                                 (abs)        01EB
__Hspace_2                                 (abs)        0000
__Hspace_3                                 (abs)        0000
__Hspace_4                                 (abs)        4010
__Hstack                                   stack        0000
__Hstrings                                 strings      0000
__Htext                                    text         0000
__Labs1                                    abs1         0000
__Lbank0                                   bank0        0000
__Lbank1                                   bank1        0000
__Lbank2                                   bank2        0000
__Lbank3                                   bank3        0000
__LbssBANK1                                bssBANK1     0000
__LbssBANK2                                bssBANK2     0000
__LbssBANK3                                bssBANK3     0000
__LbssCOMMON                               bssCOMMON    0000
__Lcinit                                   cinit        0015
__Lclrtext                                 clrtext      0000
__Lcode                                    code         0000
__Lcommon                                  common       0000
__Lconfig                                  config       0000
__LcstackBANK0                             cstackBANK0  0000
__LcstackBANK1                             cstackBANK1  0000
__LcstackCOMMON                            cstackCOMMON 0000
__Leeprom_data                             eeprom_data  0000
__Lend_init                                end_init     0012
__Lfunctab                                 functab      0000
__Linit                                    init         0012
__Lintentry                                intentry     0004
__Lmaintext                                maintext     0000
__Lpowerup                                 powerup      0000
__Lram                                     ram          0000
__Lreset_vec                               reset_vec    0000
__Lsfr0                                    sfr0         0000
__Lsfr1                                    sfr1         0000
__Lsfr2                                    sfr2         0000
__Lsfr3                                    sfr3         0000
__Lspace_0                                 (abs)        0000
__Lspace_1                                 (abs)        0000
__Lspace_2                                 (abs)        0000
__Lspace_3                                 (abs)        0000
__Lspace_4                                 (abs)        0000
__Lstack                                   stack        0000
__Lstrings                                 strings      0000
__Ltext                                    text         0000
__S0                                       (abs)        2000
__S1                                       (abs)        01EB
__S2                                       (abs)        0000
__S3                                       (abs)        0000
__Umul8_16                                 text23       1B0F
__Umul8_16@multiplicand                    cstackBANK0  0020
__Umul8_16@multiplier                      cstackBANK0  0028
__Umul8_16@product                         cstackBANK0  0024
__Umul8_16@word_mpld                       cstackBANK0  0026
___fladd                                   text4        0B0A
___fladd@a                                 cstackBANK0  003B
___fladd@aexp                              cstackBANK0  0048
___fladd@b                                 cstackBANK0  0037
___fladd@bexp                              cstackBANK0  0049
___fladd@grs                               cstackBANK0  004A
___fladd@signs                             cstackBANK0  0047
___fldiv                                   text6        0969
___fldiv@a                                 cstackBANK0  002E
___fldiv@aexp                              cstackBANK0  0047
___fldiv@b                                 cstackBANK0  0032
___fldiv@bexp                              cstackBANK0  0046
___fldiv@grs                               cstackBANK0  0042
___fldiv@new_exp                           cstackBANK0  0040
___fldiv@rem                               cstackBANK0  003B
___fldiv@sign                              cstackBANK0  003F
___flge                                    text5        1073
___flge@ff1                                cstackBANK0  0020
___flge@ff2                                cstackBANK0  0024
___flmul                                   text22       0383
___flmul@a                                 cstackBANK0  004F
___flmul@aexp                              cstackBANK0  0059
___flmul@b                                 cstackBANK0  004B
___flmul@bexp                              cstackBANK0  005E
___flmul@grs                               cstackBANK0  005A
___flmul@prod                              cstackBANK0  005F
___flmul@sign                              cstackBANK0  0058
___flmul@temp                              cstackBANK0  0063
___flsub                                   text3        1A8E
___flsub@a                                 cstackBANK0  004B
___flsub@b                                 cstackBANK0  004F
___fltol                                   text21       0802
___fltol@exp1                              cstackBANK0  006F
___fltol@f1                                cstackBANK0  0065
___fltol@sign1                             cstackBANK0  006E
___int_sp                                  stack        0000
___latbits                                 (abs)        0002
___lldiv                                   text13       1015
___lldiv@counter                           cstackBANK0  002D
___lldiv@dividend                          cstackBANK0  0024
___lldiv@divisor                           cstackBANK0  0020
___lldiv@quotient                          cstackBANK0  0029
___lwdiv                                   text29       1DD6
___lwdiv@counter                           cstackBANK0  0027
___lwdiv@dividend                          cstackBANK0  0022
___lwdiv@divisor                           cstackBANK0  0020
___lwdiv@quotient                          cstackBANK0  0025
___sp                                      stack        0000
___stackhi                                 (abs)        0000
___stacklo                                 (abs)        0000
___xxtofl                                  text11       1106
___xxtofl@arg                              cstackBANK0  002A
___xxtofl@exp                              cstackBANK0  0029
___xxtofl@sign                             cstackBANK0  0028
___xxtofl@val                              cstackBANK0  0020
__end_of_ADC_Media_10bits                  text8        1F83
__end_of_ADC_init                          text57       198E
__end_of_BALANCE_RESISTOR                  strings      1850
__end_of_BETA                              strings      184C
__end_of_Decodify_Command                  text14       0383
__end_of_EEPROM_24C1025_Fill_All           text49       1E52
__end_of_EEPROM_24C1025_Read_Buffer        text44       07F6
__end_of_EEPROM_24C1025_Read_Buffer_USART  text45       1800
__end_of_EEPROM_24C1025_Read_Byte          text43       1A21
__end_of_EEPROM_24C1025_Read_Int           text42       1B5A
__end_of_EEPROM_24C1025_Read_Str           text41       1682
__end_of_EEPROM_24C1025_Write_Buffer       text51       1508
__end_of_EEPROM_24C1025_Write_Byte         text40       19F0
__end_of_EEPROM_24C1025_Write_Int          text50       1BAB
__end_of_EEPROM_24C1025_Write_Str          text39       1392
__end_of_EEPROM_Read_Byte                  text38       1B0F
__end_of_EEPROM_Read_Integer               text37       1BD5
__end_of_EEPROM_Read_String                text36       1ACC
__end_of_EEPROM_Write_Byte                 text35       1DD6
__end_of_EEPROM_Write_Integer              text34       1C8D
__end_of_EEPROM_Write_String               text33       1C2A
__end_of_I2C_Master_Init                   text12       1C5B
__end_of_I2C_Master_Read                   text48       1CF5
__end_of_I2C_Master_RepeatedStart          text47       19A4
__end_of_I2C_Master_Start                  text55       19C5
__end_of_I2C_Master_Stop                   text54       197A
__end_of_I2C_Master_Wait                   text56       1AED
__end_of_I2C_Master_Write                  text53       1999
__end_of_MAX_ADC                           strings      1824
__end_of_MediaPlacaVaccum                  text2        1000
__end_of_PROCULUS_Buzzer                   text28       1BFF
__end_of_PROCULUS_Control_Register_Write   text30       1D2B
__end_of_PROCULUS_Delay                    text32       1A70
__end_of_PROCULUS_Show_Screen              text27       1015
__end_of_PROCULUS_VP_Write                 text26       1ED8
__end_of_PROCULUS_VP_Write_String          text24       1A08
__end_of_PT100_CONSTANT                    strings      1818
__end_of_PT100_TRANSLADA                   strings      1814
__end_of_Package_Usart_is_for_me           text7        1A53
__end_of_RESISTOR_ROOM_TEMP                strings      181C
__end_of_ROOM_TEMP                         strings      1820
__end_of_Save_Log                          text20       2000
__end_of_Send_Reply_OK                     text18       1983
__end_of_Send_To_MB                        text17       1B82
__end_of_USART_init                        text1        1E94
__end_of_USART_put_int                     text31       19DA
__end_of_USART_put_string                  text19       1CC0
__end_of_USART_putc                        text46       19B4
__end_of_USART_to_Protocol                 text16       1F2D
__end_of__Umul8_16                         text23       1B32
__end_of___fladd                           text4        0D37
__end_of___fldiv                           text6        0B0A
__end_of___flge                            text5        1106
__end_of___flmul                           text22       0678
__end_of___flsub                           text3        1AAC
__end_of___fltol                           text21       086D
__end_of___lldiv                           text13       1073
__end_of___lwdiv                           text29       1E12
__end_of___xxtofl                          text11       11A9
__end_of__initialization                   cinit        0033
__end_of__stringtab                        strings      1810
__end_of_captura                           text10       0800
__end_of_isr                               text58       1297
__end_of_main                              maintext     0969
__end_of_my_delay_ms                       text9        1D62
__end_of_my_delay_ms_WDT                   text52       1D9A
__end_of_strcpy                            text15       1A8E
__end_of_strlen                            text25       1A3A
__end_oflog@coeff                          strings      1848
__initialization                           cinit        0015
__pbssBANK1                                bssBANK1     00C9
__pbssBANK2                                bssBANK2     0110
__pbssBANK3                                bssBANK3     0190
__pbssCOMMON                               bssCOMMON    0078
__pcstackBANK0                             cstackBANK0  0020
__pcstackBANK1                             cstackBANK1  00A0
__pcstackCOMMON                            cstackCOMMON 0070
__pintentry                                intentry     0004
__pmaintext                                maintext     086D
__pstrings                                 strings      1800
__ptext1                                   text1        1E52
__ptext10                                  text10       07F6
__ptext11                                  text11       1106
__ptext12                                  text12       1C2A
__ptext13                                  text13       1015
__ptext14                                  text14       0037
__ptext15                                  text15       1A70
__ptext16                                  text16       1ED8
__ptext17                                  text17       1B5A
__ptext18                                  text18       197A
__ptext19                                  text19       1C8D
__ptext2                                   text2        0D37
__ptext20                                  text20       1F83
__ptext21                                  text21       0802
__ptext22                                  text22       0383
__ptext23                                  text23       1B0F
__ptext24                                  text24       19F0
__ptext25                                  text25       1A21
__ptext26                                  text26       1E94
__ptext27                                  text27       1000
__ptext28                                  text28       1BD5
__ptext29                                  text29       1DD6
__ptext3                                   text3        1A8E
__ptext30                                  text30       1CF5
__ptext31                                  text31       19C5
__ptext32                                  text32       1A53
__ptext33                                  text33       1BFF
__ptext34                                  text34       1C5B
__ptext35                                  text35       1D9A
__ptext36                                  text36       1AAC
__ptext37                                  text37       1BAB
__ptext38                                  text38       1AED
__ptext39                                  text39       1297
__ptext4                                   text4        0B0A
__ptext40                                  text40       19DA
__ptext41                                  text41       1508
__ptext42                                  text42       1B32
__ptext43                                  text43       1A08
__ptext44                                  text44       0678
__ptext45                                  text45       1682
__ptext46                                  text46       19A4
__ptext47                                  text47       1999
__ptext48                                  text48       1CC0
__ptext49                                  text49       1E12
__ptext5                                   text5        1073
__ptext50                                  text50       1B82
__ptext51                                  text51       1392
__ptext52                                  text52       1D62
__ptext53                                  text53       198E
__ptext54                                  text54       1971
__ptext55                                  text55       19B4
__ptext56                                  text56       1ACC
__ptext57                                  text57       1983
__ptext58                                  text58       11A9
__ptext6                                   text6        0969
__ptext7                                   text7        1A3A
__ptext8                                   text8        1F2D
__ptext9                                   text9        1D2B
__size_of_ADC_Media_10bits                 (abs)        0000
__size_of_ADC_init                         (abs)        0000
__size_of_Decodify_Command                 (abs)        0000
__size_of_EEPROM_24C1025_Fill_All          (abs)        0000
__size_of_EEPROM_24C1025_Read_Buffer       (abs)        0000
__size_of_EEPROM_24C1025_Read_Buffer_USART (abs)        0000
__size_of_EEPROM_24C1025_Read_Byte         (abs)        0000
__size_of_EEPROM_24C1025_Read_Int          (abs)        0000
__size_of_EEPROM_24C1025_Read_Str          (abs)        0000
__size_of_EEPROM_24C1025_Write_Buffer      (abs)        0000
__size_of_EEPROM_24C1025_Write_Byte        (abs)        0000
__size_of_EEPROM_24C1025_Write_Int         (abs)        0000
__size_of_EEPROM_24C1025_Write_Str         (abs)        0000
__size_of_EEPROM_Read_Byte                 (abs)        0000
__size_of_EEPROM_Read_Integer              (abs)        0000
__size_of_EEPROM_Read_String               (abs)        0000
__size_of_EEPROM_Write_Byte                (abs)        0000
__size_of_EEPROM_Write_Integer             (abs)        0000
__size_of_EEPROM_Write_String              (abs)        0000
__size_of_I2C_Master_Init                  (abs)        0000
__size_of_I2C_Master_Read                  (abs)        0000
__size_of_I2C_Master_RepeatedStart         (abs)        0000
__size_of_I2C_Master_Start                 (abs)        0000
__size_of_I2C_Master_Stop                  (abs)        0000
__size_of_I2C_Master_Wait                  (abs)        0000
__size_of_I2C_Master_Write                 (abs)        0000
__size_of_MediaPlacaVaccum                 (abs)        0000
__size_of_PROCULUS_Buzzer                  (abs)        0000
__size_of_PROCULUS_Control_Register_Write  (abs)        0000
__size_of_PROCULUS_Delay                   (abs)        0000
__size_of_PROCULUS_Show_Screen             (abs)        0000
__size_of_PROCULUS_VP_Write                (abs)        0000
__size_of_PROCULUS_VP_Write_String         (abs)        0000
__size_of_Package_Usart_is_for_me          (abs)        0000
__size_of_Save_Log                         (abs)        0000
__size_of_Send_Reply_OK                    (abs)        0000
__size_of_Send_To_MB                       (abs)        0000
__size_of_USART_init                       (abs)        0000
__size_of_USART_put_int                    (abs)        0000
__size_of_USART_put_string                 (abs)        0000
__size_of_USART_putc                       (abs)        0000
__size_of_USART_to_Protocol                (abs)        0000
__size_of__Umul8_16                        (abs)        0000
__size_of___fladd                          (abs)        0000
__size_of___fldiv                          (abs)        0000
__size_of___flge                           (abs)        0000
__size_of___flmul                          (abs)        0000
__size_of___flsub                          (abs)        0000
__size_of___fltol                          (abs)        0000
__size_of___lldiv                          (abs)        0000
__size_of___lwdiv                          (abs)        0000
__size_of___xxtofl                         (abs)        0000
__size_of_captura                          (abs)        0000
__size_of_isr                              (abs)        0000
__size_of_main                             (abs)        0000
__size_of_my_delay_ms                      (abs)        0000
__size_of_my_delay_ms_WDT                  (abs)        0000
__size_of_strcpy                           (abs)        0000
__size_of_strlen                           (abs)        0000
__stringbase                               strings      180F
__stringtab                                strings      1800
_buffer                                    bssBANK3     01CA
_canal                                     bssBANK1     00E2
_captura                                   text10       07F6
_count                                     bssBANK1     00D5
_destino                                   bssBANK1     00E0
_generic_status                            bssBANK1     00E4
_header                                    bssBANK1     00D7
_hora                                      bssCOMMON    007C
_isr                                       text58       11A9
_main                                      maintext     086D
_milisegundo                               bssBANK1     00D9
_minuto                                    bssCOMMON    007A
_my_delay_ms                               text9        1D2B
_my_delay_ms_WDT                           text52       1D62
_pointer                                   bssBANK1     00DF
_segundo                                   bssCOMMON    007D
_statuspower                               bssBANK1     00E3
_strcpy                                    text15       1A70
_strlen                                    text25       1A21
_tempodecorrido                            bssBANK1     00D3
_usart_buffer                              bssBANK2     0110
_usart_protocol                            bssBANK3     0190
btemp                                      (abs)        007E
clear_ram0                                 clrtext      1969
end_of_initialization                      cinit        0033
interrupt_function                         intentry     0004
intlevel0                                  functab      0000
intlevel1                                  functab      0000
intlevel2                                  functab      0000
intlevel3                                  functab      0000
intlevel4                                  functab      0000
intlevel5                                  functab      0000
isr@tempo                                  cstackCOMMON 0076
main@reset                                 cstackBANK1  00C7
my_delay_ms@i                              cstackBANK0  0026
my_delay_ms@time                           cstackBANK0  0020
my_delay_ms_WDT@i                          cstackBANK0  0026
my_delay_ms_WDT@time                       cstackBANK0  0020
reset_vec                                  reset_vec    0000
saved_w                                    (abs)        007E
start                                      init         0012
start_initialization                       cinit        0015
strcpy@cp                                  cstackBANK0  0023
strcpy@from                                cstackBANK0  0020
strcpy@to                                  cstackBANK0  0022
strlen@cp                                  cstackBANK0  0023
strlen@s                                   cstackBANK0  0024
wtemp0                                     (abs)        007E


MODULE INFORMATION

Module		Function		Class		Link	Load	Size
protocolo.c
		_Package_Usart_is_for_me		CODE           	1A3A	0000	25

protocolo.c estimated size: 25

C:\Program Files\Microchip\xc8\v2.32\pic\sources\c90\common\sprcadd.c
		___flsub       		CODE           	1A8E	0000	30
		___fladd       		CODE           	0B0A	0000	557

C:\Program Files\Microchip\xc8\v2.32\pic\sources\c90\common\sprcadd.c estimated size: 587

C:\Program Files\Microchip\xc8\v2.32\pic\sources\c90\common\flge.c
		___flge        		CODE           	1073	0000	147

C:\Program Files\Microchip\xc8\v2.32\pic\sources\c90\common\flge.c estimated size: 147

my_delay.c
		_my_delay_ms_WDT		CODE           	1D62	0000	56
		_my_delay_ms   		CODE           	1D2B	0000	55

my_delay.c estimated size: 111

usart.c
		_USART_putc    		CODE           	19A4	0000	16
		_USART_to_Protocol		CODE           	1ED8	0000	85
		_USART_put_string		CODE           	1C8D	0000	51
		_USART_put_int 		CODE           	19C5	0000	21
		_USART_init    		CODE           	1E52	0000	66

usart.c estimated size: 239

C:\Program Files\Microchip\xc8\v2.32\pic\sources\c90\common\xxtofl.c
		___xxtofl      		CODE           	1106	0000	163

C:\Program Files\Microchip\xc8\v2.32\pic\sources\c90\common\xxtofl.c estimated size: 163

I2C.c
		_I2C_Master_Read		CODE           	1CC0	0000	53
		_I2C_Master_Wait		CODE           	1ACC	0000	33
		_I2C_Master_Init		CODE           	1C2A	0000	49
		_I2C_Master_Stop		CODE           	1971	0000	9
		_I2C_Master_RepeatedStart		CODE           	1999	0000	11
		_I2C_Master_Write		CODE           	198E	0000	11
		_I2C_Master_Start		CODE           	19B4	0000	17

I2C.c estimated size: 183

C:\Program Files\Microchip\xc8\v2.32\pic\sources\c90\common\Umul8_16.c
		__Umul8_16     		CODE           	1B0F	0000	35

C:\Program Files\Microchip\xc8\v2.32\pic\sources\c90\common\Umul8_16.c estimated size: 35

C:\Program Files\Microchip\xc8\v2.32\pic\sources\c90\common\strlen.c
		_strlen        		CODE           	1A21	0000	25

C:\Program Files\Microchip\xc8\v2.32\pic\sources\c90\common\strlen.c estimated size: 25

C:\Program Files\Microchip\xc8\v2.32\pic\sources\c90\common\strcpy.c
		_strcpy        		CODE           	1A70	0000	30

C:\Program Files\Microchip\xc8\v2.32\pic\sources\c90\common\strcpy.c estimated size: 30

proculus.c
		_PROCULUS_Control_Register_Write		CODE           	1CF5	0000	54
		_PROCULUS_Show_Screen		CODE           	1000	0000	21
		_PROCULUS_VP_Write_String		CODE           	19F0	0000	24
		_PROCULUS_VP_Write		CODE           	1E94	0000	68
		_PROCULUS_Delay		CODE           	1A53	0000	29
		_PROCULUS_Buzzer		CODE           	1BD5	0000	42

proculus.c estimated size: 238

eeprom.c
		_EEPROM_Write_String		CODE           	1BFF	0000	43
		_EEPROM_Read_Byte		CODE           	1AED	0000	34
		_EEPROM_Write_Byte		CODE           	1D9A	0000	60
		_EEPROM_Read_Integer		CODE           	1BAB	0000	42
		_EEPROM_Read_String		CODE           	1AAC	0000	32
		_EEPROM_Write_Integer		CODE           	1C5B	0000	50

eeprom.c estimated size: 261

adc.c
		_captura       		CODE           	07F6	0000	10
		_ADC_Media_10bits		CODE           	1F2D	0000	86
		_ADC_init      		CODE           	1983	0000	11

adc.c estimated size: 107

SlaveLiofilizadorVer1.c
		_MediaPlacaVaccum		CODE           	0D37	0000	713
		_Send_To_MB    		CODE           	1B5A	0000	40
		_main          		CODE           	086D	0000	252
		_Decodify_Command		CODE           	0037	0000	844
		_Send_Reply_OK 		CODE           	197A	0000	9
		_Save_Log      		CODE           	1F83	0000	125

SlaveLiofilizadorVer1.c estimated size: 1983

isr.c
		_isr           		CODE           	11A9	0000	238

isr.c estimated size: 238

shared
		_PT100_TRANSLADA		STRING         	0000	0000	0
		__stringtab    		STRING         	1800	0000	16
		_RESISTOR_ROOM_TEMP		STRING         	0000	0000	0
		_PT100_CONSTANT		STRING         	0000	0000	0
		_ROOM_TEMP     		STRING         	0000	0000	0
		_BETA          		STRING         	0000	0000	0
		__initialization		CODE           	0015	0000	30
		log@coeff      		STRING         	0000	0000	0
		_BALANCE_RESISTOR		STRING         	0000	0000	0
		_MAX_ADC       		STRING         	0000	0000	0

shared estimated size: 46

C:\Program Files\Microchip\xc8\v2.32\pic\sources\c90\common\sprcmul.c
		___flmul       		CODE           	0383	0000	757

C:\Program Files\Microchip\xc8\v2.32\pic\sources\c90\common\sprcmul.c estimated size: 757

C:\Program Files\Microchip\xc8\v2.32\pic\sources\c90\common\sprcdiv.c
		___fldiv       		CODE           	0969	0000	417

C:\Program Files\Microchip\xc8\v2.32\pic\sources\c90\common\sprcdiv.c estimated size: 417

EEPROM_24C1025.c
		_EEPROM_24C1025_Read_Str		CODE           	1508	0000	378
		_EEPROM_24C1025_Read_Buffer_USART		CODE           	1682	0000	382
		_EEPROM_24C1025_Write_Int		CODE           	1B82	0000	41
		_EEPROM_24C1025_Read_Byte		CODE           	1A08	0000	25
		_EEPROM_24C1025_Read_Buffer		CODE           	0678	0000	382
		_EEPROM_24C1025_Write_Byte		CODE           	19DA	0000	22
		_EEPROM_24C1025_Write_Buffer		CODE           	1392	0000	374
		_EEPROM_24C1025_Fill_All		CODE           	1E12	0000	64
		_EEPROM_24C1025_Read_Int		CODE           	1B32	0000	40
		_EEPROM_24C1025_Write_Str		CODE           	1297	0000	251

EEPROM_24C1025.c estimated size: 1959

C:\Program Files\Microchip\xc8\v2.32\pic\sources\c90\common\lwdiv.c
		___lwdiv       		CODE           	1DD6	0000	60

C:\Program Files\Microchip\xc8\v2.32\pic\sources\c90\common\lwdiv.c estimated size: 60

C:\Program Files\Microchip\xc8\v2.32\pic\sources\c90\common\fltol.c
		___fltol       		CODE           	0802	0000	107

C:\Program Files\Microchip\xc8\v2.32\pic\sources\c90\common\fltol.c estimated size: 107

C:\Program Files\Microchip\xc8\v2.32\pic\sources\c90\common\__lldiv.c
		___lldiv       		CODE           	1015	0000	94

C:\Program Files\Microchip\xc8\v2.32\pic\sources\c90\common\__lldiv.c estimated size: 94

